Archive member included because of file (symbol)

.\CortexM3\ARM_GCC_493\Debug\GuitarHero.a(cyfitter_cfg.o)
                              .\CortexM3\ARM_GCC_493\Debug\Cm3Start.o (cyfitter_cfg)
.\CortexM3\ARM_GCC_493\Debug\GuitarHero.a(x_DAC.o)
                              .\CortexM3\ARM_GCC_493\Debug\main.o (x_DAC_SetValue)
.\CortexM3\ARM_GCC_493\Debug\GuitarHero.a(y_DAC.o)
                              .\CortexM3\ARM_GCC_493\Debug\main.o (y_DAC_SetValue)
.\CortexM3\ARM_GCC_493\Debug\GuitarHero.a(CyBootAsmGnu.o)
                              .\CortexM3\ARM_GCC_493\Debug\GuitarHero.a(cyfitter_cfg.o) (CyDelayCycles)
.\CortexM3\ARM_GCC_493\Debug\GuitarHero.a(CyLib.o)
                              .\CortexM3\ARM_GCC_493\Debug\Cm3Start.o (CyHalt)
.\CortexM3\ARM_GCC_493\Debug\GuitarHero.a(cyPm.o)
                              .\CortexM3\ARM_GCC_493\Debug\GuitarHero.a(CyLib.o) (CyPmReadStatus)
.\CortexM3\ARM_GCC_493\Debug\GuitarHero.a(FPS_isr.o)
                              .\CortexM3\ARM_GCC_493\Debug\main.o (FPS_isr_StartEx)
.\CortexM3\ARM_GCC_493\Debug\GuitarHero.a(BLE_UART.o)
                              .\CortexM3\ARM_GCC_493\Debug\main.o (BLE_UART_Init)
.\CortexM3\ARM_GCC_493\Debug\GuitarHero.a(BLE_Rx_isr.o)
                              .\CortexM3\ARM_GCC_493\Debug\main.o (BLE_Rx_isr_StartEx)
.\CortexM3\ARM_GCC_493\Debug\GuitarHero.a(LCD.o)
                              .\CortexM3\ARM_GCC_493\Debug\main.o (LCD_PutChar)
.\CortexM3\ARM_GCC_493\Debug\GuitarHero.a(BLE_UART_IntClock.o)
                              .\CortexM3\ARM_GCC_493\Debug\GuitarHero.a(BLE_UART.o) (BLE_UART_IntClock_Start)
.\CortexM3\ARM_GCC_493\Debug\GuitarHero.a(CyFlash.o)
                              .\CortexM3\ARM_GCC_493\Debug\GuitarHero.a(cyPm.o) (CyFlash_SetWaitCycles)
.\CortexM3\ARM_GCC_493\Debug\GuitarHero.a(CySpc.o)
                              .\CortexM3\ARM_GCC_493\Debug\GuitarHero.a(CyFlash.o) (CySpcStart)
c:/program files (x86)/cypress/psoc creator/3.3/psoc creator/import/gnu/arm/4.9.3/bin/../lib/gcc/arm-none-eabi/4.9.3/armv7-m\libgcc.a(_arm_addsubdf3.o)
                              .\CortexM3\ARM_GCC_493\Debug\sprites.o (__aeabi_dadd)
c:/program files (x86)/cypress/psoc creator/3.3/psoc creator/import/gnu/arm/4.9.3/bin/../lib/gcc/arm-none-eabi/4.9.3/armv7-m\libgcc.a(_arm_muldivdf3.o)
                              .\CortexM3\ARM_GCC_493\Debug\sprites.o (__aeabi_dmul)
c:/program files (x86)/cypress/psoc creator/3.3/psoc creator/import/gnu/arm/4.9.3/bin/../lib/gcc/arm-none-eabi/4.9.3/armv7-m\libgcc.a(_arm_truncdfsf2.o)
                              .\CortexM3\ARM_GCC_493\Debug\sprites.o (__aeabi_d2f)
c:/program files (x86)/cypress/psoc creator/3.3/psoc creator/import/gnu/arm/4.9.3/bin/../lib/gcc/arm-none-eabi/4.9.3/armv7-m\libgcc.a(_arm_muldivsf3.o)
                              .\CortexM3\ARM_GCC_493\Debug\sprites.o (__aeabi_fdiv)
c:/program files (x86)/cypress/psoc creator/3.3/psoc creator/import/gnu/arm/4.9.3/bin/../lib/gcc/arm-none-eabi/4.9.3/armv7-m\libgcc.a(_arm_fixunssfsi.o)
                              .\CortexM3\ARM_GCC_493\Debug\sprites.o (__aeabi_f2uiz)
c:/program files (x86)/cypress/psoc creator/3.3/psoc creator/import/gnu/arm/4.9.3/bin/../lib/gcc/arm-none-eabi/4.9.3/../../../../arm-none-eabi/lib/armv7-m\libg_nano.a(lib_a-errno.o)
                              .\CortexM3\ARM_GCC_493\Debug\Cm3Start.o (__errno)
c:/program files (x86)/cypress/psoc creator/3.3/psoc creator/import/gnu/arm/4.9.3/bin/../lib/gcc/arm-none-eabi/4.9.3/../../../../arm-none-eabi/lib/armv7-m\libg_nano.a(lib_a-exit.o)
                              c:/program files (x86)/cypress/psoc creator/3.3/psoc creator/import/gnu/arm/4.9.3/bin/../lib/gcc/arm-none-eabi/4.9.3/../../../../arm-none-eabi/lib/armv7-m/crt0.o (exit)
c:/program files (x86)/cypress/psoc creator/3.3/psoc creator/import/gnu/arm/4.9.3/bin/../lib/gcc/arm-none-eabi/4.9.3/../../../../arm-none-eabi/lib/armv7-m\libg_nano.a(lib_a-impure.o)
                              c:/program files (x86)/cypress/psoc creator/3.3/psoc creator/import/gnu/arm/4.9.3/bin/../lib/gcc/arm-none-eabi/4.9.3/../../../../arm-none-eabi/lib/armv7-m\libg_nano.a(lib_a-exit.o) (_global_impure_ptr)
c:/program files (x86)/cypress/psoc creator/3.3/psoc creator/import/gnu/arm/4.9.3/bin/../lib/gcc/arm-none-eabi/4.9.3/../../../../arm-none-eabi/lib/armv7-m\libg_nano.a(lib_a-init.o)
                              c:/program files (x86)/cypress/psoc creator/3.3/psoc creator/import/gnu/arm/4.9.3/bin/../lib/gcc/arm-none-eabi/4.9.3/../../../../arm-none-eabi/lib/armv7-m/crt0.o (__libc_init_array)
c:/program files (x86)/cypress/psoc creator/3.3/psoc creator/import/gnu/arm/4.9.3/bin/../lib/gcc/arm-none-eabi/4.9.3/../../../../arm-none-eabi/lib/armv7-m\libg_nano.a(lib_a-memcpy.o)
                              .\CortexM3\ARM_GCC_493\Debug\GuitarHero.a(cyfitter_cfg.o) (memcpy)
c:/program files (x86)/cypress/psoc creator/3.3/psoc creator/import/gnu/arm/4.9.3/bin/../lib/gcc/arm-none-eabi/4.9.3/../../../../arm-none-eabi/lib/armv7-m\libg_nano.a(lib_a-memset.o)
                              c:/program files (x86)/cypress/psoc creator/3.3/psoc creator/import/gnu/arm/4.9.3/bin/../lib/gcc/arm-none-eabi/4.9.3/../../../../arm-none-eabi/lib/armv7-m/crt0.o (memset)

Allocating common symbols
Common symbol       size              file

n_sprites           0x4               .\CortexM3\ARM_GCC_493\Debug\main.o
sprites             0x200             .\CortexM3\ARM_GCC_493\Debug\main.o
new_flag            0x1               .\CortexM3\ARM_GCC_493\Debug\main.o
points              0x800             .\CortexM3\ARM_GCC_493\Debug\main.o
new_points          0x800             .\CortexM3\ARM_GCC_493\Debug\main.o
n_points            0x4               .\CortexM3\ARM_GCC_493\Debug\main.o
sprite_vertices     0x800             .\CortexM3\ARM_GCC_493\Debug\sprites.o
dieTemperature      0x2               .\CortexM3\ARM_GCC_493\Debug\GuitarHero.a(CyFlash.o)
new_n_points        0x4               .\CortexM3\ARM_GCC_493\Debug\main.o

Discarded input sections

 .text          0x00000000        0x0 c:/program files (x86)/cypress/psoc creator/3.3/psoc creator/import/gnu/arm/4.9.3/bin/../lib/gcc/arm-none-eabi/4.9.3/armv7-m/crti.o
 .data          0x00000000        0x0 c:/program files (x86)/cypress/psoc creator/3.3/psoc creator/import/gnu/arm/4.9.3/bin/../lib/gcc/arm-none-eabi/4.9.3/armv7-m/crti.o
 .bss           0x00000000        0x0 c:/program files (x86)/cypress/psoc creator/3.3/psoc creator/import/gnu/arm/4.9.3/bin/../lib/gcc/arm-none-eabi/4.9.3/armv7-m/crti.o
 .data          0x00000000        0x4 c:/program files (x86)/cypress/psoc creator/3.3/psoc creator/import/gnu/arm/4.9.3/bin/../lib/gcc/arm-none-eabi/4.9.3/armv7-m/crtbegin.o
 .text          0x00000000       0x74 c:/program files (x86)/cypress/psoc creator/3.3/psoc creator/import/gnu/arm/4.9.3/bin/../lib/gcc/arm-none-eabi/4.9.3/../../../../arm-none-eabi/lib/armv7-m/crt0.o
 .data          0x00000000        0x0 c:/program files (x86)/cypress/psoc creator/3.3/psoc creator/import/gnu/arm/4.9.3/bin/../lib/gcc/arm-none-eabi/4.9.3/../../../../arm-none-eabi/lib/armv7-m/crt0.o
 .bss           0x00000000        0x0 c:/program files (x86)/cypress/psoc creator/3.3/psoc creator/import/gnu/arm/4.9.3/bin/../lib/gcc/arm-none-eabi/4.9.3/../../../../arm-none-eabi/lib/armv7-m/crt0.o
 .ARM.extab     0x00000000        0x0 c:/program files (x86)/cypress/psoc creator/3.3/psoc creator/import/gnu/arm/4.9.3/bin/../lib/gcc/arm-none-eabi/4.9.3/../../../../arm-none-eabi/lib/armv7-m/crt0.o
 .ARM.exidx     0x00000000        0x8 c:/program files (x86)/cypress/psoc creator/3.3/psoc creator/import/gnu/arm/4.9.3/bin/../lib/gcc/arm-none-eabi/4.9.3/../../../../arm-none-eabi/lib/armv7-m/crt0.o
 .text          0x00000000        0x0 .\CortexM3\ARM_GCC_493\Debug\main.o
 .data          0x00000000        0x0 .\CortexM3\ARM_GCC_493\Debug\main.o
 .bss           0x00000000        0x0 .\CortexM3\ARM_GCC_493\Debug\main.o
 .rodata        0x00000000        0x8 .\CortexM3\ARM_GCC_493\Debug\main.o
 .text          0x00000000        0x0 .\CortexM3\ARM_GCC_493\Debug\sprites.o
 .data          0x00000000        0x0 .\CortexM3\ARM_GCC_493\Debug\sprites.o
 .bss           0x00000000        0x0 .\CortexM3\ARM_GCC_493\Debug\sprites.o
 .text          0x00000000        0x0 .\CortexM3\ARM_GCC_493\Debug\cymetadata.o
 .data          0x00000000        0x0 .\CortexM3\ARM_GCC_493\Debug\cymetadata.o
 .bss           0x00000000        0x0 .\CortexM3\ARM_GCC_493\Debug\cymetadata.o
 .text          0x00000000        0x0 .\CortexM3\ARM_GCC_493\Debug\Cm3Start.o
 .data          0x00000000        0x4 .\CortexM3\ARM_GCC_493\Debug\Cm3Start.o
 .bss           0x00000000        0x0 .\CortexM3\ARM_GCC_493\Debug\Cm3Start.o
 .text._exit    0x00000000        0xc .\CortexM3\ARM_GCC_493\Debug\Cm3Start.o
 .text._sbrk    0x00000000       0x30 .\CortexM3\ARM_GCC_493\Debug\Cm3Start.o
 .text          0x00000000        0x0 .\CortexM3\ARM_GCC_493\Debug\GuitarHero.a(cyfitter_cfg.o)
 .data          0x00000000        0x0 .\CortexM3\ARM_GCC_493\Debug\GuitarHero.a(cyfitter_cfg.o)
 .bss           0x00000000        0x0 .\CortexM3\ARM_GCC_493\Debug\GuitarHero.a(cyfitter_cfg.o)
 .text.SetAnalogRoutingPumps
                0x00000000       0x1c .\CortexM3\ARM_GCC_493\Debug\GuitarHero.a(cyfitter_cfg.o)
 .text          0x00000000        0x0 .\CortexM3\ARM_GCC_493\Debug\GuitarHero.a(x_DAC.o)
 .data          0x00000000        0x0 .\CortexM3\ARM_GCC_493\Debug\GuitarHero.a(x_DAC.o)
 .text.x_DAC_Stop
                0x00000000       0x1c .\CortexM3\ARM_GCC_493\Debug\GuitarHero.a(x_DAC.o)
 .text          0x00000000        0x0 .\CortexM3\ARM_GCC_493\Debug\GuitarHero.a(y_DAC.o)
 .data          0x00000000        0x0 .\CortexM3\ARM_GCC_493\Debug\GuitarHero.a(y_DAC.o)
 .text.y_DAC_Stop
                0x00000000       0x1c .\CortexM3\ARM_GCC_493\Debug\GuitarHero.a(y_DAC.o)
 .data          0x00000000        0x0 .\CortexM3\ARM_GCC_493\Debug\GuitarHero.a(CyBootAsmGnu.o)
 .bss           0x00000000        0x0 .\CortexM3\ARM_GCC_493\Debug\GuitarHero.a(CyBootAsmGnu.o)
 .text          0x00000000        0x0 .\CortexM3\ARM_GCC_493\Debug\GuitarHero.a(CyLib.o)
 .bss           0x00000000       0x1c .\CortexM3\ARM_GCC_493\Debug\GuitarHero.a(CyLib.o)
 .text.CyUSB_PowerOnCheck
                0x00000000       0x48 .\CortexM3\ARM_GCC_493\Debug\GuitarHero.a(CyLib.o)
 .text.CyBusClk_Internal_SetDivider
                0x00000000       0x48 .\CortexM3\ARM_GCC_493\Debug\GuitarHero.a(CyLib.o)
 .text.CyPLL_OUT_Stop
                0x00000000       0x10 .\CortexM3\ARM_GCC_493\Debug\GuitarHero.a(CyLib.o)
 .text.CyIMO_Stop
                0x00000000       0x1c .\CortexM3\ARM_GCC_493\Debug\GuitarHero.a(CyLib.o)
 .text.CyIMO_EnableDoubler
                0x00000000       0x10 .\CortexM3\ARM_GCC_493\Debug\GuitarHero.a(CyLib.o)
 .text.CyIMO_DisableDoubler
                0x00000000       0x10 .\CortexM3\ARM_GCC_493\Debug\GuitarHero.a(CyLib.o)
 .text.CyMasterClk_SetSource
                0x00000000       0x18 .\CortexM3\ARM_GCC_493\Debug\GuitarHero.a(CyLib.o)
 .text.CyMasterClk_SetDivider
                0x00000000        0xc .\CortexM3\ARM_GCC_493\Debug\GuitarHero.a(CyLib.o)
 .text.CyBusClk_SetDivider
                0x00000000       0x70 .\CortexM3\ARM_GCC_493\Debug\GuitarHero.a(CyLib.o)
 .text.CyUsbClk_SetSource
                0x00000000       0x18 .\CortexM3\ARM_GCC_493\Debug\GuitarHero.a(CyLib.o)
 .text.CyILO_Start1K
                0x00000000       0x10 .\CortexM3\ARM_GCC_493\Debug\GuitarHero.a(CyLib.o)
 .text.CyILO_Stop1K
                0x00000000       0x10 .\CortexM3\ARM_GCC_493\Debug\GuitarHero.a(CyLib.o)
 .text.CyILO_Start100K
                0x00000000       0x10 .\CortexM3\ARM_GCC_493\Debug\GuitarHero.a(CyLib.o)
 .text.CyILO_Stop100K
                0x00000000       0x10 .\CortexM3\ARM_GCC_493\Debug\GuitarHero.a(CyLib.o)
 .text.CyPLL_OUT_Start
                0x00000000       0x78 .\CortexM3\ARM_GCC_493\Debug\GuitarHero.a(CyLib.o)
 .text.CyIMO_Start
                0x00000000       0x60 .\CortexM3\ARM_GCC_493\Debug\GuitarHero.a(CyLib.o)
 .text.CyILO_Enable33K
                0x00000000       0x10 .\CortexM3\ARM_GCC_493\Debug\GuitarHero.a(CyLib.o)
 .text.CyILO_Disable33K
                0x00000000       0x10 .\CortexM3\ARM_GCC_493\Debug\GuitarHero.a(CyLib.o)
 .text.CyILO_SetSource
                0x00000000       0x18 .\CortexM3\ARM_GCC_493\Debug\GuitarHero.a(CyLib.o)
 .text.CyILO_SetPowerMode
                0x00000000       0x24 .\CortexM3\ARM_GCC_493\Debug\GuitarHero.a(CyLib.o)
 .text.CyXTAL_32KHZ_Stop
                0x00000000       0x30 .\CortexM3\ARM_GCC_493\Debug\GuitarHero.a(CyLib.o)
 .text.CyXTAL_32KHZ_ReadStatus
                0x00000000       0x10 .\CortexM3\ARM_GCC_493\Debug\GuitarHero.a(CyLib.o)
 .text.CyXTAL_Start
                0x00000000       0xac .\CortexM3\ARM_GCC_493\Debug\GuitarHero.a(CyLib.o)
 .text.CyXTAL_Stop
                0x00000000       0x10 .\CortexM3\ARM_GCC_493\Debug\GuitarHero.a(CyLib.o)
 .text.CyXTAL_EnableErrStatus
                0x00000000       0x10 .\CortexM3\ARM_GCC_493\Debug\GuitarHero.a(CyLib.o)
 .text.CyXTAL_DisableErrStatus
                0x00000000       0x10 .\CortexM3\ARM_GCC_493\Debug\GuitarHero.a(CyLib.o)
 .text.CyXTAL_ReadStatus
                0x00000000       0x18 .\CortexM3\ARM_GCC_493\Debug\GuitarHero.a(CyLib.o)
 .text.CyXTAL_EnableFaultRecovery
                0x00000000       0x10 .\CortexM3\ARM_GCC_493\Debug\GuitarHero.a(CyLib.o)
 .text.CyXTAL_DisableFaultRecovery
                0x00000000       0x10 .\CortexM3\ARM_GCC_493\Debug\GuitarHero.a(CyLib.o)
 .text.CyXTAL_SetStartup
                0x00000000       0x18 .\CortexM3\ARM_GCC_493\Debug\GuitarHero.a(CyLib.o)
 .text.CyXTAL_SetFbVoltage
                0x00000000       0x18 .\CortexM3\ARM_GCC_493\Debug\GuitarHero.a(CyLib.o)
 .text.CyXTAL_SetWdVoltage
                0x00000000       0x18 .\CortexM3\ARM_GCC_493\Debug\GuitarHero.a(CyLib.o)
 .text.CyHalt   0x00000000        0x4 .\CortexM3\ARM_GCC_493\Debug\GuitarHero.a(CyLib.o)
 .text.CyPLL_OUT_SetPQ
                0x00000000       0x60 .\CortexM3\ARM_GCC_493\Debug\GuitarHero.a(CyLib.o)
 .text.CyPLL_OUT_SetSource
                0x00000000       0x34 .\CortexM3\ARM_GCC_493\Debug\GuitarHero.a(CyLib.o)
 .text.CyIMO_SetTrimValue
                0x00000000       0xcc .\CortexM3\ARM_GCC_493\Debug\GuitarHero.a(CyLib.o)
 .text.CyIMO_SetFreq
                0x00000000       0xf4 .\CortexM3\ARM_GCC_493\Debug\GuitarHero.a(CyLib.o)
 .text.CyIMO_SetSource
                0x00000000       0x58 .\CortexM3\ARM_GCC_493\Debug\GuitarHero.a(CyLib.o)
 .text.CySoftwareReset
                0x00000000       0x10 .\CortexM3\ARM_GCC_493\Debug\GuitarHero.a(CyLib.o)
 .text.CyXTAL_32KHZ_SetPowerMode
                0x00000000       0x84 .\CortexM3\ARM_GCC_493\Debug\GuitarHero.a(CyLib.o)
 .text.CyXTAL_32KHZ_Start
                0x00000000       0x70 .\CortexM3\ARM_GCC_493\Debug\GuitarHero.a(CyLib.o)
 .text.CyDelayFreq
                0x00000000       0x4c .\CortexM3\ARM_GCC_493\Debug\GuitarHero.a(CyLib.o)
 .text.CyWdtStart
                0x00000000       0x40 .\CortexM3\ARM_GCC_493\Debug\GuitarHero.a(CyLib.o)
 .text.CyWdtClear
                0x00000000        0xc .\CortexM3\ARM_GCC_493\Debug\GuitarHero.a(CyLib.o)
 .text.CyVdStickyStatus
                0x00000000       0x2c .\CortexM3\ARM_GCC_493\Debug\GuitarHero.a(CyLib.o)
 .text.CyVdLvDigitEnable
                0x00000000       0x84 .\CortexM3\ARM_GCC_493\Debug\GuitarHero.a(CyLib.o)
 .text.CyVdLvAnalogEnable
                0x00000000       0x80 .\CortexM3\ARM_GCC_493\Debug\GuitarHero.a(CyLib.o)
 .text.CyVdLvDigitDisable
                0x00000000       0x30 .\CortexM3\ARM_GCC_493\Debug\GuitarHero.a(CyLib.o)
 .text.CyVdLvAnalogDisable
                0x00000000       0x28 .\CortexM3\ARM_GCC_493\Debug\GuitarHero.a(CyLib.o)
 .text.CyVdHvAnalogEnable
                0x00000000       0x54 .\CortexM3\ARM_GCC_493\Debug\GuitarHero.a(CyLib.o)
 .text.CyVdHvAnalogDisable
                0x00000000       0x20 .\CortexM3\ARM_GCC_493\Debug\GuitarHero.a(CyLib.o)
 .text.CyVdRealTimeStatus
                0x00000000       0x1c .\CortexM3\ARM_GCC_493\Debug\GuitarHero.a(CyLib.o)
 .text.CyDisableInts
                0x00000000       0x1c .\CortexM3\ARM_GCC_493\Debug\GuitarHero.a(CyLib.o)
 .text.CyEnableInts
                0x00000000       0x18 .\CortexM3\ARM_GCC_493\Debug\GuitarHero.a(CyLib.o)
 .text.CyFlushCache
                0x00000000       0x44 .\CortexM3\ARM_GCC_493\Debug\GuitarHero.a(CyLib.o)
 .text.CyIntSetSysVector
                0x00000000       0x28 .\CortexM3\ARM_GCC_493\Debug\GuitarHero.a(CyLib.o)
 .text.CyIntGetSysVector
                0x00000000       0x20 .\CortexM3\ARM_GCC_493\Debug\GuitarHero.a(CyLib.o)
 .text.CyIntSetVector
                0x00000000       0x28 .\CortexM3\ARM_GCC_493\Debug\GuitarHero.a(CyLib.o)
 .text.CyIntGetVector
                0x00000000       0x24 .\CortexM3\ARM_GCC_493\Debug\GuitarHero.a(CyLib.o)
 .text.CyIntSetPriority
                0x00000000       0x30 .\CortexM3\ARM_GCC_493\Debug\GuitarHero.a(CyLib.o)
 .text.CyIntGetPriority
                0x00000000       0x20 .\CortexM3\ARM_GCC_493\Debug\GuitarHero.a(CyLib.o)
 .text.CyIntGetState
                0x00000000       0x24 .\CortexM3\ARM_GCC_493\Debug\GuitarHero.a(CyLib.o)
 .text.CySysTickStop
                0x00000000       0x10 .\CortexM3\ARM_GCC_493\Debug\GuitarHero.a(CyLib.o)
 .text.CySysTickEnableInterrupt
                0x00000000       0x10 .\CortexM3\ARM_GCC_493\Debug\GuitarHero.a(CyLib.o)
 .text.CySysTickEnable
                0x00000000       0x18 .\CortexM3\ARM_GCC_493\Debug\GuitarHero.a(CyLib.o)
 .text.CySysTickDisableInterrupt
                0x00000000       0x10 .\CortexM3\ARM_GCC_493\Debug\GuitarHero.a(CyLib.o)
 .text.CySysTickSetReload
                0x00000000       0x10 .\CortexM3\ARM_GCC_493\Debug\GuitarHero.a(CyLib.o)
 .text.CySysTickGetReload
                0x00000000       0x10 .\CortexM3\ARM_GCC_493\Debug\GuitarHero.a(CyLib.o)
 .text.CySysTickGetValue
                0x00000000       0x10 .\CortexM3\ARM_GCC_493\Debug\GuitarHero.a(CyLib.o)
 .text.CySysTickSetClockSource
                0x00000000       0x20 .\CortexM3\ARM_GCC_493\Debug\GuitarHero.a(CyLib.o)
 .text.CySysTickGetCountFlag
                0x00000000       0x10 .\CortexM3\ARM_GCC_493\Debug\GuitarHero.a(CyLib.o)
 .text.CySysTickServiceCallbacks
                0x00000000       0x28 .\CortexM3\ARM_GCC_493\Debug\GuitarHero.a(CyLib.o)
 .text.CySysTickClear
                0x00000000        0xc .\CortexM3\ARM_GCC_493\Debug\GuitarHero.a(CyLib.o)
 .text.CySysTickInit
                0x00000000       0x58 .\CortexM3\ARM_GCC_493\Debug\GuitarHero.a(CyLib.o)
 .text.CySysTickStart
                0x00000000       0x1c .\CortexM3\ARM_GCC_493\Debug\GuitarHero.a(CyLib.o)
 .text.CySysTickSetCallback
                0x00000000       0x10 .\CortexM3\ARM_GCC_493\Debug\GuitarHero.a(CyLib.o)
 .text.CySysTickGetCallback
                0x00000000       0x10 .\CortexM3\ARM_GCC_493\Debug\GuitarHero.a(CyLib.o)
 .text.CyGetUniqueId
                0x00000000       0x70 .\CortexM3\ARM_GCC_493\Debug\GuitarHero.a(CyLib.o)
 .text          0x00000000        0x0 .\CortexM3\ARM_GCC_493\Debug\GuitarHero.a(cyPm.o)
 .data          0x00000000        0x0 .\CortexM3\ARM_GCC_493\Debug\GuitarHero.a(cyPm.o)
 .bss           0x00000000       0x44 .\CortexM3\ARM_GCC_493\Debug\GuitarHero.a(cyPm.o)
 .text.CyPmHibSlpSaveSet
                0x00000000      0x1dc .\CortexM3\ARM_GCC_493\Debug\GuitarHero.a(cyPm.o)
 .text.CyPmHibSlpRestore
                0x00000000       0xd4 .\CortexM3\ARM_GCC_493\Debug\GuitarHero.a(cyPm.o)
 .text.CyPmHviLviSaveDisable
                0x00000000       0xa0 .\CortexM3\ARM_GCC_493\Debug\GuitarHero.a(cyPm.o)
 .text.CyPmHibSaveSet
                0x00000000       0x8c .\CortexM3\ARM_GCC_493\Debug\GuitarHero.a(cyPm.o)
 .text.CyPmHviLviRestore
                0x00000000       0x48 .\CortexM3\ARM_GCC_493\Debug\GuitarHero.a(cyPm.o)
 .text.CyPmHibRestore
                0x00000000       0x58 .\CortexM3\ARM_GCC_493\Debug\GuitarHero.a(cyPm.o)
 .text.CyPmSaveClocks
                0x00000000      0x218 .\CortexM3\ARM_GCC_493\Debug\GuitarHero.a(cyPm.o)
 .text.CyPmRestoreClocks
                0x00000000      0x24c .\CortexM3\ARM_GCC_493\Debug\GuitarHero.a(cyPm.o)
 .text.CyPmAltAct
                0x00000000       0x6c .\CortexM3\ARM_GCC_493\Debug\GuitarHero.a(cyPm.o)
 .text.CyPmSleep
                0x00000000       0xf4 .\CortexM3\ARM_GCC_493\Debug\GuitarHero.a(cyPm.o)
 .text.CyPmHibernateEx
                0x00000000       0xf4 .\CortexM3\ARM_GCC_493\Debug\GuitarHero.a(cyPm.o)
 .text.CyPmHibernate
                0x00000000        0xc .\CortexM3\ARM_GCC_493\Debug\GuitarHero.a(cyPm.o)
 .text.CyPmReadStatus
                0x00000000       0x30 .\CortexM3\ARM_GCC_493\Debug\GuitarHero.a(cyPm.o)
 .text.CyPmCtwSetInterval
                0x00000000       0x5c .\CortexM3\ARM_GCC_493\Debug\GuitarHero.a(cyPm.o)
 .text.CyPmOppsSet
                0x00000000       0x2c .\CortexM3\ARM_GCC_493\Debug\GuitarHero.a(cyPm.o)
 .text.CyPmFtwSetInterval
                0x00000000       0x5c .\CortexM3\ARM_GCC_493\Debug\GuitarHero.a(cyPm.o)
 .rodata        0x00000000       0x10 .\CortexM3\ARM_GCC_493\Debug\GuitarHero.a(cyPm.o)
 .text          0x00000000        0x0 .\CortexM3\ARM_GCC_493\Debug\GuitarHero.a(FPS_isr.o)
 .data          0x00000000        0x0 .\CortexM3\ARM_GCC_493\Debug\GuitarHero.a(FPS_isr.o)
 .bss           0x00000000        0x0 .\CortexM3\ARM_GCC_493\Debug\GuitarHero.a(FPS_isr.o)
 .text.FPS_isr_Interrupt
                0x00000000        0x4 .\CortexM3\ARM_GCC_493\Debug\GuitarHero.a(FPS_isr.o)
 .text.FPS_isr_GetVector
                0x00000000        0xc .\CortexM3\ARM_GCC_493\Debug\GuitarHero.a(FPS_isr.o)
 .text.FPS_isr_GetPriority
                0x00000000        0xc .\CortexM3\ARM_GCC_493\Debug\GuitarHero.a(FPS_isr.o)
 .text.FPS_isr_GetState
                0x00000000       0x18 .\CortexM3\ARM_GCC_493\Debug\GuitarHero.a(FPS_isr.o)
 .text.FPS_isr_Start
                0x00000000       0x1c .\CortexM3\ARM_GCC_493\Debug\GuitarHero.a(FPS_isr.o)
 .text.FPS_isr_Stop
                0x00000000       0x14 .\CortexM3\ARM_GCC_493\Debug\GuitarHero.a(FPS_isr.o)
 .text.FPS_isr_SetPending
                0x00000000        0xc .\CortexM3\ARM_GCC_493\Debug\GuitarHero.a(FPS_isr.o)
 .text.FPS_isr_ClearPending
                0x00000000        0xc .\CortexM3\ARM_GCC_493\Debug\GuitarHero.a(FPS_isr.o)
 .text          0x00000000        0x0 .\CortexM3\ARM_GCC_493\Debug\GuitarHero.a(BLE_UART.o)
 .data          0x00000000        0x0 .\CortexM3\ARM_GCC_493\Debug\GuitarHero.a(BLE_UART.o)
 .text.BLE_UART_Stop
                0x00000000       0x30 .\CortexM3\ARM_GCC_493\Debug\GuitarHero.a(BLE_UART.o)
 .text.BLE_UART_ReadControlRegister
                0x00000000        0x4 .\CortexM3\ARM_GCC_493\Debug\GuitarHero.a(BLE_UART.o)
 .text.BLE_UART_WriteControlRegister
                0x00000000        0x4 .\CortexM3\ARM_GCC_493\Debug\GuitarHero.a(BLE_UART.o)
 .text.BLE_UART_SetRxInterruptMode
                0x00000000        0xc .\CortexM3\ARM_GCC_493\Debug\GuitarHero.a(BLE_UART.o)
 .text.BLE_UART_ReadRxData
                0x00000000        0xc .\CortexM3\ARM_GCC_493\Debug\GuitarHero.a(BLE_UART.o)
 .text.BLE_UART_ReadRxStatus
                0x00000000       0x10 .\CortexM3\ARM_GCC_493\Debug\GuitarHero.a(BLE_UART.o)
 .text.BLE_UART_GetByte
                0x00000000       0x14 .\CortexM3\ARM_GCC_493\Debug\GuitarHero.a(BLE_UART.o)
 .text.BLE_UART_GetRxBufferSize
                0x00000000       0x18 .\CortexM3\ARM_GCC_493\Debug\GuitarHero.a(BLE_UART.o)
 .text.BLE_UART_ClearRxBuffer
                0x00000000       0x24 .\CortexM3\ARM_GCC_493\Debug\GuitarHero.a(BLE_UART.o)
 .text.BLE_UART_SetRxAddressMode
                0x00000000        0x4 .\CortexM3\ARM_GCC_493\Debug\GuitarHero.a(BLE_UART.o)
 .text.BLE_UART_SetRxAddress1
                0x00000000        0xc .\CortexM3\ARM_GCC_493\Debug\GuitarHero.a(BLE_UART.o)
 .text.BLE_UART_SetRxAddress2
                0x00000000        0xc .\CortexM3\ARM_GCC_493\Debug\GuitarHero.a(BLE_UART.o)
 .text          0x00000000        0x0 .\CortexM3\ARM_GCC_493\Debug\GuitarHero.a(BLE_Rx_isr.o)
 .data          0x00000000        0x0 .\CortexM3\ARM_GCC_493\Debug\GuitarHero.a(BLE_Rx_isr.o)
 .bss           0x00000000        0x0 .\CortexM3\ARM_GCC_493\Debug\GuitarHero.a(BLE_Rx_isr.o)
 .text.BLE_Rx_isr_Interrupt
                0x00000000        0x4 .\CortexM3\ARM_GCC_493\Debug\GuitarHero.a(BLE_Rx_isr.o)
 .text.BLE_Rx_isr_GetVector
                0x00000000        0xc .\CortexM3\ARM_GCC_493\Debug\GuitarHero.a(BLE_Rx_isr.o)
 .text.BLE_Rx_isr_GetPriority
                0x00000000        0xc .\CortexM3\ARM_GCC_493\Debug\GuitarHero.a(BLE_Rx_isr.o)
 .text.BLE_Rx_isr_GetState
                0x00000000       0x10 .\CortexM3\ARM_GCC_493\Debug\GuitarHero.a(BLE_Rx_isr.o)
 .text.BLE_Rx_isr_Start
                0x00000000       0x1c .\CortexM3\ARM_GCC_493\Debug\GuitarHero.a(BLE_Rx_isr.o)
 .text.BLE_Rx_isr_Stop
                0x00000000       0x14 .\CortexM3\ARM_GCC_493\Debug\GuitarHero.a(BLE_Rx_isr.o)
 .text.BLE_Rx_isr_SetPending
                0x00000000        0xc .\CortexM3\ARM_GCC_493\Debug\GuitarHero.a(BLE_Rx_isr.o)
 .text.BLE_Rx_isr_ClearPending
                0x00000000        0xc .\CortexM3\ARM_GCC_493\Debug\GuitarHero.a(BLE_Rx_isr.o)
 .text          0x00000000        0x0 .\CortexM3\ARM_GCC_493\Debug\GuitarHero.a(LCD.o)
 .data          0x00000000        0x0 .\CortexM3\ARM_GCC_493\Debug\GuitarHero.a(LCD.o)
 .text.LCD_PrintString
                0x00000000       0x1c .\CortexM3\ARM_GCC_493\Debug\GuitarHero.a(LCD.o)
 .text.LCD_Stop
                0x00000000       0x14 .\CortexM3\ARM_GCC_493\Debug\GuitarHero.a(LCD.o)
 .text.LCD_PrintInt8
                0x00000000       0x20 .\CortexM3\ARM_GCC_493\Debug\GuitarHero.a(LCD.o)
 .text.LCD_PrintInt16
                0x00000000       0x14 .\CortexM3\ARM_GCC_493\Debug\GuitarHero.a(LCD.o)
 .text.LCD_PrintInt32
                0x00000000       0x1c .\CortexM3\ARM_GCC_493\Debug\GuitarHero.a(LCD.o)
 .text.LCD_PrintU32Number
                0x00000000       0x60 .\CortexM3\ARM_GCC_493\Debug\GuitarHero.a(LCD.o)
 .rodata        0x00000000       0x10 .\CortexM3\ARM_GCC_493\Debug\GuitarHero.a(LCD.o)
 .text          0x00000000        0x0 .\CortexM3\ARM_GCC_493\Debug\GuitarHero.a(BLE_UART_IntClock.o)
 .data          0x00000000        0x0 .\CortexM3\ARM_GCC_493\Debug\GuitarHero.a(BLE_UART_IntClock.o)
 .bss           0x00000000        0x0 .\CortexM3\ARM_GCC_493\Debug\GuitarHero.a(BLE_UART_IntClock.o)
 .text.BLE_UART_IntClock_Stop
                0x00000000       0x1c .\CortexM3\ARM_GCC_493\Debug\GuitarHero.a(BLE_UART_IntClock.o)
 .text.BLE_UART_IntClock_StopBlock
                0x00000000       0x6c .\CortexM3\ARM_GCC_493\Debug\GuitarHero.a(BLE_UART_IntClock.o)
 .text.BLE_UART_IntClock_StandbyPower
                0x00000000       0x20 .\CortexM3\ARM_GCC_493\Debug\GuitarHero.a(BLE_UART_IntClock.o)
 .text.BLE_UART_IntClock_GetDividerRegister
                0x00000000        0xc .\CortexM3\ARM_GCC_493\Debug\GuitarHero.a(BLE_UART_IntClock.o)
 .text.BLE_UART_IntClock_SetModeRegister
                0x00000000       0x14 .\CortexM3\ARM_GCC_493\Debug\GuitarHero.a(BLE_UART_IntClock.o)
 .text.BLE_UART_IntClock_ClearModeRegister
                0x00000000       0x18 .\CortexM3\ARM_GCC_493\Debug\GuitarHero.a(BLE_UART_IntClock.o)
 .text.BLE_UART_IntClock_GetModeRegister
                0x00000000       0x10 .\CortexM3\ARM_GCC_493\Debug\GuitarHero.a(BLE_UART_IntClock.o)
 .text.BLE_UART_IntClock_GetSourceRegister
                0x00000000       0x10 .\CortexM3\ARM_GCC_493\Debug\GuitarHero.a(BLE_UART_IntClock.o)
 .text.BLE_UART_IntClock_SetDividerRegister
                0x00000000       0xd8 .\CortexM3\ARM_GCC_493\Debug\GuitarHero.a(BLE_UART_IntClock.o)
 .text.BLE_UART_IntClock_SetSourceRegister
                0x00000000       0x5c .\CortexM3\ARM_GCC_493\Debug\GuitarHero.a(BLE_UART_IntClock.o)
 .text          0x00000000        0x0 .\CortexM3\ARM_GCC_493\Debug\GuitarHero.a(CyFlash.o)
 .data          0x00000000        0x0 .\CortexM3\ARM_GCC_493\Debug\GuitarHero.a(CyFlash.o)
 .bss           0x00000000        0x4 .\CortexM3\ARM_GCC_493\Debug\GuitarHero.a(CyFlash.o)
 .text.CyFlashGetSpcAlgorithm
                0x00000000       0x4c .\CortexM3\ARM_GCC_493\Debug\GuitarHero.a(CyFlash.o)
 .text.CySetTempInt
                0x00000000       0x60 .\CortexM3\ARM_GCC_493\Debug\GuitarHero.a(CyFlash.o)
 .text.CyFlash_Start
                0x00000000       0x54 .\CortexM3\ARM_GCC_493\Debug\GuitarHero.a(CyFlash.o)
 .text.CyFlash_Stop
                0x00000000       0x24 .\CortexM3\ARM_GCC_493\Debug\GuitarHero.a(CyFlash.o)
 .text.CySetTemp
                0x00000000       0x14 .\CortexM3\ARM_GCC_493\Debug\GuitarHero.a(CyFlash.o)
 .text.CySetFlashEEBuffer
                0x00000000       0x28 .\CortexM3\ARM_GCC_493\Debug\GuitarHero.a(CyFlash.o)
 .text.CyWriteRowFull
                0x00000000       0xf8 .\CortexM3\ARM_GCC_493\Debug\GuitarHero.a(CyFlash.o)
 .text.CyWriteRowData
                0x00000000       0x14 .\CortexM3\ARM_GCC_493\Debug\GuitarHero.a(CyFlash.o)
 .text.CyFlash_SetWaitCycles
                0x00000000       0x7c .\CortexM3\ARM_GCC_493\Debug\GuitarHero.a(CyFlash.o)
 .text.CyEEPROM_Start
                0x00000000       0x54 .\CortexM3\ARM_GCC_493\Debug\GuitarHero.a(CyFlash.o)
 .text.CyEEPROM_Stop
                0x00000000       0x24 .\CortexM3\ARM_GCC_493\Debug\GuitarHero.a(CyFlash.o)
 .text.CyEEPROM_ReadReserve
                0x00000000       0x1c .\CortexM3\ARM_GCC_493\Debug\GuitarHero.a(CyFlash.o)
 .text.CyEEPROM_ReadRelease
                0x00000000       0x10 .\CortexM3\ARM_GCC_493\Debug\GuitarHero.a(CyFlash.o)
 COMMON         0x00000000        0x2 .\CortexM3\ARM_GCC_493\Debug\GuitarHero.a(CyFlash.o)
 .text          0x00000000        0x0 .\CortexM3\ARM_GCC_493\Debug\GuitarHero.a(CySpc.o)
 .data          0x00000000        0x0 .\CortexM3\ARM_GCC_493\Debug\GuitarHero.a(CySpc.o)
 .bss           0x00000000        0x8 .\CortexM3\ARM_GCC_493\Debug\GuitarHero.a(CySpc.o)
 .text.CySpcStart
                0x00000000       0x24 .\CortexM3\ARM_GCC_493\Debug\GuitarHero.a(CySpc.o)
 .text.CySpcStop
                0x00000000       0x24 .\CortexM3\ARM_GCC_493\Debug\GuitarHero.a(CySpc.o)
 .text.CySpcReadData
                0x00000000       0x34 .\CortexM3\ARM_GCC_493\Debug\GuitarHero.a(CySpc.o)
 .text.CySpcLoadMultiByte
                0x00000000       0x78 .\CortexM3\ARM_GCC_493\Debug\GuitarHero.a(CySpc.o)
 .text.CySpcLoadRow
                0x00000000       0x54 .\CortexM3\ARM_GCC_493\Debug\GuitarHero.a(CySpc.o)
 .text.CySpcLoadRowFull
                0x00000000       0x80 .\CortexM3\ARM_GCC_493\Debug\GuitarHero.a(CySpc.o)
 .text.CySpcWriteRow
                0x00000000       0x4c .\CortexM3\ARM_GCC_493\Debug\GuitarHero.a(CySpc.o)
 .text.CySpcEraseSector
                0x00000000       0x3c .\CortexM3\ARM_GCC_493\Debug\GuitarHero.a(CySpc.o)
 .text.CySpcGetTemp
                0x00000000       0x3c .\CortexM3\ARM_GCC_493\Debug\GuitarHero.a(CySpc.o)
 .text.CySpcLock
                0x00000000       0x4c .\CortexM3\ARM_GCC_493\Debug\GuitarHero.a(CySpc.o)
 .text.CySpcUnlock
                0x00000000       0x38 .\CortexM3\ARM_GCC_493\Debug\GuitarHero.a(CySpc.o)
 .text.CySpcGetAlgorithm
                0x00000000       0x28 .\CortexM3\ARM_GCC_493\Debug\GuitarHero.a(CySpc.o)
 .data          0x00000000        0x0 c:/program files (x86)/cypress/psoc creator/3.3/psoc creator/import/gnu/arm/4.9.3/bin/../lib/gcc/arm-none-eabi/4.9.3/armv7-m\libgcc.a(_arm_addsubdf3.o)
 .bss           0x00000000        0x0 c:/program files (x86)/cypress/psoc creator/3.3/psoc creator/import/gnu/arm/4.9.3/bin/../lib/gcc/arm-none-eabi/4.9.3/armv7-m\libgcc.a(_arm_addsubdf3.o)
 .data          0x00000000        0x0 c:/program files (x86)/cypress/psoc creator/3.3/psoc creator/import/gnu/arm/4.9.3/bin/../lib/gcc/arm-none-eabi/4.9.3/armv7-m\libgcc.a(_arm_muldivdf3.o)
 .bss           0x00000000        0x0 c:/program files (x86)/cypress/psoc creator/3.3/psoc creator/import/gnu/arm/4.9.3/bin/../lib/gcc/arm-none-eabi/4.9.3/armv7-m\libgcc.a(_arm_muldivdf3.o)
 .data          0x00000000        0x0 c:/program files (x86)/cypress/psoc creator/3.3/psoc creator/import/gnu/arm/4.9.3/bin/../lib/gcc/arm-none-eabi/4.9.3/armv7-m\libgcc.a(_arm_truncdfsf2.o)
 .bss           0x00000000        0x0 c:/program files (x86)/cypress/psoc creator/3.3/psoc creator/import/gnu/arm/4.9.3/bin/../lib/gcc/arm-none-eabi/4.9.3/armv7-m\libgcc.a(_arm_truncdfsf2.o)
 .data          0x00000000        0x0 c:/program files (x86)/cypress/psoc creator/3.3/psoc creator/import/gnu/arm/4.9.3/bin/../lib/gcc/arm-none-eabi/4.9.3/armv7-m\libgcc.a(_arm_muldivsf3.o)
 .bss           0x00000000        0x0 c:/program files (x86)/cypress/psoc creator/3.3/psoc creator/import/gnu/arm/4.9.3/bin/../lib/gcc/arm-none-eabi/4.9.3/armv7-m\libgcc.a(_arm_muldivsf3.o)
 .data          0x00000000        0x0 c:/program files (x86)/cypress/psoc creator/3.3/psoc creator/import/gnu/arm/4.9.3/bin/../lib/gcc/arm-none-eabi/4.9.3/armv7-m\libgcc.a(_arm_fixunssfsi.o)
 .bss           0x00000000        0x0 c:/program files (x86)/cypress/psoc creator/3.3/psoc creator/import/gnu/arm/4.9.3/bin/../lib/gcc/arm-none-eabi/4.9.3/armv7-m\libgcc.a(_arm_fixunssfsi.o)
 .text          0x00000000        0x0 c:/program files (x86)/cypress/psoc creator/3.3/psoc creator/import/gnu/arm/4.9.3/bin/../lib/gcc/arm-none-eabi/4.9.3/../../../../arm-none-eabi/lib/armv7-m\libg_nano.a(lib_a-errno.o)
 .data          0x00000000        0x0 c:/program files (x86)/cypress/psoc creator/3.3/psoc creator/import/gnu/arm/4.9.3/bin/../lib/gcc/arm-none-eabi/4.9.3/../../../../arm-none-eabi/lib/armv7-m\libg_nano.a(lib_a-errno.o)
 .bss           0x00000000        0x0 c:/program files (x86)/cypress/psoc creator/3.3/psoc creator/import/gnu/arm/4.9.3/bin/../lib/gcc/arm-none-eabi/4.9.3/../../../../arm-none-eabi/lib/armv7-m\libg_nano.a(lib_a-errno.o)
 .text.__errno  0x00000000        0xc c:/program files (x86)/cypress/psoc creator/3.3/psoc creator/import/gnu/arm/4.9.3/bin/../lib/gcc/arm-none-eabi/4.9.3/../../../../arm-none-eabi/lib/armv7-m\libg_nano.a(lib_a-errno.o)
 .text          0x00000000        0x0 c:/program files (x86)/cypress/psoc creator/3.3/psoc creator/import/gnu/arm/4.9.3/bin/../lib/gcc/arm-none-eabi/4.9.3/../../../../arm-none-eabi/lib/armv7-m\libg_nano.a(lib_a-exit.o)
 .data          0x00000000        0x0 c:/program files (x86)/cypress/psoc creator/3.3/psoc creator/import/gnu/arm/4.9.3/bin/../lib/gcc/arm-none-eabi/4.9.3/../../../../arm-none-eabi/lib/armv7-m\libg_nano.a(lib_a-exit.o)
 .bss           0x00000000        0x0 c:/program files (x86)/cypress/psoc creator/3.3/psoc creator/import/gnu/arm/4.9.3/bin/../lib/gcc/arm-none-eabi/4.9.3/../../../../arm-none-eabi/lib/armv7-m\libg_nano.a(lib_a-exit.o)
 .text.exit     0x00000000       0x28 c:/program files (x86)/cypress/psoc creator/3.3/psoc creator/import/gnu/arm/4.9.3/bin/../lib/gcc/arm-none-eabi/4.9.3/../../../../arm-none-eabi/lib/armv7-m\libg_nano.a(lib_a-exit.o)
 .text          0x00000000        0x0 c:/program files (x86)/cypress/psoc creator/3.3/psoc creator/import/gnu/arm/4.9.3/bin/../lib/gcc/arm-none-eabi/4.9.3/../../../../arm-none-eabi/lib/armv7-m\libg_nano.a(lib_a-impure.o)
 .data          0x00000000        0x0 c:/program files (x86)/cypress/psoc creator/3.3/psoc creator/import/gnu/arm/4.9.3/bin/../lib/gcc/arm-none-eabi/4.9.3/../../../../arm-none-eabi/lib/armv7-m\libg_nano.a(lib_a-impure.o)
 .bss           0x00000000        0x0 c:/program files (x86)/cypress/psoc creator/3.3/psoc creator/import/gnu/arm/4.9.3/bin/../lib/gcc/arm-none-eabi/4.9.3/../../../../arm-none-eabi/lib/armv7-m\libg_nano.a(lib_a-impure.o)
 .data.impure_data
                0x00000000       0x60 c:/program files (x86)/cypress/psoc creator/3.3/psoc creator/import/gnu/arm/4.9.3/bin/../lib/gcc/arm-none-eabi/4.9.3/../../../../arm-none-eabi/lib/armv7-m\libg_nano.a(lib_a-impure.o)
 .data._impure_ptr
                0x00000000        0x4 c:/program files (x86)/cypress/psoc creator/3.3/psoc creator/import/gnu/arm/4.9.3/bin/../lib/gcc/arm-none-eabi/4.9.3/../../../../arm-none-eabi/lib/armv7-m\libg_nano.a(lib_a-impure.o)
 .rodata.str1.1
                0x00000000        0x2 c:/program files (x86)/cypress/psoc creator/3.3/psoc creator/import/gnu/arm/4.9.3/bin/../lib/gcc/arm-none-eabi/4.9.3/../../../../arm-none-eabi/lib/armv7-m\libg_nano.a(lib_a-impure.o)
 .rodata._global_impure_ptr
                0x00000000        0x4 c:/program files (x86)/cypress/psoc creator/3.3/psoc creator/import/gnu/arm/4.9.3/bin/../lib/gcc/arm-none-eabi/4.9.3/../../../../arm-none-eabi/lib/armv7-m\libg_nano.a(lib_a-impure.o)
 .text          0x00000000        0x0 c:/program files (x86)/cypress/psoc creator/3.3/psoc creator/import/gnu/arm/4.9.3/bin/../lib/gcc/arm-none-eabi/4.9.3/../../../../arm-none-eabi/lib/armv7-m\libg_nano.a(lib_a-init.o)
 .data          0x00000000        0x0 c:/program files (x86)/cypress/psoc creator/3.3/psoc creator/import/gnu/arm/4.9.3/bin/../lib/gcc/arm-none-eabi/4.9.3/../../../../arm-none-eabi/lib/armv7-m\libg_nano.a(lib_a-init.o)
 .bss           0x00000000        0x0 c:/program files (x86)/cypress/psoc creator/3.3/psoc creator/import/gnu/arm/4.9.3/bin/../lib/gcc/arm-none-eabi/4.9.3/../../../../arm-none-eabi/lib/armv7-m\libg_nano.a(lib_a-init.o)
 .text          0x00000000        0x0 c:/program files (x86)/cypress/psoc creator/3.3/psoc creator/import/gnu/arm/4.9.3/bin/../lib/gcc/arm-none-eabi/4.9.3/../../../../arm-none-eabi/lib/armv7-m\libg_nano.a(lib_a-memcpy.o)
 .data          0x00000000        0x0 c:/program files (x86)/cypress/psoc creator/3.3/psoc creator/import/gnu/arm/4.9.3/bin/../lib/gcc/arm-none-eabi/4.9.3/../../../../arm-none-eabi/lib/armv7-m\libg_nano.a(lib_a-memcpy.o)
 .bss           0x00000000        0x0 c:/program files (x86)/cypress/psoc creator/3.3/psoc creator/import/gnu/arm/4.9.3/bin/../lib/gcc/arm-none-eabi/4.9.3/../../../../arm-none-eabi/lib/armv7-m\libg_nano.a(lib_a-memcpy.o)
 .text          0x00000000        0x0 c:/program files (x86)/cypress/psoc creator/3.3/psoc creator/import/gnu/arm/4.9.3/bin/../lib/gcc/arm-none-eabi/4.9.3/../../../../arm-none-eabi/lib/armv7-m\libg_nano.a(lib_a-memset.o)
 .data          0x00000000        0x0 c:/program files (x86)/cypress/psoc creator/3.3/psoc creator/import/gnu/arm/4.9.3/bin/../lib/gcc/arm-none-eabi/4.9.3/../../../../arm-none-eabi/lib/armv7-m\libg_nano.a(lib_a-memset.o)
 .bss           0x00000000        0x0 c:/program files (x86)/cypress/psoc creator/3.3/psoc creator/import/gnu/arm/4.9.3/bin/../lib/gcc/arm-none-eabi/4.9.3/../../../../arm-none-eabi/lib/armv7-m\libg_nano.a(lib_a-memset.o)
 .text          0x00000000        0x0 c:/program files (x86)/cypress/psoc creator/3.3/psoc creator/import/gnu/arm/4.9.3/bin/../lib/gcc/arm-none-eabi/4.9.3/armv7-m/crtend.o
 .data          0x00000000        0x0 c:/program files (x86)/cypress/psoc creator/3.3/psoc creator/import/gnu/arm/4.9.3/bin/../lib/gcc/arm-none-eabi/4.9.3/armv7-m/crtend.o
 .bss           0x00000000        0x0 c:/program files (x86)/cypress/psoc creator/3.3/psoc creator/import/gnu/arm/4.9.3/bin/../lib/gcc/arm-none-eabi/4.9.3/armv7-m/crtend.o
 .text          0x00000000        0x0 c:/program files (x86)/cypress/psoc creator/3.3/psoc creator/import/gnu/arm/4.9.3/bin/../lib/gcc/arm-none-eabi/4.9.3/armv7-m/crtn.o
 .data          0x00000000        0x0 c:/program files (x86)/cypress/psoc creator/3.3/psoc creator/import/gnu/arm/4.9.3/bin/../lib/gcc/arm-none-eabi/4.9.3/armv7-m/crtn.o
 .bss           0x00000000        0x0 c:/program files (x86)/cypress/psoc creator/3.3/psoc creator/import/gnu/arm/4.9.3/bin/../lib/gcc/arm-none-eabi/4.9.3/armv7-m/crtn.o

Memory Configuration

Name             Origin             Length             Attributes
rom              0x00000000         0x00040000         xr
ram              0x1fff8000         0x00010000         xrw
*default*        0x00000000         0xffffffff

Linker script and memory map

LOAD c:/program files (x86)/cypress/psoc creator/3.3/psoc creator/import/gnu/arm/4.9.3/bin/../lib/gcc/arm-none-eabi/4.9.3/armv7-m/crti.o
LOAD c:/program files (x86)/cypress/psoc creator/3.3/psoc creator/import/gnu/arm/4.9.3/bin/../lib/gcc/arm-none-eabi/4.9.3/armv7-m/crtbegin.o
LOAD c:/program files (x86)/cypress/psoc creator/3.3/psoc creator/import/gnu/arm/4.9.3/bin/../lib/gcc/arm-none-eabi/4.9.3/../../../../arm-none-eabi/lib/armv7-m/crt0.o
START GROUP
LOAD .\CortexM3\ARM_GCC_493\Debug\main.o
LOAD .\CortexM3\ARM_GCC_493\Debug\sprites.o
LOAD .\CortexM3\ARM_GCC_493\Debug\cymetadata.o
LOAD .\CortexM3\ARM_GCC_493\Debug\Cm3Start.o
LOAD .\CortexM3\ARM_GCC_493\Debug\GuitarHero.a
LOAD C:\Program Files (x86)\Cypress\PSoC Creator\3.3\PSoC Creator\psoc\content\cycomponentlibrary\CyComponentLibrary.cylib\CortexM3\ARM_GCC_493\Debug\CyComponentLibrary.a
LOAD c:/program files (x86)/cypress/psoc creator/3.3/psoc creator/import/gnu/arm/4.9.3/bin/../lib/gcc/arm-none-eabi/4.9.3/../../../../arm-none-eabi/lib/armv7-m\libm.a
END GROUP
START GROUP
LOAD c:/program files (x86)/cypress/psoc creator/3.3/psoc creator/import/gnu/arm/4.9.3/bin/../lib/gcc/arm-none-eabi/4.9.3/armv7-m\libgcc.a
LOAD c:/program files (x86)/cypress/psoc creator/3.3/psoc creator/import/gnu/arm/4.9.3/bin/../lib/gcc/arm-none-eabi/4.9.3/../../../../arm-none-eabi/lib/armv7-m\libg_nano.a
LOAD c:/program files (x86)/cypress/psoc creator/3.3/psoc creator/import/gnu/arm/4.9.3/bin/../lib/gcc/arm-none-eabi/4.9.3/../../../../arm-none-eabi/lib/armv7-m\libc_nano.a
END GROUP
START GROUP
LOAD c:/program files (x86)/cypress/psoc creator/3.3/psoc creator/import/gnu/arm/4.9.3/bin/../lib/gcc/arm-none-eabi/4.9.3/armv7-m\libgcc.a
LOAD c:/program files (x86)/cypress/psoc creator/3.3/psoc creator/import/gnu/arm/4.9.3/bin/../lib/gcc/arm-none-eabi/4.9.3/../../../../arm-none-eabi/lib/armv7-m\libc_nano.a
END GROUP
LOAD c:/program files (x86)/cypress/psoc creator/3.3/psoc creator/import/gnu/arm/4.9.3/bin/../lib/gcc/arm-none-eabi/4.9.3/armv7-m/crtend.o
LOAD c:/program files (x86)/cypress/psoc creator/3.3/psoc creator/import/gnu/arm/4.9.3/bin/../lib/gcc/arm-none-eabi/4.9.3/armv7-m/crtn.o
START GROUP
LOAD c:/program files (x86)/cypress/psoc creator/3.3/psoc creator/import/gnu/arm/4.9.3/bin/../lib/gcc/arm-none-eabi/4.9.3/armv7-m\libgcc.a
LOAD c:/program files (x86)/cypress/psoc creator/3.3/psoc creator/import/gnu/arm/4.9.3/bin/../lib/gcc/arm-none-eabi/4.9.3/../../../../arm-none-eabi/lib/armv7-m\libc.a
LOAD c:/program files (x86)/cypress/psoc creator/3.3/psoc creator/import/gnu/arm/4.9.3/bin/../lib/gcc/arm-none-eabi/4.9.3/../../../../arm-none-eabi/lib/armv7-m\libnosys.a
END GROUP
                0x00000000                CY_APPL_ORIGIN = 0x0
                0x00000100                CY_FLASH_ROW_SIZE = 0x100
                0x00000020                CY_ECC_ROW_SIZE = 0x20
                0x00000000                CY_EE_IN_BTLDR = 0x0
                0x00000000                CY_APPL_LOADABLE = 0x0
                0x00000800                CY_EE_SIZE = 0x800
                0x00000001                CY_APPL_NUM = 0x1
                0x00000001                CY_APPL_MAX = 0x1
                0x00000040                CY_METADATA_SIZE = 0x40
                0x00000000                CY_APPL_LOADABLE = 0x0
                0x00000000                CY_CHECKSUM_EXCLUDE_SIZE = ALIGN (0x0, CY_FLASH_ROW_SIZE)
                0x1fff9b58                PROVIDE (__cy_heap_start, _end)
                0x00000001                PROVIDE (__cy_region_num, ((__cy_regions_end - __cy_regions) / 0x10))
                0x20008000                PROVIDE (__cy_stack, (ORIGIN (ram) + 0x10000))
                0x20007800                PROVIDE (__cy_heap_end, (__cy_stack - 0x800))

.cybootloader   0x00000000        0x0
 *(.cybootloader)
                0x00000000                appl1_start = CY_APPL_ORIGIN?CY_APPL_ORIGIN:ALIGN (CY_FLASH_ROW_SIZE)
                0x0001ff00                appl2_start = (appl1_start + ALIGN ((((0x40000 - appl1_start) - (0x2 * CY_FLASH_ROW_SIZE)) / 0x2), CY_FLASH_ROW_SIZE))
                0x00000000                appl_start = (CY_APPL_NUM == 0x1)?appl1_start:appl2_start
                0x00000000                ecc_offset = ((appl_start / CY_FLASH_ROW_SIZE) * CY_ECC_ROW_SIZE)
                0x00000000                ee_offset = (CY_APPL_LOADABLE && ! (CY_EE_IN_BTLDR))?((CY_EE_SIZE / CY_APPL_MAX) * (CY_APPL_NUM - 0x1)):0x0
                0x00000800                ee_size = (CY_APPL_LOADABLE && ! (CY_EE_IN_BTLDR))?(CY_EE_SIZE / CY_APPL_MAX):CY_EE_SIZE
                0x00000000                PROVIDE (CY_ECC_OFFSET, ecc_offset)

.text           0x00000000     0x18c6
 CREATE_OBJECT_SYMBOLS
                0x00000000                PROVIDE (__cy_interrupt_vector, RomVectors)
 *(.romvectors)
 .romvectors    0x00000000       0x10 .\CortexM3\ARM_GCC_493\Debug\Cm3Start.o
                0x00000000                RomVectors
                0x00000001                ASSERT ((. != __cy_interrupt_vector), No interrupt vector)
                0x00000001                ASSERT (CY_APPL_ORIGIN?(SIZEOF (.cybootloader) <= CY_APPL_ORIGIN):0x1, Wrong image location)
                0x00000010                PROVIDE (__cy_reset, Reset)
 *(.text.Reset)
 .text.Reset    0x00000010       0x18 .\CortexM3\ARM_GCC_493\Debug\Cm3Start.o
                0x00000010                Reset
                0x00000001                ASSERT ((. != __cy_reset), No reset code)
 *(.dma_init)
                0x00000001                ASSERT ((((appl_start + .) <= 0x10000) || 0x1), DMA Init must be within the first 64k of flash)
 *(.text .text.* .gnu.linkonce.t.*)
 .text          0x00000028       0x5c c:/program files (x86)/cypress/psoc creator/3.3/psoc creator/import/gnu/arm/4.9.3/bin/../lib/gcc/arm-none-eabi/4.9.3/armv7-m/crtbegin.o
 .text.BLE_Rx_isr
                0x00000084       0x10 .\CortexM3\ARM_GCC_493\Debug\main.o
                0x00000084                BLE_Rx_isr
 .text.hw_init  0x00000094       0x3c .\CortexM3\ARM_GCC_493\Debug\main.o
                0x00000094                hw_init
 .text.game_init
                0x000000d0       0x44 .\CortexM3\ARM_GCC_493\Debug\main.o
                0x000000d0                game_init
 .text.draw_points
                0x00000114       0x34 .\CortexM3\ARM_GCC_493\Debug\main.o
                0x00000114                draw_points
 .text.update_render
                0x00000148       0x48 .\CortexM3\ARM_GCC_493\Debug\main.o
                0x00000148                update_render
 .text.FPS_isr  0x00000190        0x8 .\CortexM3\ARM_GCC_493\Debug\main.o
                0x00000190                FPS_isr
 .text.main     0x00000198       0x54 .\CortexM3\ARM_GCC_493\Debug\main.o
                0x00000198                main
 .text.make_fretboard
                0x000001ec       0xe8 .\CortexM3\ARM_GCC_493\Debug\sprites.o
                0x000001ec                make_fretboard
 .text.make_barline
                0x000002d4       0x84 .\CortexM3\ARM_GCC_493\Debug\sprites.o
                0x000002d4                make_barline
 .text.sprites_to_polyline
                0x00000358       0x74 .\CortexM3\ARM_GCC_493\Debug\sprites.o
                0x00000358                sprites_to_polyline
 *fill*         0x000003cc        0x4 
 .text.ortho_to_perspective
                0x000003d0       0xc0 .\CortexM3\ARM_GCC_493\Debug\sprites.o
                0x000003d0                ortho_to_perspective
 .text.IntDefaultHandler
                0x00000490        0x4 .\CortexM3\ARM_GCC_493\Debug\Cm3Start.o
                0x00000490                IntDefaultHandler
 .text.Start_c  0x00000494       0x4c .\CortexM3\ARM_GCC_493\Debug\Cm3Start.o
                0x00000494                Start_c
 .text.initialize_psoc
                0x000004e0       0x74 .\CortexM3\ARM_GCC_493\Debug\Cm3Start.o
                0x000004e0                initialize_psoc
 .text.CyClockStartupError
                0x00000554        0x4 .\CortexM3\ARM_GCC_493\Debug\GuitarHero.a(cyfitter_cfg.o)
 .text.cfg_write_bytes32
                0x00000558       0x34 .\CortexM3\ARM_GCC_493\Debug\GuitarHero.a(cyfitter_cfg.o)
 .text.AnalogSetDefault
                0x0000058c       0x48 .\CortexM3\ARM_GCC_493\Debug\GuitarHero.a(cyfitter_cfg.o)
 .text.CYMEMZERO
                0x000005d4        0xc .\CortexM3\ARM_GCC_493\Debug\GuitarHero.a(cyfitter_cfg.o)
 .text.ClockSetup
                0x000005e0       0xc4 .\CortexM3\ARM_GCC_493\Debug\GuitarHero.a(cyfitter_cfg.o)
 .text.CYCONFIGCPY
                0x000006a4        0x8 .\CortexM3\ARM_GCC_493\Debug\GuitarHero.a(cyfitter_cfg.o)
 .text.cyfitter_cfg
                0x000006ac       0xec .\CortexM3\ARM_GCC_493\Debug\GuitarHero.a(cyfitter_cfg.o)
                0x000006ac                cyfitter_cfg
 .text.x_DAC_Enable
                0x00000798       0x1c .\CortexM3\ARM_GCC_493\Debug\GuitarHero.a(x_DAC.o)
                0x00000798                x_DAC_Enable
 .text.x_DAC_SetSpeed
                0x000007b4       0x1c .\CortexM3\ARM_GCC_493\Debug\GuitarHero.a(x_DAC.o)
                0x000007b4                x_DAC_SetSpeed
 .text.x_DAC_SetValue
                0x000007d0        0xc .\CortexM3\ARM_GCC_493\Debug\GuitarHero.a(x_DAC.o)
                0x000007d0                x_DAC_SetValue
 .text.x_DAC_DacTrim
                0x000007dc       0x24 .\CortexM3\ARM_GCC_493\Debug\GuitarHero.a(x_DAC.o)
                0x000007dc                x_DAC_DacTrim
 .text.x_DAC_SetRange
                0x00000800       0x20 .\CortexM3\ARM_GCC_493\Debug\GuitarHero.a(x_DAC.o)
                0x00000800                x_DAC_SetRange
 .text.x_DAC_Init
                0x00000820       0x20 .\CortexM3\ARM_GCC_493\Debug\GuitarHero.a(x_DAC.o)
                0x00000820                x_DAC_Init
 .text.x_DAC_Start
                0x00000840       0x24 .\CortexM3\ARM_GCC_493\Debug\GuitarHero.a(x_DAC.o)
                0x00000840                x_DAC_Start
 .text.y_DAC_Enable
                0x00000864       0x1c .\CortexM3\ARM_GCC_493\Debug\GuitarHero.a(y_DAC.o)
                0x00000864                y_DAC_Enable
 .text.y_DAC_SetSpeed
                0x00000880       0x1c .\CortexM3\ARM_GCC_493\Debug\GuitarHero.a(y_DAC.o)
                0x00000880                y_DAC_SetSpeed
 .text.y_DAC_SetValue
                0x0000089c        0xc .\CortexM3\ARM_GCC_493\Debug\GuitarHero.a(y_DAC.o)
                0x0000089c                y_DAC_SetValue
 .text.y_DAC_DacTrim
                0x000008a8       0x24 .\CortexM3\ARM_GCC_493\Debug\GuitarHero.a(y_DAC.o)
                0x000008a8                y_DAC_DacTrim
 .text.y_DAC_SetRange
                0x000008cc       0x20 .\CortexM3\ARM_GCC_493\Debug\GuitarHero.a(y_DAC.o)
                0x000008cc                y_DAC_SetRange
 .text.y_DAC_Init
                0x000008ec       0x20 .\CortexM3\ARM_GCC_493\Debug\GuitarHero.a(y_DAC.o)
                0x000008ec                y_DAC_Init
 .text.y_DAC_Start
                0x0000090c       0x24 .\CortexM3\ARM_GCC_493\Debug\GuitarHero.a(y_DAC.o)
                0x0000090c                y_DAC_Start
 .text          0x00000930       0x20 .\CortexM3\ARM_GCC_493\Debug\GuitarHero.a(CyBootAsmGnu.o)
                0x00000930                CyDelayCycles
                0x00000940                CyEnterCriticalSection
                0x00000948                CyExitCriticalSection
 .text.CyDelay  0x00000950       0x2c .\CortexM3\ARM_GCC_493\Debug\GuitarHero.a(CyLib.o)
                0x00000950                CyDelay
 .text.CyDelayUs
                0x0000097c       0x14 .\CortexM3\ARM_GCC_493\Debug\GuitarHero.a(CyLib.o)
                0x0000097c                CyDelayUs
 .text.FPS_isr_SetVector
                0x00000990        0xc .\CortexM3\ARM_GCC_493\Debug\GuitarHero.a(FPS_isr.o)
                0x00000990                FPS_isr_SetVector
 .text.FPS_isr_SetPriority
                0x0000099c       0x10 .\CortexM3\ARM_GCC_493\Debug\GuitarHero.a(FPS_isr.o)
                0x0000099c                FPS_isr_SetPriority
 .text.FPS_isr_Enable
                0x000009ac        0xc .\CortexM3\ARM_GCC_493\Debug\GuitarHero.a(FPS_isr.o)
                0x000009ac                FPS_isr_Enable
 .text.FPS_isr_Disable
                0x000009b8        0xc .\CortexM3\ARM_GCC_493\Debug\GuitarHero.a(FPS_isr.o)
                0x000009b8                FPS_isr_Disable
 .text.FPS_isr_StartEx
                0x000009c4       0x1c .\CortexM3\ARM_GCC_493\Debug\GuitarHero.a(FPS_isr.o)
                0x000009c4                FPS_isr_StartEx
 .text.BLE_UART_Init
                0x000009e0       0x14 .\CortexM3\ARM_GCC_493\Debug\GuitarHero.a(BLE_UART.o)
                0x000009e0                BLE_UART_Init
 .text.BLE_UART_Enable
                0x000009f4       0x2c .\CortexM3\ARM_GCC_493\Debug\GuitarHero.a(BLE_UART.o)
                0x000009f4                BLE_UART_Enable
 .text.BLE_UART_Start
                0x00000a20       0x1c .\CortexM3\ARM_GCC_493\Debug\GuitarHero.a(BLE_UART.o)
                0x00000a20                BLE_UART_Start
 .text.BLE_UART_GetChar
                0x00000a3c       0x2c .\CortexM3\ARM_GCC_493\Debug\GuitarHero.a(BLE_UART.o)
                0x00000a3c                BLE_UART_GetChar
 .text.BLE_Rx_isr_SetVector
                0x00000a68        0xc .\CortexM3\ARM_GCC_493\Debug\GuitarHero.a(BLE_Rx_isr.o)
                0x00000a68                BLE_Rx_isr_SetVector
 .text.BLE_Rx_isr_SetPriority
                0x00000a74       0x10 .\CortexM3\ARM_GCC_493\Debug\GuitarHero.a(BLE_Rx_isr.o)
                0x00000a74                BLE_Rx_isr_SetPriority
 .text.BLE_Rx_isr_Enable
                0x00000a84        0xc .\CortexM3\ARM_GCC_493\Debug\GuitarHero.a(BLE_Rx_isr.o)
                0x00000a84                BLE_Rx_isr_Enable
 .text.BLE_Rx_isr_Disable
                0x00000a90        0xc .\CortexM3\ARM_GCC_493\Debug\GuitarHero.a(BLE_Rx_isr.o)
                0x00000a90                BLE_Rx_isr_Disable
 .text.BLE_Rx_isr_StartEx
                0x00000a9c       0x1c .\CortexM3\ARM_GCC_493\Debug\GuitarHero.a(BLE_Rx_isr.o)
                0x00000a9c                BLE_Rx_isr_StartEx
 .text.LCD_WrCntrlNib
                0x00000ab8       0x34 .\CortexM3\ARM_GCC_493\Debug\GuitarHero.a(LCD.o)
 .text.LCD_WrDatNib
                0x00000aec       0x44 .\CortexM3\ARM_GCC_493\Debug\GuitarHero.a(LCD.o)
 .text.LCD_IsReady
                0x00000b30       0xe4 .\CortexM3\ARM_GCC_493\Debug\GuitarHero.a(LCD.o)
                0x00000b30                LCD_IsReady
 .text.LCD_WriteData
                0x00000c14       0x18 .\CortexM3\ARM_GCC_493\Debug\GuitarHero.a(LCD.o)
                0x00000c14                LCD_WriteData
 .text.LCD_PutChar
                0x00000c2c        0x8 .\CortexM3\ARM_GCC_493\Debug\GuitarHero.a(LCD.o)
                0x00000c2c                LCD_PutChar
 .text.LCD_WriteControl
                0x00000c34       0x18 .\CortexM3\ARM_GCC_493\Debug\GuitarHero.a(LCD.o)
                0x00000c34                LCD_WriteControl
 .text.LCD_Init
                0x00000c4c       0x6c .\CortexM3\ARM_GCC_493\Debug\GuitarHero.a(LCD.o)
                0x00000c4c                LCD_Init
 .text.LCD_Enable
                0x00000cb8       0x14 .\CortexM3\ARM_GCC_493\Debug\GuitarHero.a(LCD.o)
                0x00000cb8                LCD_Enable
 .text.LCD_Start
                0x00000ccc       0x1c .\CortexM3\ARM_GCC_493\Debug\GuitarHero.a(LCD.o)
                0x00000ccc                LCD_Start
 .text.LCD_Position
                0x00000ce8       0x3c .\CortexM3\ARM_GCC_493\Debug\GuitarHero.a(LCD.o)
                0x00000ce8                LCD_Position
 .text.BLE_UART_IntClock_Start
                0x00000d24       0x1c .\CortexM3\ARM_GCC_493\Debug\GuitarHero.a(BLE_UART_IntClock.o)
                0x00000d24                BLE_UART_IntClock_Start
 .text          0x00000d40      0x370 c:/program files (x86)/cypress/psoc creator/3.3/psoc creator/import/gnu/arm/4.9.3/bin/../lib/gcc/arm-none-eabi/4.9.3/armv7-m\libgcc.a(_arm_addsubdf3.o)
                0x00000d40                __aeabi_drsub
                0x00000d48                __aeabi_dsub
                0x00000d48                __subdf3
                0x00000d4c                __aeabi_dadd
                0x00000d4c                __adddf3
                0x00000fc4                __floatunsidf
                0x00000fc4                __aeabi_ui2d
                0x00000fe4                __floatsidf
                0x00000fe4                __aeabi_i2d
                0x00001008                __aeabi_f2d
                0x00001008                __extendsfdf2
                0x00001044                __floatundidf
                0x00001044                __aeabi_ul2d
                0x00001054                __floatdidf
                0x00001054                __aeabi_l2d
 .text          0x000010b0      0x424 c:/program files (x86)/cypress/psoc creator/3.3/psoc creator/import/gnu/arm/4.9.3/bin/../lib/gcc/arm-none-eabi/4.9.3/armv7-m\libgcc.a(_arm_muldivdf3.o)
                0x000010b0                __aeabi_dmul
                0x000010b0                __muldf3
                0x00001304                __divdf3
                0x00001304                __aeabi_ddiv
 .text          0x000014d4       0xa0 c:/program files (x86)/cypress/psoc creator/3.3/psoc creator/import/gnu/arm/4.9.3/bin/../lib/gcc/arm-none-eabi/4.9.3/armv7-m\libgcc.a(_arm_truncdfsf2.o)
                0x000014d4                __truncdfsf2
                0x000014d4                __aeabi_d2f
 .text          0x00001574      0x2a0 c:/program files (x86)/cypress/psoc creator/3.3/psoc creator/import/gnu/arm/4.9.3/bin/../lib/gcc/arm-none-eabi/4.9.3/armv7-m\libgcc.a(_arm_muldivsf3.o)
                0x00001574                __mulsf3
                0x00001574                __aeabi_fmul
                0x000016dc                __aeabi_fdiv
                0x000016dc                __divsf3
 .text          0x00001814       0x40 c:/program files (x86)/cypress/psoc creator/3.3/psoc creator/import/gnu/arm/4.9.3/bin/../lib/gcc/arm-none-eabi/4.9.3/armv7-m\libgcc.a(_arm_fixunssfsi.o)
                0x00001814                __fixunssfsi
                0x00001814                __aeabi_f2uiz
 .text.__libc_init_array
                0x00001854       0x4c c:/program files (x86)/cypress/psoc creator/3.3/psoc creator/import/gnu/arm/4.9.3/bin/../lib/gcc/arm-none-eabi/4.9.3/../../../../arm-none-eabi/lib/armv7-m\libg_nano.a(lib_a-init.o)
                0x00001854                __libc_init_array
 .text.memcpy   0x000018a0       0x16 c:/program files (x86)/cypress/psoc creator/3.3/psoc creator/import/gnu/arm/4.9.3/bin/../lib/gcc/arm-none-eabi/4.9.3/../../../../arm-none-eabi/lib/armv7-m\libg_nano.a(lib_a-memcpy.o)
                0x000018a0                memcpy
 .text.memset   0x000018b6       0x10 c:/program files (x86)/cypress/psoc creator/3.3/psoc creator/import/gnu/arm/4.9.3/bin/../lib/gcc/arm-none-eabi/4.9.3/../../../../arm-none-eabi/lib/armv7-m\libg_nano.a(lib_a-memset.o)
                0x000018b6                memset
 *(.plt)
 *(.gnu.warning)
 *(.glue_7t)
 .glue_7t       0x00000000        0x0 linker stubs
 *(.glue_7)
 .glue_7        0x00000000        0x0 linker stubs
 *(.vfp11_veneer)
 .vfp11_veneer  0x00000000        0x0 linker stubs
 *(.bootloader)
 *(.ARM.extab* .gnu.linkonce.armextab.*)
 *(.gcc_except_table)

.v4_bx          0x000018c8        0x0
 .v4_bx         0x00000000        0x0 linker stubs

.iplt           0x000018c8        0x0
 .iplt          0x00000000        0x0 c:/program files (x86)/cypress/psoc creator/3.3/psoc creator/import/gnu/arm/4.9.3/bin/../lib/gcc/arm-none-eabi/4.9.3/armv7-m/crtbegin.o

.eh_frame_hdr
 *(.eh_frame_hdr)

.eh_frame       0x000018c8        0x4
 *(.eh_frame)
 .eh_frame      0x000018c8        0x0 c:/program files (x86)/cypress/psoc creator/3.3/psoc creator/import/gnu/arm/4.9.3/bin/../lib/gcc/arm-none-eabi/4.9.3/armv7-m/crtbegin.o
 .eh_frame      0x000018c8        0x4 c:/program files (x86)/cypress/psoc creator/3.3/psoc creator/import/gnu/arm/4.9.3/bin/../lib/gcc/arm-none-eabi/4.9.3/armv7-m/crtend.o
                0x000018cc                PROVIDE (__exidx_start, .)

.ARM.exidx
 *(.ARM.exidx* .gnu.linkonce.armexidx.*)
                0x000018cc                __exidx_end = .

.rodata         0x000018cc       0x74
 *(.rodata .rodata.* .gnu.linkonce.r.*)
 .rodata        0x000018cc       0x3c .\CortexM3\ARM_GCC_493\Debug\GuitarHero.a(cyfitter_cfg.o)
                0x00001908                . = ALIGN (0x4)
 *(.init)
 .init          0x00001908        0x4 c:/program files (x86)/cypress/psoc creator/3.3/psoc creator/import/gnu/arm/4.9.3/bin/../lib/gcc/arm-none-eabi/4.9.3/armv7-m/crti.o
                0x00001908                _init
 .init          0x0000190c        0x8 c:/program files (x86)/cypress/psoc creator/3.3/psoc creator/import/gnu/arm/4.9.3/bin/../lib/gcc/arm-none-eabi/4.9.3/armv7-m/crtn.o
                0x00001914                . = ALIGN (0x4)
                0x00001914                __preinit_array_start = .
 *(.preinit_array)
                0x00001914                __preinit_array_end = .
                0x00001914                . = ALIGN (0x4)
                0x00001914                __init_array_start = .
 *(SORT(.init_array.*))
 *(.init_array)
 .init_array    0x00001914        0x4 c:/program files (x86)/cypress/psoc creator/3.3/psoc creator/import/gnu/arm/4.9.3/bin/../lib/gcc/arm-none-eabi/4.9.3/armv7-m/crtbegin.o
 .init_array    0x00001918        0x4 .\CortexM3\ARM_GCC_493\Debug\Cm3Start.o
                0x0000191c                __init_array_end = .
                0x0000191c                . = ALIGN (0x4)
 *(.fini)
 .fini          0x0000191c        0x4 c:/program files (x86)/cypress/psoc creator/3.3/psoc creator/import/gnu/arm/4.9.3/bin/../lib/gcc/arm-none-eabi/4.9.3/armv7-m/crti.o
                0x0000191c                _fini
 .fini          0x00001920        0x8 c:/program files (x86)/cypress/psoc creator/3.3/psoc creator/import/gnu/arm/4.9.3/bin/../lib/gcc/arm-none-eabi/4.9.3/armv7-m/crtn.o
                0x00001928                . = ALIGN (0x4)
                0x00001928                __fini_array_start = .
 *(.fini_array)
 .fini_array    0x00001928        0x4 c:/program files (x86)/cypress/psoc creator/3.3/psoc creator/import/gnu/arm/4.9.3/bin/../lib/gcc/arm-none-eabi/4.9.3/armv7-m/crtbegin.o
 *(SORT(.fini_array.*))
                0x0000192c                __fini_array_end = .
                0x0000192c                . = ALIGN (0x4)
 *crtbegin.o(.ctors)
 *(EXCLUDE_FILE(*crtend.o) .ctors)
 *(SORT(.ctors.*))
 *crtend.o(.ctors)
                0x0000192c                . = ALIGN (0x4)
 *crtbegin.o(.dtors)
 *(EXCLUDE_FILE(*crtend.o) .dtors)
 *(SORT(.dtors.*))
 *crtend.o(.dtors)
                0x0000192c                . = ALIGN (0x4)
                0x0000192c                __cy_regions = .
                0x0000192c        0x4 LONG 0x1940 __cy_region_init_ram
                0x00001930        0x4 LONG 0x1fff8108 __cy_region_start_data
                0x00001934        0x4 LONG 0x18 __cy_region_init_size_ram
                0x00001938        0x4 LONG 0x1a38 __cy_region_zero_size_ram
                0x0000193c                __cy_regions_end = .
                0x00001940                . = ALIGN (0x8)
 *fill*         0x0000193c        0x4 
                0x00001940                _etext = .

.cy_checksum_exclude
                0x00001940        0x0
 *(.cy_checksum_exclude)

.ramvectors     0x1fff8000      0x100
                0x1fff8000                __cy_region_start_ram = .
 *(.ramvectors)
 .ramvectors    0x1fff8000      0x100 .\CortexM3\ARM_GCC_493\Debug\Cm3Start.o
                0x1fff8000                CyRamVectors

.noinit         0x1fff8100        0x5
 *(.noinit)
 .noinit        0x1fff8100        0x4 .\CortexM3\ARM_GCC_493\Debug\Cm3Start.o
 .noinit        0x1fff8104        0x1 .\CortexM3\ARM_GCC_493\Debug\GuitarHero.a(CyLib.o)
                0x1fff8104                CyResetStatus

.data           0x1fff8108       0x18 load address 0x00001940
                0x1fff8108                __cy_region_start_data = .
 *(.jcr)
 .jcr           0x1fff8108        0x0 c:/program files (x86)/cypress/psoc creator/3.3/psoc creator/import/gnu/arm/4.9.3/bin/../lib/gcc/arm-none-eabi/4.9.3/armv7-m/crtbegin.o
 .jcr           0x1fff8108        0x4 c:/program files (x86)/cypress/psoc creator/3.3/psoc creator/import/gnu/arm/4.9.3/bin/../lib/gcc/arm-none-eabi/4.9.3/armv7-m/crtend.o
 *(.got.plt)
 *(.got)
 *(.shdata)
 *(.data .data.* .gnu.linkonce.d.*)
 .data          0x1fff810c       0x10 .\CortexM3\ARM_GCC_493\Debug\GuitarHero.a(CyLib.o)
                0x1fff810c                cydelay_32k_ms
                0x1fff8110                cydelay_freq_khz
                0x1fff8114                cydelay_freq_mhz
                0x1fff8118                cydelay_freq_hz
                0x1fff8120                . = ALIGN (0x8)
 *fill*         0x1fff811c        0x4 
 *(.ram)
                0x1fff8120                _edata = .

.igot.plt       0x1fff8120        0x0 load address 0x00001958
 .igot.plt      0x00000000        0x0 c:/program files (x86)/cypress/psoc creator/3.3/psoc creator/import/gnu/arm/4.9.3/bin/../lib/gcc/arm-none-eabi/4.9.3/armv7-m/crtbegin.o

.bss            0x1fff8120     0x1a38 load address 0x00001958
                0x1fff8120                PROVIDE (__bss_start__, .)
 *(.shbss)
 *(.bss .bss.* .gnu.linkonce.b.*)
 .bss           0x1fff8120       0x1c c:/program files (x86)/cypress/psoc creator/3.3/psoc creator/import/gnu/arm/4.9.3/bin/../lib/gcc/arm-none-eabi/4.9.3/armv7-m/crtbegin.o
 .bss           0x1fff813c        0x1 .\CortexM3\ARM_GCC_493\Debug\GuitarHero.a(x_DAC.o)
                0x1fff813c                x_DAC_initVar
 .bss           0x1fff813d        0x1 .\CortexM3\ARM_GCC_493\Debug\GuitarHero.a(y_DAC.o)
                0x1fff813d                y_DAC_initVar
 .bss           0x1fff813e        0x1 .\CortexM3\ARM_GCC_493\Debug\GuitarHero.a(BLE_UART.o)
                0x1fff813e                BLE_UART_initVar
 .bss           0x1fff813f        0x2 .\CortexM3\ARM_GCC_493\Debug\GuitarHero.a(LCD.o)
                0x1fff813f                LCD_enableState
                0x1fff8140                LCD_initVar
 *(COMMON)
 *fill*         0x1fff8141        0x3 
 COMMON         0x1fff8144     0x1210 .\CortexM3\ARM_GCC_493\Debug\main.o
                0x1fff8144                n_sprites
                0x1fff8148                sprites
                0x1fff8348                new_flag
                0x1fff834c                points
                0x1fff8b4c                new_points
                0x1fff934c                n_points
                0x1fff9350                new_n_points
 COMMON         0x1fff9354      0x800 .\CortexM3\ARM_GCC_493\Debug\sprites.o
                0x1fff9354                sprite_vertices
                0x1fff9b58                . = ALIGN (0x8)
 *fill*         0x1fff9b54        0x4 
 *(.ram.b)
                0x1fff9b58                _end = .
                0x1fff9b58                __end = .
                0x1fff9b58                PROVIDE (end, .)
                0x1fff9b58                PROVIDE (__bss_end__, .)
                0x00001940                __cy_region_init_ram = LOADADDR (.data)
                0x00000018                __cy_region_init_size_ram = (_edata - ADDR (.data))
                0x00001a38                __cy_region_zero_size_ram = (_end - _edata)

.heap           0x1fff9b58       0x80 load address 0x00001958
                0x1fff9b58                . = _end
                0x1fff9bd8                . = (. + 0x80)
 *fill*         0x1fff9b58       0x80 
                0x1fff9bd8                __cy_heap_limit = .

.stack          0x20007800      0x800
                0x20007800                __cy_stack_limit = .
                0x20008000                . = (. + 0x800)
 *fill*         0x20007800      0x800 
                0x00000001                ASSERT ((__cy_stack_limit >= __cy_heap_limit), region RAM overflowed with stack)
                0x00000000                cy_checksum_exclude_size = (CY_APPL_LOADABLE == 0x1)?SIZEOF (.cy_checksum_exclude):0x0
                0x00000001                ASSERT ((cy_checksum_exclude_size <= CY_CHECKSUM_EXCLUDE_SIZE), CY_BOOT: Section .cy_checksum_exclude size exceedes specified limit.)

.cyloadermeta
 *(.cyloadermeta)

.cyloadablemeta
 *(.cyloadablemeta)

.cyconfigecc    0x80000000      0x23c
 *(.cyconfigecc)
 .cyconfigecc   0x80000000      0x23c .\CortexM3\ARM_GCC_493\Debug\cymetadata.o
                0x80000000                cy_meta_configecc

.cycustnvl      0x90000000        0x4
 *(.cycustnvl)
 .cycustnvl     0x90000000        0x4 .\CortexM3\ARM_GCC_493\Debug\cymetadata.o
                0x90000000                cy_meta_custnvl

.cywolatch      0x90100000        0x4
 *(.cywolatch)
 .cywolatch     0x90100000        0x4 .\CortexM3\ARM_GCC_493\Debug\cymetadata.o
                0x90100000                cy_meta_wonvl

.cyeeprom       0x90200000        0x0
 *(.cyeeprom)
                0x00000001                ASSERT ((. <= ((0x90200000 + ee_offset) + ee_size)), .cyeeprom data will not fit in EEPROM)

.cyflashprotect
                0x90400000      0x100
 *(.cyflashprotect)
 .cyflashprotect
                0x90400000      0x100 .\CortexM3\ARM_GCC_493\Debug\cymetadata.o
                0x90400000                cy_meta_flashprotect

.cymeta         0x90500000        0xc
 *(.cymeta)
 .cymeta        0x90500000        0xc .\CortexM3\ARM_GCC_493\Debug\cymetadata.o
                0x90500000                cy_metadata

.rel.dyn        0x00001958        0x0 load address 0x9050000c
 .rel.iplt      0x00000000        0x0 c:/program files (x86)/cypress/psoc creator/3.3/psoc creator/import/gnu/arm/4.9.3/bin/../lib/gcc/arm-none-eabi/4.9.3/armv7-m/crtbegin.o

.stab
 *(.stab)

.stabstr
 *(.stabstr)

.debug
 *(.debug)

.line
 *(.line)

.debug_srcinfo
 *(.debug_srcinfo)

.debug_sfnames
 *(.debug_sfnames)

.debug_aranges  0x00000000      0x8d8
 *(.debug_aranges)
 .debug_aranges
                0x00000000       0x50 .\CortexM3\ARM_GCC_493\Debug\main.o
 .debug_aranges
                0x00000050       0x38 .\CortexM3\ARM_GCC_493\Debug\sprites.o
 .debug_aranges
                0x00000088       0x18 .\CortexM3\ARM_GCC_493\Debug\cymetadata.o
 .debug_aranges
                0x000000a0       0x48 .\CortexM3\ARM_GCC_493\Debug\Cm3Start.o
 .debug_aranges
                0x000000e8       0x58 .\CortexM3\ARM_GCC_493\Debug\GuitarHero.a(cyfitter_cfg.o)
 .debug_aranges
                0x00000140       0x58 .\CortexM3\ARM_GCC_493\Debug\GuitarHero.a(x_DAC.o)
 .debug_aranges
                0x00000198       0x58 .\CortexM3\ARM_GCC_493\Debug\GuitarHero.a(y_DAC.o)
 .debug_aranges
                0x000001f0       0x20 .\CortexM3\ARM_GCC_493\Debug\GuitarHero.a(CyBootAsmGnu.o)
 .debug_aranges
                0x00000210      0x298 .\CortexM3\ARM_GCC_493\Debug\GuitarHero.a(CyLib.o)
 .debug_aranges
                0x000004a8       0x98 .\CortexM3\ARM_GCC_493\Debug\GuitarHero.a(cyPm.o)
 .debug_aranges
                0x00000540       0x80 .\CortexM3\ARM_GCC_493\Debug\GuitarHero.a(FPS_isr.o)
 .debug_aranges
                0x000005c0       0x98 .\CortexM3\ARM_GCC_493\Debug\GuitarHero.a(BLE_UART.o)
 .debug_aranges
                0x00000658       0x80 .\CortexM3\ARM_GCC_493\Debug\GuitarHero.a(BLE_Rx_isr.o)
 .debug_aranges
                0x000006d8       0x98 .\CortexM3\ARM_GCC_493\Debug\GuitarHero.a(LCD.o)
 .debug_aranges
                0x00000770       0x70 .\CortexM3\ARM_GCC_493\Debug\GuitarHero.a(BLE_UART_IntClock.o)
 .debug_aranges
                0x000007e0       0x80 .\CortexM3\ARM_GCC_493\Debug\GuitarHero.a(CyFlash.o)
 .debug_aranges
                0x00000860       0x78 .\CortexM3\ARM_GCC_493\Debug\GuitarHero.a(CySpc.o)

.debug_pubnames
 *(.debug_pubnames)

.debug_info     0x00000000     0x525f
 *(.debug_info .gnu.linkonce.wi.*)
 .debug_info    0x00000000      0x541 .\CortexM3\ARM_GCC_493\Debug\main.o
 .debug_info    0x00000541      0x35a .\CortexM3\ARM_GCC_493\Debug\sprites.o
 .debug_info    0x0000089b      0x13b .\CortexM3\ARM_GCC_493\Debug\cymetadata.o
 .debug_info    0x000009d6      0x3a6 .\CortexM3\ARM_GCC_493\Debug\Cm3Start.o
 .debug_info    0x00000d7c      0x4da .\CortexM3\ARM_GCC_493\Debug\GuitarHero.a(cyfitter_cfg.o)
 .debug_info    0x00001256      0x1de .\CortexM3\ARM_GCC_493\Debug\GuitarHero.a(x_DAC.o)
 .debug_info    0x00001434      0x1de .\CortexM3\ARM_GCC_493\Debug\GuitarHero.a(y_DAC.o)
 .debug_info    0x00001612       0x90 .\CortexM3\ARM_GCC_493\Debug\GuitarHero.a(CyBootAsmGnu.o)
 .debug_info    0x000016a2     0x1376 .\CortexM3\ARM_GCC_493\Debug\GuitarHero.a(CyLib.o)
 .debug_info    0x00002a18      0xa5e .\CortexM3\ARM_GCC_493\Debug\GuitarHero.a(cyPm.o)
 .debug_info    0x00003476      0x2d2 .\CortexM3\ARM_GCC_493\Debug\GuitarHero.a(FPS_isr.o)
 .debug_info    0x00003748      0x3a5 .\CortexM3\ARM_GCC_493\Debug\GuitarHero.a(BLE_UART.o)
 .debug_info    0x00003aed      0x2d2 .\CortexM3\ARM_GCC_493\Debug\GuitarHero.a(BLE_Rx_isr.o)
 .debug_info    0x00003dbf      0x71d .\CortexM3\ARM_GCC_493\Debug\GuitarHero.a(LCD.o)
 .debug_info    0x000044dc      0x283 .\CortexM3\ARM_GCC_493\Debug\GuitarHero.a(BLE_UART_IntClock.o)
 .debug_info    0x0000475f      0x60f .\CortexM3\ARM_GCC_493\Debug\GuitarHero.a(CyFlash.o)
 .debug_info    0x00004d6e      0x4f1 .\CortexM3\ARM_GCC_493\Debug\GuitarHero.a(CySpc.o)

.debug_abbrev   0x00000000     0x18c3
 *(.debug_abbrev)
 .debug_abbrev  0x00000000      0x1df .\CortexM3\ARM_GCC_493\Debug\main.o
 .debug_abbrev  0x000001df      0x14b .\CortexM3\ARM_GCC_493\Debug\sprites.o
 .debug_abbrev  0x0000032a       0x66 .\CortexM3\ARM_GCC_493\Debug\cymetadata.o
 .debug_abbrev  0x00000390      0x200 .\CortexM3\ARM_GCC_493\Debug\Cm3Start.o
 .debug_abbrev  0x00000590      0x203 .\CortexM3\ARM_GCC_493\Debug\GuitarHero.a(cyfitter_cfg.o)
 .debug_abbrev  0x00000793       0xf7 .\CortexM3\ARM_GCC_493\Debug\GuitarHero.a(x_DAC.o)
 .debug_abbrev  0x0000088a       0xf7 .\CortexM3\ARM_GCC_493\Debug\GuitarHero.a(y_DAC.o)
 .debug_abbrev  0x00000981       0x14 .\CortexM3\ARM_GCC_493\Debug\GuitarHero.a(CyBootAsmGnu.o)
 .debug_abbrev  0x00000995      0x296 .\CortexM3\ARM_GCC_493\Debug\GuitarHero.a(CyLib.o)
 .debug_abbrev  0x00000c2b      0x1ed .\CortexM3\ARM_GCC_493\Debug\GuitarHero.a(cyPm.o)
 .debug_abbrev  0x00000e18      0x173 .\CortexM3\ARM_GCC_493\Debug\GuitarHero.a(FPS_isr.o)
 .debug_abbrev  0x00000f8b      0x16d .\CortexM3\ARM_GCC_493\Debug\GuitarHero.a(BLE_UART.o)
 .debug_abbrev  0x000010f8      0x173 .\CortexM3\ARM_GCC_493\Debug\GuitarHero.a(BLE_Rx_isr.o)
 .debug_abbrev  0x0000126b      0x171 .\CortexM3\ARM_GCC_493\Debug\GuitarHero.a(LCD.o)
 .debug_abbrev  0x000013dc      0x139 .\CortexM3\ARM_GCC_493\Debug\GuitarHero.a(BLE_UART_IntClock.o)
 .debug_abbrev  0x00001515      0x1ed .\CortexM3\ARM_GCC_493\Debug\GuitarHero.a(CyFlash.o)
 .debug_abbrev  0x00001702      0x1c1 .\CortexM3\ARM_GCC_493\Debug\GuitarHero.a(CySpc.o)

.debug_line     0x00000000     0x2256
 *(.debug_line)
 .debug_line    0x00000000      0x27e .\CortexM3\ARM_GCC_493\Debug\main.o
 .debug_line    0x0000027e      0x1cb .\CortexM3\ARM_GCC_493\Debug\sprites.o
 .debug_line    0x00000449       0x53 .\CortexM3\ARM_GCC_493\Debug\cymetadata.o
 .debug_line    0x0000049c      0x249 .\CortexM3\ARM_GCC_493\Debug\Cm3Start.o
 .debug_line    0x000006e5      0x1e5 .\CortexM3\ARM_GCC_493\Debug\GuitarHero.a(cyfitter_cfg.o)
 .debug_line    0x000008ca       0xe4 .\CortexM3\ARM_GCC_493\Debug\GuitarHero.a(x_DAC.o)
 .debug_line    0x000009ae       0xe4 .\CortexM3\ARM_GCC_493\Debug\GuitarHero.a(y_DAC.o)
 .debug_line    0x00000a92       0x68 .\CortexM3\ARM_GCC_493\Debug\GuitarHero.a(CyBootAsmGnu.o)
 .debug_line    0x00000afa      0x806 .\CortexM3\ARM_GCC_493\Debug\GuitarHero.a(CyLib.o)
 .debug_line    0x00001300      0x366 .\CortexM3\ARM_GCC_493\Debug\GuitarHero.a(cyPm.o)
 .debug_line    0x00001666      0x14d .\CortexM3\ARM_GCC_493\Debug\GuitarHero.a(FPS_isr.o)
 .debug_line    0x000017b3      0x1b2 .\CortexM3\ARM_GCC_493\Debug\GuitarHero.a(BLE_UART.o)
 .debug_line    0x00001965      0x150 .\CortexM3\ARM_GCC_493\Debug\GuitarHero.a(BLE_Rx_isr.o)
 .debug_line    0x00001ab5      0x1de .\CortexM3\ARM_GCC_493\Debug\GuitarHero.a(LCD.o)
 .debug_line    0x00001c93      0x199 .\CortexM3\ARM_GCC_493\Debug\GuitarHero.a(BLE_UART_IntClock.o)
 .debug_line    0x00001e2c      0x1ec .\CortexM3\ARM_GCC_493\Debug\GuitarHero.a(CyFlash.o)
 .debug_line    0x00002018      0x23e .\CortexM3\ARM_GCC_493\Debug\GuitarHero.a(CySpc.o)

.debug_frame    0x00000000     0x176c
 *(.debug_frame)
 .debug_frame   0x00000000       0xe4 .\CortexM3\ARM_GCC_493\Debug\main.o
 .debug_frame   0x000000e4       0xc8 .\CortexM3\ARM_GCC_493\Debug\sprites.o
 .debug_frame   0x000001ac       0xac .\CortexM3\ARM_GCC_493\Debug\Cm3Start.o
 .debug_frame   0x00000258       0xe4 .\CortexM3\ARM_GCC_493\Debug\GuitarHero.a(cyfitter_cfg.o)
 .debug_frame   0x0000033c       0xb4 .\CortexM3\ARM_GCC_493\Debug\GuitarHero.a(x_DAC.o)
 .debug_frame   0x000003f0       0xb4 .\CortexM3\ARM_GCC_493\Debug\GuitarHero.a(y_DAC.o)
 .debug_frame   0x000004a4      0x728 .\CortexM3\ARM_GCC_493\Debug\GuitarHero.a(CyLib.o)
 .debug_frame   0x00000bcc      0x1f8 .\CortexM3\ARM_GCC_493\Debug\GuitarHero.a(cyPm.o)
 .debug_frame   0x00000dc4      0x104 .\CortexM3\ARM_GCC_493\Debug\GuitarHero.a(FPS_isr.o)
 .debug_frame   0x00000ec8      0x14c .\CortexM3\ARM_GCC_493\Debug\GuitarHero.a(BLE_UART.o)
 .debug_frame   0x00001014      0x104 .\CortexM3\ARM_GCC_493\Debug\GuitarHero.a(BLE_Rx_isr.o)
 .debug_frame   0x00001118      0x1e4 .\CortexM3\ARM_GCC_493\Debug\GuitarHero.a(LCD.o)
 .debug_frame   0x000012fc       0xe0 .\CortexM3\ARM_GCC_493\Debug\GuitarHero.a(BLE_UART_IntClock.o)
 .debug_frame   0x000013dc      0x174 .\CortexM3\ARM_GCC_493\Debug\GuitarHero.a(CyFlash.o)
 .debug_frame   0x00001550      0x160 .\CortexM3\ARM_GCC_493\Debug\GuitarHero.a(CySpc.o)
 .debug_frame   0x000016b0       0x20 c:/program files (x86)/cypress/psoc creator/3.3/psoc creator/import/gnu/arm/4.9.3/bin/../lib/gcc/arm-none-eabi/4.9.3/../../../../arm-none-eabi/lib/armv7-m\libg_nano.a(lib_a-errno.o)
 .debug_frame   0x000016d0       0x28 c:/program files (x86)/cypress/psoc creator/3.3/psoc creator/import/gnu/arm/4.9.3/bin/../lib/gcc/arm-none-eabi/4.9.3/../../../../arm-none-eabi/lib/armv7-m\libg_nano.a(lib_a-exit.o)
 .debug_frame   0x000016f8       0x2c c:/program files (x86)/cypress/psoc creator/3.3/psoc creator/import/gnu/arm/4.9.3/bin/../lib/gcc/arm-none-eabi/4.9.3/../../../../arm-none-eabi/lib/armv7-m\libg_nano.a(lib_a-init.o)
 .debug_frame   0x00001724       0x28 c:/program files (x86)/cypress/psoc creator/3.3/psoc creator/import/gnu/arm/4.9.3/bin/../lib/gcc/arm-none-eabi/4.9.3/../../../../arm-none-eabi/lib/armv7-m\libg_nano.a(lib_a-memcpy.o)
 .debug_frame   0x0000174c       0x20 c:/program files (x86)/cypress/psoc creator/3.3/psoc creator/import/gnu/arm/4.9.3/bin/../lib/gcc/arm-none-eabi/4.9.3/../../../../arm-none-eabi/lib/armv7-m\libg_nano.a(lib_a-memset.o)

.debug_str      0x00000000     0x1c1c
 *(.debug_str)
 .debug_str     0x00000000      0x31d .\CortexM3\ARM_GCC_493\Debug\main.o
                                0x386 (size before relaxing)
 .debug_str     0x0000031d       0x48 .\CortexM3\ARM_GCC_493\Debug\sprites.o
                                0x243 (size before relaxing)
 .debug_str     0x00000365       0x77 .\CortexM3\ARM_GCC_493\Debug\cymetadata.o
                                0x1f5 (size before relaxing)
 .debug_str     0x000003dc      0x15a .\CortexM3\ARM_GCC_493\Debug\Cm3Start.o
                                0x315 (size before relaxing)
 .debug_str     0x00000536      0x14f .\CortexM3\ARM_GCC_493\Debug\GuitarHero.a(cyfitter_cfg.o)
                                0x31a (size before relaxing)
 .debug_str     0x00000685       0x8f .\CortexM3\ARM_GCC_493\Debug\GuitarHero.a(x_DAC.o)
                                0x22a (size before relaxing)
 .debug_str     0x00000714       0x7e .\CortexM3\ARM_GCC_493\Debug\GuitarHero.a(y_DAC.o)
                                0x22a (size before relaxing)
 .debug_str     0x00000792      0x82f .\CortexM3\ARM_GCC_493\Debug\GuitarHero.a(CyLib.o)
                                0xa3a (size before relaxing)
 .debug_str     0x00000fc1      0x35b .\CortexM3\ARM_GCC_493\Debug\GuitarHero.a(cyPm.o)
                                0x732 (size before relaxing)
 .debug_str     0x0000131c       0xf4 .\CortexM3\ARM_GCC_493\Debug\GuitarHero.a(FPS_isr.o)
                                0x2cd (size before relaxing)
 .debug_str     0x00001410      0x1c8 .\CortexM3\ARM_GCC_493\Debug\GuitarHero.a(BLE_UART.o)
                                0x3cd (size before relaxing)
 .debug_str     0x000015d8      0x11b .\CortexM3\ARM_GCC_493\Debug\GuitarHero.a(BLE_Rx_isr.o)
                                0x2f7 (size before relaxing)
 .debug_str     0x000016f3      0x130 .\CortexM3\ARM_GCC_493\Debug\GuitarHero.a(LCD.o)
                                0x336 (size before relaxing)
 .debug_str     0x00001823      0x1ad .\CortexM3\ARM_GCC_493\Debug\GuitarHero.a(BLE_UART_IntClock.o)
                                0x371 (size before relaxing)
 .debug_str     0x000019d0      0x19e .\CortexM3\ARM_GCC_493\Debug\GuitarHero.a(CyFlash.o)
                                0x3ac (size before relaxing)
 .debug_str     0x00001b6e       0xae .\CortexM3\ARM_GCC_493\Debug\GuitarHero.a(CySpc.o)
                                0x335 (size before relaxing)

.debug_loc      0x00000000     0x242e
 *(.debug_loc)
 .debug_loc     0x00000000       0x51 .\CortexM3\ARM_GCC_493\Debug\main.o
 .debug_loc     0x00000051      0x469 .\CortexM3\ARM_GCC_493\Debug\sprites.o
 .debug_loc     0x000004ba      0x144 .\CortexM3\ARM_GCC_493\Debug\Cm3Start.o
 .debug_loc     0x000005fe      0x1d7 .\CortexM3\ARM_GCC_493\Debug\GuitarHero.a(cyfitter_cfg.o)
 .debug_loc     0x000007d5       0x79 .\CortexM3\ARM_GCC_493\Debug\GuitarHero.a(x_DAC.o)
 .debug_loc     0x0000084e       0x79 .\CortexM3\ARM_GCC_493\Debug\GuitarHero.a(y_DAC.o)
 .debug_loc     0x000008c7      0xa11 .\CortexM3\ARM_GCC_493\Debug\GuitarHero.a(CyLib.o)
 .debug_loc     0x000012d8      0x1e4 .\CortexM3\ARM_GCC_493\Debug\GuitarHero.a(cyPm.o)
 .debug_loc     0x000014bc       0x56 .\CortexM3\ARM_GCC_493\Debug\GuitarHero.a(FPS_isr.o)
 .debug_loc     0x00001512       0x87 .\CortexM3\ARM_GCC_493\Debug\GuitarHero.a(BLE_UART.o)
 .debug_loc     0x00001599       0x56 .\CortexM3\ARM_GCC_493\Debug\GuitarHero.a(BLE_Rx_isr.o)
 .debug_loc     0x000015ef      0x3c6 .\CortexM3\ARM_GCC_493\Debug\GuitarHero.a(LCD.o)
 .debug_loc     0x000019b5      0x12c .\CortexM3\ARM_GCC_493\Debug\GuitarHero.a(BLE_UART_IntClock.o)
 .debug_loc     0x00001ae1      0x300 .\CortexM3\ARM_GCC_493\Debug\GuitarHero.a(CyFlash.o)
 .debug_loc     0x00001de1      0x64d .\CortexM3\ARM_GCC_493\Debug\GuitarHero.a(CySpc.o)

.debug_macinfo
 *(.debug_macinfo)

.debug_ranges   0x00000000      0x828
 *(.debug_ranges)
 .debug_ranges  0x00000000       0x40 .\CortexM3\ARM_GCC_493\Debug\main.o
 .debug_ranges  0x00000040       0xa0 .\CortexM3\ARM_GCC_493\Debug\sprites.o
 .debug_ranges  0x000000e0       0x38 .\CortexM3\ARM_GCC_493\Debug\Cm3Start.o
 .debug_ranges  0x00000118       0x48 .\CortexM3\ARM_GCC_493\Debug\GuitarHero.a(cyfitter_cfg.o)
 .debug_ranges  0x00000160       0x48 .\CortexM3\ARM_GCC_493\Debug\GuitarHero.a(x_DAC.o)
 .debug_ranges  0x000001a8       0x48 .\CortexM3\ARM_GCC_493\Debug\GuitarHero.a(y_DAC.o)
 .debug_ranges  0x000001f0      0x288 .\CortexM3\ARM_GCC_493\Debug\GuitarHero.a(CyLib.o)
 .debug_ranges  0x00000478       0x88 .\CortexM3\ARM_GCC_493\Debug\GuitarHero.a(cyPm.o)
 .debug_ranges  0x00000500       0x70 .\CortexM3\ARM_GCC_493\Debug\GuitarHero.a(FPS_isr.o)
 .debug_ranges  0x00000570       0x88 .\CortexM3\ARM_GCC_493\Debug\GuitarHero.a(BLE_UART.o)
 .debug_ranges  0x000005f8       0x70 .\CortexM3\ARM_GCC_493\Debug\GuitarHero.a(BLE_Rx_isr.o)
 .debug_ranges  0x00000668       0x88 .\CortexM3\ARM_GCC_493\Debug\GuitarHero.a(LCD.o)
 .debug_ranges  0x000006f0       0x60 .\CortexM3\ARM_GCC_493\Debug\GuitarHero.a(BLE_UART_IntClock.o)
 .debug_ranges  0x00000750       0x70 .\CortexM3\ARM_GCC_493\Debug\GuitarHero.a(CyFlash.o)
 .debug_ranges  0x000007c0       0x68 .\CortexM3\ARM_GCC_493\Debug\GuitarHero.a(CySpc.o)

.comment        0x00000000       0x70
 .comment       0x00000000       0x70 .\CortexM3\ARM_GCC_493\Debug\main.o
                                 0x71 (size before relaxing)
 .comment       0x00000000       0x71 .\CortexM3\ARM_GCC_493\Debug\sprites.o
 .comment       0x00000000       0x71 .\CortexM3\ARM_GCC_493\Debug\cymetadata.o
 .comment       0x00000000       0x71 .\CortexM3\ARM_GCC_493\Debug\Cm3Start.o
 .comment       0x00000000       0x71 .\CortexM3\ARM_GCC_493\Debug\GuitarHero.a(cyfitter_cfg.o)
 .comment       0x00000000       0x71 .\CortexM3\ARM_GCC_493\Debug\GuitarHero.a(x_DAC.o)
 .comment       0x00000000       0x71 .\CortexM3\ARM_GCC_493\Debug\GuitarHero.a(y_DAC.o)
 .comment       0x00000000       0x71 .\CortexM3\ARM_GCC_493\Debug\GuitarHero.a(CyLib.o)
 .comment       0x00000000       0x71 .\CortexM3\ARM_GCC_493\Debug\GuitarHero.a(cyPm.o)
 .comment       0x00000000       0x71 .\CortexM3\ARM_GCC_493\Debug\GuitarHero.a(FPS_isr.o)
 .comment       0x00000000       0x71 .\CortexM3\ARM_GCC_493\Debug\GuitarHero.a(BLE_UART.o)
 .comment       0x00000000       0x71 .\CortexM3\ARM_GCC_493\Debug\GuitarHero.a(BLE_Rx_isr.o)
 .comment       0x00000000       0x71 .\CortexM3\ARM_GCC_493\Debug\GuitarHero.a(LCD.o)
 .comment       0x00000000       0x71 .\CortexM3\ARM_GCC_493\Debug\GuitarHero.a(BLE_UART_IntClock.o)
 .comment       0x00000000       0x71 .\CortexM3\ARM_GCC_493\Debug\GuitarHero.a(CyFlash.o)
 .comment       0x00000000       0x71 .\CortexM3\ARM_GCC_493\Debug\GuitarHero.a(CySpc.o)

.debug_weaknames
 *(.debug_weaknames)

.debug_funcnames
 *(.debug_funcnames)

.debug_typenames
 *(.debug_typenames)

.debug_varnames
 *(.debug_varnames)

.note.gnu.arm.ident
 *(.note.gnu.arm.ident)

.ARM.attributes
                0x00000000       0x29
 *(.ARM.attributes)
 .ARM.attributes
                0x00000000       0x1d c:/program files (x86)/cypress/psoc creator/3.3/psoc creator/import/gnu/arm/4.9.3/bin/../lib/gcc/arm-none-eabi/4.9.3/armv7-m/crti.o
 .ARM.attributes
                0x0000001d       0x2d c:/program files (x86)/cypress/psoc creator/3.3/psoc creator/import/gnu/arm/4.9.3/bin/../lib/gcc/arm-none-eabi/4.9.3/armv7-m/crtbegin.o
 .ARM.attributes
                0x0000004a       0x1b c:/program files (x86)/cypress/psoc creator/3.3/psoc creator/import/gnu/arm/4.9.3/bin/../lib/gcc/arm-none-eabi/4.9.3/../../../../arm-none-eabi/lib/armv7-m/crt0.o
 .ARM.attributes
                0x00000065       0x33 .\CortexM3\ARM_GCC_493\Debug\main.o
 .ARM.attributes
                0x00000098       0x33 .\CortexM3\ARM_GCC_493\Debug\sprites.o
 .ARM.attributes
                0x000000cb       0x33 .\CortexM3\ARM_GCC_493\Debug\cymetadata.o
 .ARM.attributes
                0x000000fe       0x33 .\CortexM3\ARM_GCC_493\Debug\Cm3Start.o
 .ARM.attributes
                0x00000131       0x33 .\CortexM3\ARM_GCC_493\Debug\GuitarHero.a(cyfitter_cfg.o)
 .ARM.attributes
                0x00000164       0x33 .\CortexM3\ARM_GCC_493\Debug\GuitarHero.a(x_DAC.o)
 .ARM.attributes
                0x00000197       0x33 .\CortexM3\ARM_GCC_493\Debug\GuitarHero.a(y_DAC.o)
 .ARM.attributes
                0x000001ca       0x21 .\CortexM3\ARM_GCC_493\Debug\GuitarHero.a(CyBootAsmGnu.o)
 .ARM.attributes
                0x000001eb       0x33 .\CortexM3\ARM_GCC_493\Debug\GuitarHero.a(CyLib.o)
 .ARM.attributes
                0x0000021e       0x33 .\CortexM3\ARM_GCC_493\Debug\GuitarHero.a(cyPm.o)
 .ARM.attributes
                0x00000251       0x33 .\CortexM3\ARM_GCC_493\Debug\GuitarHero.a(FPS_isr.o)
 .ARM.attributes
                0x00000284       0x33 .\CortexM3\ARM_GCC_493\Debug\GuitarHero.a(BLE_UART.o)
 .ARM.attributes
                0x000002b7       0x33 .\CortexM3\ARM_GCC_493\Debug\GuitarHero.a(BLE_Rx_isr.o)
 .ARM.attributes
                0x000002ea       0x33 .\CortexM3\ARM_GCC_493\Debug\GuitarHero.a(LCD.o)
 .ARM.attributes
                0x0000031d       0x33 .\CortexM3\ARM_GCC_493\Debug\GuitarHero.a(BLE_UART_IntClock.o)
 .ARM.attributes
                0x00000350       0x33 .\CortexM3\ARM_GCC_493\Debug\GuitarHero.a(CyFlash.o)
 .ARM.attributes
                0x00000383       0x33 .\CortexM3\ARM_GCC_493\Debug\GuitarHero.a(CySpc.o)
 .ARM.attributes
                0x000003b6       0x1d c:/program files (x86)/cypress/psoc creator/3.3/psoc creator/import/gnu/arm/4.9.3/bin/../lib/gcc/arm-none-eabi/4.9.3/armv7-m\libgcc.a(_arm_addsubdf3.o)
 .ARM.attributes
                0x000003d3       0x1d c:/program files (x86)/cypress/psoc creator/3.3/psoc creator/import/gnu/arm/4.9.3/bin/../lib/gcc/arm-none-eabi/4.9.3/armv7-m\libgcc.a(_arm_muldivdf3.o)
 .ARM.attributes
                0x000003f0       0x1d c:/program files (x86)/cypress/psoc creator/3.3/psoc creator/import/gnu/arm/4.9.3/bin/../lib/gcc/arm-none-eabi/4.9.3/armv7-m\libgcc.a(_arm_truncdfsf2.o)
 .ARM.attributes
                0x0000040d       0x1d c:/program files (x86)/cypress/psoc creator/3.3/psoc creator/import/gnu/arm/4.9.3/bin/../lib/gcc/arm-none-eabi/4.9.3/armv7-m\libgcc.a(_arm_muldivsf3.o)
 .ARM.attributes
                0x0000042a       0x1d c:/program files (x86)/cypress/psoc creator/3.3/psoc creator/import/gnu/arm/4.9.3/bin/../lib/gcc/arm-none-eabi/4.9.3/armv7-m\libgcc.a(_arm_fixunssfsi.o)
 .ARM.attributes
                0x00000447       0x2d c:/program files (x86)/cypress/psoc creator/3.3/psoc creator/import/gnu/arm/4.9.3/bin/../lib/gcc/arm-none-eabi/4.9.3/../../../../arm-none-eabi/lib/armv7-m\libg_nano.a(lib_a-errno.o)
 .ARM.attributes
                0x00000474       0x2d c:/program files (x86)/cypress/psoc creator/3.3/psoc creator/import/gnu/arm/4.9.3/bin/../lib/gcc/arm-none-eabi/4.9.3/../../../../arm-none-eabi/lib/armv7-m\libg_nano.a(lib_a-exit.o)
 .ARM.attributes
                0x000004a1       0x2d c:/program files (x86)/cypress/psoc creator/3.3/psoc creator/import/gnu/arm/4.9.3/bin/../lib/gcc/arm-none-eabi/4.9.3/../../../../arm-none-eabi/lib/armv7-m\libg_nano.a(lib_a-impure.o)
 .ARM.attributes
                0x000004ce       0x2d c:/program files (x86)/cypress/psoc creator/3.3/psoc creator/import/gnu/arm/4.9.3/bin/../lib/gcc/arm-none-eabi/4.9.3/../../../../arm-none-eabi/lib/armv7-m\libg_nano.a(lib_a-init.o)
 .ARM.attributes
                0x000004fb       0x2d c:/program files (x86)/cypress/psoc creator/3.3/psoc creator/import/gnu/arm/4.9.3/bin/../lib/gcc/arm-none-eabi/4.9.3/../../../../arm-none-eabi/lib/armv7-m\libg_nano.a(lib_a-memcpy.o)
 .ARM.attributes
                0x00000528       0x2d c:/program files (x86)/cypress/psoc creator/3.3/psoc creator/import/gnu/arm/4.9.3/bin/../lib/gcc/arm-none-eabi/4.9.3/../../../../arm-none-eabi/lib/armv7-m\libg_nano.a(lib_a-memset.o)
 .ARM.attributes
                0x00000555       0x2d c:/program files (x86)/cypress/psoc creator/3.3/psoc creator/import/gnu/arm/4.9.3/bin/../lib/gcc/arm-none-eabi/4.9.3/armv7-m/crtend.o
 .ARM.attributes
                0x00000582       0x1d c:/program files (x86)/cypress/psoc creator/3.3/psoc creator/import/gnu/arm/4.9.3/bin/../lib/gcc/arm-none-eabi/4.9.3/armv7-m/crtn.o

/DISCARD/
 *(.note.GNU-stack)
OUTPUT(.\CortexM3\ARM_GCC_493\Debug\GuitarHero.elf elf32-littlearm)
