Archive member included because of file (symbol)

.\CortexM3\ARM_GCC_493\Debug\GuitarHero.a(cyfitter_cfg.o)
                              .\CortexM3\ARM_GCC_493\Debug\Cm3Start.o (cyfitter_cfg)
.\CortexM3\ARM_GCC_493\Debug\GuitarHero.a(x_DAC.o)
                              .\CortexM3\ARM_GCC_493\Debug\main.o (x_DAC_SetValue)
.\CortexM3\ARM_GCC_493\Debug\GuitarHero.a(y_DAC.o)
                              .\CortexM3\ARM_GCC_493\Debug\main.o (y_DAC_SetValue)
.\CortexM3\ARM_GCC_493\Debug\GuitarHero.a(CyBootAsmGnu.o)
                              .\CortexM3\ARM_GCC_493\Debug\GuitarHero.a(cyfitter_cfg.o) (CyDelayCycles)
.\CortexM3\ARM_GCC_493\Debug\GuitarHero.a(CyLib.o)
                              .\CortexM3\ARM_GCC_493\Debug\Cm3Start.o (CyHalt)
.\CortexM3\ARM_GCC_493\Debug\GuitarHero.a(cyPm.o)
                              .\CortexM3\ARM_GCC_493\Debug\GuitarHero.a(CyLib.o) (CyPmReadStatus)
.\CortexM3\ARM_GCC_493\Debug\GuitarHero.a(FPS_isr.o)
                              .\CortexM3\ARM_GCC_493\Debug\main.o (FPS_isr_StartEx)
.\CortexM3\ARM_GCC_493\Debug\GuitarHero.a(BLE_UART.o)
                              .\CortexM3\ARM_GCC_493\Debug\main.o (BLE_UART_Init)
.\CortexM3\ARM_GCC_493\Debug\GuitarHero.a(BLE_Rx_isr.o)
                              .\CortexM3\ARM_GCC_493\Debug\main.o (BLE_Rx_isr_StartEx)
.\CortexM3\ARM_GCC_493\Debug\GuitarHero.a(LCD.o)
                              .\CortexM3\ARM_GCC_493\Debug\main.o (LCD_PutChar)
.\CortexM3\ARM_GCC_493\Debug\GuitarHero.a(BLE_UART_IntClock.o)
                              .\CortexM3\ARM_GCC_493\Debug\GuitarHero.a(BLE_UART.o) (BLE_UART_IntClock_Start)
.\CortexM3\ARM_GCC_493\Debug\GuitarHero.a(CyFlash.o)
                              .\CortexM3\ARM_GCC_493\Debug\GuitarHero.a(cyPm.o) (CyFlash_SetWaitCycles)
.\CortexM3\ARM_GCC_493\Debug\GuitarHero.a(CySpc.o)
                              .\CortexM3\ARM_GCC_493\Debug\GuitarHero.a(CyFlash.o) (CySpcStart)
c:/program files (x86)/cypress/psoc creator/3.3/psoc creator/import/gnu/arm/4.9.3/bin/../lib/gcc/arm-none-eabi/4.9.3/../../../../arm-none-eabi/lib/armv7-m\libm.a(lib_a-s_cos.o)
                              .\CortexM3\ARM_GCC_493\Debug\main.o (cos)
c:/program files (x86)/cypress/psoc creator/3.3/psoc creator/import/gnu/arm/4.9.3/bin/../lib/gcc/arm-none-eabi/4.9.3/../../../../arm-none-eabi/lib/armv7-m\libm.a(lib_a-s_sin.o)
                              .\CortexM3\ARM_GCC_493\Debug\main.o (sin)
c:/program files (x86)/cypress/psoc creator/3.3/psoc creator/import/gnu/arm/4.9.3/bin/../lib/gcc/arm-none-eabi/4.9.3/../../../../arm-none-eabi/lib/armv7-m\libm.a(lib_a-e_rem_pio2.o)
                              c:/program files (x86)/cypress/psoc creator/3.3/psoc creator/import/gnu/arm/4.9.3/bin/../lib/gcc/arm-none-eabi/4.9.3/../../../../arm-none-eabi/lib/armv7-m\libm.a(lib_a-s_cos.o) (__ieee754_rem_pio2)
c:/program files (x86)/cypress/psoc creator/3.3/psoc creator/import/gnu/arm/4.9.3/bin/../lib/gcc/arm-none-eabi/4.9.3/../../../../arm-none-eabi/lib/armv7-m\libm.a(lib_a-k_cos.o)
                              c:/program files (x86)/cypress/psoc creator/3.3/psoc creator/import/gnu/arm/4.9.3/bin/../lib/gcc/arm-none-eabi/4.9.3/../../../../arm-none-eabi/lib/armv7-m\libm.a(lib_a-s_cos.o) (__kernel_cos)
c:/program files (x86)/cypress/psoc creator/3.3/psoc creator/import/gnu/arm/4.9.3/bin/../lib/gcc/arm-none-eabi/4.9.3/../../../../arm-none-eabi/lib/armv7-m\libm.a(lib_a-k_rem_pio2.o)
                              c:/program files (x86)/cypress/psoc creator/3.3/psoc creator/import/gnu/arm/4.9.3/bin/../lib/gcc/arm-none-eabi/4.9.3/../../../../arm-none-eabi/lib/armv7-m\libm.a(lib_a-e_rem_pio2.o) (__kernel_rem_pio2)
c:/program files (x86)/cypress/psoc creator/3.3/psoc creator/import/gnu/arm/4.9.3/bin/../lib/gcc/arm-none-eabi/4.9.3/../../../../arm-none-eabi/lib/armv7-m\libm.a(lib_a-k_sin.o)
                              c:/program files (x86)/cypress/psoc creator/3.3/psoc creator/import/gnu/arm/4.9.3/bin/../lib/gcc/arm-none-eabi/4.9.3/../../../../arm-none-eabi/lib/armv7-m\libm.a(lib_a-s_cos.o) (__kernel_sin)
c:/program files (x86)/cypress/psoc creator/3.3/psoc creator/import/gnu/arm/4.9.3/bin/../lib/gcc/arm-none-eabi/4.9.3/../../../../arm-none-eabi/lib/armv7-m\libm.a(lib_a-s_fabs.o)
                              c:/program files (x86)/cypress/psoc creator/3.3/psoc creator/import/gnu/arm/4.9.3/bin/../lib/gcc/arm-none-eabi/4.9.3/../../../../arm-none-eabi/lib/armv7-m\libm.a(lib_a-e_rem_pio2.o) (fabs)
c:/program files (x86)/cypress/psoc creator/3.3/psoc creator/import/gnu/arm/4.9.3/bin/../lib/gcc/arm-none-eabi/4.9.3/../../../../arm-none-eabi/lib/armv7-m\libm.a(lib_a-s_floor.o)
                              c:/program files (x86)/cypress/psoc creator/3.3/psoc creator/import/gnu/arm/4.9.3/bin/../lib/gcc/arm-none-eabi/4.9.3/../../../../arm-none-eabi/lib/armv7-m\libm.a(lib_a-k_rem_pio2.o) (floor)
[...]
Memory Configuration

Name             Origin             Length             Attributes
rom              0x00000000         0x00040000         xr
ram              0x1fff8000         0x00010000         xrw
*default*        0x00000000         0xffffffff

Linker script and memory map

LOAD c:/program files (x86)/cypress/psoc creator/3.3/psoc creator/import/gnu/arm/4.9.3/bin/../lib/gcc/arm-none-eabi/4.9.3/armv7-m/crti.o
LOAD c:/program files (x86)/cypress/psoc creator/3.3/psoc creator/import/gnu/arm/4.9.3/bin/../lib/gcc/arm-none-eabi/4.9.3/armv7-m/crtbegin.o
LOAD c:/program files (x86)/cypress/psoc creator/3.3/psoc creator/import/gnu/arm/4.9.3/bin/../lib/gcc/arm-none-eabi/4.9.3/../../../../arm-none-eabi/lib/armv7-m/crt0.o
START GROUP
LOAD .\CortexM3\ARM_GCC_493\Debug\main.o
LOAD .\CortexM3\ARM_GCC_493\Debug\sprite_utils.o
LOAD .\CortexM3\ARM_GCC_493\Debug\cymetadata.o
LOAD .\CortexM3\ARM_GCC_493\Debug\Cm3Start.o
LOAD .\CortexM3\ARM_GCC_493\Debug\GuitarHero.a
LOAD C:\Program Files (x86)\Cypress\PSoC Creator\3.3\PSoC Creator\psoc\content\cycomponentlibrary\CyComponentLibrary.cylib\CortexM3\ARM_GCC_493\Debug\CyComponentLibrary.a
LOAD c:/program files (x86)/cypress/psoc creator/3.3/psoc creator/import/gnu/arm/4.9.3/bin/../lib/gcc/arm-none-eabi/4.9.3/../../../../arm-none-eabi/lib/armv7-m\libm.a
END GROUP
START GROUP
LOAD c:/program files (x86)/cypress/psoc creator/3.3/psoc creator/import/gnu/arm/4.9.3/bin/../lib/gcc/arm-none-eabi/4.9.3/armv7-m\libgcc.a
LOAD c:/program files (x86)/cypress/psoc creator/3.3/psoc creator/import/gnu/arm/4.9.3/bin/../lib/gcc/arm-none-eabi/4.9.3/../../../../arm-none-eabi/lib/armv7-m\libg_nano.a
LOAD c:/program files (x86)/cypress/psoc creator/3.3/psoc creator/import/gnu/arm/4.9.3/bin/../lib/gcc/arm-none-eabi/4.9.3/../../../../arm-none-eabi/lib/armv7-m\libc_nano.a
END GROUP
START GROUP
LOAD c:/program files (x86)/cypress/psoc creator/3.3/psoc creator/import/gnu/arm/4.9.3/bin/../lib/gcc/arm-none-eabi/4.9.3/armv7-m\libgcc.a
LOAD c:/program files (x86)/cypress/psoc creator/3.3/psoc creator/import/gnu/arm/4.9.3/bin/../lib/gcc/arm-none-eabi/4.9.3/../../../../arm-none-eabi/lib/armv7-m\libc_nano.a
END GROUP
LOAD c:/program files (x86)/cypress/psoc creator/3.3/psoc creator/import/gnu/arm/4.9.3/bin/../lib/gcc/arm-none-eabi/4.9.3/armv7-m/crtend.o
LOAD c:/program files (x86)/cypress/psoc creator/3.3/psoc creator/import/gnu/arm/4.9.3/bin/../lib/gcc/arm-none-eabi/4.9.3/armv7-m/crtn.o
START GROUP
LOAD c:/program files (x86)/cypress/psoc creator/3.3/psoc creator/import/gnu/arm/4.9.3/bin/../lib/gcc/arm-none-eabi/4.9.3/armv7-m\libgcc.a
LOAD c:/program files (x86)/cypress/psoc creator/3.3/psoc creator/import/gnu/arm/4.9.3/bin/../lib/gcc/arm-none-eabi/4.9.3/../../../../arm-none-eabi/lib/armv7-m\libc.a
LOAD c:/program files (x86)/cypress/psoc creator/3.3/psoc creator/import/gnu/arm/4.9.3/bin/../lib/gcc/arm-none-eabi/4.9.3/../../../../arm-none-eabi/lib/armv7-m\libnosys.a
END GROUP
                0x00000000                CY_APPL_ORIGIN = 0x0
                0x00000100                CY_FLASH_ROW_SIZE = 0x100
                0x00000020                CY_ECC_ROW_SIZE = 0x20
                0x00000000                CY_EE_IN_BTLDR = 0x0
                0x00000000                CY_APPL_LOADABLE = 0x0
                0x00000800                CY_EE_SIZE = 0x800
                0x00000001                CY_APPL_NUM = 0x1
                0x00000001                CY_APPL_MAX = 0x1
                0x00000040                CY_METADATA_SIZE = 0x40
                0x00000000                CY_APPL_LOADABLE = 0x0
                0x00000000                CY_CHECKSUM_EXCLUDE_SIZE = ALIGN (0x0, CY_FLASH_ROW_SIZE)
                0x1fffc150                PROVIDE (__cy_heap_start, _end)
                0x00000001                PROVIDE (__cy_region_num, ((__cy_regions_end - __cy_regions) / 0x10))
                0x20008000                PROVIDE (__cy_stack, (ORIGIN (ram) + 0x10000))
                0x20007800                PROVIDE (__cy_heap_end, (__cy_stack - 0x800))

.cybootloader   0x00000000        0x0
 *(.cybootloader)
                0x00000000                appl1_start = CY_APPL_ORIGIN?CY_APPL_ORIGIN:ALIGN (CY_FLASH_ROW_SIZE)
                0x0001ff00                appl2_start = (appl1_start + ALIGN ((((0x40000 - appl1_start) - (0x2 * CY_FLASH_ROW_SIZE)) / 0x2), CY_FLASH_ROW_SIZE))
                0x00000000                appl_start = (CY_APPL_NUM == 0x1)?appl1_start:appl2_start
                0x00000000                ecc_offset = ((appl_start / CY_FLASH_ROW_SIZE) * CY_ECC_ROW_SIZE)
                0x00000000                ee_offset = (CY_APPL_LOADABLE && ! (CY_EE_IN_BTLDR))?((CY_EE_SIZE / CY_APPL_MAX) * (CY_APPL_NUM - 0x1)):0x0
                0x00000800                ee_size = (CY_APPL_LOADABLE && ! (CY_EE_IN_BTLDR))?(CY_EE_SIZE / CY_APPL_MAX):CY_EE_SIZE
                0x00000000                PROVIDE (CY_ECC_OFFSET, ecc_offset)

.text           0x00000000     0x2da2
 CREATE_OBJECT_SYMBOLS
                0x00000000                PROVIDE (__cy_interrupt_vector, RomVectors)
 *(.romvectors)
 .romvectors    0x00000000       0x10 .\CortexM3\ARM_GCC_493\Debug\Cm3Start.o
                0x00000000                RomVectors
                0x00000001                ASSERT ((. != __cy_interrupt_vector), No interrupt vector)
                0x00000001                ASSERT (CY_APPL_ORIGIN?(SIZEOF (.cybootloader) <= CY_APPL_ORIGIN):0x1, Wrong image location)
                0x00000010                PROVIDE (__cy_reset, Reset)
 *(.text.Reset)
 .text.Reset    0x00000010       0x18 .\CortexM3\ARM_GCC_493\Debug\Cm3Start.o
                0x00000010                Reset
                0x00000001                ASSERT ((. != __cy_reset), No reset code)
 *(.dma_init)
                0x00000001                ASSERT ((((appl_start + .) <= 0x10000) || 0x1), DMA Init must be within the first 64k of flash)
 *(.text .text.* .gnu.linkonce.t.*)
 .text          0x00000028       0x5c c:/program files (x86)/cypress/psoc creator/3.3/psoc creator/import/gnu/arm/4.9.3/bin/../lib/gcc/arm-none-eabi/4.9.3/armv7-m/crtbegin.o
 .text.BLE_Rx_isr
                0x00000084       0x10 .\CortexM3\ARM_GCC_493\Debug\main.o
                0x00000084                BLE_Rx_isr
 .text.hw_init  0x00000094       0x3c .\CortexM3\ARM_GCC_493\Debug\main.o
                0x00000094                hw_init
 .text.draw_points
                0x000000d0       0x34 .\CortexM3\ARM_GCC_493\Debug\main.o
                0x000000d0                draw_points
 .text.update_points
                0x00000104      0x110 .\CortexM3\ARM_GCC_493\Debug\main.o
                0x00000104                update_points
 .text.FPS_isr  0x00000214        0x8 .\CortexM3\ARM_GCC_493\Debug\main.o
                0x00000214                FPS_isr
 .text.main     0x0000021c       0x58 .\CortexM3\ARM_GCC_493\Debug\main.o
                0x0000021c                main
 .text.make_fretboard
                0x00000274       0xe8 .\CortexM3\ARM_GCC_493\Debug\sprite_utils.o
                0x00000274                make_fretboard
 .text.IntDefaultHandler
                0x0000035c        0x4 .\CortexM3\ARM_GCC_493\Debug\Cm3Start.o
                0x0000035c                IntDefaultHandler
 .text.Start_c  0x00000360       0x4c .\CortexM3\ARM_GCC_493\Debug\Cm3Start.o
                0x00000360                Start_c
 .text.initialize_psoc
                0x000003ac       0x74 .\CortexM3\ARM_GCC_493\Debug\Cm3Start.o
                0x000003ac                initialize_psoc
 .text.CyClockStartupError
                0x00000420        0x4 .\CortexM3\ARM_GCC_493\Debug\GuitarHero.a(cyfitter_cfg.o)
 .text.cfg_write_bytes32
                0x00000424       0x34 .\CortexM3\ARM_GCC_493\Debug\GuitarHero.a(cyfitter_cfg.o)
 .text.AnalogSetDefault
                0x00000458       0x48 .\CortexM3\ARM_GCC_493\Debug\GuitarHero.a(cyfitter_cfg.o)
 .text.CYMEMZERO
                0x000004a0        0xc .\CortexM3\ARM_GCC_493\Debug\GuitarHero.a(cyfitter_cfg.o)
 .text.ClockSetup
                0x000004ac       0xc4 .\CortexM3\ARM_GCC_493\Debug\GuitarHero.a(cyfitter_cfg.o)
 .text.CYCONFIGCPY
                0x00000570        0x8 .\CortexM3\ARM_GCC_493\Debug\GuitarHero.a(cyfitter_cfg.o)
 .text.cyfitter_cfg
                0x00000578       0xec .\CortexM3\ARM_GCC_493\Debug\GuitarHero.a(cyfitter_cfg.o)
                0x00000578                cyfitter_cfg
 .text.x_DAC_Enable
                0x00000664       0x1c .\CortexM3\ARM_GCC_493\Debug\GuitarHero.a(x_DAC.o)
                0x00000664                x_DAC_Enable
 .text.x_DAC_SetSpeed
                0x00000680       0x1c .\CortexM3\ARM_GCC_493\Debug\GuitarHero.a(x_DAC.o)
                0x00000680                x_DAC_SetSpeed
 .text.x_DAC_SetValue
                0x0000069c        0xc .\CortexM3\ARM_GCC_493\Debug\GuitarHero.a(x_DAC.o)
                0x0000069c                x_DAC_SetValue
 .text.x_DAC_DacTrim
                0x000006a8       0x24 .\CortexM3\ARM_GCC_493\Debug\GuitarHero.a(x_DAC.o)
                0x000006a8                x_DAC_DacTrim
 .text.x_DAC_SetRange
                0x000006cc       0x20 .\CortexM3\ARM_GCC_493\Debug\GuitarHero.a(x_DAC.o)
                0x000006cc                x_DAC_SetRange
 .text.x_DAC_Init
                0x000006ec       0x20 .\CortexM3\ARM_GCC_493\Debug\GuitarHero.a(x_DAC.o)
                0x000006ec                x_DAC_Init
 .text.x_DAC_Start
                0x0000070c       0x24 .\CortexM3\ARM_GCC_493\Debug\GuitarHero.a(x_DAC.o)
                0x0000070c                x_DAC_Start
 .text.y_DAC_Enable
                0x00000730       0x1c .\CortexM3\ARM_GCC_493\Debug\GuitarHero.a(y_DAC.o)
                0x00000730                y_DAC_Enable
 .text.y_DAC_SetSpeed
                0x0000074c       0x1c .\CortexM3\ARM_GCC_493\Debug\GuitarHero.a(y_DAC.o)
                0x0000074c                y_DAC_SetSpeed
 .text.y_DAC_SetValue
                0x00000768        0xc .\CortexM3\ARM_GCC_493\Debug\GuitarHero.a(y_DAC.o)
                0x00000768                y_DAC_SetValue
 .text.y_DAC_DacTrim
                0x00000774       0x24 .\CortexM3\ARM_GCC_493\Debug\GuitarHero.a(y_DAC.o)
                0x00000774                y_DAC_DacTrim
 .text.y_DAC_SetRange
                0x00000798       0x20 .\CortexM3\ARM_GCC_493\Debug\GuitarHero.a(y_DAC.o)
                0x00000798                y_DAC_SetRange
 .text.y_DAC_Init
                0x000007b8       0x20 .\CortexM3\ARM_GCC_493\Debug\GuitarHero.a(y_DAC.o)
                0x000007b8                y_DAC_Init
 .text.y_DAC_Start
                0x000007d8       0x24 .\CortexM3\ARM_GCC_493\Debug\GuitarHero.a(y_DAC.o)
                0x000007d8                y_DAC_Start
 *fill*         0x000007fc        0x4 
 .text          0x00000800       0x20 .\CortexM3\ARM_GCC_493\Debug\GuitarHero.a(CyBootAsmGnu.o)
                0x00000800                CyDelayCycles
                0x00000810                CyEnterCriticalSection
                0x00000818                CyExitCriticalSection
 .text.CyDelay  0x00000820       0x2c .\CortexM3\ARM_GCC_493\Debug\GuitarHero.a(CyLib.o)
                0x00000820                CyDelay
 .text.CyDelayUs
                0x0000084c       0x14 .\CortexM3\ARM_GCC_493\Debug\GuitarHero.a(CyLib.o)
                0x0000084c                CyDelayUs
 .text.FPS_isr_SetVector
                0x00000860        0xc .\CortexM3\ARM_GCC_493\Debug\GuitarHero.a(FPS_isr.o)
                0x00000860                FPS_isr_SetVector
 .text.FPS_isr_SetPriority
                0x0000086c       0x10 .\CortexM3\ARM_GCC_493\Debug\GuitarHero.a(FPS_isr.o)
                0x0000086c                FPS_isr_SetPriority
 .text.FPS_isr_Enable
                0x0000087c        0xc .\CortexM3\ARM_GCC_493\Debug\GuitarHero.a(FPS_isr.o)
                0x0000087c                FPS_isr_Enable
 .text.FPS_isr_Disable
                0x00000888        0xc .\CortexM3\ARM_GCC_493\Debug\GuitarHero.a(FPS_isr.o)
                0x00000888                FPS_isr_Disable
 .text.FPS_isr_StartEx
                0x00000894       0x1c .\CortexM3\ARM_GCC_493\Debug\GuitarHero.a(FPS_isr.o)
                0x00000894                FPS_isr_StartEx
 .text.BLE_UART_Init
                0x000008b0       0x14 .\CortexM3\ARM_GCC_493\Debug\GuitarHero.a(BLE_UART.o)
                0x000008b0                BLE_UART_Init
 .text.BLE_UART_Enable
                0x000008c4       0x2c .\CortexM3\ARM_GCC_493\Debug\GuitarHero.a(BLE_UART.o)
                0x000008c4                BLE_UART_Enable
 .text.BLE_UART_Start
                0x000008f0       0x1c .\CortexM3\ARM_GCC_493\Debug\GuitarHero.a(BLE_UART.o)
                0x000008f0                BLE_UART_Start
 .text.BLE_UART_GetChar
                0x0000090c       0x2c .\CortexM3\ARM_GCC_493\Debug\GuitarHero.a(BLE_UART.o)
                0x0000090c                BLE_UART_GetChar
 .text.BLE_Rx_isr_SetVector
                0x00000938        0xc .\CortexM3\ARM_GCC_493\Debug\GuitarHero.a(BLE_Rx_isr.o)
                0x00000938                BLE_Rx_isr_SetVector
 .text.BLE_Rx_isr_SetPriority
                0x00000944       0x10 .\CortexM3\ARM_GCC_493\Debug\GuitarHero.a(BLE_Rx_isr.o)
                0x00000944                BLE_Rx_isr_SetPriority
 .text.BLE_Rx_isr_Enable
                0x00000954        0xc .\CortexM3\ARM_GCC_493\Debug\GuitarHero.a(BLE_Rx_isr.o)
                0x00000954                BLE_Rx_isr_Enable
 .text.BLE_Rx_isr_Disable
                0x00000960        0xc .\CortexM3\ARM_GCC_493\Debug\GuitarHero.a(BLE_Rx_isr.o)
                0x00000960                BLE_Rx_isr_Disable
 .text.BLE_Rx_isr_StartEx
                0x0000096c       0x1c .\CortexM3\ARM_GCC_493\Debug\GuitarHero.a(BLE_Rx_isr.o)
                0x0000096c                BLE_Rx_isr_StartEx
 .text.LCD_WrCntrlNib
                0x00000988       0x34 .\CortexM3\ARM_GCC_493\Debug\GuitarHero.a(LCD.o)
 .text.LCD_WrDatNib
                0x000009bc       0x44 .\CortexM3\ARM_GCC_493\Debug\GuitarHero.a(LCD.o)
 .text.LCD_IsReady
                0x00000a00       0xe4 .\CortexM3\ARM_GCC_493\Debug\GuitarHero.a(LCD.o)
                0x00000a00                LCD_IsReady
 .text.LCD_WriteData
                0x00000ae4       0x18 .\CortexM3\ARM_GCC_493\Debug\GuitarHero.a(LCD.o)
                0x00000ae4                LCD_WriteData
 .text.LCD_PutChar
                0x00000afc        0x8 .\CortexM3\ARM_GCC_493\Debug\GuitarHero.a(LCD.o)
                0x00000afc                LCD_PutChar
 .text.LCD_WriteControl
                0x00000b04       0x18 .\CortexM3\ARM_GCC_493\Debug\GuitarHero.a(LCD.o)
                0x00000b04                LCD_WriteControl
 .text.LCD_Init
                0x00000b1c       0x6c .\CortexM3\ARM_GCC_493\Debug\GuitarHero.a(LCD.o)
                0x00000b1c                LCD_Init
 .text.LCD_Enable
                0x00000b88       0x14 .\CortexM3\ARM_GCC_493\Debug\GuitarHero.a(LCD.o)
                0x00000b88                LCD_Enable
 .text.LCD_Start
                0x00000b9c       0x1c .\CortexM3\ARM_GCC_493\Debug\GuitarHero.a(LCD.o)
                0x00000b9c                LCD_Start
 .text.LCD_Position
                0x00000bb8       0x3c .\CortexM3\ARM_GCC_493\Debug\GuitarHero.a(LCD.o)
                0x00000bb8                LCD_Position
 .text.BLE_UART_IntClock_Start
                0x00000bf4       0x1c .\CortexM3\ARM_GCC_493\Debug\GuitarHero.a(BLE_UART_IntClock.o)
                0x00000bf4                BLE_UART_IntClock_Start
 .text.cos      0x00000c10       0x90 c:/program files (x86)/cypress/psoc creator/3.3/psoc creator/import/gnu/arm/4.9.3/bin/../lib/gcc/arm-none-eabi/4.9.3/../../../../arm-none-eabi/lib/armv7-m\libm.a(lib_a-s_cos.o)
                0x00000c10                cos
 .text.sin      0x00000ca0       0x94 c:/program files (x86)/cypress/psoc creator/3.3/psoc creator/import/gnu/arm/4.9.3/bin/../lib/gcc/arm-none-eabi/4.9.3/../../../../arm-none-eabi/lib/armv7-m\libm.a(lib_a-s_sin.o)
                0x00000ca0                sin
 *fill*         0x00000d34        0x4 
 .text.__ieee754_rem_pio2
                0x00000d38      0x428 c:/program files (x86)/cypress/psoc creator/3.3/psoc creator/import/gnu/arm/4.9.3/bin/../lib/gcc/arm-none-eabi/4.9.3/../../../../arm-none-eabi/lib/armv7-m\libm.a(lib_a-e_rem_pio2.o)
                0x00000d38                __ieee754_rem_pio2
 .text.__kernel_cos
                0x00001160      0x248 c:/program files (x86)/cypress/psoc creator/3.3/psoc creator/import/gnu/arm/4.9.3/bin/../lib/gcc/arm-none-eabi/4.9.3/../../../../arm-none-eabi/lib/armv7-m\libm.a(lib_a-k_cos.o)
                0x00001160                __kernel_cos
 .text.__kernel_rem_pio2
                0x000013a8      0x808 c:/program files (x86)/cypress/psoc creator/3.3/psoc creator/import/gnu/arm/4.9.3/bin/../lib/gcc/arm-none-eabi/4.9.3/../../../../arm-none-eabi/lib/armv7-m\libm.a(lib_a-k_rem_pio2.o)
                0x000013a8                __kernel_rem_pio2
 .text.__kernel_sin
                0x00001bb0      0x170 c:/program files (x86)/cypress/psoc creator/3.3/psoc creator/import/gnu/arm/4.9.3/bin/../lib/gcc/arm-none-eabi/4.9.3/../../../../arm-none-eabi/lib/armv7-m\libm.a(lib_a-k_sin.o)
                0x00001bb0                __kernel_sin
 .text.fabs     0x00001d20        0x8 c:/program files (x86)/cypress/psoc creator/3.3/psoc creator/import/gnu/arm/4.9.3/bin/../lib/gcc/arm-none-eabi/4.9.3/../../../../arm-none-eabi/lib/armv7-m\libm.a(lib_a-s_fabs.o)
                0x00001d20                fabs
 .text.floor    0x00001d28      0x118 c:/program files (x86)/cypress/psoc creator/3.3/psoc creator/import/gnu/arm/4.9.3/bin/../lib/gcc/arm-none-eabi/4.9.3/../../../../arm-none-eabi/lib/armv7-m\libm.a(lib_a-s_floor.o)
                0x00001d28                floor
 .text.scalbn   0x00001e40       0xf0 c:/program files (x86)/cypress/psoc creator/3.3/psoc creator/import/gnu/arm/4.9.3/bin/../lib/gcc/arm-none-eabi/4.9.3/../../../../arm-none-eabi/lib/armv7-m\libm.a(lib_a-s_scalbn.o)
                0x00001e40                scalbn
 .text.copysign
                0x00001f30       0x10 c:/program files (x86)/cypress/psoc creator/3.3/psoc creator/import/gnu/arm/4.9.3/bin/../lib/gcc/arm-none-eabi/4.9.3/../../../../arm-none-eabi/lib/armv7-m\libm.a(lib_a-s_copysign.o)
                0x00001f30                copysign
 .text          0x00001f40      0x370 c:/program files (x86)/cypress/psoc creator/3.3/psoc creator/import/gnu/arm/4.9.3/bin/../lib/gcc/arm-none-eabi/4.9.3/armv7-m\libgcc.a(_arm_addsubdf3.o)
                0x00001f40                __aeabi_drsub
                0x00001f48                __aeabi_dsub
                0x00001f48                __subdf3
                0x00001f4c                __aeabi_dadd
                0x00001f4c                __adddf3
                0x000021c4                __floatunsidf
                0x000021c4                __aeabi_ui2d
                0x000021e4                __floatsidf
                0x000021e4                __aeabi_i2d
                0x00002208                __aeabi_f2d
                0x00002208                __extendsfdf2
                0x00002244                __floatundidf
                0x00002244                __aeabi_ul2d
                0x00002254                __floatdidf
                0x00002254                __aeabi_l2d
 .text          0x000022b0      0x424 c:/program files (x86)/cypress/psoc creator/3.3/psoc creator/import/gnu/arm/4.9.3/bin/../lib/gcc/arm-none-eabi/4.9.3/armv7-m\libgcc.a(_arm_muldivdf3.o)
                0x000022b0                __aeabi_dmul
                0x000022b0                __muldf3
                0x00002504                __divdf3
                0x00002504                __aeabi_ddiv
 .text          0x000026d4      0x110 c:/program files (x86)/cypress/psoc creator/3.3/psoc creator/import/gnu/arm/4.9.3/bin/../lib/gcc/arm-none-eabi/4.9.3/armv7-m\libgcc.a(_arm_cmpdf2.o)
                0x000026d4                __gtdf2
                0x000026d4                __gedf2
                0x000026dc                __ltdf2
                0x000026dc                __ledf2
                0x000026e4                __nedf2
                0x000026e4                __eqdf2
                0x000026e4                __cmpdf2
                0x00002760                __aeabi_cdrcmple
                0x00002770                __aeabi_cdcmpeq
                0x00002770                __aeabi_cdcmple
                0x00002780                __aeabi_dcmpeq
                0x00002794                __aeabi_dcmplt
                0x000027a8                __aeabi_dcmple
                0x000027bc                __aeabi_dcmpge
                0x000027d0                __aeabi_dcmpgt
 .text          0x000027e4       0x50 c:/program files (x86)/cypress/psoc creator/3.3/psoc creator/import/gnu/arm/4.9.3/bin/../lib/gcc/arm-none-eabi/4.9.3/armv7-m\libgcc.a(_arm_fixdfsi.o)
                0x000027e4                __aeabi_d2iz
                0x000027e4                __fixdfsi
 .text          0x00002834       0x40 c:/program files (x86)/cypress/psoc creator/3.3/psoc creator/import/gnu/arm/4.9.3/bin/../lib/gcc/arm-none-eabi/4.9.3/armv7-m\libgcc.a(_arm_fixunsdfsi.o)
                0x00002834                __aeabi_d2uiz
                0x00002834                __fixunsdfsi
 .text          0x00002874      0x21c c:/program files (x86)/cypress/psoc creator/3.3/psoc creator/import/gnu/arm/4.9.3/bin/../lib/gcc/arm-none-eabi/4.9.3/armv7-m\libgcc.a(_arm_addsubsf3.o)
                0x00002874                __aeabi_frsub
                0x0000287c                __subsf3
                0x0000287c                __aeabi_fsub
                0x00002880                __aeabi_fadd
                0x00002880                __addsf3
                0x000029e0                __aeabi_ui2f
                0x000029e0                __floatunsisf
                0x000029e8                __aeabi_i2f
                0x000029e8                __floatsisf
                0x00002a04                __aeabi_ul2f
                0x00002a04                __floatundisf
                0x00002a14                __aeabi_l2f
                0x00002a14                __floatdisf
 .text          0x00002a90      0x2a0 c:/program files (x86)/cypress/psoc creator/3.3/psoc creator/import/gnu/arm/4.9.3/bin/../lib/gcc/arm-none-eabi/4.9.3/armv7-m\libgcc.a(_arm_muldivsf3.o)
                0x00002a90                __mulsf3
                0x00002a90                __aeabi_fmul
                0x00002bf8                __aeabi_fdiv
                0x00002bf8                __divsf3
 .text.__libc_init_array
                0x00002d30       0x4c c:/program files (x86)/cypress/psoc creator/3.3/psoc creator/import/gnu/arm/4.9.3/bin/../lib/gcc/arm-none-eabi/4.9.3/../../../../arm-none-eabi/lib/armv7-m\libg_nano.a(lib_a-init.o)
                0x00002d30                __libc_init_array
 .text.memcpy   0x00002d7c       0x16 c:/program files (x86)/cypress/psoc creator/3.3/psoc creator/import/gnu/arm/4.9.3/bin/../lib/gcc/arm-none-eabi/4.9.3/../../../../arm-none-eabi/lib/armv7-m\libg_nano.a(lib_a-memcpy.o)
                0x00002d7c                memcpy
 .text.memset   0x00002d92       0x10 c:/program files (x86)/cypress/psoc creator/3.3/psoc creator/import/gnu/arm/4.9.3/bin/../lib/gcc/arm-none-eabi/4.9.3/../../../../arm-none-eabi/lib/armv7-m\libg_nano.a(lib_a-memset.o)
                0x00002d92                memset
 *(.plt)
 *(.gnu.warning)
 *(.glue_7t)
 .glue_7t       0x00000000        0x0 linker stubs
 *(.glue_7)
 .glue_7        0x00000000        0x0 linker stubs
 *(.vfp11_veneer)
 .vfp11_veneer  0x00000000        0x0 linker stubs
 *(.bootloader)
 *(.ARM.extab* .gnu.linkonce.armextab.*)
 *(.gcc_except_table)

.v4_bx          0x00002da4        0x0
 .v4_bx         0x00000000        0x0 linker stubs

.iplt           0x00002da4        0x0
 .iplt          0x00000000        0x0 c:/program files (x86)/cypress/psoc creator/3.3/psoc creator/import/gnu/arm/4.9.3/bin/../lib/gcc/arm-none-eabi/4.9.3/armv7-m/crtbegin.o

.eh_frame_hdr
 *(.eh_frame_hdr)

.eh_frame       0x00002da4        0x4
 *(.eh_frame)
 .eh_frame      0x00002da4        0x0 c:/program files (x86)/cypress/psoc creator/3.3/psoc creator/import/gnu/arm/4.9.3/bin/../lib/gcc/arm-none-eabi/4.9.3/armv7-m/crtbegin.o
 .eh_frame      0x00002da4        0x4 c:/program files (x86)/cypress/psoc creator/3.3/psoc creator/import/gnu/arm/4.9.3/bin/../lib/gcc/arm-none-eabi/4.9.3/armv7-m/crtend.o
                0x00002da8                PROVIDE (__exidx_start, .)

.ARM.exidx
 *(.ARM.exidx* .gnu.linkonce.armexidx.*)
                0x00002da8                __exidx_end = .

.rodata         0x00002da8      0x250
 *(.rodata .rodata.* .gnu.linkonce.r.*)
 .rodata        0x00002da8       0x3c .\CortexM3\ARM_GCC_493\Debug\GuitarHero.a(cyfitter_cfg.o)
 .rodata.npio2_hw
                0x00002de4       0x80 c:/program files (x86)/cypress/psoc creator/3.3/psoc creator/import/gnu/arm/4.9.3/bin/../lib/gcc/arm-none-eabi/4.9.3/../../../../arm-none-eabi/lib/armv7-m\libm.a(lib_a-e_rem_pio2.o)
 .rodata.two_over_pi
                0x00002e64      0x108 c:/program files (x86)/cypress/psoc creator/3.3/psoc creator/import/gnu/arm/4.9.3/bin/../lib/gcc/arm-none-eabi/4.9.3/../../../../arm-none-eabi/lib/armv7-m\libm.a(lib_a-e_rem_pio2.o)
 .rodata.init_jk
                0x00002f6c       0x10 c:/program files (x86)/cypress/psoc creator/3.3/psoc creator/import/gnu/arm/4.9.3/bin/../lib/gcc/arm-none-eabi/4.9.3/../../../../arm-none-eabi/lib/armv7-m\libm.a(lib_a-k_rem_pio2.o)
 *fill*         0x00002f7c        0x4 
 .rodata.PIo2   0x00002f80       0x40 c:/program files (x86)/cypress/psoc creator/3.3/psoc creator/import/gnu/arm/4.9.3/bin/../lib/gcc/arm-none-eabi/4.9.3/../../../../arm-none-eabi/lib/armv7-m\libm.a(lib_a-k_rem_pio2.o)
                0x00002fc0                . = ALIGN (0x4)
 *(.init)
 .init          0x00002fc0        0x4 c:/program files (x86)/cypress/psoc creator/3.3/psoc creator/import/gnu/arm/4.9.3/bin/../lib/gcc/arm-none-eabi/4.9.3/armv7-m/crti.o
                0x00002fc0                _init
 .init          0x00002fc4        0x8 c:/program files (x86)/cypress/psoc creator/3.3/psoc creator/import/gnu/arm/4.9.3/bin/../lib/gcc/arm-none-eabi/4.9.3/armv7-m/crtn.o
                0x00002fcc                . = ALIGN (0x4)
                0x00002fcc                __preinit_array_start = .
 *(.preinit_array)
                0x00002fcc                __preinit_array_end = .
                0x00002fcc                . = ALIGN (0x4)
                0x00002fcc                __init_array_start = .
 *(SORT(.init_array.*))
 *(.init_array)
 .init_array    0x00002fcc        0x4 c:/program files (x86)/cypress/psoc creator/3.3/psoc creator/import/gnu/arm/4.9.3/bin/../lib/gcc/arm-none-eabi/4.9.3/armv7-m/crtbegin.o
 .init_array    0x00002fd0        0x4 .\CortexM3\ARM_GCC_493\Debug\Cm3Start.o
                0x00002fd4                __init_array_end = .
                0x00002fd4                . = ALIGN (0x4)
 *(.fini)
 .fini          0x00002fd4        0x4 c:/program files (x86)/cypress/psoc creator/3.3/psoc creator/import/gnu/arm/4.9.3/bin/../lib/gcc/arm-none-eabi/4.9.3/armv7-m/crti.o
                0x00002fd4                _fini
 .fini          0x00002fd8        0x8 c:/program files (x86)/cypress/psoc creator/3.3/psoc creator/import/gnu/arm/4.9.3/bin/../lib/gcc/arm-none-eabi/4.9.3/armv7-m/crtn.o
                0x00002fe0                . = ALIGN (0x4)
                0x00002fe0                __fini_array_start = .
 *(.fini_array)
 .fini_array    0x00002fe0        0x4 c:/program files (x86)/cypress/psoc creator/3.3/psoc creator/import/gnu/arm/4.9.3/bin/../lib/gcc/arm-none-eabi/4.9.3/armv7-m/crtbegin.o
 *(SORT(.fini_array.*))
                0x00002fe4                __fini_array_end = .
                0x00002fe4                . = ALIGN (0x4)
 *crtbegin.o(.ctors)
 *(EXCLUDE_FILE(*crtend.o) .ctors)
 *(SORT(.ctors.*))
 *crtend.o(.ctors)
                0x00002fe4                . = ALIGN (0x4)
 *crtbegin.o(.dtors)
 *(EXCLUDE_FILE(*crtend.o) .dtors)
 *(SORT(.dtors.*))
 *crtend.o(.dtors)
                0x00002fe4                . = ALIGN (0x4)
                0x00002fe4                __cy_regions = .
                0x00002fe4        0x4 LONG 0x2ff8 __cy_region_init_ram
                0x00002fe8        0x4 LONG 0x1fff8108 __cy_region_start_data
                0x00002fec        0x4 LONG 0x18 __cy_region_init_size_ram
                0x00002ff0        0x4 LONG 0x4030 __cy_region_zero_size_ram
                0x00002ff4                __cy_regions_end = .
                0x00002ff8                . = ALIGN (0x8)
 *fill*         0x00002ff4        0x4 
                0x00002ff8                _etext = .

.cy_checksum_exclude
                0x00002ff8        0x0
 *(.cy_checksum_exclude)

.ramvectors     0x1fff8000      0x100
                0x1fff8000                __cy_region_start_ram = .
 *(.ramvectors)
 .ramvectors    0x1fff8000      0x100 .\CortexM3\ARM_GCC_493\Debug\Cm3Start.o
                0x1fff8000                CyRamVectors

.noinit         0x1fff8100        0x5
 *(.noinit)
 .noinit        0x1fff8100        0x4 .\CortexM3\ARM_GCC_493\Debug\Cm3Start.o
 .noinit        0x1fff8104        0x1 .\CortexM3\ARM_GCC_493\Debug\GuitarHero.a(CyLib.o)
                0x1fff8104                CyResetStatus

.data           0x1fff8108       0x18 load address 0x00002ff8
                0x1fff8108                __cy_region_start_data = .
 *(.jcr)
 .jcr           0x1fff8108        0x0 c:/program files (x86)/cypress/psoc creator/3.3/psoc creator/import/gnu/arm/4.9.3/bin/../lib/gcc/arm-none-eabi/4.9.3/armv7-m/crtbegin.o
 .jcr           0x1fff8108        0x4 c:/program files (x86)/cypress/psoc creator/3.3/psoc creator/import/gnu/arm/4.9.3/bin/../lib/gcc/arm-none-eabi/4.9.3/armv7-m/crtend.o
 *(.got.plt)
 *(.got)
 *(.shdata)
 *(.data .data.* .gnu.linkonce.d.*)
 .data          0x1fff810c       0x10 .\CortexM3\ARM_GCC_493\Debug\GuitarHero.a(CyLib.o)
                0x1fff810c                cydelay_32k_ms
                0x1fff8110                cydelay_freq_khz
                0x1fff8114                cydelay_freq_mhz
                0x1fff8118                cydelay_freq_hz
                0x1fff8120                . = ALIGN (0x8)
 *fill*         0x1fff811c        0x4 
 *(.ram)
                0x1fff8120                _edata = .

.igot.plt       0x1fff8120        0x0 load address 0x00003010
 .igot.plt      0x00000000        0x0 c:/program files (x86)/cypress/psoc creator/3.3/psoc creator/import/gnu/arm/4.9.3/bin/../lib/gcc/arm-none-eabi/4.9.3/armv7-m/crtbegin.o

.bss            0x1fff8120     0x4030 load address 0x00003010
                0x1fff8120                PROVIDE (__bss_start__, .)
 *(.shbss)
 *(.bss .bss.* .gnu.linkonce.b.*)
 .bss           0x1fff8120       0x1c c:/program files (x86)/cypress/psoc creator/3.3/psoc creator/import/gnu/arm/4.9.3/bin/../lib/gcc/arm-none-eabi/4.9.3/armv7-m/crtbegin.o
 .bss           0x1fff813c        0x4 .\CortexM3\ARM_GCC_493\Debug\main.o
                0x1fff813c                circle_idx
 .bss           0x1fff8140        0x1 .\CortexM3\ARM_GCC_493\Debug\GuitarHero.a(x_DAC.o)
                0x1fff8140                x_DAC_initVar
 .bss           0x1fff8141        0x1 .\CortexM3\ARM_GCC_493\Debug\GuitarHero.a(y_DAC.o)
                0x1fff8141                y_DAC_initVar
 .bss           0x1fff8142        0x1 .\CortexM3\ARM_GCC_493\Debug\GuitarHero.a(BLE_UART.o)
                0x1fff8142                BLE_UART_initVar
 .bss           0x1fff8143        0x2 .\CortexM3\ARM_GCC_493\Debug\GuitarHero.a(LCD.o)
                0x1fff8143                LCD_enableState
                0x1fff8144                LCD_initVar
 *(COMMON)
 *fill*         0x1fff8145        0x3 
 COMMON         0x1fff8148     0x4008 .\CortexM3\ARM_GCC_493\Debug\main.o
                0x1fff8148                new_flag
                0x1fff814c                x
                0x1fff914c                n
                0x1fff9150                new_x
                0x1fffa150                new_y
                0x1fffb150                y
                0x1fffc150                . = ALIGN (0x8)
 *(.ram.b)
                0x1fffc150                _end = .
                0x1fffc150                __end = .
                0x1fffc150                PROVIDE (end, .)
                0x1fffc150                PROVIDE (__bss_end__, .)
                0x00002ff8                __cy_region_init_ram = LOADADDR (.data)
                0x00000018                __cy_region_init_size_ram = (_edata - ADDR (.data))
                0x00004030                __cy_region_zero_size_ram = (_end - _edata)

.heap           0x1fffc150       0x80 load address 0x00003010
                0x1fffc150                . = _end
                0x1fffc1d0                . = (. + 0x80)
 *fill*         0x1fffc150       0x80 
                0x1fffc1d0                __cy_heap_limit = .

.stack          0x20007800      0x800
                0x20007800                __cy_stack_limit = .
                0x20008000                . = (. + 0x800)
 *fill*         0x20007800      0x800 
                0x00000001                ASSERT ((__cy_stack_limit >= __cy_heap_limit), region RAM overflowed with stack)
                0x00000000                cy_checksum_exclude_size = (CY_APPL_LOADABLE == 0x1)?SIZEOF (.cy_checksum_exclude):0x0
                0x00000001                ASSERT ((cy_checksum_exclude_size <= CY_CHECKSUM_EXCLUDE_SIZE), CY_BOOT: Section .cy_checksum_exclude size exceedes specified limit.)

.cyloadermeta
 *(.cyloadermeta)

.cyloadablemeta
 *(.cyloadablemeta)

.cyconfigecc    0x80000000      0x23c
 *(.cyconfigecc)
 .cyconfigecc   0x80000000      0x23c .\CortexM3\ARM_GCC_493\Debug\cymetadata.o
                0x80000000                cy_meta_configecc

.cycustnvl      0x90000000        0x4
 *(.cycustnvl)
 .cycustnvl     0x90000000        0x4 .\CortexM3\ARM_GCC_493\Debug\cymetadata.o
                0x90000000                cy_meta_custnvl

.cywolatch      0x90100000        0x4
 *(.cywolatch)
 .cywolatch     0x90100000        0x4 .\CortexM3\ARM_GCC_493\Debug\cymetadata.o
                0x90100000                cy_meta_wonvl

.cyeeprom       0x90200000        0x0
 *(.cyeeprom)
                0x00000001                ASSERT ((. <= ((0x90200000 + ee_offset) + ee_size)), .cyeeprom data will not fit in EEPROM)

.cyflashprotect
                0x90400000      0x100
 *(.cyflashprotect)
 .cyflashprotect
                0x90400000      0x100 .\CortexM3\ARM_GCC_493\Debug\cymetadata.o
                0x90400000                cy_meta_flashprotect

.cymeta         0x90500000        0xc
 *(.cymeta)
 .cymeta        0x90500000        0xc .\CortexM3\ARM_GCC_493\Debug\cymetadata.o
                0x90500000                cy_metadata

.rel.dyn        0x00003010        0x0 load address 0x9050000c
 .rel.iplt      0x00000000        0x0 c:/program files (x86)/cypress/psoc creator/3.3/psoc creator/import/gnu/arm/4.9.3/bin/../lib/gcc/arm-none-eabi/4.9.3/armv7-m/crtbegin.o

.stab
 *(.stab)

.stabstr
 *(.stabstr)

.debug
 *(.debug)

.line
 *(.line)

.debug_srcinfo
 *(.debug_srcinfo)

.debug_sfnames
 *(.debug_sfnames)

.debug_aranges  0x00000000      0x8b8
 *(.debug_aranges)
 .debug_aranges
                0x00000000       0x48 .\CortexM3\ARM_GCC_493\Debug\main.o
 .debug_aranges
                0x00000048       0x20 .\CortexM3\ARM_GCC_493\Debug\sprite_utils.o
 .debug_aranges
                0x00000068       0x18 .\CortexM3\ARM_GCC_493\Debug\cymetadata.o
 .debug_aranges
                0x00000080       0x48 .\CortexM3\ARM_GCC_493\Debug\Cm3Start.o
 .debug_aranges
                0x000000c8       0x58 .\CortexM3\ARM_GCC_493\Debug\GuitarHero.a(cyfitter_cfg.o)
 .debug_aranges
                0x00000120       0x58 .\CortexM3\ARM_GCC_493\Debug\GuitarHero.a(x_DAC.o)
 .debug_aranges
                0x00000178       0x58 .\CortexM3\ARM_GCC_493\Debug\GuitarHero.a(y_DAC.o)
 .debug_aranges
                0x000001d0       0x20 .\CortexM3\ARM_GCC_493\Debug\GuitarHero.a(CyBootAsmGnu.o)
 .debug_aranges
                0x000001f0      0x298 .\CortexM3\ARM_GCC_493\Debug\GuitarHero.a(CyLib.o)
 .debug_aranges
                0x00000488       0x98 .\CortexM3\ARM_GCC_493\Debug\GuitarHero.a(cyPm.o)
 .debug_aranges
                0x00000520       0x80 .\CortexM3\ARM_GCC_493\Debug\GuitarHero.a(FPS_isr.o)
 .debug_aranges
                0x000005a0       0x98 .\CortexM3\ARM_GCC_493\Debug\GuitarHero.a(BLE_UART.o)
 .debug_aranges
                0x00000638       0x80 .\CortexM3\ARM_GCC_493\Debug\GuitarHero.a(BLE_Rx_isr.o)
 .debug_aranges
                0x000006b8       0x98 .\CortexM3\ARM_GCC_493\Debug\GuitarHero.a(LCD.o)
 .debug_aranges
                0x00000750       0x70 .\CortexM3\ARM_GCC_493\Debug\GuitarHero.a(BLE_UART_IntClock.o)
 .debug_aranges
                0x000007c0       0x80 .\CortexM3\ARM_GCC_493\Debug\GuitarHero.a(CyFlash.o)
 .debug_aranges
                0x00000840       0x78 .\CortexM3\ARM_GCC_493\Debug\GuitarHero.a(CySpc.o)

.debug_pubnames
 *(.debug_pubnames)

.debug_info     0x00000000     0x4fe5
 *(.debug_info .gnu.linkonce.wi.*)
 .debug_info    0x00000000      0x4c8 .\CortexM3\ARM_GCC_493\Debug\main.o
 .debug_info    0x000004c8      0x157 .\CortexM3\ARM_GCC_493\Debug\sprite_utils.o
 .debug_info    0x0000061f      0x13b .\CortexM3\ARM_GCC_493\Debug\cymetadata.o
 .debug_info    0x0000075a      0x3a6 .\CortexM3\ARM_GCC_493\Debug\Cm3Start.o
 .debug_info    0x00000b00      0x4da .\CortexM3\ARM_GCC_493\Debug\GuitarHero.a(cyfitter_cfg.o)
 .debug_info    0x00000fda      0x1df .\CortexM3\ARM_GCC_493\Debug\GuitarHero.a(x_DAC.o)
 .debug_info    0x000011b9      0x1df .\CortexM3\ARM_GCC_493\Debug\GuitarHero.a(y_DAC.o)
 .debug_info    0x00001398       0x90 .\CortexM3\ARM_GCC_493\Debug\GuitarHero.a(CyBootAsmGnu.o)
 .debug_info    0x00001428     0x1376 .\CortexM3\ARM_GCC_493\Debug\GuitarHero.a(CyLib.o)
 .debug_info    0x0000279e      0xa5e .\CortexM3\ARM_GCC_493\Debug\GuitarHero.a(cyPm.o)
 .debug_info    0x000031fc      0x2d2 .\CortexM3\ARM_GCC_493\Debug\GuitarHero.a(FPS_isr.o)
 .debug_info    0x000034ce      0x3a5 .\CortexM3\ARM_GCC_493\Debug\GuitarHero.a(BLE_UART.o)
 .debug_info    0x00003873      0x2d2 .\CortexM3\ARM_GCC_493\Debug\GuitarHero.a(BLE_Rx_isr.o)
 .debug_info    0x00003b45      0x71d .\CortexM3\ARM_GCC_493\Debug\GuitarHero.a(LCD.o)
 .debug_info    0x00004262      0x283 .\CortexM3\ARM_GCC_493\Debug\GuitarHero.a(BLE_UART_IntClock.o)
 .debug_info    0x000044e5      0x60f .\CortexM3\ARM_GCC_493\Debug\GuitarHero.a(CyFlash.o)
 .debug_info    0x00004af4      0x4f1 .\CortexM3\ARM_GCC_493\Debug\GuitarHero.a(CySpc.o)

.debug_abbrev   0x00000000     0x1803
 *(.debug_abbrev)
 .debug_abbrev  0x00000000      0x1b9 .\CortexM3\ARM_GCC_493\Debug\main.o
 .debug_abbrev  0x000001b9       0xb1 .\CortexM3\ARM_GCC_493\Debug\sprite_utils.o
 .debug_abbrev  0x0000026a       0x66 .\CortexM3\ARM_GCC_493\Debug\cymetadata.o
 .debug_abbrev  0x000002d0      0x200 .\CortexM3\ARM_GCC_493\Debug\Cm3Start.o
 .debug_abbrev  0x000004d0      0x203 .\CortexM3\ARM_GCC_493\Debug\GuitarHero.a(cyfitter_cfg.o)
 .debug_abbrev  0x000006d3       0xf7 .\CortexM3\ARM_GCC_493\Debug\GuitarHero.a(x_DAC.o)
 .debug_abbrev  0x000007ca       0xf7 .\CortexM3\ARM_GCC_493\Debug\GuitarHero.a(y_DAC.o)
 .debug_abbrev  0x000008c1       0x14 .\CortexM3\ARM_GCC_493\Debug\GuitarHero.a(CyBootAsmGnu.o)
 .debug_abbrev  0x000008d5      0x296 .\CortexM3\ARM_GCC_493\Debug\GuitarHero.a(CyLib.o)
 .debug_abbrev  0x00000b6b      0x1ed .\CortexM3\ARM_GCC_493\Debug\GuitarHero.a(cyPm.o)
 .debug_abbrev  0x00000d58      0x173 .\CortexM3\ARM_GCC_493\Debug\GuitarHero.a(FPS_isr.o)
 .debug_abbrev  0x00000ecb      0x16d .\CortexM3\ARM_GCC_493\Debug\GuitarHero.a(BLE_UART.o)
 .debug_abbrev  0x00001038      0x173 .\CortexM3\ARM_GCC_493\Debug\GuitarHero.a(BLE_Rx_isr.o)
 .debug_abbrev  0x000011ab      0x171 .\CortexM3\ARM_GCC_493\Debug\GuitarHero.a(LCD.o)
 .debug_abbrev  0x0000131c      0x139 .\CortexM3\ARM_GCC_493\Debug\GuitarHero.a(BLE_UART_IntClock.o)
 .debug_abbrev  0x00001455      0x1ed .\CortexM3\ARM_GCC_493\Debug\GuitarHero.a(CyFlash.o)
 .debug_abbrev  0x00001642      0x1c1 .\CortexM3\ARM_GCC_493\Debug\GuitarHero.a(CySpc.o)

.debug_line     0x00000000     0x2185
 *(.debug_line)
 .debug_line    0x00000000      0x2a3 .\CortexM3\ARM_GCC_493\Debug\main.o
 .debug_line    0x000002a3       0xd5 .\CortexM3\ARM_GCC_493\Debug\sprite_utils.o
 .debug_line    0x00000378       0x53 .\CortexM3\ARM_GCC_493\Debug\cymetadata.o
 .debug_line    0x000003cb      0x249 .\CortexM3\ARM_GCC_493\Debug\Cm3Start.o
 .debug_line    0x00000614      0x1e5 .\CortexM3\ARM_GCC_493\Debug\GuitarHero.a(cyfitter_cfg.o)
 .debug_line    0x000007f9       0xe4 .\CortexM3\ARM_GCC_493\Debug\GuitarHero.a(x_DAC.o)
 .debug_line    0x000008dd       0xe4 .\CortexM3\ARM_GCC_493\Debug\GuitarHero.a(y_DAC.o)
 .debug_line    0x000009c1       0x68 .\CortexM3\ARM_GCC_493\Debug\GuitarHero.a(CyBootAsmGnu.o)
 .debug_line    0x00000a29      0x806 .\CortexM3\ARM_GCC_493\Debug\GuitarHero.a(CyLib.o)
 .debug_line    0x0000122f      0x366 .\CortexM3\ARM_GCC_493\Debug\GuitarHero.a(cyPm.o)
 .debug_line    0x00001595      0x14d .\CortexM3\ARM_GCC_493\Debug\GuitarHero.a(FPS_isr.o)
 .debug_line    0x000016e2      0x1b2 .\CortexM3\ARM_GCC_493\Debug\GuitarHero.a(BLE_UART.o)
 .debug_line    0x00001894      0x150 .\CortexM3\ARM_GCC_493\Debug\GuitarHero.a(BLE_Rx_isr.o)
 .debug_line    0x000019e4      0x1de .\CortexM3\ARM_GCC_493\Debug\GuitarHero.a(LCD.o)
 .debug_line    0x00001bc2      0x199 .\CortexM3\ARM_GCC_493\Debug\GuitarHero.a(BLE_UART_IntClock.o)
 .debug_line    0x00001d5b      0x1ec .\CortexM3\ARM_GCC_493\Debug\GuitarHero.a(CyFlash.o)
 .debug_line    0x00001f47      0x23e .\CortexM3\ARM_GCC_493\Debug\GuitarHero.a(CySpc.o)

.debug_frame    0x00000000     0x190c
 *(.debug_frame)
 .debug_frame   0x00000000       0xd0 .\CortexM3\ARM_GCC_493\Debug\main.o
 .debug_frame   0x000000d0       0x38 .\CortexM3\ARM_GCC_493\Debug\sprite_utils.o
 .debug_frame   0x00000108       0xac .\CortexM3\ARM_GCC_493\Debug\Cm3Start.o
 .debug_frame   0x000001b4       0xe4 .\CortexM3\ARM_GCC_493\Debug\GuitarHero.a(cyfitter_cfg.o)
 .debug_frame   0x00000298       0xb4 .\CortexM3\ARM_GCC_493\Debug\GuitarHero.a(x_DAC.o)
 .debug_frame   0x0000034c       0xb4 .\CortexM3\ARM_GCC_493\Debug\GuitarHero.a(y_DAC.o)
 .debug_frame   0x00000400      0x728 .\CortexM3\ARM_GCC_493\Debug\GuitarHero.a(CyLib.o)
 .debug_frame   0x00000b28      0x1f8 .\CortexM3\ARM_GCC_493\Debug\GuitarHero.a(cyPm.o)
 .debug_frame   0x00000d20      0x104 .\CortexM3\ARM_GCC_493\Debug\GuitarHero.a(FPS_isr.o)
 .debug_frame   0x00000e24      0x14c .\CortexM3\ARM_GCC_493\Debug\GuitarHero.a(BLE_UART.o)
 .debug_frame   0x00000f70      0x104 .\CortexM3\ARM_GCC_493\Debug\GuitarHero.a(BLE_Rx_isr.o)
 .debug_frame   0x00001074      0x1e4 .\CortexM3\ARM_GCC_493\Debug\GuitarHero.a(LCD.o)
 .debug_frame   0x00001258       0xe0 .\CortexM3\ARM_GCC_493\Debug\GuitarHero.a(BLE_UART_IntClock.o)
 .debug_frame   0x00001338      0x174 .\CortexM3\ARM_GCC_493\Debug\GuitarHero.a(CyFlash.o)
 .debug_frame   0x000014ac      0x160 .\CortexM3\ARM_GCC_493\Debug\GuitarHero.a(CySpc.o)
 .debug_frame   0x0000160c       0x38 c:/program files (x86)/cypress/psoc creator/3.3/psoc creator/import/gnu/arm/4.9.3/bin/../lib/gcc/arm-none-eabi/4.9.3/../../../../arm-none-eabi/lib/armv7-m\libm.a(lib_a-s_cos.o)
 .debug_frame   0x00001644       0x38 c:/program files (x86)/cypress/psoc creator/3.3/psoc creator/import/gnu/arm/4.9.3/bin/../lib/gcc/arm-none-eabi/4.9.3/../../../../arm-none-eabi/lib/armv7-m\libm.a(lib_a-s_sin.o)
 .debug_frame   0x0000167c       0x48 c:/program files (x86)/cypress/psoc creator/3.3/psoc creator/import/gnu/arm/4.9.3/bin/../lib/gcc/arm-none-eabi/4.9.3/../../../../arm-none-eabi/lib/armv7-m\libm.a(lib_a-e_rem_pio2.o)
 .debug_frame   0x000016c4       0x4c c:/program files (x86)/cypress/psoc creator/3.3/psoc creator/import/gnu/arm/4.9.3/bin/../lib/gcc/arm-none-eabi/4.9.3/../../../../arm-none-eabi/lib/armv7-m\libm.a(lib_a-k_cos.o)
 .debug_frame   0x00001710       0x54 c:/program files (x86)/cypress/psoc creator/3.3/psoc creator/import/gnu/arm/4.9.3/bin/../lib/gcc/arm-none-eabi/4.9.3/../../../../arm-none-eabi/lib/armv7-m\libm.a(lib_a-k_rem_pio2.o)
 .debug_frame   0x00001764       0x48 c:/program files (x86)/cypress/psoc creator/3.3/psoc creator/import/gnu/arm/4.9.3/bin/../lib/gcc/arm-none-eabi/4.9.3/../../../../arm-none-eabi/lib/armv7-m\libm.a(lib_a-k_sin.o)
 .debug_frame   0x000017ac       0x20 c:/program files (x86)/cypress/psoc creator/3.3/psoc creator/import/gnu/arm/4.9.3/bin/../lib/gcc/arm-none-eabi/4.9.3/../../../../arm-none-eabi/lib/armv7-m\libm.a(lib_a-s_fabs.o)
 .debug_frame   0x000017cc       0x34 c:/program files (x86)/cypress/psoc creator/3.3/psoc creator/import/gnu/arm/4.9.3/bin/../lib/gcc/arm-none-eabi/4.9.3/../../../../arm-none-eabi/lib/armv7-m\libm.a(lib_a-s_floor.o)
 .debug_frame   0x00001800       0x30 c:/program files (x86)/cypress/psoc creator/3.3/psoc creator/import/gnu/arm/4.9.3/bin/../lib/gcc/arm-none-eabi/4.9.3/../../../../arm-none-eabi/lib/armv7-m\libm.a(lib_a-s_scalbn.o)
 .debug_frame   0x00001830       0x20 c:/program files (x86)/cypress/psoc creator/3.3/psoc creator/import/gnu/arm/4.9.3/bin/../lib/gcc/arm-none-eabi/4.9.3/../../../../arm-none-eabi/lib/armv7-m\libm.a(lib_a-s_copysign.o)
 .debug_frame   0x00001850       0x20 c:/program files (x86)/cypress/psoc creator/3.3/psoc creator/import/gnu/arm/4.9.3/bin/../lib/gcc/arm-none-eabi/4.9.3/../../../../arm-none-eabi/lib/armv7-m\libg_nano.a(lib_a-errno.o)
 .debug_frame   0x00001870       0x28 c:/program files (x86)/cypress/psoc creator/3.3/psoc creator/import/gnu/arm/4.9.3/bin/../lib/gcc/arm-none-eabi/4.9.3/../../../../arm-none-eabi/lib/armv7-m\libg_nano.a(lib_a-exit.o)
 .debug_frame   0x00001898       0x2c c:/program files (x86)/cypress/psoc creator/3.3/psoc creator/import/gnu/arm/4.9.3/bin/../lib/gcc/arm-none-eabi/4.9.3/../../../../arm-none-eabi/lib/armv7-m\libg_nano.a(lib_a-init.o)
 .debug_frame   0x000018c4       0x28 c:/program files (x86)/cypress/psoc creator/3.3/psoc creator/import/gnu/arm/4.9.3/bin/../lib/gcc/arm-none-eabi/4.9.3/../../../../arm-none-eabi/lib/armv7-m\libg_nano.a(lib_a-memcpy.o)
 .debug_frame   0x000018ec       0x20 c:/program files (x86)/cypress/psoc creator/3.3/psoc creator/import/gnu/arm/4.9.3/bin/../lib/gcc/arm-none-eabi/4.9.3/../../../../arm-none-eabi/lib/armv7-m\libg_nano.a(lib_a-memset.o)

.debug_str      0x00000000     0x1ba5
 *(.debug_str)
 .debug_str     0x00000000      0x2c5 .\CortexM3\ARM_GCC_493\Debug\main.o
                                0x30d (size before relaxing)
 .debug_str     0x000002c5       0x22 .\CortexM3\ARM_GCC_493\Debug\sprite_utils.o
                                0x1a6 (size before relaxing)
 .debug_str     0x000002e7       0x77 .\CortexM3\ARM_GCC_493\Debug\cymetadata.o
                                0x1f5 (size before relaxing)
 .debug_str     0x0000035e      0x15a .\CortexM3\ARM_GCC_493\Debug\Cm3Start.o
                                0x315 (size before relaxing)
 .debug_str     0x000004b8      0x156 .\CortexM3\ARM_GCC_493\Debug\GuitarHero.a(cyfitter_cfg.o)
                                0x31a (size before relaxing)
 .debug_str     0x0000060e       0x8f .\CortexM3\ARM_GCC_493\Debug\GuitarHero.a(x_DAC.o)
                                0x22a (size before relaxing)
 .debug_str     0x0000069d       0x7e .\CortexM3\ARM_GCC_493\Debug\GuitarHero.a(y_DAC.o)
                                0x22a (size before relaxing)
 .debug_str     0x0000071b      0x82f .\CortexM3\ARM_GCC_493\Debug\GuitarHero.a(CyLib.o)
                                0xa3a (size before relaxing)
 .debug_str     0x00000f4a      0x35b .\CortexM3\ARM_GCC_493\Debug\GuitarHero.a(cyPm.o)
                                0x732 (size before relaxing)
 .debug_str     0x000012a5       0xf4 .\CortexM3\ARM_GCC_493\Debug\GuitarHero.a(FPS_isr.o)
                                0x2cd (size before relaxing)
 .debug_str     0x00001399      0x1c8 .\CortexM3\ARM_GCC_493\Debug\GuitarHero.a(BLE_UART.o)
                                0x3cd (size before relaxing)
 .debug_str     0x00001561      0x11b .\CortexM3\ARM_GCC_493\Debug\GuitarHero.a(BLE_Rx_isr.o)
                                0x2f7 (size before relaxing)
 .debug_str     0x0000167c      0x130 .\CortexM3\ARM_GCC_493\Debug\GuitarHero.a(LCD.o)
                                0x336 (size before relaxing)
 .debug_str     0x000017ac      0x1ad .\CortexM3\ARM_GCC_493\Debug\GuitarHero.a(BLE_UART_IntClock.o)
                                0x371 (size before relaxing)
 .debug_str     0x00001959      0x19e .\CortexM3\ARM_GCC_493\Debug\GuitarHero.a(CyFlash.o)
                                0x3ac (size before relaxing)
 .debug_str     0x00001af7       0xae .\CortexM3\ARM_GCC_493\Debug\GuitarHero.a(CySpc.o)
                                0x335 (size before relaxing)

.debug_loc      0x00000000     0x2050
 *(.debug_loc)
 .debug_loc     0x00000000       0x63 .\CortexM3\ARM_GCC_493\Debug\main.o
 .debug_loc     0x00000063       0x79 .\CortexM3\ARM_GCC_493\Debug\sprite_utils.o
 .debug_loc     0x000000dc      0x144 .\CortexM3\ARM_GCC_493\Debug\Cm3Start.o
 .debug_loc     0x00000220      0x1d7 .\CortexM3\ARM_GCC_493\Debug\GuitarHero.a(cyfitter_cfg.o)
 .debug_loc     0x000003f7       0x79 .\CortexM3\ARM_GCC_493\Debug\GuitarHero.a(x_DAC.o)
 .debug_loc     0x00000470       0x79 .\CortexM3\ARM_GCC_493\Debug\GuitarHero.a(y_DAC.o)
 .debug_loc     0x000004e9      0xa11 .\CortexM3\ARM_GCC_493\Debug\GuitarHero.a(CyLib.o)
 .debug_loc     0x00000efa      0x1e4 .\CortexM3\ARM_GCC_493\Debug\GuitarHero.a(cyPm.o)
 .debug_loc     0x000010de       0x56 .\CortexM3\ARM_GCC_493\Debug\GuitarHero.a(FPS_isr.o)
 .debug_loc     0x00001134       0x87 .\CortexM3\ARM_GCC_493\Debug\GuitarHero.a(BLE_UART.o)
 .debug_loc     0x000011bb       0x56 .\CortexM3\ARM_GCC_493\Debug\GuitarHero.a(BLE_Rx_isr.o)
 .debug_loc     0x00001211      0x3c6 .\CortexM3\ARM_GCC_493\Debug\GuitarHero.a(LCD.o)
 .debug_loc     0x000015d7      0x12c .\CortexM3\ARM_GCC_493\Debug\GuitarHero.a(BLE_UART_IntClock.o)
 .debug_loc     0x00001703      0x300 .\CortexM3\ARM_GCC_493\Debug\GuitarHero.a(CyFlash.o)
 .debug_loc     0x00001a03      0x64d .\CortexM3\ARM_GCC_493\Debug\GuitarHero.a(CySpc.o)

.debug_macinfo
 *(.debug_macinfo)

.debug_ranges   0x00000000      0x7a8
 *(.debug_ranges)
 .debug_ranges  0x00000000       0x50 .\CortexM3\ARM_GCC_493\Debug\main.o
 .debug_ranges  0x00000050       0x10 .\CortexM3\ARM_GCC_493\Debug\sprite_utils.o
 .debug_ranges  0x00000060       0x38 .\CortexM3\ARM_GCC_493\Debug\Cm3Start.o
 .debug_ranges  0x00000098       0x48 .\CortexM3\ARM_GCC_493\Debug\GuitarHero.a(cyfitter_cfg.o)
 .debug_ranges  0x000000e0       0x48 .\CortexM3\ARM_GCC_493\Debug\GuitarHero.a(x_DAC.o)
 .debug_ranges  0x00000128       0x48 .\CortexM3\ARM_GCC_493\Debug\GuitarHero.a(y_DAC.o)
 .debug_ranges  0x00000170      0x288 .\CortexM3\ARM_GCC_493\Debug\GuitarHero.a(CyLib.o)
 .debug_ranges  0x000003f8       0x88 .\CortexM3\ARM_GCC_493\Debug\GuitarHero.a(cyPm.o)
 .debug_ranges  0x00000480       0x70 .\CortexM3\ARM_GCC_493\Debug\GuitarHero.a(FPS_isr.o)
 .debug_ranges  0x000004f0       0x88 .\CortexM3\ARM_GCC_493\Debug\GuitarHero.a(BLE_UART.o)
 .debug_ranges  0x00000578       0x70 .\CortexM3\ARM_GCC_493\Debug\GuitarHero.a(BLE_Rx_isr.o)
 .debug_ranges  0x000005e8       0x88 .\CortexM3\ARM_GCC_493\Debug\GuitarHero.a(LCD.o)
 .debug_ranges  0x00000670       0x60 .\CortexM3\ARM_GCC_493\Debug\GuitarHero.a(BLE_UART_IntClock.o)
 .debug_ranges  0x000006d0       0x70 .\CortexM3\ARM_GCC_493\Debug\GuitarHero.a(CyFlash.o)
 .debug_ranges  0x00000740       0x68 .\CortexM3\ARM_GCC_493\Debug\GuitarHero.a(CySpc.o)

.comment        0x00000000       0x70
 .comment       0x00000000       0x70 .\CortexM3\ARM_GCC_493\Debug\main.o
                                 0x71 (size before relaxing)
 .comment       0x00000000       0x71 .\CortexM3\ARM_GCC_493\Debug\sprite_utils.o
 .comment       0x00000000       0x71 .\CortexM3\ARM_GCC_493\Debug\cymetadata.o
 .comment       0x00000000       0x71 .\CortexM3\ARM_GCC_493\Debug\Cm3Start.o
 .comment       0x00000000       0x71 .\CortexM3\ARM_GCC_493\Debug\GuitarHero.a(cyfitter_cfg.o)
 .comment       0x00000000       0x71 .\CortexM3\ARM_GCC_493\Debug\GuitarHero.a(x_DAC.o)
 .comment       0x00000000       0x71 .\CortexM3\ARM_GCC_493\Debug\GuitarHero.a(y_DAC.o)
 .comment       0x00000000       0x71 .\CortexM3\ARM_GCC_493\Debug\GuitarHero.a(CyLib.o)
 .comment       0x00000000       0x71 .\CortexM3\ARM_GCC_493\Debug\GuitarHero.a(cyPm.o)
 .comment       0x00000000       0x71 .\CortexM3\ARM_GCC_493\Debug\GuitarHero.a(FPS_isr.o)
 .comment       0x00000000       0x71 .\CortexM3\ARM_GCC_493\Debug\GuitarHero.a(BLE_UART.o)
 .comment       0x00000000       0x71 .\CortexM3\ARM_GCC_493\Debug\GuitarHero.a(BLE_Rx_isr.o)
 .comment       0x00000000       0x71 .\CortexM3\ARM_GCC_493\Debug\GuitarHero.a(LCD.o)
 .comment       0x00000000       0x71 .\CortexM3\ARM_GCC_493\Debug\GuitarHero.a(BLE_UART_IntClock.o)
 .comment       0x00000000       0x71 .\CortexM3\ARM_GCC_493\Debug\GuitarHero.a(CyFlash.o)
 .comment       0x00000000       0x71 .\CortexM3\ARM_GCC_493\Debug\GuitarHero.a(CySpc.o)

.debug_weaknames
 *(.debug_weaknames)

.debug_funcnames
 *(.debug_funcnames)

.debug_typenames
 *(.debug_typenames)

.debug_varnames
 *(.debug_varnames)

.note.gnu.arm.ident
 *(.note.gnu.arm.ident)

.ARM.attributes
                0x00000000       0x29
 *(.ARM.attributes)
 .ARM.attributes
                0x00000000       0x1d c:/program files (x86)/cypress/psoc creator/3.3/psoc creator/import/gnu/arm/4.9.3/bin/../lib/gcc/arm-none-eabi/4.9.3/armv7-m/crti.o
 .ARM.attributes
                0x0000001d       0x2d c:/program files (x86)/cypress/psoc creator/3.3/psoc creator/import/gnu/arm/4.9.3/bin/../lib/gcc/arm-none-eabi/4.9.3/armv7-m/crtbegin.o
 .ARM.attributes
                0x0000004a       0x1b c:/program files (x86)/cypress/psoc creator/3.3/psoc creator/import/gnu/arm/4.9.3/bin/../lib/gcc/arm-none-eabi/4.9.3/../../../../arm-none-eabi/lib/armv7-m/crt0.o
 .ARM.attributes
                0x00000065       0x33 .\CortexM3\ARM_GCC_493\Debug\main.o
 .ARM.attributes
                0x00000098       0x33 .\CortexM3\ARM_GCC_493\Debug\sprite_utils.o
 .ARM.attributes
                0x000000cb       0x33 .\CortexM3\ARM_GCC_493\Debug\cymetadata.o
 .ARM.attributes
                0x000000fe       0x33 .\CortexM3\ARM_GCC_493\Debug\Cm3Start.o
 .ARM.attributes
                0x00000131       0x33 .\CortexM3\ARM_GCC_493\Debug\GuitarHero.a(cyfitter_cfg.o)
 .ARM.attributes
                0x00000164       0x33 .\CortexM3\ARM_GCC_493\Debug\GuitarHero.a(x_DAC.o)
 .ARM.attributes
                0x00000197       0x33 .\CortexM3\ARM_GCC_493\Debug\GuitarHero.a(y_DAC.o)
 .ARM.attributes
                0x000001ca       0x21 .\CortexM3\ARM_GCC_493\Debug\GuitarHero.a(CyBootAsmGnu.o)
 .ARM.attributes
                0x000001eb       0x33 .\CortexM3\ARM_GCC_493\Debug\GuitarHero.a(CyLib.o)
 .ARM.attributes
                0x0000021e       0x33 .\CortexM3\ARM_GCC_493\Debug\GuitarHero.a(cyPm.o)
 .ARM.attributes
                0x00000251       0x33 .\CortexM3\ARM_GCC_493\Debug\GuitarHero.a(FPS_isr.o)
 .ARM.attributes
                0x00000284       0x33 .\CortexM3\ARM_GCC_493\Debug\GuitarHero.a(BLE_UART.o)
 .ARM.attributes
                0x000002b7       0x33 .\CortexM3\ARM_GCC_493\Debug\GuitarHero.a(BLE_Rx_isr.o)
 .ARM.attributes
                0x000002ea       0x33 .\CortexM3\ARM_GCC_493\Debug\GuitarHero.a(LCD.o)
 .ARM.attributes
                0x0000031d       0x33 .\CortexM3\ARM_GCC_493\Debug\GuitarHero.a(BLE_UART_IntClock.o)
 .ARM.attributes
                0x00000350       0x33 .\CortexM3\ARM_GCC_493\Debug\GuitarHero.a(CyFlash.o)
 .ARM.attributes
                0x00000383       0x33 .\CortexM3\ARM_GCC_493\Debug\GuitarHero.a(CySpc.o)
 .ARM.attributes
                0x000003b6       0x2d c:/program files (x86)/cypress/psoc creator/3.3/psoc creator/import/gnu/arm/4.9.3/bin/../lib/gcc/arm-none-eabi/4.9.3/../../../../arm-none-eabi/lib/armv7-m\libm.a(lib_a-s_cos.o)
 .ARM.attributes
                0x000003e3       0x2d c:/program files (x86)/cypress/psoc creator/3.3/psoc creator/import/gnu/arm/4.9.3/bin/../lib/gcc/arm-none-eabi/4.9.3/../../../../arm-none-eabi/lib/armv7-m\libm.a(lib_a-s_sin.o)
 .ARM.attributes
                0x00000410       0x2d c:/program files (x86)/cypress/psoc creator/3.3/psoc creator/import/gnu/arm/4.9.3/bin/../lib/gcc/arm-none-eabi/4.9.3/../../../../arm-none-eabi/lib/armv7-m\libm.a(lib_a-e_rem_pio2.o)
 .ARM.attributes
                0x0000043d       0x2d c:/program files (x86)/cypress/psoc creator/3.3/psoc creator/import/gnu/arm/4.9.3/bin/../lib/gcc/arm-none-eabi/4.9.3/../../../../arm-none-eabi/lib/armv7-m\libm.a(lib_a-k_cos.o)
 .ARM.attributes
                0x0000046a       0x2d c:/program files (x86)/cypress/psoc creator/3.3/psoc creator/import/gnu/arm/4.9.3/bin/../lib/gcc/arm-none-eabi/4.9.3/../../../../arm-none-eabi/lib/armv7-m\libm.a(lib_a-k_rem_pio2.o)
 .ARM.attributes
                0x00000497       0x2d c:/program files (x86)/cypress/psoc creator/3.3/psoc creator/import/gnu/arm/4.9.3/bin/../lib/gcc/arm-none-eabi/4.9.3/../../../../arm-none-eabi/lib/armv7-m\libm.a(lib_a-k_sin.o)
 .ARM.attributes
                0x000004c4       0x2d c:/program files (x86)/cypress/psoc creator/3.3/psoc creator/import/gnu/arm/4.9.3/bin/../lib/gcc/arm-none-eabi/4.9.3/../../../../arm-none-eabi/lib/armv7-m\libm.a(lib_a-s_fabs.o)
 .ARM.attributes
                0x000004f1       0x2d c:/program files (x86)/cypress/psoc creator/3.3/psoc creator/import/gnu/arm/4.9.3/bin/../lib/gcc/arm-none-eabi/4.9.3/../../../../arm-none-eabi/lib/armv7-m\libm.a(lib_a-s_floor.o)
 .ARM.attributes
                0x0000051e       0x2d c:/program files (x86)/cypress/psoc creator/3.3/psoc creator/import/gnu/arm/4.9.3/bin/../lib/gcc/arm-none-eabi/4.9.3/../../../../arm-none-eabi/lib/armv7-m\libm.a(lib_a-s_scalbn.o)
 .ARM.attributes
                0x0000054b       0x2d c:/program files (x86)/cypress/psoc creator/3.3/psoc creator/import/gnu/arm/4.9.3/bin/../lib/gcc/arm-none-eabi/4.9.3/../../../../arm-none-eabi/lib/armv7-m\libm.a(lib_a-s_copysign.o)
 .ARM.attributes
                0x00000578       0x1d c:/program files (x86)/cypress/psoc creator/3.3/psoc creator/import/gnu/arm/4.9.3/bin/../lib/gcc/arm-none-eabi/4.9.3/armv7-m\libgcc.a(_arm_addsubdf3.o)
 .ARM.attributes
                0x00000595       0x1d c:/program files (x86)/cypress/psoc creator/3.3/psoc creator/import/gnu/arm/4.9.3/bin/../lib/gcc/arm-none-eabi/4.9.3/armv7-m\libgcc.a(_arm_muldivdf3.o)
 .ARM.attributes
                0x000005b2       0x1d c:/program files (x86)/cypress/psoc creator/3.3/psoc creator/import/gnu/arm/4.9.3/bin/../lib/gcc/arm-none-eabi/4.9.3/armv7-m\libgcc.a(_arm_cmpdf2.o)
 .ARM.attributes
                0x000005cf       0x1d c:/program files (x86)/cypress/psoc creator/3.3/psoc creator/import/gnu/arm/4.9.3/bin/../lib/gcc/arm-none-eabi/4.9.3/armv7-m\libgcc.a(_arm_fixdfsi.o)
 .ARM.attributes
                0x000005ec       0x1d c:/program files (x86)/cypress/psoc creator/3.3/psoc creator/import/gnu/arm/4.9.3/bin/../lib/gcc/arm-none-eabi/4.9.3/armv7-m\libgcc.a(_arm_fixunsdfsi.o)
 .ARM.attributes
                0x00000609       0x1d c:/program files (x86)/cypress/psoc creator/3.3/psoc creator/import/gnu/arm/4.9.3/bin/../lib/gcc/arm-none-eabi/4.9.3/armv7-m\libgcc.a(_arm_addsubsf3.o)
 .ARM.attributes
                0x00000626       0x1d c:/program files (x86)/cypress/psoc creator/3.3/psoc creator/import/gnu/arm/4.9.3/bin/../lib/gcc/arm-none-eabi/4.9.3/armv7-m\libgcc.a(_arm_muldivsf3.o)
 .ARM.attributes
                0x00000643       0x2d c:/program files (x86)/cypress/psoc creator/3.3/psoc creator/import/gnu/arm/4.9.3/bin/../lib/gcc/arm-none-eabi/4.9.3/../../../../arm-none-eabi/lib/armv7-m\libg_nano.a(lib_a-errno.o)
 .ARM.attributes
                0x00000670       0x2d c:/program files (x86)/cypress/psoc creator/3.3/psoc creator/import/gnu/arm/4.9.3/bin/../lib/gcc/arm-none-eabi/4.9.3/../../../../arm-none-eabi/lib/armv7-m\libg_nano.a(lib_a-exit.o)
 .ARM.attributes
                0x0000069d       0x2d c:/program files (x86)/cypress/psoc creator/3.3/psoc creator/import/gnu/arm/4.9.3/bin/../lib/gcc/arm-none-eabi/4.9.3/../../../../arm-none-eabi/lib/armv7-m\libg_nano.a(lib_a-impure.o)
 .ARM.attributes
                0x000006ca       0x2d c:/program files (x86)/cypress/psoc creator/3.3/psoc creator/import/gnu/arm/4.9.3/bin/../lib/gcc/arm-none-eabi/4.9.3/../../../../arm-none-eabi/lib/armv7-m\libg_nano.a(lib_a-init.o)
 .ARM.attributes
                0x000006f7       0x2d c:/program files (x86)/cypress/psoc creator/3.3/psoc creator/import/gnu/arm/4.9.3/bin/../lib/gcc/arm-none-eabi/4.9.3/../../../../arm-none-eabi/lib/armv7-m\libg_nano.a(lib_a-memcpy.o)
 .ARM.attributes
                0x00000724       0x2d c:/program files (x86)/cypress/psoc creator/3.3/psoc creator/import/gnu/arm/4.9.3/bin/../lib/gcc/arm-none-eabi/4.9.3/../../../../arm-none-eabi/lib/armv7-m\libg_nano.a(lib_a-memset.o)
 .ARM.attributes
                0x00000751       0x2d c:/program files (x86)/cypress/psoc creator/3.3/psoc creator/import/gnu/arm/4.9.3/bin/../lib/gcc/arm-none-eabi/4.9.3/armv7-m/crtend.o
 .ARM.attributes
                0x0000077e       0x1d c:/program files (x86)/cypress/psoc creator/3.3/psoc creator/import/gnu/arm/4.9.3/bin/../lib/gcc/arm-none-eabi/4.9.3/armv7-m/crtn.o

/DISCARD/
 *(.note.GNU-stack)
OUTPUT(.\CortexM3\ARM_GCC_493\Debug\GuitarHero.elf elf32-littlearm)
