Archive member included because of file (symbol)

.\CortexM3\ARM_GCC_493\Debug\GuitarHero.a(cyfitter_cfg.o)
                              .\CortexM3\ARM_GCC_493\Debug\Cm3Start.o (cyfitter_cfg)
.\CortexM3\ARM_GCC_493\Debug\GuitarHero.a(x_DAC.o)
                              .\CortexM3\ARM_GCC_493\Debug\main.o (x_DAC_SetValue)
.\CortexM3\ARM_GCC_493\Debug\GuitarHero.a(y_DAC.o)
                              .\CortexM3\ARM_GCC_493\Debug\main.o (y_DAC_SetValue)
.\CortexM3\ARM_GCC_493\Debug\GuitarHero.a(CyBootAsmGnu.o)
                              .\CortexM3\ARM_GCC_493\Debug\GuitarHero.a(cyfitter_cfg.o) (CyDelayCycles)
.\CortexM3\ARM_GCC_493\Debug\GuitarHero.a(CyLib.o)
                              .\CortexM3\ARM_GCC_493\Debug\Cm3Start.o (CyHalt)
.\CortexM3\ARM_GCC_493\Debug\GuitarHero.a(cyPm.o)
                              .\CortexM3\ARM_GCC_493\Debug\GuitarHero.a(CyLib.o) (CyPmReadStatus)
.\CortexM3\ARM_GCC_493\Debug\GuitarHero.a(FPS_isr.o)
                              .\CortexM3\ARM_GCC_493\Debug\main.o (FPS_isr_StartEx)
.\CortexM3\ARM_GCC_493\Debug\GuitarHero.a(BLE_UART.o)
                              .\CortexM3\ARM_GCC_493\Debug\main.o (BLE_UART_Init)
.\CortexM3\ARM_GCC_493\Debug\GuitarHero.a(BLE_Rx_isr.o)
                              .\CortexM3\ARM_GCC_493\Debug\main.o (BLE_Rx_isr_StartEx)
.\CortexM3\ARM_GCC_493\Debug\GuitarHero.a(LCD.o)
                              .\CortexM3\ARM_GCC_493\Debug\main.o (LCD_PutChar)
.\CortexM3\ARM_GCC_493\Debug\GuitarHero.a(BLE_UART_IntClock.o)
                              .\CortexM3\ARM_GCC_493\Debug\GuitarHero.a(BLE_UART.o) (BLE_UART_IntClock_Start)
.\CortexM3\ARM_GCC_493\Debug\GuitarHero.a(CyFlash.o)
                              .\CortexM3\ARM_GCC_493\Debug\GuitarHero.a(cyPm.o) (CyFlash_SetWaitCycles)
.\CortexM3\ARM_GCC_493\Debug\GuitarHero.a(CySpc.o)
                              .\CortexM3\ARM_GCC_493\Debug\GuitarHero.a(CyFlash.o) (CySpcStart)
c:/program files (x86)/cypress/psoc creator/3.3/psoc creator/import/gnu/arm/4.9.3/bin/../lib/gcc/arm-none-eabi/4.9.3/armv7-m\libgcc.a(_arm_addsubdf3.o)
                              .\CortexM3\ARM_GCC_493\Debug\sprite_utils.o (__aeabi_dadd)
c:/program files (x86)/cypress/psoc creator/3.3/psoc creator/import/gnu/arm/4.9.3/bin/../lib/gcc/arm-none-eabi/4.9.3/armv7-m\libgcc.a(_arm_muldivdf3.o)
                              .\CortexM3\ARM_GCC_493\Debug\sprite_utils.o (__aeabi_dmul)
c:/program files (x86)/cypress/psoc creator/3.3/psoc creator/import/gnu/arm/4.9.3/bin/../lib/gcc/arm-none-eabi/4.9.3/armv7-m\libgcc.a(_arm_truncdfsf2.o)
                              .\CortexM3\ARM_GCC_493\Debug\sprite_utils.o (__aeabi_d2f)
c:/program files (x86)/cypress/psoc creator/3.3/psoc creator/import/gnu/arm/4.9.3/bin/../lib/gcc/arm-none-eabi/4.9.3/armv7-m\libgcc.a(_arm_muldivsf3.o)
                              .\CortexM3\ARM_GCC_493\Debug\sprite_utils.o (__aeabi_fdiv)
c:/program files (x86)/cypress/psoc creator/3.3/psoc creator/import/gnu/arm/4.9.3/bin/../lib/gcc/arm-none-eabi/4.9.3/armv7-m\libgcc.a(_arm_fixunssfsi.o)
                              .\CortexM3\ARM_GCC_493\Debug\sprite_utils.o (__aeabi_f2uiz)
c:/program files (x86)/cypress/psoc creator/3.3/psoc creator/import/gnu/arm/4.9.3/bin/../lib/gcc/arm-none-eabi/4.9.3/../../../../arm-none-eabi/lib/armv7-m\libg_nano.a(lib_a-errno.o)
                              .\CortexM3\ARM_GCC_493\Debug\Cm3Start.o (__errno)
c:/program files (x86)/cypress/psoc creator/3.3/psoc creator/import/gnu/arm/4.9.3/bin/../lib/gcc/arm-none-eabi/4.9.3/../../../../arm-none-eabi/lib/armv7-m\libg_nano.a(lib_a-exit.o)
                              c:/program files (x86)/cypress/psoc creator/3.3/psoc creator/import/gnu/arm/4.9.3/bin/../lib/gcc/arm-none-eabi/4.9.3/../../../../arm-none-eabi/lib/armv7-m/crt0.o (exit)
c:/program files (x86)/cypress/psoc creator/3.3/psoc creator/import/gnu/arm/4.9.3/bin/../lib/gcc/arm-none-eabi/4.9.3/../../../../arm-none-eabi/lib/armv7-m\libg_nano.a(lib_a-impure.o)
                              c:/program files (x86)/cypress/psoc creator/3.3/psoc creator/import/gnu/arm/4.9.3/bin/../lib/gcc/arm-none-eabi/4.9.3/../../../../arm-none-eabi/lib/armv7-m\libg_nano.a(lib_a-exit.o) (_global_impure_ptr)
c:/program files (x86)/cypress/psoc creator/3.3/psoc creator/import/gnu/arm/4.9.3/bin/../lib/gcc/arm-none-eabi/4.9.3/../../../../arm-none-eabi/lib/armv7-m\libg_nano.a(lib_a-init.o)
                              c:/program files (x86)/cypress/psoc creator/3.3/psoc creator/import/gnu/arm/4.9.3/bin/../lib/gcc/arm-none-eabi/4.9.3/../../../../arm-none-eabi/lib/armv7-m/crt0.o (__libc_init_array)
c:/program files (x86)/cypress/psoc creator/3.3/psoc creator/import/gnu/arm/4.9.3/bin/../lib/gcc/arm-none-eabi/4.9.3/../../../../arm-none-eabi/lib/armv7-m\libg_nano.a(lib_a-malloc.o)
                              .\CortexM3\ARM_GCC_493\Debug\sprite_utils.o (malloc)
[...]
Memory Configuration

Name             Origin             Length             Attributes
rom              0x00000000         0x00040000         xr
ram              0x1fff8000         0x00010000         xrw
*default*        0x00000000         0xffffffff

Linker script and memory map

LOAD c:/program files (x86)/cypress/psoc creator/3.3/psoc creator/import/gnu/arm/4.9.3/bin/../lib/gcc/arm-none-eabi/4.9.3/armv7-m/crti.o
LOAD c:/program files (x86)/cypress/psoc creator/3.3/psoc creator/import/gnu/arm/4.9.3/bin/../lib/gcc/arm-none-eabi/4.9.3/armv7-m/crtbegin.o
LOAD c:/program files (x86)/cypress/psoc creator/3.3/psoc creator/import/gnu/arm/4.9.3/bin/../lib/gcc/arm-none-eabi/4.9.3/../../../../arm-none-eabi/lib/armv7-m/crt0.o
START GROUP
LOAD .\CortexM3\ARM_GCC_493\Debug\main.o
LOAD .\CortexM3\ARM_GCC_493\Debug\sprite_utils.o
LOAD .\CortexM3\ARM_GCC_493\Debug\cymetadata.o
LOAD .\CortexM3\ARM_GCC_493\Debug\Cm3Start.o
LOAD .\CortexM3\ARM_GCC_493\Debug\GuitarHero.a
LOAD C:\Program Files (x86)\Cypress\PSoC Creator\3.3\PSoC Creator\psoc\content\cycomponentlibrary\CyComponentLibrary.cylib\CortexM3\ARM_GCC_493\Debug\CyComponentLibrary.a
LOAD c:/program files (x86)/cypress/psoc creator/3.3/psoc creator/import/gnu/arm/4.9.3/bin/../lib/gcc/arm-none-eabi/4.9.3/../../../../arm-none-eabi/lib/armv7-m\libm.a
END GROUP
START GROUP
LOAD c:/program files (x86)/cypress/psoc creator/3.3/psoc creator/import/gnu/arm/4.9.3/bin/../lib/gcc/arm-none-eabi/4.9.3/armv7-m\libgcc.a
LOAD c:/program files (x86)/cypress/psoc creator/3.3/psoc creator/import/gnu/arm/4.9.3/bin/../lib/gcc/arm-none-eabi/4.9.3/../../../../arm-none-eabi/lib/armv7-m\libg_nano.a
LOAD c:/program files (x86)/cypress/psoc creator/3.3/psoc creator/import/gnu/arm/4.9.3/bin/../lib/gcc/arm-none-eabi/4.9.3/../../../../arm-none-eabi/lib/armv7-m\libc_nano.a
END GROUP
START GROUP
LOAD c:/program files (x86)/cypress/psoc creator/3.3/psoc creator/import/gnu/arm/4.9.3/bin/../lib/gcc/arm-none-eabi/4.9.3/armv7-m\libgcc.a
LOAD c:/program files (x86)/cypress/psoc creator/3.3/psoc creator/import/gnu/arm/4.9.3/bin/../lib/gcc/arm-none-eabi/4.9.3/../../../../arm-none-eabi/lib/armv7-m\libc_nano.a
END GROUP
LOAD c:/program files (x86)/cypress/psoc creator/3.3/psoc creator/import/gnu/arm/4.9.3/bin/../lib/gcc/arm-none-eabi/4.9.3/armv7-m/crtend.o
LOAD c:/program files (x86)/cypress/psoc creator/3.3/psoc creator/import/gnu/arm/4.9.3/bin/../lib/gcc/arm-none-eabi/4.9.3/armv7-m/crtn.o
START GROUP
LOAD c:/program files (x86)/cypress/psoc creator/3.3/psoc creator/import/gnu/arm/4.9.3/bin/../lib/gcc/arm-none-eabi/4.9.3/armv7-m\libgcc.a
LOAD c:/program files (x86)/cypress/psoc creator/3.3/psoc creator/import/gnu/arm/4.9.3/bin/../lib/gcc/arm-none-eabi/4.9.3/../../../../arm-none-eabi/lib/armv7-m\libc.a
LOAD c:/program files (x86)/cypress/psoc creator/3.3/psoc creator/import/gnu/arm/4.9.3/bin/../lib/gcc/arm-none-eabi/4.9.3/../../../../arm-none-eabi/lib/armv7-m\libnosys.a
END GROUP
                0x00000000                CY_APPL_ORIGIN = 0x0
                0x00000100                CY_FLASH_ROW_SIZE = 0x100
                0x00000020                CY_ECC_ROW_SIZE = 0x20
                0x00000000                CY_EE_IN_BTLDR = 0x0
                0x00000000                CY_APPL_LOADABLE = 0x0
                0x00000800                CY_EE_SIZE = 0x800
                0x00000001                CY_APPL_NUM = 0x1
                0x00000001                CY_APPL_MAX = 0x1
                0x00000040                CY_METADATA_SIZE = 0x40
                0x00000000                CY_APPL_LOADABLE = 0x0
                0x00000000                CY_CHECKSUM_EXCLUDE_SIZE = ALIGN (0x0, CY_FLASH_ROW_SIZE)
                0x1fffc248                PROVIDE (__cy_heap_start, _end)
                0x00000001                PROVIDE (__cy_region_num, ((__cy_regions_end - __cy_regions) / 0x10))
                0x20008000                PROVIDE (__cy_stack, (ORIGIN (ram) + 0x10000))
                0x20007800                PROVIDE (__cy_heap_end, (__cy_stack - 0x800))

.cybootloader   0x00000000        0x0
 *(.cybootloader)
                0x00000000                appl1_start = CY_APPL_ORIGIN?CY_APPL_ORIGIN:ALIGN (CY_FLASH_ROW_SIZE)
                0x0001ff00                appl2_start = (appl1_start + ALIGN ((((0x40000 - appl1_start) - (0x2 * CY_FLASH_ROW_SIZE)) / 0x2), CY_FLASH_ROW_SIZE))
                0x00000000                appl_start = (CY_APPL_NUM == 0x1)?appl1_start:appl2_start
                0x00000000                ecc_offset = ((appl_start / CY_FLASH_ROW_SIZE) * CY_ECC_ROW_SIZE)
                0x00000000                ee_offset = (CY_APPL_LOADABLE && ! (CY_EE_IN_BTLDR))?((CY_EE_SIZE / CY_APPL_MAX) * (CY_APPL_NUM - 0x1)):0x0
                0x00000800                ee_size = (CY_APPL_LOADABLE && ! (CY_EE_IN_BTLDR))?(CY_EE_SIZE / CY_APPL_MAX):CY_EE_SIZE
                0x00000000                PROVIDE (CY_ECC_OFFSET, ecc_offset)

.text           0x00000000      0xcf4
 CREATE_OBJECT_SYMBOLS
                0x00000000                PROVIDE (__cy_interrupt_vector, RomVectors)
 *(.romvectors)
 .romvectors    0x00000000       0x10 .\CortexM3\ARM_GCC_493\Debug\Cm3Start.o
                0x00000000                RomVectors
                0x00000001                ASSERT ((. != __cy_interrupt_vector), No interrupt vector)
                0x00000001                ASSERT (CY_APPL_ORIGIN?(SIZEOF (.cybootloader) <= CY_APPL_ORIGIN):0x1, Wrong image location)
                0x00000010                PROVIDE (__cy_reset, Reset)
 *(.text.Reset)
 .text.Reset    0x00000010       0x18 .\CortexM3\ARM_GCC_493\Debug\Cm3Start.o
                0x00000010                Reset
                0x00000001                ASSERT ((. != __cy_reset), No reset code)
 *(.dma_init)
                0x00000001                ASSERT ((((appl_start + .) <= 0x10000) || 0x1), DMA Init must be within the first 64k of flash)
 *(.text .text.* .gnu.linkonce.t.*)
 .text          0x00000028       0x5c c:/program files (x86)/cypress/psoc creator/3.3/psoc creator/import/gnu/arm/4.9.3/bin/../lib/gcc/arm-none-eabi/4.9.3/armv7-m/crtbegin.o
 .text.BLE_Rx_isr
                0x00000084       0x10 .\CortexM3\ARM_GCC_493\Debug\main.o
                0x00000084                BLE_Rx_isr
 .text.hw_init  0x00000094       0x3c .\CortexM3\ARM_GCC_493\Debug\main.o
                0x00000094                hw_init
 .text.game_init
                0x000000d0       0x1c .\CortexM3\ARM_GCC_493\Debug\main.o
                0x000000d0                game_init
 .text.draw_points
                0x000000ec       0x34 .\CortexM3\ARM_GCC_493\Debug\main.o
                0x000000ec                draw_points
 .text.update_points
                0x00000120       0x30 .\CortexM3\ARM_GCC_493\Debug\main.o
                0x00000120                update_points
 .text.FPS_isr  0x00000150        0x8 .\CortexM3\ARM_GCC_493\Debug\main.o
                0x00000150                FPS_isr
 .text.main     0x00000158       0x54 .\CortexM3\ARM_GCC_493\Debug\main.o
                0x00000158                main
 .text.make_fretboard
                0x000001ac       0xd8 .\CortexM3\ARM_GCC_493\Debug\sprite_utils.o
                0x000001ac                make_fretboard
 .text.sprites_to_polyline
                0x00000284       0x34 .\CortexM3\ARM_GCC_493\Debug\sprite_utils.o
                0x00000284                sprites_to_polyline
 .text.IntDefaultHandler
                0x000002b8        0x4 .\CortexM3\ARM_GCC_493\Debug\Cm3Start.o
                0x000002b8                IntDefaultHandler
 .text._sbrk    0x000002bc       0x30 .\CortexM3\ARM_GCC_493\Debug\Cm3Start.o
                0x000002bc                _sbrk
 .text.Start_c  0x000002ec       0x4c .\CortexM3\ARM_GCC_493\Debug\Cm3Start.o
                0x000002ec                Start_c
 .text.initialize_psoc
                0x00000338       0x74 .\CortexM3\ARM_GCC_493\Debug\Cm3Start.o
                0x00000338                initialize_psoc
 .text.CyClockStartupError
                0x000003ac        0x4 .\CortexM3\ARM_GCC_493\Debug\GuitarHero.a(cyfitter_cfg.o)
 .text.cfg_write_bytes32
                0x000003b0       0x34 .\CortexM3\ARM_GCC_493\Debug\GuitarHero.a(cyfitter_cfg.o)
 .text.AnalogSetDefault
                0x000003e4       0x48 .\CortexM3\ARM_GCC_493\Debug\GuitarHero.a(cyfitter_cfg.o)
 .text.CYMEMZERO
                0x0000042c        0xc .\CortexM3\ARM_GCC_493\Debug\GuitarHero.a(cyfitter_cfg.o)
 .text.ClockSetup
                0x00000438       0xc4 .\CortexM3\ARM_GCC_493\Debug\GuitarHero.a(cyfitter_cfg.o)
 .text.CYCONFIGCPY
                0x000004fc        0x8 .\CortexM3\ARM_GCC_493\Debug\GuitarHero.a(cyfitter_cfg.o)
 .text.cyfitter_cfg
                0x00000504       0xec .\CortexM3\ARM_GCC_493\Debug\GuitarHero.a(cyfitter_cfg.o)
                0x00000504                cyfitter_cfg
 .text.x_DAC_Enable
                0x000005f0       0x1c .\CortexM3\ARM_GCC_493\Debug\GuitarHero.a(x_DAC.o)
                0x000005f0                x_DAC_Enable
 .text.x_DAC_SetSpeed
                0x0000060c       0x1c .\CortexM3\ARM_GCC_493\Debug\GuitarHero.a(x_DAC.o)
                0x0000060c                x_DAC_SetSpeed
 .text.x_DAC_SetValue
                0x00000628        0xc .\CortexM3\ARM_GCC_493\Debug\GuitarHero.a(x_DAC.o)
                0x00000628                x_DAC_SetValue
 .text.x_DAC_DacTrim
                0x00000634       0x24 .\CortexM3\ARM_GCC_493\Debug\GuitarHero.a(x_DAC.o)
                0x00000634                x_DAC_DacTrim
 .text.x_DAC_SetRange
                0x00000658       0x20 .\CortexM3\ARM_GCC_493\Debug\GuitarHero.a(x_DAC.o)
                0x00000658                x_DAC_SetRange
 .text.x_DAC_Init
                0x00000678       0x20 .\CortexM3\ARM_GCC_493\Debug\GuitarHero.a(x_DAC.o)
                0x00000678                x_DAC_Init
 .text.x_DAC_Start
                0x00000698       0x24 .\CortexM3\ARM_GCC_493\Debug\GuitarHero.a(x_DAC.o)
                0x00000698                x_DAC_Start
 .text.y_DAC_Enable
                0x000006bc       0x1c .\CortexM3\ARM_GCC_493\Debug\GuitarHero.a(y_DAC.o)
                0x000006bc                y_DAC_Enable
 .text.y_DAC_SetSpeed
                0x000006d8       0x1c .\CortexM3\ARM_GCC_493\Debug\GuitarHero.a(y_DAC.o)
                0x000006d8                y_DAC_SetSpeed
 .text.y_DAC_SetValue
                0x000006f4        0xc .\CortexM3\ARM_GCC_493\Debug\GuitarHero.a(y_DAC.o)
                0x000006f4                y_DAC_SetValue
 .text.y_DAC_DacTrim
                0x00000700       0x24 .\CortexM3\ARM_GCC_493\Debug\GuitarHero.a(y_DAC.o)
                0x00000700                y_DAC_DacTrim
 .text.y_DAC_SetRange
                0x00000724       0x20 .\CortexM3\ARM_GCC_493\Debug\GuitarHero.a(y_DAC.o)
                0x00000724                y_DAC_SetRange
 .text.y_DAC_Init
                0x00000744       0x20 .\CortexM3\ARM_GCC_493\Debug\GuitarHero.a(y_DAC.o)
                0x00000744                y_DAC_Init
 .text.y_DAC_Start
                0x00000764       0x24 .\CortexM3\ARM_GCC_493\Debug\GuitarHero.a(y_DAC.o)
                0x00000764                y_DAC_Start
 .text          0x00000788       0x20 .\CortexM3\ARM_GCC_493\Debug\GuitarHero.a(CyBootAsmGnu.o)
                0x00000788                CyDelayCycles
                0x00000798                CyEnterCriticalSection
                0x000007a0                CyExitCriticalSection
 .text.CyDelay  0x000007a8       0x2c .\CortexM3\ARM_GCC_493\Debug\GuitarHero.a(CyLib.o)
                0x000007a8                CyDelay
 .text.CyDelayUs
                0x000007d4       0x14 .\CortexM3\ARM_GCC_493\Debug\GuitarHero.a(CyLib.o)
                0x000007d4                CyDelayUs
 .text.FPS_isr_SetVector
                0x000007e8        0xc .\CortexM3\ARM_GCC_493\Debug\GuitarHero.a(FPS_isr.o)
                0x000007e8                FPS_isr_SetVector
 .text.FPS_isr_SetPriority
                0x000007f4       0x10 .\CortexM3\ARM_GCC_493\Debug\GuitarHero.a(FPS_isr.o)
                0x000007f4                FPS_isr_SetPriority
 .text.FPS_isr_Enable
                0x00000804        0xc .\CortexM3\ARM_GCC_493\Debug\GuitarHero.a(FPS_isr.o)
                0x00000804                FPS_isr_Enable
 .text.FPS_isr_Disable
                0x00000810        0xc .\CortexM3\ARM_GCC_493\Debug\GuitarHero.a(FPS_isr.o)
                0x00000810                FPS_isr_Disable
 .text.FPS_isr_StartEx
                0x0000081c       0x1c .\CortexM3\ARM_GCC_493\Debug\GuitarHero.a(FPS_isr.o)
                0x0000081c                FPS_isr_StartEx
 .text.BLE_UART_Init
                0x00000838       0x14 .\CortexM3\ARM_GCC_493\Debug\GuitarHero.a(BLE_UART.o)
                0x00000838                BLE_UART_Init
 .text.BLE_UART_Enable
                0x0000084c       0x2c .\CortexM3\ARM_GCC_493\Debug\GuitarHero.a(BLE_UART.o)
                0x0000084c                BLE_UART_Enable
 .text.BLE_UART_Start
                0x00000878       0x1c .\CortexM3\ARM_GCC_493\Debug\GuitarHero.a(BLE_UART.o)
                0x00000878                BLE_UART_Start
 .text.BLE_UART_GetChar
                0x00000894       0x2c .\CortexM3\ARM_GCC_493\Debug\GuitarHero.a(BLE_UART.o)
                0x00000894                BLE_UART_GetChar
 .text.BLE_Rx_isr_SetVector
                0x000008c0        0xc .\CortexM3\ARM_GCC_493\Debug\GuitarHero.a(BLE_Rx_isr.o)
                0x000008c0                BLE_Rx_isr_SetVector
 .text.BLE_Rx_isr_SetPriority
                0x000008cc       0x10 .\CortexM3\ARM_GCC_493\Debug\GuitarHero.a(BLE_Rx_isr.o)
                0x000008cc                BLE_Rx_isr_SetPriority
 .text.BLE_Rx_isr_Enable
                0x000008dc        0xc .\CortexM3\ARM_GCC_493\Debug\GuitarHero.a(BLE_Rx_isr.o)
                0x000008dc                BLE_Rx_isr_Enable
 .text.BLE_Rx_isr_Disable
                0x000008e8        0xc .\CortexM3\ARM_GCC_493\Debug\GuitarHero.a(BLE_Rx_isr.o)
                0x000008e8                BLE_Rx_isr_Disable
 .text.BLE_Rx_isr_StartEx
                0x000008f4       0x1c .\CortexM3\ARM_GCC_493\Debug\GuitarHero.a(BLE_Rx_isr.o)
                0x000008f4                BLE_Rx_isr_StartEx
 .text.LCD_WrCntrlNib
                0x00000910       0x34 .\CortexM3\ARM_GCC_493\Debug\GuitarHero.a(LCD.o)
 .text.LCD_WrDatNib
                0x00000944       0x44 .\CortexM3\ARM_GCC_493\Debug\GuitarHero.a(LCD.o)
 .text.LCD_IsReady
                0x00000988       0xe4 .\CortexM3\ARM_GCC_493\Debug\GuitarHero.a(LCD.o)
                0x00000988                LCD_IsReady
 .text.LCD_WriteData
                0x00000a6c       0x18 .\CortexM3\ARM_GCC_493\Debug\GuitarHero.a(LCD.o)
                0x00000a6c                LCD_WriteData
 .text.LCD_PutChar
                0x00000a84        0x8 .\CortexM3\ARM_GCC_493\Debug\GuitarHero.a(LCD.o)
                0x00000a84                LCD_PutChar
 .text.LCD_WriteControl
                0x00000a8c       0x18 .\CortexM3\ARM_GCC_493\Debug\GuitarHero.a(LCD.o)
                0x00000a8c                LCD_WriteControl
 .text.LCD_Init
                0x00000aa4       0x6c .\CortexM3\ARM_GCC_493\Debug\GuitarHero.a(LCD.o)
                0x00000aa4                LCD_Init
 .text.LCD_Enable
                0x00000b10       0x14 .\CortexM3\ARM_GCC_493\Debug\GuitarHero.a(LCD.o)
                0x00000b10                LCD_Enable
 .text.LCD_Start
                0x00000b24       0x1c .\CortexM3\ARM_GCC_493\Debug\GuitarHero.a(LCD.o)
                0x00000b24                LCD_Start
 .text.LCD_Position
                0x00000b40       0x3c .\CortexM3\ARM_GCC_493\Debug\GuitarHero.a(LCD.o)
                0x00000b40                LCD_Position
 .text.BLE_UART_IntClock_Start
                0x00000b7c       0x1c .\CortexM3\ARM_GCC_493\Debug\GuitarHero.a(BLE_UART_IntClock.o)
                0x00000b7c                BLE_UART_IntClock_Start
 .text.__errno  0x00000b98        0xc c:/program files (x86)/cypress/psoc creator/3.3/psoc creator/import/gnu/arm/4.9.3/bin/../lib/gcc/arm-none-eabi/4.9.3/../../../../arm-none-eabi/lib/armv7-m\libg_nano.a(lib_a-errno.o)
                0x00000b98                __errno
 .text.__libc_init_array
                0x00000ba4       0x4c c:/program files (x86)/cypress/psoc creator/3.3/psoc creator/import/gnu/arm/4.9.3/bin/../lib/gcc/arm-none-eabi/4.9.3/../../../../arm-none-eabi/lib/armv7-m\libg_nano.a(lib_a-init.o)
                0x00000ba4                __libc_init_array
 .text.malloc   0x00000bf0       0x10 c:/program files (x86)/cypress/psoc creator/3.3/psoc creator/import/gnu/arm/4.9.3/bin/../lib/gcc/arm-none-eabi/4.9.3/../../../../arm-none-eabi/lib/armv7-m\libg_nano.a(lib_a-malloc.o)
                0x00000bf0                malloc
 .text.memcpy   0x00000c00       0x16 c:/program files (x86)/cypress/psoc creator/3.3/psoc creator/import/gnu/arm/4.9.3/bin/../lib/gcc/arm-none-eabi/4.9.3/../../../../arm-none-eabi/lib/armv7-m\libg_nano.a(lib_a-memcpy.o)
                0x00000c00                memcpy
 .text.memset   0x00000c16       0x10 c:/program files (x86)/cypress/psoc creator/3.3/psoc creator/import/gnu/arm/4.9.3/bin/../lib/gcc/arm-none-eabi/4.9.3/../../../../arm-none-eabi/lib/armv7-m\libg_nano.a(lib_a-memset.o)
                0x00000c16                memset
 *fill*         0x00000c26        0x2 
 .text._malloc_r
                0x00000c28       0xac c:/program files (x86)/cypress/psoc creator/3.3/psoc creator/import/gnu/arm/4.9.3/bin/../lib/gcc/arm-none-eabi/4.9.3/../../../../arm-none-eabi/lib/armv7-m\libg_nano.a(lib_a-nano-mallocr.o)
                0x00000c28                _malloc_r
 .text._sbrk_r  0x00000cd4       0x20 c:/program files (x86)/cypress/psoc creator/3.3/psoc creator/import/gnu/arm/4.9.3/bin/../lib/gcc/arm-none-eabi/4.9.3/../../../../arm-none-eabi/lib/armv7-m\libg_nano.a(lib_a-sbrkr.o)
                0x00000cd4                _sbrk_r
 *(.plt)
 *(.gnu.warning)
 *(.glue_7t)
 .glue_7t       0x00000000        0x0 linker stubs
 *(.glue_7)
 .glue_7        0x00000000        0x0 linker stubs
 *(.vfp11_veneer)
 .vfp11_veneer  0x00000000        0x0 linker stubs
 *(.bootloader)
 *(.ARM.extab* .gnu.linkonce.armextab.*)
 *(.gcc_except_table)

.v4_bx          0x00000cf4        0x0
 .v4_bx         0x00000000        0x0 linker stubs

.iplt           0x00000cf4        0x0
 .iplt          0x00000000        0x0 c:/program files (x86)/cypress/psoc creator/3.3/psoc creator/import/gnu/arm/4.9.3/bin/../lib/gcc/arm-none-eabi/4.9.3/armv7-m/crtbegin.o

.eh_frame_hdr
 *(.eh_frame_hdr)

.eh_frame       0x00000cf4        0x4
 *(.eh_frame)
 .eh_frame      0x00000cf4        0x0 c:/program files (x86)/cypress/psoc creator/3.3/psoc creator/import/gnu/arm/4.9.3/bin/../lib/gcc/arm-none-eabi/4.9.3/armv7-m/crtbegin.o
 .eh_frame      0x00000cf4        0x4 c:/program files (x86)/cypress/psoc creator/3.3/psoc creator/import/gnu/arm/4.9.3/bin/../lib/gcc/arm-none-eabi/4.9.3/armv7-m/crtend.o
                0x00000cf8                PROVIDE (__exidx_start, .)

.ARM.exidx
 *(.ARM.exidx* .gnu.linkonce.armexidx.*)
                0x00000cf8                __exidx_end = .

.rodata         0x00000cf8       0x78
 *(.rodata .rodata.* .gnu.linkonce.r.*)
 .rodata        0x00000cf8       0x3c .\CortexM3\ARM_GCC_493\Debug\GuitarHero.a(cyfitter_cfg.o)
 .rodata.str1.1
                0x00000d34        0x2 c:/program files (x86)/cypress/psoc creator/3.3/psoc creator/import/gnu/arm/4.9.3/bin/../lib/gcc/arm-none-eabi/4.9.3/../../../../arm-none-eabi/lib/armv7-m\libg_nano.a(lib_a-impure.o)
                0x00000d38                . = ALIGN (0x4)
 *fill*         0x00000d36        0x2 
 *(.init)
 .init          0x00000d38        0x4 c:/program files (x86)/cypress/psoc creator/3.3/psoc creator/import/gnu/arm/4.9.3/bin/../lib/gcc/arm-none-eabi/4.9.3/armv7-m/crti.o
                0x00000d38                _init
 .init          0x00000d3c        0x8 c:/program files (x86)/cypress/psoc creator/3.3/psoc creator/import/gnu/arm/4.9.3/bin/../lib/gcc/arm-none-eabi/4.9.3/armv7-m/crtn.o
                0x00000d44                . = ALIGN (0x4)
                0x00000d44                __preinit_array_start = .
 *(.preinit_array)
                0x00000d44                __preinit_array_end = .
                0x00000d44                . = ALIGN (0x4)
                0x00000d44                __init_array_start = .
 *(SORT(.init_array.*))
 *(.init_array)
 .init_array    0x00000d44        0x4 c:/program files (x86)/cypress/psoc creator/3.3/psoc creator/import/gnu/arm/4.9.3/bin/../lib/gcc/arm-none-eabi/4.9.3/armv7-m/crtbegin.o
 .init_array    0x00000d48        0x4 .\CortexM3\ARM_GCC_493\Debug\Cm3Start.o
                0x00000d4c                __init_array_end = .
                0x00000d4c                . = ALIGN (0x4)
 *(.fini)
 .fini          0x00000d4c        0x4 c:/program files (x86)/cypress/psoc creator/3.3/psoc creator/import/gnu/arm/4.9.3/bin/../lib/gcc/arm-none-eabi/4.9.3/armv7-m/crti.o
                0x00000d4c                _fini
 .fini          0x00000d50        0x8 c:/program files (x86)/cypress/psoc creator/3.3/psoc creator/import/gnu/arm/4.9.3/bin/../lib/gcc/arm-none-eabi/4.9.3/armv7-m/crtn.o
                0x00000d58                . = ALIGN (0x4)
                0x00000d58                __fini_array_start = .
 *(.fini_array)
 .fini_array    0x00000d58        0x4 c:/program files (x86)/cypress/psoc creator/3.3/psoc creator/import/gnu/arm/4.9.3/bin/../lib/gcc/arm-none-eabi/4.9.3/armv7-m/crtbegin.o
 *(SORT(.fini_array.*))
                0x00000d5c                __fini_array_end = .
                0x00000d5c                . = ALIGN (0x4)
 *crtbegin.o(.ctors)
 *(EXCLUDE_FILE(*crtend.o) .ctors)
 *(SORT(.ctors.*))
 *crtend.o(.ctors)
                0x00000d5c                . = ALIGN (0x4)
 *crtbegin.o(.dtors)
 *(EXCLUDE_FILE(*crtend.o) .dtors)
 *(SORT(.dtors.*))
 *crtend.o(.dtors)
                0x00000d5c                . = ALIGN (0x4)
                0x00000d5c                __cy_regions = .
                0x00000d5c        0x4 LONG 0xd70 __cy_region_init_ram
                0x00000d60        0x4 LONG 0x1fff8108 __cy_region_start_data
                0x00000d64        0x4 LONG 0x80 __cy_region_init_size_ram
                0x00000d68        0x4 LONG 0x40c0 __cy_region_zero_size_ram
                0x00000d6c                __cy_regions_end = .
                0x00000d70                . = ALIGN (0x8)
 *fill*         0x00000d6c        0x4 
                0x00000d70                _etext = .

.cy_checksum_exclude
                0x00000d70        0x0
 *(.cy_checksum_exclude)

.ramvectors     0x1fff8000      0x100
                0x1fff8000                __cy_region_start_ram = .
 *(.ramvectors)
 .ramvectors    0x1fff8000      0x100 .\CortexM3\ARM_GCC_493\Debug\Cm3Start.o
                0x1fff8000                CyRamVectors

.noinit         0x1fff8100        0x5
 *(.noinit)
 .noinit        0x1fff8100        0x4 .\CortexM3\ARM_GCC_493\Debug\Cm3Start.o
 .noinit        0x1fff8104        0x1 .\CortexM3\ARM_GCC_493\Debug\GuitarHero.a(CyLib.o)
                0x1fff8104                CyResetStatus

.data           0x1fff8108       0x80 load address 0x00000d70
                0x1fff8108                __cy_region_start_data = .
 *(.jcr)
 .jcr           0x1fff8108        0x0 c:/program files (x86)/cypress/psoc creator/3.3/psoc creator/import/gnu/arm/4.9.3/bin/../lib/gcc/arm-none-eabi/4.9.3/armv7-m/crtbegin.o
 .jcr           0x1fff8108        0x4 c:/program files (x86)/cypress/psoc creator/3.3/psoc creator/import/gnu/arm/4.9.3/bin/../lib/gcc/arm-none-eabi/4.9.3/armv7-m/crtend.o
 *(.got.plt)
 *(.got)
 *(.shdata)
 *(.data .data.* .gnu.linkonce.d.*)
 .data          0x1fff810c        0x4 .\CortexM3\ARM_GCC_493\Debug\Cm3Start.o
 .data          0x1fff8110       0x10 .\CortexM3\ARM_GCC_493\Debug\GuitarHero.a(CyLib.o)
                0x1fff8110                cydelay_32k_ms
                0x1fff8114                cydelay_freq_khz
                0x1fff8118                cydelay_freq_mhz
                0x1fff811c                cydelay_freq_hz
 .data.impure_data
                0x1fff8120       0x60 c:/program files (x86)/cypress/psoc creator/3.3/psoc creator/import/gnu/arm/4.9.3/bin/../lib/gcc/arm-none-eabi/4.9.3/../../../../arm-none-eabi/lib/armv7-m\libg_nano.a(lib_a-impure.o)
 .data._impure_ptr
                0x1fff8180        0x4 c:/program files (x86)/cypress/psoc creator/3.3/psoc creator/import/gnu/arm/4.9.3/bin/../lib/gcc/arm-none-eabi/4.9.3/../../../../arm-none-eabi/lib/armv7-m\libg_nano.a(lib_a-impure.o)
                0x1fff8180                _impure_ptr
                0x1fff8188                . = ALIGN (0x8)
 *fill*         0x1fff8184        0x4 
 *(.ram)
                0x1fff8188                _edata = .

.igot.plt       0x1fff8188        0x0 load address 0x00000df0
 .igot.plt      0x00000000        0x0 c:/program files (x86)/cypress/psoc creator/3.3/psoc creator/import/gnu/arm/4.9.3/bin/../lib/gcc/arm-none-eabi/4.9.3/armv7-m/crtbegin.o

.bss            0x1fff8188     0x40c0 load address 0x00000df0
                0x1fff8188                PROVIDE (__bss_start__, .)
 *(.shbss)
 *(.bss .bss.* .gnu.linkonce.b.*)
 .bss           0x1fff8188       0x1c c:/program files (x86)/cypress/psoc creator/3.3/psoc creator/import/gnu/arm/4.9.3/bin/../lib/gcc/arm-none-eabi/4.9.3/armv7-m/crtbegin.o
 .bss           0x1fff81a4        0x1 .\CortexM3\ARM_GCC_493\Debug\GuitarHero.a(x_DAC.o)
                0x1fff81a4                x_DAC_initVar
 .bss           0x1fff81a5        0x1 .\CortexM3\ARM_GCC_493\Debug\GuitarHero.a(y_DAC.o)
                0x1fff81a5                y_DAC_initVar
 .bss           0x1fff81a6        0x1 .\CortexM3\ARM_GCC_493\Debug\GuitarHero.a(BLE_UART.o)
                0x1fff81a6                BLE_UART_initVar
 .bss           0x1fff81a7        0x2 .\CortexM3\ARM_GCC_493\Debug\GuitarHero.a(LCD.o)
                0x1fff81a7                LCD_enableState
                0x1fff81a8                LCD_initVar
 *fill*         0x1fff81a9        0x3 
 .bss.__malloc_sbrk_start
                0x1fff81ac        0x4 c:/program files (x86)/cypress/psoc creator/3.3/psoc creator/import/gnu/arm/4.9.3/bin/../lib/gcc/arm-none-eabi/4.9.3/../../../../arm-none-eabi/lib/armv7-m\libg_nano.a(lib_a-nano-mallocr.o)
                0x1fff81ac                __malloc_sbrk_start
 .bss.__malloc_free_list
                0x1fff81b0        0x4 c:/program files (x86)/cypress/psoc creator/3.3/psoc creator/import/gnu/arm/4.9.3/bin/../lib/gcc/arm-none-eabi/4.9.3/../../../../arm-none-eabi/lib/armv7-m\libg_nano.a(lib_a-nano-mallocr.o)
                0x1fff81b0                __malloc_free_list
 *(COMMON)
 COMMON         0x1fff81b4     0x4090 .\CortexM3\ARM_GCC_493\Debug\main.o
                0x1fff81b4                n_sprites
                0x1fff81b8                sprites
                0x1fff8238                new_flag
                0x1fff823c                points
                0x1fffa23c                new_points
                0x1fffc23c                n_points
                0x1fffc240                new_n_points
 COMMON         0x1fffc244        0x4 c:/program files (x86)/cypress/psoc creator/3.3/psoc creator/import/gnu/arm/4.9.3/bin/../lib/gcc/arm-none-eabi/4.9.3/../../../../arm-none-eabi/lib/armv7-m\libg_nano.a(lib_a-reent.o)
                0x1fffc244                errno
                0x1fffc248                . = ALIGN (0x8)
 *(.ram.b)
                0x1fffc248                _end = .
                0x1fffc248                __end = .
                0x1fffc248                PROVIDE (end, .)
                0x1fffc248                PROVIDE (__bss_end__, .)
                0x00000d70                __cy_region_init_ram = LOADADDR (.data)
                0x00000080                __cy_region_init_size_ram = (_edata - ADDR (.data))
                0x000040c0                __cy_region_zero_size_ram = (_end - _edata)

.heap           0x1fffc248       0x80 load address 0x00000df0
                0x1fffc248                . = _end
                0x1fffc2c8                . = (. + 0x80)
 *fill*         0x1fffc248       0x80 
                0x1fffc2c8                __cy_heap_limit = .

.stack          0x20007800      0x800
                0x20007800                __cy_stack_limit = .
                0x20008000                . = (. + 0x800)
 *fill*         0x20007800      0x800 
                0x00000001                ASSERT ((__cy_stack_limit >= __cy_heap_limit), region RAM overflowed with stack)
                0x00000000                cy_checksum_exclude_size = (CY_APPL_LOADABLE == 0x1)?SIZEOF (.cy_checksum_exclude):0x0
                0x00000001                ASSERT ((cy_checksum_exclude_size <= CY_CHECKSUM_EXCLUDE_SIZE), CY_BOOT: Section .cy_checksum_exclude size exceedes specified limit.)

.cyloadermeta
 *(.cyloadermeta)

.cyloadablemeta
 *(.cyloadablemeta)

.cyconfigecc    0x80000000      0x23c
 *(.cyconfigecc)
 .cyconfigecc   0x80000000      0x23c .\CortexM3\ARM_GCC_493\Debug\cymetadata.o
                0x80000000                cy_meta_configecc

.cycustnvl      0x90000000        0x4
 *(.cycustnvl)
 .cycustnvl     0x90000000        0x4 .\CortexM3\ARM_GCC_493\Debug\cymetadata.o
                0x90000000                cy_meta_custnvl

.cywolatch      0x90100000        0x4
 *(.cywolatch)
 .cywolatch     0x90100000        0x4 .\CortexM3\ARM_GCC_493\Debug\cymetadata.o
                0x90100000                cy_meta_wonvl

.cyeeprom       0x90200000        0x0
 *(.cyeeprom)
                0x00000001                ASSERT ((. <= ((0x90200000 + ee_offset) + ee_size)), .cyeeprom data will not fit in EEPROM)

.cyflashprotect
                0x90400000      0x100
 *(.cyflashprotect)
 .cyflashprotect
                0x90400000      0x100 .\CortexM3\ARM_GCC_493\Debug\cymetadata.o
                0x90400000                cy_meta_flashprotect

.cymeta         0x90500000        0xc
 *(.cymeta)
 .cymeta        0x90500000        0xc .\CortexM3\ARM_GCC_493\Debug\cymetadata.o
                0x90500000                cy_metadata

.rel.dyn        0x00000df0        0x0 load address 0x9050000c
 .rel.iplt      0x00000000        0x0 c:/program files (x86)/cypress/psoc creator/3.3/psoc creator/import/gnu/arm/4.9.3/bin/../lib/gcc/arm-none-eabi/4.9.3/armv7-m/crtbegin.o

.stab
 *(.stab)

.stabstr
 *(.stabstr)

.debug
 *(.debug)

.line
 *(.line)

.debug_srcinfo
 *(.debug_srcinfo)

.debug_sfnames
 *(.debug_sfnames)

.debug_aranges  0x00000000      0x8d0
 *(.debug_aranges)
 .debug_aranges
                0x00000000       0x50 .\CortexM3\ARM_GCC_493\Debug\main.o
 .debug_aranges
                0x00000050       0x30 .\CortexM3\ARM_GCC_493\Debug\sprite_utils.o
 .debug_aranges
                0x00000080       0x18 .\CortexM3\ARM_GCC_493\Debug\cymetadata.o
 .debug_aranges
                0x00000098       0x48 .\CortexM3\ARM_GCC_493\Debug\Cm3Start.o
 .debug_aranges
                0x000000e0       0x58 .\CortexM3\ARM_GCC_493\Debug\GuitarHero.a(cyfitter_cfg.o)
 .debug_aranges
                0x00000138       0x58 .\CortexM3\ARM_GCC_493\Debug\GuitarHero.a(x_DAC.o)
 .debug_aranges
                0x00000190       0x58 .\CortexM3\ARM_GCC_493\Debug\GuitarHero.a(y_DAC.o)
 .debug_aranges
                0x000001e8       0x20 .\CortexM3\ARM_GCC_493\Debug\GuitarHero.a(CyBootAsmGnu.o)
 .debug_aranges
                0x00000208      0x298 .\CortexM3\ARM_GCC_493\Debug\GuitarHero.a(CyLib.o)
 .debug_aranges
                0x000004a0       0x98 .\CortexM3\ARM_GCC_493\Debug\GuitarHero.a(cyPm.o)
 .debug_aranges
                0x00000538       0x80 .\CortexM3\ARM_GCC_493\Debug\GuitarHero.a(FPS_isr.o)
 .debug_aranges
                0x000005b8       0x98 .\CortexM3\ARM_GCC_493\Debug\GuitarHero.a(BLE_UART.o)
 .debug_aranges
                0x00000650       0x80 .\CortexM3\ARM_GCC_493\Debug\GuitarHero.a(BLE_Rx_isr.o)
 .debug_aranges
                0x000006d0       0x98 .\CortexM3\ARM_GCC_493\Debug\GuitarHero.a(LCD.o)
 .debug_aranges
                0x00000768       0x70 .\CortexM3\ARM_GCC_493\Debug\GuitarHero.a(BLE_UART_IntClock.o)
 .debug_aranges
                0x000007d8       0x80 .\CortexM3\ARM_GCC_493\Debug\GuitarHero.a(CyFlash.o)
 .debug_aranges
                0x00000858       0x78 .\CortexM3\ARM_GCC_493\Debug\GuitarHero.a(CySpc.o)

.debug_pubnames
 *(.debug_pubnames)

.debug_info     0x00000000     0x519f
 *(.debug_info .gnu.linkonce.wi.*)
 .debug_info    0x00000000      0x4e8 .\CortexM3\ARM_GCC_493\Debug\main.o
 .debug_info    0x000004e8      0x2f1 .\CortexM3\ARM_GCC_493\Debug\sprite_utils.o
 .debug_info    0x000007d9      0x13b .\CortexM3\ARM_GCC_493\Debug\cymetadata.o
 .debug_info    0x00000914      0x3a6 .\CortexM3\ARM_GCC_493\Debug\Cm3Start.o
 .debug_info    0x00000cba      0x4da .\CortexM3\ARM_GCC_493\Debug\GuitarHero.a(cyfitter_cfg.o)
 .debug_info    0x00001194      0x1df .\CortexM3\ARM_GCC_493\Debug\GuitarHero.a(x_DAC.o)
 .debug_info    0x00001373      0x1df .\CortexM3\ARM_GCC_493\Debug\GuitarHero.a(y_DAC.o)
 .debug_info    0x00001552       0x90 .\CortexM3\ARM_GCC_493\Debug\GuitarHero.a(CyBootAsmGnu.o)
 .debug_info    0x000015e2     0x1376 .\CortexM3\ARM_GCC_493\Debug\GuitarHero.a(CyLib.o)
 .debug_info    0x00002958      0xa5e .\CortexM3\ARM_GCC_493\Debug\GuitarHero.a(cyPm.o)
 .debug_info    0x000033b6      0x2d2 .\CortexM3\ARM_GCC_493\Debug\GuitarHero.a(FPS_isr.o)
 .debug_info    0x00003688      0x3a5 .\CortexM3\ARM_GCC_493\Debug\GuitarHero.a(BLE_UART.o)
 .debug_info    0x00003a2d      0x2d2 .\CortexM3\ARM_GCC_493\Debug\GuitarHero.a(BLE_Rx_isr.o)
 .debug_info    0x00003cff      0x71d .\CortexM3\ARM_GCC_493\Debug\GuitarHero.a(LCD.o)
 .debug_info    0x0000441c      0x283 .\CortexM3\ARM_GCC_493\Debug\GuitarHero.a(BLE_UART_IntClock.o)
 .debug_info    0x0000469f      0x60f .\CortexM3\ARM_GCC_493\Debug\GuitarHero.a(CyFlash.o)
 .debug_info    0x00004cae      0x4f1 .\CortexM3\ARM_GCC_493\Debug\GuitarHero.a(CySpc.o)

.debug_abbrev   0x00000000     0x1910
 *(.debug_abbrev)
 .debug_abbrev  0x00000000      0x1d1 .\CortexM3\ARM_GCC_493\Debug\main.o
 .debug_abbrev  0x000001d1      0x1a6 .\CortexM3\ARM_GCC_493\Debug\sprite_utils.o
 .debug_abbrev  0x00000377       0x66 .\CortexM3\ARM_GCC_493\Debug\cymetadata.o
 .debug_abbrev  0x000003dd      0x200 .\CortexM3\ARM_GCC_493\Debug\Cm3Start.o
 .debug_abbrev  0x000005dd      0x203 .\CortexM3\ARM_GCC_493\Debug\GuitarHero.a(cyfitter_cfg.o)
 .debug_abbrev  0x000007e0       0xf7 .\CortexM3\ARM_GCC_493\Debug\GuitarHero.a(x_DAC.o)
 .debug_abbrev  0x000008d7       0xf7 .\CortexM3\ARM_GCC_493\Debug\GuitarHero.a(y_DAC.o)
 .debug_abbrev  0x000009ce       0x14 .\CortexM3\ARM_GCC_493\Debug\GuitarHero.a(CyBootAsmGnu.o)
 .debug_abbrev  0x000009e2      0x296 .\CortexM3\ARM_GCC_493\Debug\GuitarHero.a(CyLib.o)
 .debug_abbrev  0x00000c78      0x1ed .\CortexM3\ARM_GCC_493\Debug\GuitarHero.a(cyPm.o)
 .debug_abbrev  0x00000e65      0x173 .\CortexM3\ARM_GCC_493\Debug\GuitarHero.a(FPS_isr.o)
 .debug_abbrev  0x00000fd8      0x16d .\CortexM3\ARM_GCC_493\Debug\GuitarHero.a(BLE_UART.o)
 .debug_abbrev  0x00001145      0x173 .\CortexM3\ARM_GCC_493\Debug\GuitarHero.a(BLE_Rx_isr.o)
 .debug_abbrev  0x000012b8      0x171 .\CortexM3\ARM_GCC_493\Debug\GuitarHero.a(LCD.o)
 .debug_abbrev  0x00001429      0x139 .\CortexM3\ARM_GCC_493\Debug\GuitarHero.a(BLE_UART_IntClock.o)
 .debug_abbrev  0x00001562      0x1ed .\CortexM3\ARM_GCC_493\Debug\GuitarHero.a(CyFlash.o)
 .debug_abbrev  0x0000174f      0x1c1 .\CortexM3\ARM_GCC_493\Debug\GuitarHero.a(CySpc.o)

.debug_line     0x00000000     0x22da
 *(.debug_line)
 .debug_line    0x00000000      0x277 .\CortexM3\ARM_GCC_493\Debug\main.o
 .debug_line    0x00000277      0x256 .\CortexM3\ARM_GCC_493\Debug\sprite_utils.o
 .debug_line    0x000004cd       0x53 .\CortexM3\ARM_GCC_493\Debug\cymetadata.o
 .debug_line    0x00000520      0x249 .\CortexM3\ARM_GCC_493\Debug\Cm3Start.o
 .debug_line    0x00000769      0x1e5 .\CortexM3\ARM_GCC_493\Debug\GuitarHero.a(cyfitter_cfg.o)
 .debug_line    0x0000094e       0xe4 .\CortexM3\ARM_GCC_493\Debug\GuitarHero.a(x_DAC.o)
 .debug_line    0x00000a32       0xe4 .\CortexM3\ARM_GCC_493\Debug\GuitarHero.a(y_DAC.o)
 .debug_line    0x00000b16       0x68 .\CortexM3\ARM_GCC_493\Debug\GuitarHero.a(CyBootAsmGnu.o)
 .debug_line    0x00000b7e      0x806 .\CortexM3\ARM_GCC_493\Debug\GuitarHero.a(CyLib.o)
 .debug_line    0x00001384      0x366 .\CortexM3\ARM_GCC_493\Debug\GuitarHero.a(cyPm.o)
 .debug_line    0x000016ea      0x14d .\CortexM3\ARM_GCC_493\Debug\GuitarHero.a(FPS_isr.o)
 .debug_line    0x00001837      0x1b2 .\CortexM3\ARM_GCC_493\Debug\GuitarHero.a(BLE_UART.o)
 .debug_line    0x000019e9      0x150 .\CortexM3\ARM_GCC_493\Debug\GuitarHero.a(BLE_Rx_isr.o)
 .debug_line    0x00001b39      0x1de .\CortexM3\ARM_GCC_493\Debug\GuitarHero.a(LCD.o)
 .debug_line    0x00001d17      0x199 .\CortexM3\ARM_GCC_493\Debug\GuitarHero.a(BLE_UART_IntClock.o)
 .debug_line    0x00001eb0      0x1ec .\CortexM3\ARM_GCC_493\Debug\GuitarHero.a(CyFlash.o)
 .debug_line    0x0000209c      0x23e .\CortexM3\ARM_GCC_493\Debug\GuitarHero.a(CySpc.o)

.debug_frame    0x00000000     0x1848
 *(.debug_frame)
 .debug_frame   0x00000000       0xd8 .\CortexM3\ARM_GCC_493\Debug\main.o
 .debug_frame   0x000000d8       0xa0 .\CortexM3\ARM_GCC_493\Debug\sprite_utils.o
 .debug_frame   0x00000178       0xac .\CortexM3\ARM_GCC_493\Debug\Cm3Start.o
 .debug_frame   0x00000224       0xe4 .\CortexM3\ARM_GCC_493\Debug\GuitarHero.a(cyfitter_cfg.o)
 .debug_frame   0x00000308       0xb4 .\CortexM3\ARM_GCC_493\Debug\GuitarHero.a(x_DAC.o)
 .debug_frame   0x000003bc       0xb4 .\CortexM3\ARM_GCC_493\Debug\GuitarHero.a(y_DAC.o)
 .debug_frame   0x00000470      0x728 .\CortexM3\ARM_GCC_493\Debug\GuitarHero.a(CyLib.o)
 .debug_frame   0x00000b98      0x1f8 .\CortexM3\ARM_GCC_493\Debug\GuitarHero.a(cyPm.o)
 .debug_frame   0x00000d90      0x104 .\CortexM3\ARM_GCC_493\Debug\GuitarHero.a(FPS_isr.o)
 .debug_frame   0x00000e94      0x14c .\CortexM3\ARM_GCC_493\Debug\GuitarHero.a(BLE_UART.o)
 .debug_frame   0x00000fe0      0x104 .\CortexM3\ARM_GCC_493\Debug\GuitarHero.a(BLE_Rx_isr.o)
 .debug_frame   0x000010e4      0x1e4 .\CortexM3\ARM_GCC_493\Debug\GuitarHero.a(LCD.o)
 .debug_frame   0x000012c8       0xe0 .\CortexM3\ARM_GCC_493\Debug\GuitarHero.a(BLE_UART_IntClock.o)
 .debug_frame   0x000013a8      0x174 .\CortexM3\ARM_GCC_493\Debug\GuitarHero.a(CyFlash.o)
 .debug_frame   0x0000151c      0x160 .\CortexM3\ARM_GCC_493\Debug\GuitarHero.a(CySpc.o)
 .debug_frame   0x0000167c       0x20 c:/program files (x86)/cypress/psoc creator/3.3/psoc creator/import/gnu/arm/4.9.3/bin/../lib/gcc/arm-none-eabi/4.9.3/../../../../arm-none-eabi/lib/armv7-m\libg_nano.a(lib_a-errno.o)
 .debug_frame   0x0000169c       0x28 c:/program files (x86)/cypress/psoc creator/3.3/psoc creator/import/gnu/arm/4.9.3/bin/../lib/gcc/arm-none-eabi/4.9.3/../../../../arm-none-eabi/lib/armv7-m\libg_nano.a(lib_a-exit.o)
 .debug_frame   0x000016c4       0x2c c:/program files (x86)/cypress/psoc creator/3.3/psoc creator/import/gnu/arm/4.9.3/bin/../lib/gcc/arm-none-eabi/4.9.3/../../../../arm-none-eabi/lib/armv7-m\libg_nano.a(lib_a-init.o)
 .debug_frame   0x000016f0       0x30 c:/program files (x86)/cypress/psoc creator/3.3/psoc creator/import/gnu/arm/4.9.3/bin/../lib/gcc/arm-none-eabi/4.9.3/../../../../arm-none-eabi/lib/armv7-m\libg_nano.a(lib_a-malloc.o)
 .debug_frame   0x00001720       0x28 c:/program files (x86)/cypress/psoc creator/3.3/psoc creator/import/gnu/arm/4.9.3/bin/../lib/gcc/arm-none-eabi/4.9.3/../../../../arm-none-eabi/lib/armv7-m\libg_nano.a(lib_a-memcpy.o)
 .debug_frame   0x00001748       0x20 c:/program files (x86)/cypress/psoc creator/3.3/psoc creator/import/gnu/arm/4.9.3/bin/../lib/gcc/arm-none-eabi/4.9.3/../../../../arm-none-eabi/lib/armv7-m\libg_nano.a(lib_a-memset.o)
 .debug_frame   0x00001768       0x2c c:/program files (x86)/cypress/psoc creator/3.3/psoc creator/import/gnu/arm/4.9.3/bin/../lib/gcc/arm-none-eabi/4.9.3/../../../../arm-none-eabi/lib/armv7-m\libg_nano.a(lib_a-nano-freer.o)
 .debug_frame   0x00001794       0x2c c:/program files (x86)/cypress/psoc creator/3.3/psoc creator/import/gnu/arm/4.9.3/bin/../lib/gcc/arm-none-eabi/4.9.3/../../../../arm-none-eabi/lib/armv7-m\libg_nano.a(lib_a-nano-mallocr.o)
 .debug_frame   0x000017c0       0x2c c:/program files (x86)/cypress/psoc creator/3.3/psoc creator/import/gnu/arm/4.9.3/bin/../lib/gcc/arm-none-eabi/4.9.3/../../../../arm-none-eabi/lib/armv7-m\libg_nano.a(lib_a-sbrkr.o)
 .debug_frame   0x000017ec       0x5c c:/program files (x86)/cypress/psoc creator/3.3/psoc creator/import/gnu/arm/4.9.3/bin/../lib/gcc/arm-none-eabi/4.9.3/../../../../arm-none-eabi/lib/armv7-m\libg_nano.a(lib_a-reent.o)

.debug_str      0x00000000     0x1c1d
 *(.debug_str)
 .debug_str     0x00000000      0x30d .\CortexM3\ARM_GCC_493\Debug\main.o
                                0x36d (size before relaxing)
 .debug_str     0x0000030d       0x59 .\CortexM3\ARM_GCC_493\Debug\sprite_utils.o
                                0x247 (size before relaxing)
 .debug_str     0x00000366       0x77 .\CortexM3\ARM_GCC_493\Debug\cymetadata.o
                                0x1f5 (size before relaxing)
 .debug_str     0x000003dd      0x153 .\CortexM3\ARM_GCC_493\Debug\Cm3Start.o
                                0x315 (size before relaxing)
 .debug_str     0x00000530      0x156 .\CortexM3\ARM_GCC_493\Debug\GuitarHero.a(cyfitter_cfg.o)
                                0x31a (size before relaxing)
 .debug_str     0x00000686       0x8f .\CortexM3\ARM_GCC_493\Debug\GuitarHero.a(x_DAC.o)
                                0x22a (size before relaxing)
 .debug_str     0x00000715       0x7e .\CortexM3\ARM_GCC_493\Debug\GuitarHero.a(y_DAC.o)
                                0x22a (size before relaxing)
 .debug_str     0x00000793      0x82f .\CortexM3\ARM_GCC_493\Debug\GuitarHero.a(CyLib.o)
                                0xa3a (size before relaxing)
 .debug_str     0x00000fc2      0x35b .\CortexM3\ARM_GCC_493\Debug\GuitarHero.a(cyPm.o)
                                0x732 (size before relaxing)
 .debug_str     0x0000131d       0xf4 .\CortexM3\ARM_GCC_493\Debug\GuitarHero.a(FPS_isr.o)
                                0x2cd (size before relaxing)
 .debug_str     0x00001411      0x1c8 .\CortexM3\ARM_GCC_493\Debug\GuitarHero.a(BLE_UART.o)
                                0x3cd (size before relaxing)
 .debug_str     0x000015d9      0x11b .\CortexM3\ARM_GCC_493\Debug\GuitarHero.a(BLE_Rx_isr.o)
                                0x2f7 (size before relaxing)
 .debug_str     0x000016f4      0x130 .\CortexM3\ARM_GCC_493\Debug\GuitarHero.a(LCD.o)
                                0x336 (size before relaxing)
 .debug_str     0x00001824      0x1ad .\CortexM3\ARM_GCC_493\Debug\GuitarHero.a(BLE_UART_IntClock.o)
                                0x371 (size before relaxing)
 .debug_str     0x000019d1      0x19e .\CortexM3\ARM_GCC_493\Debug\GuitarHero.a(CyFlash.o)
                                0x3ac (size before relaxing)
 .debug_str     0x00001b6f       0xae .\CortexM3\ARM_GCC_493\Debug\GuitarHero.a(CySpc.o)
                                0x335 (size before relaxing)

.debug_loc      0x00000000     0x21ad
 *(.debug_loc)
 .debug_loc     0x00000000       0x51 .\CortexM3\ARM_GCC_493\Debug\main.o
 .debug_loc     0x00000051      0x1e8 .\CortexM3\ARM_GCC_493\Debug\sprite_utils.o
 .debug_loc     0x00000239      0x144 .\CortexM3\ARM_GCC_493\Debug\Cm3Start.o
 .debug_loc     0x0000037d      0x1d7 .\CortexM3\ARM_GCC_493\Debug\GuitarHero.a(cyfitter_cfg.o)
 .debug_loc     0x00000554       0x79 .\CortexM3\ARM_GCC_493\Debug\GuitarHero.a(x_DAC.o)
 .debug_loc     0x000005cd       0x79 .\CortexM3\ARM_GCC_493\Debug\GuitarHero.a(y_DAC.o)
 .debug_loc     0x00000646      0xa11 .\CortexM3\ARM_GCC_493\Debug\GuitarHero.a(CyLib.o)
 .debug_loc     0x00001057      0x1e4 .\CortexM3\ARM_GCC_493\Debug\GuitarHero.a(cyPm.o)
 .debug_loc     0x0000123b       0x56 .\CortexM3\ARM_GCC_493\Debug\GuitarHero.a(FPS_isr.o)
 .debug_loc     0x00001291       0x87 .\CortexM3\ARM_GCC_493\Debug\GuitarHero.a(BLE_UART.o)
 .debug_loc     0x00001318       0x56 .\CortexM3\ARM_GCC_493\Debug\GuitarHero.a(BLE_Rx_isr.o)
 .debug_loc     0x0000136e      0x3c6 .\CortexM3\ARM_GCC_493\Debug\GuitarHero.a(LCD.o)
 .debug_loc     0x00001734      0x12c .\CortexM3\ARM_GCC_493\Debug\GuitarHero.a(BLE_UART_IntClock.o)
 .debug_loc     0x00001860      0x300 .\CortexM3\ARM_GCC_493\Debug\GuitarHero.a(CyFlash.o)
 .debug_loc     0x00001b60      0x64d .\CortexM3\ARM_GCC_493\Debug\GuitarHero.a(CySpc.o)

.debug_macinfo
 *(.debug_macinfo)

.debug_ranges   0x00000000      0x7d8
 *(.debug_ranges)
 .debug_ranges  0x00000000       0x40 .\CortexM3\ARM_GCC_493\Debug\main.o
 .debug_ranges  0x00000040       0x50 .\CortexM3\ARM_GCC_493\Debug\sprite_utils.o
 .debug_ranges  0x00000090       0x38 .\CortexM3\ARM_GCC_493\Debug\Cm3Start.o
 .debug_ranges  0x000000c8       0x48 .\CortexM3\ARM_GCC_493\Debug\GuitarHero.a(cyfitter_cfg.o)
 .debug_ranges  0x00000110       0x48 .\CortexM3\ARM_GCC_493\Debug\GuitarHero.a(x_DAC.o)
 .debug_ranges  0x00000158       0x48 .\CortexM3\ARM_GCC_493\Debug\GuitarHero.a(y_DAC.o)
 .debug_ranges  0x000001a0      0x288 .\CortexM3\ARM_GCC_493\Debug\GuitarHero.a(CyLib.o)
 .debug_ranges  0x00000428       0x88 .\CortexM3\ARM_GCC_493\Debug\GuitarHero.a(cyPm.o)
 .debug_ranges  0x000004b0       0x70 .\CortexM3\ARM_GCC_493\Debug\GuitarHero.a(FPS_isr.o)
 .debug_ranges  0x00000520       0x88 .\CortexM3\ARM_GCC_493\Debug\GuitarHero.a(BLE_UART.o)
 .debug_ranges  0x000005a8       0x70 .\CortexM3\ARM_GCC_493\Debug\GuitarHero.a(BLE_Rx_isr.o)
 .debug_ranges  0x00000618       0x88 .\CortexM3\ARM_GCC_493\Debug\GuitarHero.a(LCD.o)
 .debug_ranges  0x000006a0       0x60 .\CortexM3\ARM_GCC_493\Debug\GuitarHero.a(BLE_UART_IntClock.o)
 .debug_ranges  0x00000700       0x70 .\CortexM3\ARM_GCC_493\Debug\GuitarHero.a(CyFlash.o)
 .debug_ranges  0x00000770       0x68 .\CortexM3\ARM_GCC_493\Debug\GuitarHero.a(CySpc.o)

.comment        0x00000000       0x70
 .comment       0x00000000       0x70 .\CortexM3\ARM_GCC_493\Debug\main.o
                                 0x71 (size before relaxing)
 .comment       0x00000000       0x71 .\CortexM3\ARM_GCC_493\Debug\sprite_utils.o
 .comment       0x00000000       0x71 .\CortexM3\ARM_GCC_493\Debug\cymetadata.o
 .comment       0x00000000       0x71 .\CortexM3\ARM_GCC_493\Debug\Cm3Start.o
 .comment       0x00000000       0x71 .\CortexM3\ARM_GCC_493\Debug\GuitarHero.a(cyfitter_cfg.o)
 .comment       0x00000000       0x71 .\CortexM3\ARM_GCC_493\Debug\GuitarHero.a(x_DAC.o)
 .comment       0x00000000       0x71 .\CortexM3\ARM_GCC_493\Debug\GuitarHero.a(y_DAC.o)
 .comment       0x00000000       0x71 .\CortexM3\ARM_GCC_493\Debug\GuitarHero.a(CyLib.o)
 .comment       0x00000000       0x71 .\CortexM3\ARM_GCC_493\Debug\GuitarHero.a(cyPm.o)
 .comment       0x00000000       0x71 .\CortexM3\ARM_GCC_493\Debug\GuitarHero.a(FPS_isr.o)
 .comment       0x00000000       0x71 .\CortexM3\ARM_GCC_493\Debug\GuitarHero.a(BLE_UART.o)
 .comment       0x00000000       0x71 .\CortexM3\ARM_GCC_493\Debug\GuitarHero.a(BLE_Rx_isr.o)
 .comment       0x00000000       0x71 .\CortexM3\ARM_GCC_493\Debug\GuitarHero.a(LCD.o)
 .comment       0x00000000       0x71 .\CortexM3\ARM_GCC_493\Debug\GuitarHero.a(BLE_UART_IntClock.o)
 .comment       0x00000000       0x71 .\CortexM3\ARM_GCC_493\Debug\GuitarHero.a(CyFlash.o)
 .comment       0x00000000       0x71 .\CortexM3\ARM_GCC_493\Debug\GuitarHero.a(CySpc.o)

.debug_weaknames
 *(.debug_weaknames)

.debug_funcnames
 *(.debug_funcnames)

.debug_typenames
 *(.debug_typenames)

.debug_varnames
 *(.debug_varnames)

.note.gnu.arm.ident
 *(.note.gnu.arm.ident)

.ARM.attributes
                0x00000000       0x29
 *(.ARM.attributes)
 .ARM.attributes
                0x00000000       0x1d c:/program files (x86)/cypress/psoc creator/3.3/psoc creator/import/gnu/arm/4.9.3/bin/../lib/gcc/arm-none-eabi/4.9.3/armv7-m/crti.o
 .ARM.attributes
                0x0000001d       0x2d c:/program files (x86)/cypress/psoc creator/3.3/psoc creator/import/gnu/arm/4.9.3/bin/../lib/gcc/arm-none-eabi/4.9.3/armv7-m/crtbegin.o
 .ARM.attributes
                0x0000004a       0x1b c:/program files (x86)/cypress/psoc creator/3.3/psoc creator/import/gnu/arm/4.9.3/bin/../lib/gcc/arm-none-eabi/4.9.3/../../../../arm-none-eabi/lib/armv7-m/crt0.o
 .ARM.attributes
                0x00000065       0x33 .\CortexM3\ARM_GCC_493\Debug\main.o
 .ARM.attributes
                0x00000098       0x33 .\CortexM3\ARM_GCC_493\Debug\sprite_utils.o
 .ARM.attributes
                0x000000cb       0x33 .\CortexM3\ARM_GCC_493\Debug\cymetadata.o
 .ARM.attributes
                0x000000fe       0x33 .\CortexM3\ARM_GCC_493\Debug\Cm3Start.o
 .ARM.attributes
                0x00000131       0x33 .\CortexM3\ARM_GCC_493\Debug\GuitarHero.a(cyfitter_cfg.o)
 .ARM.attributes
                0x00000164       0x33 .\CortexM3\ARM_GCC_493\Debug\GuitarHero.a(x_DAC.o)
 .ARM.attributes
                0x00000197       0x33 .\CortexM3\ARM_GCC_493\Debug\GuitarHero.a(y_DAC.o)
 .ARM.attributes
                0x000001ca       0x21 .\CortexM3\ARM_GCC_493\Debug\GuitarHero.a(CyBootAsmGnu.o)
 .ARM.attributes
                0x000001eb       0x33 .\CortexM3\ARM_GCC_493\Debug\GuitarHero.a(CyLib.o)
 .ARM.attributes
                0x0000021e       0x33 .\CortexM3\ARM_GCC_493\Debug\GuitarHero.a(cyPm.o)
 .ARM.attributes
                0x00000251       0x33 .\CortexM3\ARM_GCC_493\Debug\GuitarHero.a(FPS_isr.o)
 .ARM.attributes
                0x00000284       0x33 .\CortexM3\ARM_GCC_493\Debug\GuitarHero.a(BLE_UART.o)
 .ARM.attributes
                0x000002b7       0x33 .\CortexM3\ARM_GCC_493\Debug\GuitarHero.a(BLE_Rx_isr.o)
 .ARM.attributes
                0x000002ea       0x33 .\CortexM3\ARM_GCC_493\Debug\GuitarHero.a(LCD.o)
 .ARM.attributes
                0x0000031d       0x33 .\CortexM3\ARM_GCC_493\Debug\GuitarHero.a(BLE_UART_IntClock.o)
 .ARM.attributes
                0x00000350       0x33 .\CortexM3\ARM_GCC_493\Debug\GuitarHero.a(CyFlash.o)
 .ARM.attributes
                0x00000383       0x33 .\CortexM3\ARM_GCC_493\Debug\GuitarHero.a(CySpc.o)
 .ARM.attributes
                0x000003b6       0x1d c:/program files (x86)/cypress/psoc creator/3.3/psoc creator/import/gnu/arm/4.9.3/bin/../lib/gcc/arm-none-eabi/4.9.3/armv7-m\libgcc.a(_arm_addsubdf3.o)
 .ARM.attributes
                0x000003d3       0x1d c:/program files (x86)/cypress/psoc creator/3.3/psoc creator/import/gnu/arm/4.9.3/bin/../lib/gcc/arm-none-eabi/4.9.3/armv7-m\libgcc.a(_arm_muldivdf3.o)
 .ARM.attributes
                0x000003f0       0x1d c:/program files (x86)/cypress/psoc creator/3.3/psoc creator/import/gnu/arm/4.9.3/bin/../lib/gcc/arm-none-eabi/4.9.3/armv7-m\libgcc.a(_arm_truncdfsf2.o)
 .ARM.attributes
                0x0000040d       0x1d c:/program files (x86)/cypress/psoc creator/3.3/psoc creator/import/gnu/arm/4.9.3/bin/../lib/gcc/arm-none-eabi/4.9.3/armv7-m\libgcc.a(_arm_muldivsf3.o)
 .ARM.attributes
                0x0000042a       0x1d c:/program files (x86)/cypress/psoc creator/3.3/psoc creator/import/gnu/arm/4.9.3/bin/../lib/gcc/arm-none-eabi/4.9.3/armv7-m\libgcc.a(_arm_fixunssfsi.o)
 .ARM.attributes
                0x00000447       0x2d c:/program files (x86)/cypress/psoc creator/3.3/psoc creator/import/gnu/arm/4.9.3/bin/../lib/gcc/arm-none-eabi/4.9.3/../../../../arm-none-eabi/lib/armv7-m\libg_nano.a(lib_a-errno.o)
 .ARM.attributes
                0x00000474       0x2d c:/program files (x86)/cypress/psoc creator/3.3/psoc creator/import/gnu/arm/4.9.3/bin/../lib/gcc/arm-none-eabi/4.9.3/../../../../arm-none-eabi/lib/armv7-m\libg_nano.a(lib_a-exit.o)
 .ARM.attributes
                0x000004a1       0x2d c:/program files (x86)/cypress/psoc creator/3.3/psoc creator/import/gnu/arm/4.9.3/bin/../lib/gcc/arm-none-eabi/4.9.3/../../../../arm-none-eabi/lib/armv7-m\libg_nano.a(lib_a-impure.o)
 .ARM.attributes
                0x000004ce       0x2d c:/program files (x86)/cypress/psoc creator/3.3/psoc creator/import/gnu/arm/4.9.3/bin/../lib/gcc/arm-none-eabi/4.9.3/../../../../arm-none-eabi/lib/armv7-m\libg_nano.a(lib_a-init.o)
 .ARM.attributes
                0x000004fb       0x2d c:/program files (x86)/cypress/psoc creator/3.3/psoc creator/import/gnu/arm/4.9.3/bin/../lib/gcc/arm-none-eabi/4.9.3/../../../../arm-none-eabi/lib/armv7-m\libg_nano.a(lib_a-malloc.o)
 .ARM.attributes
                0x00000528       0x2d c:/program files (x86)/cypress/psoc creator/3.3/psoc creator/import/gnu/arm/4.9.3/bin/../lib/gcc/arm-none-eabi/4.9.3/../../../../arm-none-eabi/lib/armv7-m\libg_nano.a(lib_a-memcpy.o)
 .ARM.attributes
                0x00000555       0x2d c:/program files (x86)/cypress/psoc creator/3.3/psoc creator/import/gnu/arm/4.9.3/bin/../lib/gcc/arm-none-eabi/4.9.3/../../../../arm-none-eabi/lib/armv7-m\libg_nano.a(lib_a-memset.o)
 .ARM.attributes
                0x00000582       0x2d c:/program files (x86)/cypress/psoc creator/3.3/psoc creator/import/gnu/arm/4.9.3/bin/../lib/gcc/arm-none-eabi/4.9.3/../../../../arm-none-eabi/lib/armv7-m\libg_nano.a(lib_a-nano-freer.o)
 .ARM.attributes
                0x000005af       0x2d c:/program files (x86)/cypress/psoc creator/3.3/psoc creator/import/gnu/arm/4.9.3/bin/../lib/gcc/arm-none-eabi/4.9.3/../../../../arm-none-eabi/lib/armv7-m\libg_nano.a(lib_a-nano-mallocr.o)
 .ARM.attributes
                0x000005dc       0x2d c:/program files (x86)/cypress/psoc creator/3.3/psoc creator/import/gnu/arm/4.9.3/bin/../lib/gcc/arm-none-eabi/4.9.3/../../../../arm-none-eabi/lib/armv7-m\libg_nano.a(lib_a-sbrkr.o)
 .ARM.attributes
                0x00000609       0x2d c:/program files (x86)/cypress/psoc creator/3.3/psoc creator/import/gnu/arm/4.9.3/bin/../lib/gcc/arm-none-eabi/4.9.3/../../../../arm-none-eabi/lib/armv7-m\libg_nano.a(lib_a-reent.o)
 .ARM.attributes
                0x00000636       0x2d c:/program files (x86)/cypress/psoc creator/3.3/psoc creator/import/gnu/arm/4.9.3/bin/../lib/gcc/arm-none-eabi/4.9.3/armv7-m/crtend.o
 .ARM.attributes
                0x00000663       0x1d c:/program files (x86)/cypress/psoc creator/3.3/psoc creator/import/gnu/arm/4.9.3/bin/../lib/gcc/arm-none-eabi/4.9.3/armv7-m/crtn.o

/DISCARD/
 *(.note.GNU-stack)
OUTPUT(.\CortexM3\ARM_GCC_493\Debug\GuitarHero.elf elf32-littlearm)
