Archive member included because of file (symbol)

.\CortexM3\ARM_GCC_493\Debug\GuitarHero.a(cyfitter_cfg.o)
                              .\CortexM3\ARM_GCC_493\Debug\Cm3Start.o (cyfitter_cfg)
.\CortexM3\ARM_GCC_493\Debug\GuitarHero.a(x_DAC.o)
                              .\CortexM3\ARM_GCC_493\Debug\main.o (x_DAC_SetValue)
.\CortexM3\ARM_GCC_493\Debug\GuitarHero.a(y_DAC.o)
                              .\CortexM3\ARM_GCC_493\Debug\main.o (y_DAC_SetValue)
.\CortexM3\ARM_GCC_493\Debug\GuitarHero.a(CyBootAsmGnu.o)
                              .\CortexM3\ARM_GCC_493\Debug\GuitarHero.a(cyfitter_cfg.o) (CyDelayCycles)
.\CortexM3\ARM_GCC_493\Debug\GuitarHero.a(CyLib.o)
                              .\CortexM3\ARM_GCC_493\Debug\Cm3Start.o (CyHalt)
.\CortexM3\ARM_GCC_493\Debug\GuitarHero.a(cyPm.o)
                              .\CortexM3\ARM_GCC_493\Debug\GuitarHero.a(CyLib.o) (CyPmReadStatus)
.\CortexM3\ARM_GCC_493\Debug\GuitarHero.a(FPS_isr.o)
                              .\CortexM3\ARM_GCC_493\Debug\main.o (FPS_isr_StartEx)
.\CortexM3\ARM_GCC_493\Debug\GuitarHero.a(BLE_UART.o)
                              .\CortexM3\ARM_GCC_493\Debug\main.o (BLE_UART_Init)
.\CortexM3\ARM_GCC_493\Debug\GuitarHero.a(BLE_Rx_isr.o)
                              .\CortexM3\ARM_GCC_493\Debug\main.o (BLE_Rx_isr_StartEx)
.\CortexM3\ARM_GCC_493\Debug\GuitarHero.a(LCD.o)
                              .\CortexM3\ARM_GCC_493\Debug\main.o (LCD_PrintString)
.\CortexM3\ARM_GCC_493\Debug\GuitarHero.a(BLE_UART_IntClock.o)
                              .\CortexM3\ARM_GCC_493\Debug\GuitarHero.a(BLE_UART.o) (BLE_UART_IntClock_Start)
.\CortexM3\ARM_GCC_493\Debug\GuitarHero.a(CyFlash.o)
                              .\CortexM3\ARM_GCC_493\Debug\GuitarHero.a(cyPm.o) (CyFlash_SetWaitCycles)
.\CortexM3\ARM_GCC_493\Debug\GuitarHero.a(CySpc.o)
                              .\CortexM3\ARM_GCC_493\Debug\GuitarHero.a(CyFlash.o) (CySpcStart)
c:/program files (x86)/cypress/psoc creator/3.3/psoc creator/import/gnu/arm/4.9.3/bin/../lib/gcc/arm-none-eabi/4.9.3/../../../../arm-none-eabi/lib/armv7-m\libm.a(lib_a-s_cos.o)
                              .\CortexM3\ARM_GCC_493\Debug\sprites.o (cos)
c:/program files (x86)/cypress/psoc creator/3.3/psoc creator/import/gnu/arm/4.9.3/bin/../lib/gcc/arm-none-eabi/4.9.3/../../../../arm-none-eabi/lib/armv7-m\libm.a(lib_a-s_sin.o)
                              .\CortexM3\ARM_GCC_493\Debug\sprites.o (sin)
c:/program files (x86)/cypress/psoc creator/3.3/psoc creator/import/gnu/arm/4.9.3/bin/../lib/gcc/arm-none-eabi/4.9.3/../../../../arm-none-eabi/lib/armv7-m\libm.a(lib_a-w_sqrt.o)
                              .\CortexM3\ARM_GCC_493\Debug\sprites.o (sqrt)
c:/program files (x86)/cypress/psoc creator/3.3/psoc creator/import/gnu/arm/4.9.3/bin/../lib/gcc/arm-none-eabi/4.9.3/../../../../arm-none-eabi/lib/armv7-m\libm.a(lib_a-e_rem_pio2.o)
                              c:/program files (x86)/cypress/psoc creator/3.3/psoc creator/import/gnu/arm/4.9.3/bin/../lib/gcc/arm-none-eabi/4.9.3/../../../../arm-none-eabi/lib/armv7-m\libm.a(lib_a-s_cos.o) (__ieee754_rem_pio2)
c:/program files (x86)/cypress/psoc creator/3.3/psoc creator/import/gnu/arm/4.9.3/bin/../lib/gcc/arm-none-eabi/4.9.3/../../../../arm-none-eabi/lib/armv7-m\libm.a(lib_a-e_sqrt.o)
                              c:/program files (x86)/cypress/psoc creator/3.3/psoc creator/import/gnu/arm/4.9.3/bin/../lib/gcc/arm-none-eabi/4.9.3/../../../../arm-none-eabi/lib/armv7-m\libm.a(lib_a-w_sqrt.o) (__ieee754_sqrt)
c:/program files (x86)/cypress/psoc creator/3.3/psoc creator/import/gnu/arm/4.9.3/bin/../lib/gcc/arm-none-eabi/4.9.3/../../../../arm-none-eabi/lib/armv7-m\libm.a(lib_a-k_cos.o)
                              c:/program files (x86)/cypress/psoc creator/3.3/psoc creator/import/gnu/arm/4.9.3/bin/../lib/gcc/arm-none-eabi/4.9.3/../../../../arm-none-eabi/lib/armv7-m\libm.a(lib_a-s_cos.o) (__kernel_cos)
c:/program files (x86)/cypress/psoc creator/3.3/psoc creator/import/gnu/arm/4.9.3/bin/../lib/gcc/arm-none-eabi/4.9.3/../../../../arm-none-eabi/lib/armv7-m\libm.a(lib_a-k_rem_pio2.o)
                              c:/program files (x86)/cypress/psoc creator/3.3/psoc creator/import/gnu/arm/4.9.3/bin/../lib/gcc/arm-none-eabi/4.9.3/../../../../arm-none-eabi/lib/armv7-m\libm.a(lib_a-e_rem_pio2.o) (__kernel_rem_pio2)
c:/program files (x86)/cypress/psoc creator/3.3/psoc creator/import/gnu/arm/4.9.3/bin/../lib/gcc/arm-none-eabi/4.9.3/../../../../arm-none-eabi/lib/armv7-m\libm.a(lib_a-k_sin.o)
                              c:/program files (x86)/cypress/psoc creator/3.3/psoc creator/import/gnu/arm/4.9.3/bin/../lib/gcc/arm-none-eabi/4.9.3/../../../../arm-none-eabi/lib/armv7-m\libm.a(lib_a-s_cos.o) (__kernel_sin)
c:/program files (x86)/cypress/psoc creator/3.3/psoc creator/import/gnu/arm/4.9.3/bin/../lib/gcc/arm-none-eabi/4.9.3/../../../../arm-none-eabi/lib/armv7-m\libm.a(lib_a-s_fabs.o)
[...]
Memory Configuration

Name             Origin             Length             Attributes
rom              0x00000000         0x00040000         xr
ram              0x1fff8000         0x00010000         xrw
*default*        0x00000000         0xffffffff

Linker script and memory map

LOAD c:/program files (x86)/cypress/psoc creator/3.3/psoc creator/import/gnu/arm/4.9.3/bin/../lib/gcc/arm-none-eabi/4.9.3/armv7-m/crti.o
LOAD c:/program files (x86)/cypress/psoc creator/3.3/psoc creator/import/gnu/arm/4.9.3/bin/../lib/gcc/arm-none-eabi/4.9.3/armv7-m/crtbegin.o
LOAD c:/program files (x86)/cypress/psoc creator/3.3/psoc creator/import/gnu/arm/4.9.3/bin/../lib/gcc/arm-none-eabi/4.9.3/../../../../arm-none-eabi/lib/armv7-m/crt0.o
START GROUP
LOAD .\CortexM3\ARM_GCC_493\Debug\main.o
LOAD .\CortexM3\ARM_GCC_493\Debug\sprites.o
LOAD .\CortexM3\ARM_GCC_493\Debug\game_manager.o
LOAD .\CortexM3\ARM_GCC_493\Debug\cymetadata.o
LOAD .\CortexM3\ARM_GCC_493\Debug\Cm3Start.o
LOAD .\CortexM3\ARM_GCC_493\Debug\GuitarHero.a
LOAD C:\Program Files (x86)\Cypress\PSoC Creator\3.3\PSoC Creator\psoc\content\cycomponentlibrary\CyComponentLibrary.cylib\CortexM3\ARM_GCC_493\Debug\CyComponentLibrary.a
LOAD c:/program files (x86)/cypress/psoc creator/3.3/psoc creator/import/gnu/arm/4.9.3/bin/../lib/gcc/arm-none-eabi/4.9.3/../../../../arm-none-eabi/lib/armv7-m\libm.a
LOAD ..\emFile_V322c\LinkLibrary\PSoC5\GCC\libemf32nosnlfn.a
END GROUP
START GROUP
LOAD c:/program files (x86)/cypress/psoc creator/3.3/psoc creator/import/gnu/arm/4.9.3/bin/../lib/gcc/arm-none-eabi/4.9.3/armv7-m\libgcc.a
LOAD c:/program files (x86)/cypress/psoc creator/3.3/psoc creator/import/gnu/arm/4.9.3/bin/../lib/gcc/arm-none-eabi/4.9.3/../../../../arm-none-eabi/lib/armv7-m\libg_nano.a
LOAD c:/program files (x86)/cypress/psoc creator/3.3/psoc creator/import/gnu/arm/4.9.3/bin/../lib/gcc/arm-none-eabi/4.9.3/../../../../arm-none-eabi/lib/armv7-m\libc_nano.a
END GROUP
START GROUP
LOAD c:/program files (x86)/cypress/psoc creator/3.3/psoc creator/import/gnu/arm/4.9.3/bin/../lib/gcc/arm-none-eabi/4.9.3/armv7-m\libgcc.a
LOAD c:/program files (x86)/cypress/psoc creator/3.3/psoc creator/import/gnu/arm/4.9.3/bin/../lib/gcc/arm-none-eabi/4.9.3/../../../../arm-none-eabi/lib/armv7-m\libc_nano.a
END GROUP
LOAD c:/program files (x86)/cypress/psoc creator/3.3/psoc creator/import/gnu/arm/4.9.3/bin/../lib/gcc/arm-none-eabi/4.9.3/armv7-m/crtend.o
LOAD c:/program files (x86)/cypress/psoc creator/3.3/psoc creator/import/gnu/arm/4.9.3/bin/../lib/gcc/arm-none-eabi/4.9.3/armv7-m/crtn.o
START GROUP
LOAD c:/program files (x86)/cypress/psoc creator/3.3/psoc creator/import/gnu/arm/4.9.3/bin/../lib/gcc/arm-none-eabi/4.9.3/armv7-m\libgcc.a
LOAD c:/program files (x86)/cypress/psoc creator/3.3/psoc creator/import/gnu/arm/4.9.3/bin/../lib/gcc/arm-none-eabi/4.9.3/../../../../arm-none-eabi/lib/armv7-m\libc.a
LOAD c:/program files (x86)/cypress/psoc creator/3.3/psoc creator/import/gnu/arm/4.9.3/bin/../lib/gcc/arm-none-eabi/4.9.3/../../../../arm-none-eabi/lib/armv7-m\libnosys.a
END GROUP
                0x00000000                CY_APPL_ORIGIN = 0x0
                0x00000100                CY_FLASH_ROW_SIZE = 0x100
                0x00000020                CY_ECC_ROW_SIZE = 0x20
                0x00000000                CY_EE_IN_BTLDR = 0x0
                0x00000000                CY_APPL_LOADABLE = 0x0
                0x00000800                CY_EE_SIZE = 0x800
                0x00000001                CY_APPL_NUM = 0x1
                0x00000001                CY_APPL_MAX = 0x1
                0x00000040                CY_METADATA_SIZE = 0x40
                0x00000000                CY_APPL_LOADABLE = 0x0
                0x00000000                CY_CHECKSUM_EXCLUDE_SIZE = ALIGN (0x0, CY_FLASH_ROW_SIZE)
                0x1fffd688                PROVIDE (__cy_heap_start, _end)
                0x00000001                PROVIDE (__cy_region_num, ((__cy_regions_end - __cy_regions) / 0x10))
                0x20008000                PROVIDE (__cy_stack, (ORIGIN (ram) + 0x10000))
                0x20007800                PROVIDE (__cy_heap_end, (__cy_stack - 0x800))

.cybootloader   0x00000000        0x0
 *(.cybootloader)
                0x00000000                appl1_start = CY_APPL_ORIGIN?CY_APPL_ORIGIN:ALIGN (CY_FLASH_ROW_SIZE)
                0x0001ff00                appl2_start = (appl1_start + ALIGN ((((0x40000 - appl1_start) - (0x2 * CY_FLASH_ROW_SIZE)) / 0x2), CY_FLASH_ROW_SIZE))
                0x00000000                appl_start = (CY_APPL_NUM == 0x1)?appl1_start:appl2_start
                0x00000000                ecc_offset = ((appl_start / CY_FLASH_ROW_SIZE) * CY_ECC_ROW_SIZE)
                0x00000000                ee_offset = (CY_APPL_LOADABLE && ! (CY_EE_IN_BTLDR))?((CY_EE_SIZE / CY_APPL_MAX) * (CY_APPL_NUM - 0x1)):0x0
                0x00000800                ee_size = (CY_APPL_LOADABLE && ! (CY_EE_IN_BTLDR))?(CY_EE_SIZE / CY_APPL_MAX):CY_EE_SIZE
                0x00000000                PROVIDE (CY_ECC_OFFSET, ecc_offset)

.text           0x00000000     0x3ac6
 CREATE_OBJECT_SYMBOLS
                0x00000000                PROVIDE (__cy_interrupt_vector, RomVectors)
 *(.romvectors)
 .romvectors    0x00000000       0x10 .\CortexM3\ARM_GCC_493\Debug\Cm3Start.o
                0x00000000                RomVectors
                0x00000001                ASSERT ((. != __cy_interrupt_vector), No interrupt vector)
                0x00000001                ASSERT (CY_APPL_ORIGIN?(SIZEOF (.cybootloader) <= CY_APPL_ORIGIN):0x1, Wrong image location)
                0x00000010                PROVIDE (__cy_reset, Reset)
 *(.text.Reset)
 .text.Reset    0x00000010       0x18 .\CortexM3\ARM_GCC_493\Debug\Cm3Start.o
                0x00000010                Reset
                0x00000001                ASSERT ((. != __cy_reset), No reset code)
 *(.dma_init)
                0x00000001                ASSERT ((((appl_start + .) <= 0x10000) || 0x1), DMA Init must be within the first 64k of flash)
 *(.text .text.* .gnu.linkonce.t.*)
 .text          0x00000028       0x5c c:/program files (x86)/cypress/psoc creator/3.3/psoc creator/import/gnu/arm/4.9.3/bin/../lib/gcc/arm-none-eabi/4.9.3/armv7-m/crtbegin.o
 .text.BLE_Rx_isr
                0x00000084       0x38 .\CortexM3\ARM_GCC_493\Debug\main.o
                0x00000084                BLE_Rx_isr
 .text.hw_init  0x000000bc       0x3c .\CortexM3\ARM_GCC_493\Debug\main.o
                0x000000bc                hw_init
 .text.game_init
                0x000000f8       0x78 .\CortexM3\ARM_GCC_493\Debug\main.o
                0x000000f8                game_init
 .text.draw_points
                0x00000170       0x34 .\CortexM3\ARM_GCC_493\Debug\main.o
                0x00000170                draw_points
 .text.update_render
                0x000001a4       0xa8 .\CortexM3\ARM_GCC_493\Debug\main.o
                0x000001a4                update_render
 .text.FPS_isr  0x0000024c       0x34 .\CortexM3\ARM_GCC_493\Debug\main.o
                0x0000024c                FPS_isr
 .text.main     0x00000280       0x54 .\CortexM3\ARM_GCC_493\Debug\main.o
                0x00000280                main
 *fill*         0x000002d4        0x4 
 .text.init_sprites
                0x000002d8      0x328 .\CortexM3\ARM_GCC_493\Debug\sprites.o
                0x000002d8                init_sprites
 .text.make_fretboard
                0x00000600       0x18 .\CortexM3\ARM_GCC_493\Debug\sprites.o
                0x00000600                make_fretboard
 .text.make_barline
                0x00000618       0x20 .\CortexM3\ARM_GCC_493\Debug\sprites.o
                0x00000618                make_barline
 .text.make_ellipse
                0x00000638       0x30 .\CortexM3\ARM_GCC_493\Debug\sprites.o
                0x00000638                make_ellipse
 .text.sprites_to_polyline
                0x00000668       0x74 .\CortexM3\ARM_GCC_493\Debug\sprites.o
                0x00000668                sprites_to_polyline
 *fill*         0x000006dc        0x4 
 .text.ortho_to_perspective
                0x000006e0       0xc0 .\CortexM3\ARM_GCC_493\Debug\sprites.o
                0x000006e0                ortho_to_perspective
 .text.obj_pos  0x000007a0       0x24 .\CortexM3\ARM_GCC_493\Debug\game_manager.o
 .text.new_game
                0x000007c4      0x174 .\CortexM3\ARM_GCC_493\Debug\game_manager.o
                0x000007c4                new_game
 .text.tick     0x00000938       0xb8 .\CortexM3\ARM_GCC_493\Debug\game_manager.o
                0x00000938                tick
 .text.update_score
                0x000009f0       0xc8 .\CortexM3\ARM_GCC_493\Debug\game_manager.o
                0x000009f0                update_score
 .text.create_sprites
                0x00000ab8       0x94 .\CortexM3\ARM_GCC_493\Debug\game_manager.o
                0x00000ab8                create_sprites
 .text.IntDefaultHandler
                0x00000b4c        0x4 .\CortexM3\ARM_GCC_493\Debug\Cm3Start.o
                0x00000b4c                IntDefaultHandler
 .text.Start_c  0x00000b50       0x4c .\CortexM3\ARM_GCC_493\Debug\Cm3Start.o
                0x00000b50                Start_c
 .text.initialize_psoc
                0x00000b9c       0x74 .\CortexM3\ARM_GCC_493\Debug\Cm3Start.o
                0x00000b9c                initialize_psoc
 .text.CyClockStartupError
                0x00000c10        0x4 .\CortexM3\ARM_GCC_493\Debug\GuitarHero.a(cyfitter_cfg.o)
 .text.cfg_write_bytes32
                0x00000c14       0x34 .\CortexM3\ARM_GCC_493\Debug\GuitarHero.a(cyfitter_cfg.o)
 .text.AnalogSetDefault
                0x00000c48       0x48 .\CortexM3\ARM_GCC_493\Debug\GuitarHero.a(cyfitter_cfg.o)
 .text.CYMEMZERO
                0x00000c90        0xc .\CortexM3\ARM_GCC_493\Debug\GuitarHero.a(cyfitter_cfg.o)
 .text.ClockSetup
                0x00000c9c       0xc4 .\CortexM3\ARM_GCC_493\Debug\GuitarHero.a(cyfitter_cfg.o)
 .text.CYCONFIGCPY
                0x00000d60        0x8 .\CortexM3\ARM_GCC_493\Debug\GuitarHero.a(cyfitter_cfg.o)
 .text.cyfitter_cfg
                0x00000d68       0xec .\CortexM3\ARM_GCC_493\Debug\GuitarHero.a(cyfitter_cfg.o)
                0x00000d68                cyfitter_cfg
 .text.x_DAC_Enable
                0x00000e54       0x1c .\CortexM3\ARM_GCC_493\Debug\GuitarHero.a(x_DAC.o)
                0x00000e54                x_DAC_Enable
 .text.x_DAC_SetSpeed
                0x00000e70       0x1c .\CortexM3\ARM_GCC_493\Debug\GuitarHero.a(x_DAC.o)
                0x00000e70                x_DAC_SetSpeed
 .text.x_DAC_SetValue
                0x00000e8c        0xc .\CortexM3\ARM_GCC_493\Debug\GuitarHero.a(x_DAC.o)
                0x00000e8c                x_DAC_SetValue
 .text.x_DAC_DacTrim
                0x00000e98       0x24 .\CortexM3\ARM_GCC_493\Debug\GuitarHero.a(x_DAC.o)
                0x00000e98                x_DAC_DacTrim
 .text.x_DAC_SetRange
                0x00000ebc       0x20 .\CortexM3\ARM_GCC_493\Debug\GuitarHero.a(x_DAC.o)
                0x00000ebc                x_DAC_SetRange
 .text.x_DAC_Init
                0x00000edc       0x20 .\CortexM3\ARM_GCC_493\Debug\GuitarHero.a(x_DAC.o)
                0x00000edc                x_DAC_Init
 .text.x_DAC_Start
                0x00000efc       0x24 .\CortexM3\ARM_GCC_493\Debug\GuitarHero.a(x_DAC.o)
                0x00000efc                x_DAC_Start
 .text.y_DAC_Enable
                0x00000f20       0x1c .\CortexM3\ARM_GCC_493\Debug\GuitarHero.a(y_DAC.o)
                0x00000f20                y_DAC_Enable
 .text.y_DAC_SetSpeed
                0x00000f3c       0x1c .\CortexM3\ARM_GCC_493\Debug\GuitarHero.a(y_DAC.o)
                0x00000f3c                y_DAC_SetSpeed
 .text.y_DAC_SetValue
                0x00000f58        0xc .\CortexM3\ARM_GCC_493\Debug\GuitarHero.a(y_DAC.o)
                0x00000f58                y_DAC_SetValue
 .text.y_DAC_DacTrim
                0x00000f64       0x24 .\CortexM3\ARM_GCC_493\Debug\GuitarHero.a(y_DAC.o)
                0x00000f64                y_DAC_DacTrim
 .text.y_DAC_SetRange
                0x00000f88       0x20 .\CortexM3\ARM_GCC_493\Debug\GuitarHero.a(y_DAC.o)
                0x00000f88                y_DAC_SetRange
 .text.y_DAC_Init
                0x00000fa8       0x20 .\CortexM3\ARM_GCC_493\Debug\GuitarHero.a(y_DAC.o)
                0x00000fa8                y_DAC_Init
 .text.y_DAC_Start
                0x00000fc8       0x24 .\CortexM3\ARM_GCC_493\Debug\GuitarHero.a(y_DAC.o)
                0x00000fc8                y_DAC_Start
 *fill*         0x00000fec        0x4 
 .text          0x00000ff0       0x20 .\CortexM3\ARM_GCC_493\Debug\GuitarHero.a(CyBootAsmGnu.o)
                0x00000ff0                CyDelayCycles
                0x00001000                CyEnterCriticalSection
                0x00001008                CyExitCriticalSection
 .text.CyDelay  0x00001010       0x2c .\CortexM3\ARM_GCC_493\Debug\GuitarHero.a(CyLib.o)
                0x00001010                CyDelay
 .text.CyDelayUs
                0x0000103c       0x14 .\CortexM3\ARM_GCC_493\Debug\GuitarHero.a(CyLib.o)
                0x0000103c                CyDelayUs
 .text.FPS_isr_SetVector
                0x00001050        0xc .\CortexM3\ARM_GCC_493\Debug\GuitarHero.a(FPS_isr.o)
                0x00001050                FPS_isr_SetVector
 .text.FPS_isr_SetPriority
                0x0000105c       0x10 .\CortexM3\ARM_GCC_493\Debug\GuitarHero.a(FPS_isr.o)
                0x0000105c                FPS_isr_SetPriority
 .text.FPS_isr_Enable
                0x0000106c        0xc .\CortexM3\ARM_GCC_493\Debug\GuitarHero.a(FPS_isr.o)
                0x0000106c                FPS_isr_Enable
 .text.FPS_isr_Disable
                0x00001078        0xc .\CortexM3\ARM_GCC_493\Debug\GuitarHero.a(FPS_isr.o)
                0x00001078                FPS_isr_Disable
 .text.FPS_isr_StartEx
                0x00001084       0x1c .\CortexM3\ARM_GCC_493\Debug\GuitarHero.a(FPS_isr.o)
                0x00001084                FPS_isr_StartEx
 .text.BLE_UART_Init
                0x000010a0       0x14 .\CortexM3\ARM_GCC_493\Debug\GuitarHero.a(BLE_UART.o)
                0x000010a0                BLE_UART_Init
 .text.BLE_UART_Enable
                0x000010b4       0x2c .\CortexM3\ARM_GCC_493\Debug\GuitarHero.a(BLE_UART.o)
                0x000010b4                BLE_UART_Enable
 .text.BLE_UART_Start
                0x000010e0       0x1c .\CortexM3\ARM_GCC_493\Debug\GuitarHero.a(BLE_UART.o)
                0x000010e0                BLE_UART_Start
 .text.BLE_UART_GetChar
                0x000010fc       0x2c .\CortexM3\ARM_GCC_493\Debug\GuitarHero.a(BLE_UART.o)
                0x000010fc                BLE_UART_GetChar
 .text.BLE_Rx_isr_SetVector
                0x00001128        0xc .\CortexM3\ARM_GCC_493\Debug\GuitarHero.a(BLE_Rx_isr.o)
                0x00001128                BLE_Rx_isr_SetVector
 .text.BLE_Rx_isr_SetPriority
                0x00001134       0x10 .\CortexM3\ARM_GCC_493\Debug\GuitarHero.a(BLE_Rx_isr.o)
                0x00001134                BLE_Rx_isr_SetPriority
 .text.BLE_Rx_isr_Enable
                0x00001144        0xc .\CortexM3\ARM_GCC_493\Debug\GuitarHero.a(BLE_Rx_isr.o)
                0x00001144                BLE_Rx_isr_Enable
 .text.BLE_Rx_isr_Disable
                0x00001150        0xc .\CortexM3\ARM_GCC_493\Debug\GuitarHero.a(BLE_Rx_isr.o)
                0x00001150                BLE_Rx_isr_Disable
 .text.BLE_Rx_isr_StartEx
                0x0000115c       0x1c .\CortexM3\ARM_GCC_493\Debug\GuitarHero.a(BLE_Rx_isr.o)
                0x0000115c                BLE_Rx_isr_StartEx
 .text.LCD_WrCntrlNib
                0x00001178       0x34 .\CortexM3\ARM_GCC_493\Debug\GuitarHero.a(LCD.o)
 .text.LCD_WrDatNib
                0x000011ac       0x44 .\CortexM3\ARM_GCC_493\Debug\GuitarHero.a(LCD.o)
 .text.LCD_IsReady
                0x000011f0       0xe4 .\CortexM3\ARM_GCC_493\Debug\GuitarHero.a(LCD.o)
                0x000011f0                LCD_IsReady
 .text.LCD_WriteData
                0x000012d4       0x18 .\CortexM3\ARM_GCC_493\Debug\GuitarHero.a(LCD.o)
                0x000012d4                LCD_WriteData
 .text.LCD_PrintString
                0x000012ec       0x1c .\CortexM3\ARM_GCC_493\Debug\GuitarHero.a(LCD.o)
                0x000012ec                LCD_PrintString
 .text.LCD_WriteControl
                0x00001308       0x18 .\CortexM3\ARM_GCC_493\Debug\GuitarHero.a(LCD.o)
                0x00001308                LCD_WriteControl
 .text.LCD_Init
                0x00001320       0x6c .\CortexM3\ARM_GCC_493\Debug\GuitarHero.a(LCD.o)
                0x00001320                LCD_Init
 .text.LCD_Enable
                0x0000138c       0x14 .\CortexM3\ARM_GCC_493\Debug\GuitarHero.a(LCD.o)
                0x0000138c                LCD_Enable
 .text.LCD_Start
                0x000013a0       0x1c .\CortexM3\ARM_GCC_493\Debug\GuitarHero.a(LCD.o)
                0x000013a0                LCD_Start
 .text.LCD_Position
                0x000013bc       0x3c .\CortexM3\ARM_GCC_493\Debug\GuitarHero.a(LCD.o)
                0x000013bc                LCD_Position
 .text.LCD_PrintU32Number
                0x000013f8       0x60 .\CortexM3\ARM_GCC_493\Debug\GuitarHero.a(LCD.o)
                0x000013f8                LCD_PrintU32Number
 .text.BLE_UART_IntClock_Start
                0x00001458       0x1c .\CortexM3\ARM_GCC_493\Debug\GuitarHero.a(BLE_UART_IntClock.o)
                0x00001458                BLE_UART_IntClock_Start
 .text.cos      0x00001474       0x90 c:/program files (x86)/cypress/psoc creator/3.3/psoc creator/import/gnu/arm/4.9.3/bin/../lib/gcc/arm-none-eabi/4.9.3/../../../../arm-none-eabi/lib/armv7-m\libm.a(lib_a-s_cos.o)
                0x00001474                cos
 .text.sin      0x00001504       0x94 c:/program files (x86)/cypress/psoc creator/3.3/psoc creator/import/gnu/arm/4.9.3/bin/../lib/gcc/arm-none-eabi/4.9.3/../../../../arm-none-eabi/lib/armv7-m\libm.a(lib_a-s_sin.o)
                0x00001504                sin
 .text.sqrt     0x00001598       0xac c:/program files (x86)/cypress/psoc creator/3.3/psoc creator/import/gnu/arm/4.9.3/bin/../lib/gcc/arm-none-eabi/4.9.3/../../../../arm-none-eabi/lib/armv7-m\libm.a(lib_a-w_sqrt.o)
                0x00001598                sqrt
 *fill*         0x00001644        0x4 
 .text.__ieee754_rem_pio2
                0x00001648      0x428 c:/program files (x86)/cypress/psoc creator/3.3/psoc creator/import/gnu/arm/4.9.3/bin/../lib/gcc/arm-none-eabi/4.9.3/../../../../arm-none-eabi/lib/armv7-m\libm.a(lib_a-e_rem_pio2.o)
                0x00001648                __ieee754_rem_pio2
 .text.__ieee754_sqrt
                0x00001a70      0x18c c:/program files (x86)/cypress/psoc creator/3.3/psoc creator/import/gnu/arm/4.9.3/bin/../lib/gcc/arm-none-eabi/4.9.3/../../../../arm-none-eabi/lib/armv7-m\libm.a(lib_a-e_sqrt.o)
                0x00001a70                __ieee754_sqrt
 *fill*         0x00001bfc        0x4 
 .text.__kernel_cos
                0x00001c00      0x248 c:/program files (x86)/cypress/psoc creator/3.3/psoc creator/import/gnu/arm/4.9.3/bin/../lib/gcc/arm-none-eabi/4.9.3/../../../../arm-none-eabi/lib/armv7-m\libm.a(lib_a-k_cos.o)
                0x00001c00                __kernel_cos
 .text.__kernel_rem_pio2
                0x00001e48      0x808 c:/program files (x86)/cypress/psoc creator/3.3/psoc creator/import/gnu/arm/4.9.3/bin/../lib/gcc/arm-none-eabi/4.9.3/../../../../arm-none-eabi/lib/armv7-m\libm.a(lib_a-k_rem_pio2.o)
                0x00001e48                __kernel_rem_pio2
 .text.__kernel_sin
                0x00002650      0x170 c:/program files (x86)/cypress/psoc creator/3.3/psoc creator/import/gnu/arm/4.9.3/bin/../lib/gcc/arm-none-eabi/4.9.3/../../../../arm-none-eabi/lib/armv7-m\libm.a(lib_a-k_sin.o)
                0x00002650                __kernel_sin
 .text.fabs     0x000027c0        0x8 c:/program files (x86)/cypress/psoc creator/3.3/psoc creator/import/gnu/arm/4.9.3/bin/../lib/gcc/arm-none-eabi/4.9.3/../../../../arm-none-eabi/lib/armv7-m\libm.a(lib_a-s_fabs.o)
                0x000027c0                fabs
 .text.floor    0x000027c8      0x118 c:/program files (x86)/cypress/psoc creator/3.3/psoc creator/import/gnu/arm/4.9.3/bin/../lib/gcc/arm-none-eabi/4.9.3/../../../../arm-none-eabi/lib/armv7-m\libm.a(lib_a-s_floor.o)
                0x000027c8                floor
 .text.__fpclassifyd
                0x000028e0       0x58 c:/program files (x86)/cypress/psoc creator/3.3/psoc creator/import/gnu/arm/4.9.3/bin/../lib/gcc/arm-none-eabi/4.9.3/../../../../arm-none-eabi/lib/armv7-m\libm.a(lib_a-s_fpclassify.o)
                0x000028e0                __fpclassifyd
 .text.matherr  0x00002938        0x4 c:/program files (x86)/cypress/psoc creator/3.3/psoc creator/import/gnu/arm/4.9.3/bin/../lib/gcc/arm-none-eabi/4.9.3/../../../../arm-none-eabi/lib/armv7-m\libm.a(lib_a-s_matherr.o)
                0x00002938                matherr
 *fill*         0x0000293c        0x4 
 .text.scalbn   0x00002940       0xf0 c:/program files (x86)/cypress/psoc creator/3.3/psoc creator/import/gnu/arm/4.9.3/bin/../lib/gcc/arm-none-eabi/4.9.3/../../../../arm-none-eabi/lib/armv7-m\libm.a(lib_a-s_scalbn.o)
                0x00002940                scalbn
 .text.copysign
                0x00002a30       0x10 c:/program files (x86)/cypress/psoc creator/3.3/psoc creator/import/gnu/arm/4.9.3/bin/../lib/gcc/arm-none-eabi/4.9.3/../../../../arm-none-eabi/lib/armv7-m\libm.a(lib_a-s_copysign.o)
                0x00002a30                copysign
 .text          0x00002a40      0x370 c:/program files (x86)/cypress/psoc creator/3.3/psoc creator/import/gnu/arm/4.9.3/bin/../lib/gcc/arm-none-eabi/4.9.3/armv7-m\libgcc.a(_arm_addsubdf3.o)
                0x00002a40                __aeabi_drsub
                0x00002a48                __aeabi_dsub
                0x00002a48                __subdf3
                0x00002a4c                __aeabi_dadd
                0x00002a4c                __adddf3
                0x00002cc4                __floatunsidf
                0x00002cc4                __aeabi_ui2d
                0x00002ce4                __floatsidf
                0x00002ce4                __aeabi_i2d
                0x00002d08                __aeabi_f2d
                0x00002d08                __extendsfdf2
                0x00002d44                __floatundidf
                0x00002d44                __aeabi_ul2d
                0x00002d54                __floatdidf
                0x00002d54                __aeabi_l2d
 .text          0x00002db0      0x424 c:/program files (x86)/cypress/psoc creator/3.3/psoc creator/import/gnu/arm/4.9.3/bin/../lib/gcc/arm-none-eabi/4.9.3/armv7-m\libgcc.a(_arm_muldivdf3.o)
                0x00002db0                __aeabi_dmul
                0x00002db0                __muldf3
                0x00003004                __divdf3
                0x00003004                __aeabi_ddiv
 .text          0x000031d4      0x110 c:/program files (x86)/cypress/psoc creator/3.3/psoc creator/import/gnu/arm/4.9.3/bin/../lib/gcc/arm-none-eabi/4.9.3/armv7-m\libgcc.a(_arm_cmpdf2.o)
                0x000031d4                __gtdf2
                0x000031d4                __gedf2
                0x000031dc                __ltdf2
                0x000031dc                __ledf2
                0x000031e4                __nedf2
                0x000031e4                __eqdf2
                0x000031e4                __cmpdf2
                0x00003260                __aeabi_cdrcmple
                0x00003270                __aeabi_cdcmpeq
                0x00003270                __aeabi_cdcmple
                0x00003280                __aeabi_dcmpeq
                0x00003294                __aeabi_dcmplt
                0x000032a8                __aeabi_dcmple
                0x000032bc                __aeabi_dcmpge
                0x000032d0                __aeabi_dcmpgt
 .text          0x000032e4       0x50 c:/program files (x86)/cypress/psoc creator/3.3/psoc creator/import/gnu/arm/4.9.3/bin/../lib/gcc/arm-none-eabi/4.9.3/armv7-m\libgcc.a(_arm_fixdfsi.o)
                0x000032e4                __aeabi_d2iz
                0x000032e4                __fixdfsi
 .text          0x00003334       0x40 c:/program files (x86)/cypress/psoc creator/3.3/psoc creator/import/gnu/arm/4.9.3/bin/../lib/gcc/arm-none-eabi/4.9.3/armv7-m\libgcc.a(_arm_fixunsdfsi.o)
                0x00003334                __aeabi_d2uiz
                0x00003334                __fixunsdfsi
 .text          0x00003374       0xa0 c:/program files (x86)/cypress/psoc creator/3.3/psoc creator/import/gnu/arm/4.9.3/bin/../lib/gcc/arm-none-eabi/4.9.3/armv7-m\libgcc.a(_arm_truncdfsf2.o)
                0x00003374                __truncdfsf2
                0x00003374                __aeabi_d2f
 .text          0x00003414      0x21c c:/program files (x86)/cypress/psoc creator/3.3/psoc creator/import/gnu/arm/4.9.3/bin/../lib/gcc/arm-none-eabi/4.9.3/armv7-m\libgcc.a(_arm_addsubsf3.o)
                0x00003414                __aeabi_frsub
                0x0000341c                __subsf3
                0x0000341c                __aeabi_fsub
                0x00003420                __aeabi_fadd
                0x00003420                __addsf3
                0x00003580                __aeabi_ui2f
                0x00003580                __floatunsisf
                0x00003588                __aeabi_i2f
                0x00003588                __floatsisf
                0x000035a4                __aeabi_ul2f
                0x000035a4                __floatundisf
                0x000035b4                __aeabi_l2f
                0x000035b4                __floatdisf
 .text          0x00003630      0x2a0 c:/program files (x86)/cypress/psoc creator/3.3/psoc creator/import/gnu/arm/4.9.3/bin/../lib/gcc/arm-none-eabi/4.9.3/armv7-m\libgcc.a(_arm_muldivsf3.o)
                0x00003630                __mulsf3
                0x00003630                __aeabi_fmul
                0x00003798                __aeabi_fdiv
                0x00003798                __divsf3
 .text          0x000038d0       0xec c:/program files (x86)/cypress/psoc creator/3.3/psoc creator/import/gnu/arm/4.9.3/bin/../lib/gcc/arm-none-eabi/4.9.3/armv7-m\libgcc.a(_arm_cmpsf2.o)
                0x000038d0                __gesf2
                0x000038d0                __gtsf2
                0x000038d8                __lesf2
                0x000038d8                __ltsf2
                0x000038e0                __nesf2
                0x000038e0                __eqsf2
                0x000038e0                __cmpsf2
                0x00003940                __aeabi_cfrcmple
                0x00003948                __aeabi_cfcmpeq
                0x00003948                __aeabi_cfcmple
                0x00003958                __aeabi_fcmpeq
                0x0000396c                __aeabi_fcmplt
                0x00003980                __aeabi_fcmple
                0x00003994                __aeabi_fcmpge
                0x000039a8                __aeabi_fcmpgt
 .text          0x000039bc       0x4c c:/program files (x86)/cypress/psoc creator/3.3/psoc creator/import/gnu/arm/4.9.3/bin/../lib/gcc/arm-none-eabi/4.9.3/armv7-m\libgcc.a(_arm_fixsfsi.o)
                0x000039bc                __aeabi_f2iz
                0x000039bc                __fixsfsi
 .text          0x00003a08       0x40 c:/program files (x86)/cypress/psoc creator/3.3/psoc creator/import/gnu/arm/4.9.3/bin/../lib/gcc/arm-none-eabi/4.9.3/armv7-m\libgcc.a(_arm_fixunssfsi.o)
                0x00003a08                __fixunssfsi
                0x00003a08                __aeabi_f2uiz
 .text.__errno  0x00003a48        0xc c:/program files (x86)/cypress/psoc creator/3.3/psoc creator/import/gnu/arm/4.9.3/bin/../lib/gcc/arm-none-eabi/4.9.3/../../../../arm-none-eabi/lib/armv7-m\libg_nano.a(lib_a-errno.o)
                0x00003a48                __errno
 .text.__libc_init_array
                0x00003a54       0x4c c:/program files (x86)/cypress/psoc creator/3.3/psoc creator/import/gnu/arm/4.9.3/bin/../lib/gcc/arm-none-eabi/4.9.3/../../../../arm-none-eabi/lib/armv7-m\libg_nano.a(lib_a-init.o)
                0x00003a54                __libc_init_array
 .text.memcpy   0x00003aa0       0x16 c:/program files (x86)/cypress/psoc creator/3.3/psoc creator/import/gnu/arm/4.9.3/bin/../lib/gcc/arm-none-eabi/4.9.3/../../../../arm-none-eabi/lib/armv7-m\libg_nano.a(lib_a-memcpy.o)
                0x00003aa0                memcpy
 .text.memset   0x00003ab6       0x10 c:/program files (x86)/cypress/psoc creator/3.3/psoc creator/import/gnu/arm/4.9.3/bin/../lib/gcc/arm-none-eabi/4.9.3/../../../../arm-none-eabi/lib/armv7-m\libg_nano.a(lib_a-memset.o)
                0x00003ab6                memset
 *(.plt)
 *(.gnu.warning)
 *(.glue_7t)
 .glue_7t       0x00000000        0x0 linker stubs
 *(.glue_7)
 .glue_7        0x00000000        0x0 linker stubs
 *(.vfp11_veneer)
 .vfp11_veneer  0x00000000        0x0 linker stubs
 *(.bootloader)
 *(.ARM.extab* .gnu.linkonce.armextab.*)
 *(.gcc_except_table)

.v4_bx          0x00003ac8        0x0
 .v4_bx         0x00000000        0x0 linker stubs

.iplt           0x00003ac8        0x0
 .iplt          0x00000000        0x0 c:/program files (x86)/cypress/psoc creator/3.3/psoc creator/import/gnu/arm/4.9.3/bin/../lib/gcc/arm-none-eabi/4.9.3/armv7-m/crtbegin.o

.eh_frame_hdr
 *(.eh_frame_hdr)

.eh_frame       0x00003ac8        0x4
 *(.eh_frame)
 .eh_frame      0x00003ac8        0x0 c:/program files (x86)/cypress/psoc creator/3.3/psoc creator/import/gnu/arm/4.9.3/bin/../lib/gcc/arm-none-eabi/4.9.3/armv7-m/crtbegin.o
 .eh_frame      0x00003ac8        0x4 c:/program files (x86)/cypress/psoc creator/3.3/psoc creator/import/gnu/arm/4.9.3/bin/../lib/gcc/arm-none-eabi/4.9.3/armv7-m/crtend.o
                0x00003acc                PROVIDE (__exidx_start, .)

.ARM.exidx
 *(.ARM.exidx* .gnu.linkonce.armexidx.*)
                0x00003acc                __exidx_end = .

.rodata         0x00003ad0      0x310
 *(.rodata .rodata.* .gnu.linkonce.r.*)
 .rodata.str1.4
                0x00003ad0        0x6 .\CortexM3\ARM_GCC_493\Debug\main.o
                                  0x8 (size before relaxing)
 *fill*         0x00003ad6        0x2 
 .rodata        0x00003ad8       0xb4 .\CortexM3\ARM_GCC_493\Debug\game_manager.o
 .rodata        0x00003b8c       0x3c .\CortexM3\ARM_GCC_493\Debug\GuitarHero.a(cyfitter_cfg.o)
 .rodata.str1.4
                0x00003bc8        0x8 c:/program files (x86)/cypress/psoc creator/3.3/psoc creator/import/gnu/arm/4.9.3/bin/../lib/gcc/arm-none-eabi/4.9.3/../../../../arm-none-eabi/lib/armv7-m\libm.a(lib_a-w_sqrt.o)
 .rodata.npio2_hw
                0x00003bd0       0x80 c:/program files (x86)/cypress/psoc creator/3.3/psoc creator/import/gnu/arm/4.9.3/bin/../lib/gcc/arm-none-eabi/4.9.3/../../../../arm-none-eabi/lib/armv7-m\libm.a(lib_a-e_rem_pio2.o)
 .rodata.two_over_pi
                0x00003c50      0x108 c:/program files (x86)/cypress/psoc creator/3.3/psoc creator/import/gnu/arm/4.9.3/bin/../lib/gcc/arm-none-eabi/4.9.3/../../../../arm-none-eabi/lib/armv7-m\libm.a(lib_a-e_rem_pio2.o)
 .rodata.init_jk
                0x00003d58       0x10 c:/program files (x86)/cypress/psoc creator/3.3/psoc creator/import/gnu/arm/4.9.3/bin/../lib/gcc/arm-none-eabi/4.9.3/../../../../arm-none-eabi/lib/armv7-m\libm.a(lib_a-k_rem_pio2.o)
 .rodata.PIo2   0x00003d68       0x40 c:/program files (x86)/cypress/psoc creator/3.3/psoc creator/import/gnu/arm/4.9.3/bin/../lib/gcc/arm-none-eabi/4.9.3/../../../../arm-none-eabi/lib/armv7-m\libm.a(lib_a-k_rem_pio2.o)
 .rodata.str1.1
                0x00003da8        0x2 c:/program files (x86)/cypress/psoc creator/3.3/psoc creator/import/gnu/arm/4.9.3/bin/../lib/gcc/arm-none-eabi/4.9.3/../../../../arm-none-eabi/lib/armv7-m\libg_nano.a(lib_a-impure.o)
                0x00003dac                . = ALIGN (0x4)
 *fill*         0x00003daa        0x2 
 *(.init)
 .init          0x00003dac        0x4 c:/program files (x86)/cypress/psoc creator/3.3/psoc creator/import/gnu/arm/4.9.3/bin/../lib/gcc/arm-none-eabi/4.9.3/armv7-m/crti.o
                0x00003dac                _init
 .init          0x00003db0        0x8 c:/program files (x86)/cypress/psoc creator/3.3/psoc creator/import/gnu/arm/4.9.3/bin/../lib/gcc/arm-none-eabi/4.9.3/armv7-m/crtn.o
                0x00003db8                . = ALIGN (0x4)
                0x00003db8                __preinit_array_start = .
 *(.preinit_array)
                0x00003db8                __preinit_array_end = .
                0x00003db8                . = ALIGN (0x4)
                0x00003db8                __init_array_start = .
 *(SORT(.init_array.*))
 *(.init_array)
 .init_array    0x00003db8        0x4 c:/program files (x86)/cypress/psoc creator/3.3/psoc creator/import/gnu/arm/4.9.3/bin/../lib/gcc/arm-none-eabi/4.9.3/armv7-m/crtbegin.o
 .init_array    0x00003dbc        0x4 .\CortexM3\ARM_GCC_493\Debug\Cm3Start.o
                0x00003dc0                __init_array_end = .
                0x00003dc0                . = ALIGN (0x4)
 *(.fini)
 .fini          0x00003dc0        0x4 c:/program files (x86)/cypress/psoc creator/3.3/psoc creator/import/gnu/arm/4.9.3/bin/../lib/gcc/arm-none-eabi/4.9.3/armv7-m/crti.o
                0x00003dc0                _fini
 .fini          0x00003dc4        0x8 c:/program files (x86)/cypress/psoc creator/3.3/psoc creator/import/gnu/arm/4.9.3/bin/../lib/gcc/arm-none-eabi/4.9.3/armv7-m/crtn.o
                0x00003dcc                . = ALIGN (0x4)
                0x00003dcc                __fini_array_start = .
 *(.fini_array)
 .fini_array    0x00003dcc        0x4 c:/program files (x86)/cypress/psoc creator/3.3/psoc creator/import/gnu/arm/4.9.3/bin/../lib/gcc/arm-none-eabi/4.9.3/armv7-m/crtbegin.o
 *(SORT(.fini_array.*))
                0x00003dd0                __fini_array_end = .
                0x00003dd0                . = ALIGN (0x4)
 *crtbegin.o(.ctors)
 *(EXCLUDE_FILE(*crtend.o) .ctors)
 *(SORT(.ctors.*))
 *crtend.o(.ctors)
                0x00003dd0                . = ALIGN (0x4)
 *crtbegin.o(.dtors)
 *(EXCLUDE_FILE(*crtend.o) .dtors)
 *(SORT(.dtors.*))
 *crtend.o(.dtors)
                0x00003dd0                . = ALIGN (0x4)
                0x00003dd0                __cy_regions = .
                0x00003dd0        0x4 LONG 0x3de0 __cy_region_init_ram
                0x00003dd4        0x4 LONG 0x1fff8108 __cy_region_start_data
                0x00003dd8        0x4 LONG 0x80 __cy_region_init_size_ram
                0x00003ddc        0x4 LONG 0x5500 __cy_region_zero_size_ram
                0x00003de0                __cy_regions_end = .
                0x00003de0                . = ALIGN (0x8)
                0x00003de0                _etext = .

.cy_checksum_exclude
                0x00003de0        0x0
 *(.cy_checksum_exclude)

.ramvectors     0x1fff8000      0x100
                0x1fff8000                __cy_region_start_ram = .
 *(.ramvectors)
 .ramvectors    0x1fff8000      0x100 .\CortexM3\ARM_GCC_493\Debug\Cm3Start.o
                0x1fff8000                CyRamVectors

.noinit         0x1fff8100        0x5
 *(.noinit)
 .noinit        0x1fff8100        0x4 .\CortexM3\ARM_GCC_493\Debug\Cm3Start.o
 .noinit        0x1fff8104        0x1 .\CortexM3\ARM_GCC_493\Debug\GuitarHero.a(CyLib.o)
                0x1fff8104                CyResetStatus

.data           0x1fff8108       0x80 load address 0x00003de0
                0x1fff8108                __cy_region_start_data = .
 *(.jcr)
 .jcr           0x1fff8108        0x0 c:/program files (x86)/cypress/psoc creator/3.3/psoc creator/import/gnu/arm/4.9.3/bin/../lib/gcc/arm-none-eabi/4.9.3/armv7-m/crtbegin.o
 .jcr           0x1fff8108        0x4 c:/program files (x86)/cypress/psoc creator/3.3/psoc creator/import/gnu/arm/4.9.3/bin/../lib/gcc/arm-none-eabi/4.9.3/armv7-m/crtend.o
 *(.got.plt)
 *(.got)
 *(.shdata)
 *(.data .data.* .gnu.linkonce.d.*)
 .data          0x1fff810c       0x10 .\CortexM3\ARM_GCC_493\Debug\GuitarHero.a(CyLib.o)
                0x1fff810c                cydelay_32k_ms
                0x1fff8110                cydelay_freq_khz
                0x1fff8114                cydelay_freq_mhz
                0x1fff8118                cydelay_freq_hz
 .data.__fdlib_version
                0x1fff811c        0x1 c:/program files (x86)/cypress/psoc creator/3.3/psoc creator/import/gnu/arm/4.9.3/bin/../lib/gcc/arm-none-eabi/4.9.3/../../../../arm-none-eabi/lib/armv7-m\libm.a(lib_a-s_lib_ver.o)
                0x1fff811c                __fdlib_version
 *fill*         0x1fff811d        0x3 
 .data.impure_data
                0x1fff8120       0x60 c:/program files (x86)/cypress/psoc creator/3.3/psoc creator/import/gnu/arm/4.9.3/bin/../lib/gcc/arm-none-eabi/4.9.3/../../../../arm-none-eabi/lib/armv7-m\libg_nano.a(lib_a-impure.o)
 .data._impure_ptr
                0x1fff8180        0x4 c:/program files (x86)/cypress/psoc creator/3.3/psoc creator/import/gnu/arm/4.9.3/bin/../lib/gcc/arm-none-eabi/4.9.3/../../../../arm-none-eabi/lib/armv7-m\libg_nano.a(lib_a-impure.o)
                0x1fff8180                _impure_ptr
                0x1fff8188                . = ALIGN (0x8)
 *fill*         0x1fff8184        0x4 
 *(.ram)
                0x1fff8188                _edata = .

.igot.plt       0x1fff8188        0x0 load address 0x00003e60
 .igot.plt      0x00000000        0x0 c:/program files (x86)/cypress/psoc creator/3.3/psoc creator/import/gnu/arm/4.9.3/bin/../lib/gcc/arm-none-eabi/4.9.3/armv7-m/crtbegin.o

.bss            0x1fff8188     0x5500 load address 0x00003e60
                0x1fff8188                PROVIDE (__bss_start__, .)
 *(.shbss)
 *(.bss .bss.* .gnu.linkonce.b.*)
 .bss           0x1fff8188       0x1c c:/program files (x86)/cypress/psoc creator/3.3/psoc creator/import/gnu/arm/4.9.3/bin/../lib/gcc/arm-none-eabi/4.9.3/armv7-m/crtbegin.o
 .bss           0x1fff81a4      0x410 .\CortexM3\ARM_GCC_493\Debug\sprites.o
 .bss           0x1fff85b4     0x3e80 .\CortexM3\ARM_GCC_493\Debug\game_manager.o
 .bss           0x1fffc434        0x1 .\CortexM3\ARM_GCC_493\Debug\GuitarHero.a(x_DAC.o)
                0x1fffc434                x_DAC_initVar
 .bss           0x1fffc435        0x1 .\CortexM3\ARM_GCC_493\Debug\GuitarHero.a(y_DAC.o)
                0x1fffc435                y_DAC_initVar
 .bss           0x1fffc436        0x1 .\CortexM3\ARM_GCC_493\Debug\GuitarHero.a(BLE_UART.o)
                0x1fffc436                BLE_UART_initVar
 .bss           0x1fffc437        0x2 .\CortexM3\ARM_GCC_493\Debug\GuitarHero.a(LCD.o)
                0x1fffc437                LCD_enableState
                0x1fffc438                LCD_initVar
 *(COMMON)
 *fill*         0x1fffc439        0x3 
 COMMON         0x1fffc43c     0x1248 .\CortexM3\ARM_GCC_493\Debug\main.o
                0x1fffc43c                n_sprites
                0x1fffc440                sprites
                0x1fffc640                new_flag
                0x1fffc644                points
                0x1fffce44                new_points
                0x1fffd644                n_points
                0x1fffd648                game_state
                0x1fffd678                indicator_countdown
                0x1fffd680                new_n_points
                0x1fffd688                . = ALIGN (0x8)
 *fill*         0x1fffd684        0x4 
 *(.ram.b)
                0x1fffd688                _end = .
                0x1fffd688                __end = .
                0x1fffd688                PROVIDE (end, .)
                0x1fffd688                PROVIDE (__bss_end__, .)
                0x00003de0                __cy_region_init_ram = LOADADDR (.data)
                0x00000080                __cy_region_init_size_ram = (_edata - ADDR (.data))
                0x00005500                __cy_region_zero_size_ram = (_end - _edata)

.heap           0x1fffd688       0x80 load address 0x00003e60
                0x1fffd688                . = _end
                0x1fffd708                . = (. + 0x80)
 *fill*         0x1fffd688       0x80 
                0x1fffd708                __cy_heap_limit = .

.stack          0x20007800      0x800
                0x20007800                __cy_stack_limit = .
                0x20008000                . = (. + 0x800)
 *fill*         0x20007800      0x800 
                0x00000001                ASSERT ((__cy_stack_limit >= __cy_heap_limit), region RAM overflowed with stack)
                0x00000000                cy_checksum_exclude_size = (CY_APPL_LOADABLE == 0x1)?SIZEOF (.cy_checksum_exclude):0x0
                0x00000001                ASSERT ((cy_checksum_exclude_size <= CY_CHECKSUM_EXCLUDE_SIZE), CY_BOOT: Section .cy_checksum_exclude size exceedes specified limit.)

.cyloadermeta
 *(.cyloadermeta)

.cyloadablemeta
 *(.cyloadablemeta)

.cyconfigecc    0x80000000      0x23c
 *(.cyconfigecc)
 .cyconfigecc   0x80000000      0x23c .\CortexM3\ARM_GCC_493\Debug\cymetadata.o
                0x80000000                cy_meta_configecc

.cycustnvl      0x90000000        0x4
 *(.cycustnvl)
 .cycustnvl     0x90000000        0x4 .\CortexM3\ARM_GCC_493\Debug\cymetadata.o
                0x90000000                cy_meta_custnvl

.cywolatch      0x90100000        0x4
 *(.cywolatch)
 .cywolatch     0x90100000        0x4 .\CortexM3\ARM_GCC_493\Debug\cymetadata.o
                0x90100000                cy_meta_wonvl

.cyeeprom       0x90200000        0x0
 *(.cyeeprom)
                0x00000001                ASSERT ((. <= ((0x90200000 + ee_offset) + ee_size)), .cyeeprom data will not fit in EEPROM)

.cyflashprotect
                0x90400000      0x100
 *(.cyflashprotect)
 .cyflashprotect
                0x90400000      0x100 .\CortexM3\ARM_GCC_493\Debug\cymetadata.o
                0x90400000                cy_meta_flashprotect

.cymeta         0x90500000        0xc
 *(.cymeta)
 .cymeta        0x90500000        0xc .\CortexM3\ARM_GCC_493\Debug\cymetadata.o
                0x90500000                cy_metadata

.rel.dyn        0x00003e60        0x0 load address 0x9050000c
 .rel.iplt      0x00000000        0x0 c:/program files (x86)/cypress/psoc creator/3.3/psoc creator/import/gnu/arm/4.9.3/bin/../lib/gcc/arm-none-eabi/4.9.3/armv7-m/crtbegin.o

.stab
 *(.stab)

.stabstr
 *(.stabstr)

.debug
 *(.debug)

.line
 *(.line)

.debug_srcinfo
 *(.debug_srcinfo)

.debug_sfnames
 *(.debug_sfnames)

.debug_aranges  0x00000000      0x928
 *(.debug_aranges)
 .debug_aranges
                0x00000000       0x50 .\CortexM3\ARM_GCC_493\Debug\main.o
 .debug_aranges
                0x00000050       0x48 .\CortexM3\ARM_GCC_493\Debug\sprites.o
 .debug_aranges
                0x00000098       0x40 .\CortexM3\ARM_GCC_493\Debug\game_manager.o
 .debug_aranges
                0x000000d8       0x18 .\CortexM3\ARM_GCC_493\Debug\cymetadata.o
 .debug_aranges
                0x000000f0       0x48 .\CortexM3\ARM_GCC_493\Debug\Cm3Start.o
 .debug_aranges
                0x00000138       0x58 .\CortexM3\ARM_GCC_493\Debug\GuitarHero.a(cyfitter_cfg.o)
 .debug_aranges
                0x00000190       0x58 .\CortexM3\ARM_GCC_493\Debug\GuitarHero.a(x_DAC.o)
 .debug_aranges
                0x000001e8       0x58 .\CortexM3\ARM_GCC_493\Debug\GuitarHero.a(y_DAC.o)
 .debug_aranges
                0x00000240       0x20 .\CortexM3\ARM_GCC_493\Debug\GuitarHero.a(CyBootAsmGnu.o)
 .debug_aranges
                0x00000260      0x298 .\CortexM3\ARM_GCC_493\Debug\GuitarHero.a(CyLib.o)
 .debug_aranges
                0x000004f8       0x98 .\CortexM3\ARM_GCC_493\Debug\GuitarHero.a(cyPm.o)
 .debug_aranges
                0x00000590       0x80 .\CortexM3\ARM_GCC_493\Debug\GuitarHero.a(FPS_isr.o)
 .debug_aranges
                0x00000610       0x98 .\CortexM3\ARM_GCC_493\Debug\GuitarHero.a(BLE_UART.o)
 .debug_aranges
                0x000006a8       0x80 .\CortexM3\ARM_GCC_493\Debug\GuitarHero.a(BLE_Rx_isr.o)
 .debug_aranges
                0x00000728       0x98 .\CortexM3\ARM_GCC_493\Debug\GuitarHero.a(LCD.o)
 .debug_aranges
                0x000007c0       0x70 .\CortexM3\ARM_GCC_493\Debug\GuitarHero.a(BLE_UART_IntClock.o)
 .debug_aranges
                0x00000830       0x80 .\CortexM3\ARM_GCC_493\Debug\GuitarHero.a(CyFlash.o)
 .debug_aranges
                0x000008b0       0x78 .\CortexM3\ARM_GCC_493\Debug\GuitarHero.a(CySpc.o)

.debug_pubnames
 *(.debug_pubnames)

.debug_info     0x00000000     0x5c2e
 *(.debug_info .gnu.linkonce.wi.*)
 .debug_info    0x00000000      0x833 .\CortexM3\ARM_GCC_493\Debug\main.o
 .debug_info    0x00000833      0x4f9 .\CortexM3\ARM_GCC_493\Debug\sprites.o
 .debug_info    0x00000d2c      0x531 .\CortexM3\ARM_GCC_493\Debug\game_manager.o
 .debug_info    0x0000125d      0x13b .\CortexM3\ARM_GCC_493\Debug\cymetadata.o
 .debug_info    0x00001398      0x3a6 .\CortexM3\ARM_GCC_493\Debug\Cm3Start.o
 .debug_info    0x0000173e      0x4da .\CortexM3\ARM_GCC_493\Debug\GuitarHero.a(cyfitter_cfg.o)
 .debug_info    0x00001c18      0x1de .\CortexM3\ARM_GCC_493\Debug\GuitarHero.a(x_DAC.o)
 .debug_info    0x00001df6      0x1de .\CortexM3\ARM_GCC_493\Debug\GuitarHero.a(y_DAC.o)
 .debug_info    0x00001fd4       0x9d .\CortexM3\ARM_GCC_493\Debug\GuitarHero.a(CyBootAsmGnu.o)
 .debug_info    0x00002071     0x1376 .\CortexM3\ARM_GCC_493\Debug\GuitarHero.a(CyLib.o)
 .debug_info    0x000033e7      0xa5e .\CortexM3\ARM_GCC_493\Debug\GuitarHero.a(cyPm.o)
 .debug_info    0x00003e45      0x2d2 .\CortexM3\ARM_GCC_493\Debug\GuitarHero.a(FPS_isr.o)
 .debug_info    0x00004117      0x3a5 .\CortexM3\ARM_GCC_493\Debug\GuitarHero.a(BLE_UART.o)
 .debug_info    0x000044bc      0x2d2 .\CortexM3\ARM_GCC_493\Debug\GuitarHero.a(BLE_Rx_isr.o)
 .debug_info    0x0000478e      0x71d .\CortexM3\ARM_GCC_493\Debug\GuitarHero.a(LCD.o)
 .debug_info    0x00004eab      0x283 .\CortexM3\ARM_GCC_493\Debug\GuitarHero.a(BLE_UART_IntClock.o)
 .debug_info    0x0000512e      0x60f .\CortexM3\ARM_GCC_493\Debug\GuitarHero.a(CyFlash.o)
 .debug_info    0x0000573d      0x4f1 .\CortexM3\ARM_GCC_493\Debug\GuitarHero.a(CySpc.o)

.debug_abbrev   0x00000000     0x1b39
 *(.debug_abbrev)
 .debug_abbrev  0x00000000      0x206 .\CortexM3\ARM_GCC_493\Debug\main.o
 .debug_abbrev  0x00000206      0x1ef .\CortexM3\ARM_GCC_493\Debug\sprites.o
 .debug_abbrev  0x000003f5      0x1ab .\CortexM3\ARM_GCC_493\Debug\game_manager.o
 .debug_abbrev  0x000005a0       0x66 .\CortexM3\ARM_GCC_493\Debug\cymetadata.o
 .debug_abbrev  0x00000606      0x200 .\CortexM3\ARM_GCC_493\Debug\Cm3Start.o
 .debug_abbrev  0x00000806      0x203 .\CortexM3\ARM_GCC_493\Debug\GuitarHero.a(cyfitter_cfg.o)
 .debug_abbrev  0x00000a09       0xf7 .\CortexM3\ARM_GCC_493\Debug\GuitarHero.a(x_DAC.o)
 .debug_abbrev  0x00000b00       0xf7 .\CortexM3\ARM_GCC_493\Debug\GuitarHero.a(y_DAC.o)
 .debug_abbrev  0x00000bf7       0x14 .\CortexM3\ARM_GCC_493\Debug\GuitarHero.a(CyBootAsmGnu.o)
 .debug_abbrev  0x00000c0b      0x296 .\CortexM3\ARM_GCC_493\Debug\GuitarHero.a(CyLib.o)
 .debug_abbrev  0x00000ea1      0x1ed .\CortexM3\ARM_GCC_493\Debug\GuitarHero.a(cyPm.o)
 .debug_abbrev  0x0000108e      0x173 .\CortexM3\ARM_GCC_493\Debug\GuitarHero.a(FPS_isr.o)
 .debug_abbrev  0x00001201      0x16d .\CortexM3\ARM_GCC_493\Debug\GuitarHero.a(BLE_UART.o)
 .debug_abbrev  0x0000136e      0x173 .\CortexM3\ARM_GCC_493\Debug\GuitarHero.a(BLE_Rx_isr.o)
 .debug_abbrev  0x000014e1      0x171 .\CortexM3\ARM_GCC_493\Debug\GuitarHero.a(LCD.o)
 .debug_abbrev  0x00001652      0x139 .\CortexM3\ARM_GCC_493\Debug\GuitarHero.a(BLE_UART_IntClock.o)
 .debug_abbrev  0x0000178b      0x1ed .\CortexM3\ARM_GCC_493\Debug\GuitarHero.a(CyFlash.o)
 .debug_abbrev  0x00001978      0x1c1 .\CortexM3\ARM_GCC_493\Debug\GuitarHero.a(CySpc.o)

.debug_line     0x00000000     0x2525
 *(.debug_line)
 .debug_line    0x00000000      0x2c0 .\CortexM3\ARM_GCC_493\Debug\main.o
 .debug_line    0x000002c0      0x2c2 .\CortexM3\ARM_GCC_493\Debug\sprites.o
 .debug_line    0x00000582      0x196 .\CortexM3\ARM_GCC_493\Debug\game_manager.o
 .debug_line    0x00000718       0x53 .\CortexM3\ARM_GCC_493\Debug\cymetadata.o
 .debug_line    0x0000076b      0x249 .\CortexM3\ARM_GCC_493\Debug\Cm3Start.o
 .debug_line    0x000009b4      0x1e5 .\CortexM3\ARM_GCC_493\Debug\GuitarHero.a(cyfitter_cfg.o)
 .debug_line    0x00000b99       0xe4 .\CortexM3\ARM_GCC_493\Debug\GuitarHero.a(x_DAC.o)
 .debug_line    0x00000c7d       0xe4 .\CortexM3\ARM_GCC_493\Debug\GuitarHero.a(y_DAC.o)
 .debug_line    0x00000d61       0x68 .\CortexM3\ARM_GCC_493\Debug\GuitarHero.a(CyBootAsmGnu.o)
 .debug_line    0x00000dc9      0x806 .\CortexM3\ARM_GCC_493\Debug\GuitarHero.a(CyLib.o)
 .debug_line    0x000015cf      0x366 .\CortexM3\ARM_GCC_493\Debug\GuitarHero.a(cyPm.o)
 .debug_line    0x00001935      0x14d .\CortexM3\ARM_GCC_493\Debug\GuitarHero.a(FPS_isr.o)
 .debug_line    0x00001a82      0x1b2 .\CortexM3\ARM_GCC_493\Debug\GuitarHero.a(BLE_UART.o)
 .debug_line    0x00001c34      0x150 .\CortexM3\ARM_GCC_493\Debug\GuitarHero.a(BLE_Rx_isr.o)
 .debug_line    0x00001d84      0x1de .\CortexM3\ARM_GCC_493\Debug\GuitarHero.a(LCD.o)
 .debug_line    0x00001f62      0x199 .\CortexM3\ARM_GCC_493\Debug\GuitarHero.a(BLE_UART_IntClock.o)
 .debug_line    0x000020fb      0x1ec .\CortexM3\ARM_GCC_493\Debug\GuitarHero.a(CyFlash.o)
 .debug_line    0x000022e7      0x23e .\CortexM3\ARM_GCC_493\Debug\GuitarHero.a(CySpc.o)

.debug_frame    0x00000000     0x1b88
 *(.debug_frame)
 .debug_frame   0x00000000       0xf0 .\CortexM3\ARM_GCC_493\Debug\main.o
 .debug_frame   0x000000f0       0xe8 .\CortexM3\ARM_GCC_493\Debug\sprites.o
 .debug_frame   0x000001d8       0xe4 .\CortexM3\ARM_GCC_493\Debug\game_manager.o
 .debug_frame   0x000002bc       0xac .\CortexM3\ARM_GCC_493\Debug\Cm3Start.o
 .debug_frame   0x00000368       0xe4 .\CortexM3\ARM_GCC_493\Debug\GuitarHero.a(cyfitter_cfg.o)
 .debug_frame   0x0000044c       0xb4 .\CortexM3\ARM_GCC_493\Debug\GuitarHero.a(x_DAC.o)
 .debug_frame   0x00000500       0xb4 .\CortexM3\ARM_GCC_493\Debug\GuitarHero.a(y_DAC.o)
 .debug_frame   0x000005b4      0x728 .\CortexM3\ARM_GCC_493\Debug\GuitarHero.a(CyLib.o)
 .debug_frame   0x00000cdc      0x1f8 .\CortexM3\ARM_GCC_493\Debug\GuitarHero.a(cyPm.o)
 .debug_frame   0x00000ed4      0x104 .\CortexM3\ARM_GCC_493\Debug\GuitarHero.a(FPS_isr.o)
 .debug_frame   0x00000fd8      0x14c .\CortexM3\ARM_GCC_493\Debug\GuitarHero.a(BLE_UART.o)
 .debug_frame   0x00001124      0x104 .\CortexM3\ARM_GCC_493\Debug\GuitarHero.a(BLE_Rx_isr.o)
 .debug_frame   0x00001228      0x1e4 .\CortexM3\ARM_GCC_493\Debug\GuitarHero.a(LCD.o)
 .debug_frame   0x0000140c       0xe0 .\CortexM3\ARM_GCC_493\Debug\GuitarHero.a(BLE_UART_IntClock.o)
 .debug_frame   0x000014ec      0x174 .\CortexM3\ARM_GCC_493\Debug\GuitarHero.a(CyFlash.o)
 .debug_frame   0x00001660      0x160 .\CortexM3\ARM_GCC_493\Debug\GuitarHero.a(CySpc.o)
 .debug_frame   0x000017c0       0x38 c:/program files (x86)/cypress/psoc creator/3.3/psoc creator/import/gnu/arm/4.9.3/bin/../lib/gcc/arm-none-eabi/4.9.3/../../../../arm-none-eabi/lib/armv7-m\libm.a(lib_a-s_cos.o)
 .debug_frame   0x000017f8       0x38 c:/program files (x86)/cypress/psoc creator/3.3/psoc creator/import/gnu/arm/4.9.3/bin/../lib/gcc/arm-none-eabi/4.9.3/../../../../arm-none-eabi/lib/armv7-m\libm.a(lib_a-s_sin.o)
 .debug_frame   0x00001830       0x44 c:/program files (x86)/cypress/psoc creator/3.3/psoc creator/import/gnu/arm/4.9.3/bin/../lib/gcc/arm-none-eabi/4.9.3/../../../../arm-none-eabi/lib/armv7-m\libm.a(lib_a-w_sqrt.o)
 .debug_frame   0x00001874       0x48 c:/program files (x86)/cypress/psoc creator/3.3/psoc creator/import/gnu/arm/4.9.3/bin/../lib/gcc/arm-none-eabi/4.9.3/../../../../arm-none-eabi/lib/armv7-m\libm.a(lib_a-e_rem_pio2.o)
 .debug_frame   0x000018bc       0x30 c:/program files (x86)/cypress/psoc creator/3.3/psoc creator/import/gnu/arm/4.9.3/bin/../lib/gcc/arm-none-eabi/4.9.3/../../../../arm-none-eabi/lib/armv7-m\libm.a(lib_a-e_sqrt.o)
 .debug_frame   0x000018ec       0x4c c:/program files (x86)/cypress/psoc creator/3.3/psoc creator/import/gnu/arm/4.9.3/bin/../lib/gcc/arm-none-eabi/4.9.3/../../../../arm-none-eabi/lib/armv7-m\libm.a(lib_a-k_cos.o)
 .debug_frame   0x00001938       0x54 c:/program files (x86)/cypress/psoc creator/3.3/psoc creator/import/gnu/arm/4.9.3/bin/../lib/gcc/arm-none-eabi/4.9.3/../../../../arm-none-eabi/lib/armv7-m\libm.a(lib_a-k_rem_pio2.o)
 .debug_frame   0x0000198c       0x48 c:/program files (x86)/cypress/psoc creator/3.3/psoc creator/import/gnu/arm/4.9.3/bin/../lib/gcc/arm-none-eabi/4.9.3/../../../../arm-none-eabi/lib/armv7-m\libm.a(lib_a-k_sin.o)
 .debug_frame   0x000019d4       0x20 c:/program files (x86)/cypress/psoc creator/3.3/psoc creator/import/gnu/arm/4.9.3/bin/../lib/gcc/arm-none-eabi/4.9.3/../../../../arm-none-eabi/lib/armv7-m\libm.a(lib_a-s_fabs.o)
 .debug_frame   0x000019f4       0x34 c:/program files (x86)/cypress/psoc creator/3.3/psoc creator/import/gnu/arm/4.9.3/bin/../lib/gcc/arm-none-eabi/4.9.3/../../../../arm-none-eabi/lib/armv7-m\libm.a(lib_a-s_floor.o)
 .debug_frame   0x00001a28       0x34 c:/program files (x86)/cypress/psoc creator/3.3/psoc creator/import/gnu/arm/4.9.3/bin/../lib/gcc/arm-none-eabi/4.9.3/../../../../arm-none-eabi/lib/armv7-m\libm.a(lib_a-s_fpclassify.o)
 .debug_frame   0x00001a5c       0x20 c:/program files (x86)/cypress/psoc creator/3.3/psoc creator/import/gnu/arm/4.9.3/bin/../lib/gcc/arm-none-eabi/4.9.3/../../../../arm-none-eabi/lib/armv7-m\libm.a(lib_a-s_matherr.o)
 .debug_frame   0x00001a7c       0x30 c:/program files (x86)/cypress/psoc creator/3.3/psoc creator/import/gnu/arm/4.9.3/bin/../lib/gcc/arm-none-eabi/4.9.3/../../../../arm-none-eabi/lib/armv7-m\libm.a(lib_a-s_scalbn.o)
 .debug_frame   0x00001aac       0x20 c:/program files (x86)/cypress/psoc creator/3.3/psoc creator/import/gnu/arm/4.9.3/bin/../lib/gcc/arm-none-eabi/4.9.3/../../../../arm-none-eabi/lib/armv7-m\libm.a(lib_a-s_copysign.o)
 .debug_frame   0x00001acc       0x20 c:/program files (x86)/cypress/psoc creator/3.3/psoc creator/import/gnu/arm/4.9.3/bin/../lib/gcc/arm-none-eabi/4.9.3/../../../../arm-none-eabi/lib/armv7-m\libg_nano.a(lib_a-errno.o)
 .debug_frame   0x00001aec       0x28 c:/program files (x86)/cypress/psoc creator/3.3/psoc creator/import/gnu/arm/4.9.3/bin/../lib/gcc/arm-none-eabi/4.9.3/../../../../arm-none-eabi/lib/armv7-m\libg_nano.a(lib_a-exit.o)
 .debug_frame   0x00001b14       0x2c c:/program files (x86)/cypress/psoc creator/3.3/psoc creator/import/gnu/arm/4.9.3/bin/../lib/gcc/arm-none-eabi/4.9.3/../../../../arm-none-eabi/lib/armv7-m\libg_nano.a(lib_a-init.o)
 .debug_frame   0x00001b40       0x28 c:/program files (x86)/cypress/psoc creator/3.3/psoc creator/import/gnu/arm/4.9.3/bin/../lib/gcc/arm-none-eabi/4.9.3/../../../../arm-none-eabi/lib/armv7-m\libg_nano.a(lib_a-memcpy.o)
 .debug_frame   0x00001b68       0x20 c:/program files (x86)/cypress/psoc creator/3.3/psoc creator/import/gnu/arm/4.9.3/bin/../lib/gcc/arm-none-eabi/4.9.3/../../../../arm-none-eabi/lib/armv7-m\libg_nano.a(lib_a-memset.o)

.debug_str      0x00000000     0x1d89
 *(.debug_str)
 .debug_str     0x00000000      0x415 .\CortexM3\ARM_GCC_493\Debug\main.o
                                0x498 (size before relaxing)
 .debug_str     0x00000415       0xa9 .\CortexM3\ARM_GCC_493\Debug\sprites.o
                                0x2d0 (size before relaxing)
 .debug_str     0x000004be       0x36 .\CortexM3\ARM_GCC_493\Debug\game_manager.o
                                0x2c0 (size before relaxing)
 .debug_str     0x000004f4       0x77 .\CortexM3\ARM_GCC_493\Debug\cymetadata.o
                                0x202 (size before relaxing)
 .debug_str     0x0000056b      0x153 .\CortexM3\ARM_GCC_493\Debug\Cm3Start.o
                                0x322 (size before relaxing)
 .debug_str     0x000006be      0x156 .\CortexM3\ARM_GCC_493\Debug\GuitarHero.a(cyfitter_cfg.o)
                                0x327 (size before relaxing)
 .debug_str     0x00000814       0x8f .\CortexM3\ARM_GCC_493\Debug\GuitarHero.a(x_DAC.o)
                                0x237 (size before relaxing)
 .debug_str     0x000008a3       0x7e .\CortexM3\ARM_GCC_493\Debug\GuitarHero.a(y_DAC.o)
                                0x237 (size before relaxing)
 .debug_str     0x00000921      0x824 .\CortexM3\ARM_GCC_493\Debug\GuitarHero.a(CyLib.o)
                                0xa47 (size before relaxing)
 .debug_str     0x00001145      0x35b .\CortexM3\ARM_GCC_493\Debug\GuitarHero.a(cyPm.o)
                                0x73f (size before relaxing)
 .debug_str     0x000014a0       0xf4 .\CortexM3\ARM_GCC_493\Debug\GuitarHero.a(FPS_isr.o)
                                0x2da (size before relaxing)
 .debug_str     0x00001594      0x1c8 .\CortexM3\ARM_GCC_493\Debug\GuitarHero.a(BLE_UART.o)
                                0x3da (size before relaxing)
 .debug_str     0x0000175c      0x11b .\CortexM3\ARM_GCC_493\Debug\GuitarHero.a(BLE_Rx_isr.o)
                                0x304 (size before relaxing)
 .debug_str     0x00001877      0x119 .\CortexM3\ARM_GCC_493\Debug\GuitarHero.a(LCD.o)
                                0x343 (size before relaxing)
 .debug_str     0x00001990      0x1ad .\CortexM3\ARM_GCC_493\Debug\GuitarHero.a(BLE_UART_IntClock.o)
                                0x37e (size before relaxing)
 .debug_str     0x00001b3d      0x19e .\CortexM3\ARM_GCC_493\Debug\GuitarHero.a(CyFlash.o)
                                0x3b9 (size before relaxing)
 .debug_str     0x00001cdb       0xae .\CortexM3\ARM_GCC_493\Debug\GuitarHero.a(CySpc.o)
                                0x342 (size before relaxing)

.debug_loc      0x00000000     0x27ff
 *(.debug_loc)
 .debug_loc     0x00000000       0xb5 .\CortexM3\ARM_GCC_493\Debug\main.o
 .debug_loc     0x000000b5      0x4fb .\CortexM3\ARM_GCC_493\Debug\sprites.o
 .debug_loc     0x000005b0      0x2db .\CortexM3\ARM_GCC_493\Debug\game_manager.o
 .debug_loc     0x0000088b      0x144 .\CortexM3\ARM_GCC_493\Debug\Cm3Start.o
 .debug_loc     0x000009cf      0x1d7 .\CortexM3\ARM_GCC_493\Debug\GuitarHero.a(cyfitter_cfg.o)
 .debug_loc     0x00000ba6       0x79 .\CortexM3\ARM_GCC_493\Debug\GuitarHero.a(x_DAC.o)
 .debug_loc     0x00000c1f       0x79 .\CortexM3\ARM_GCC_493\Debug\GuitarHero.a(y_DAC.o)
 .debug_loc     0x00000c98      0xa11 .\CortexM3\ARM_GCC_493\Debug\GuitarHero.a(CyLib.o)
 .debug_loc     0x000016a9      0x1e4 .\CortexM3\ARM_GCC_493\Debug\GuitarHero.a(cyPm.o)
 .debug_loc     0x0000188d       0x56 .\CortexM3\ARM_GCC_493\Debug\GuitarHero.a(FPS_isr.o)
 .debug_loc     0x000018e3       0x87 .\CortexM3\ARM_GCC_493\Debug\GuitarHero.a(BLE_UART.o)
 .debug_loc     0x0000196a       0x56 .\CortexM3\ARM_GCC_493\Debug\GuitarHero.a(BLE_Rx_isr.o)
 .debug_loc     0x000019c0      0x3c6 .\CortexM3\ARM_GCC_493\Debug\GuitarHero.a(LCD.o)
 .debug_loc     0x00001d86      0x12c .\CortexM3\ARM_GCC_493\Debug\GuitarHero.a(BLE_UART_IntClock.o)
 .debug_loc     0x00001eb2      0x300 .\CortexM3\ARM_GCC_493\Debug\GuitarHero.a(CyFlash.o)
 .debug_loc     0x000021b2      0x64d .\CortexM3\ARM_GCC_493\Debug\GuitarHero.a(CySpc.o)

.debug_macinfo
 *(.debug_macinfo)

.debug_ranges   0x00000000      0x8b0
 *(.debug_ranges)
 .debug_ranges  0x00000000       0x40 .\CortexM3\ARM_GCC_493\Debug\main.o
 .debug_ranges  0x00000040       0x98 .\CortexM3\ARM_GCC_493\Debug\sprites.o
 .debug_ranges  0x000000d8       0x90 .\CortexM3\ARM_GCC_493\Debug\game_manager.o
 .debug_ranges  0x00000168       0x38 .\CortexM3\ARM_GCC_493\Debug\Cm3Start.o
 .debug_ranges  0x000001a0       0x48 .\CortexM3\ARM_GCC_493\Debug\GuitarHero.a(cyfitter_cfg.o)
 .debug_ranges  0x000001e8       0x48 .\CortexM3\ARM_GCC_493\Debug\GuitarHero.a(x_DAC.o)
 .debug_ranges  0x00000230       0x48 .\CortexM3\ARM_GCC_493\Debug\GuitarHero.a(y_DAC.o)
 .debug_ranges  0x00000278      0x288 .\CortexM3\ARM_GCC_493\Debug\GuitarHero.a(CyLib.o)
 .debug_ranges  0x00000500       0x88 .\CortexM3\ARM_GCC_493\Debug\GuitarHero.a(cyPm.o)
 .debug_ranges  0x00000588       0x70 .\CortexM3\ARM_GCC_493\Debug\GuitarHero.a(FPS_isr.o)
 .debug_ranges  0x000005f8       0x88 .\CortexM3\ARM_GCC_493\Debug\GuitarHero.a(BLE_UART.o)
 .debug_ranges  0x00000680       0x70 .\CortexM3\ARM_GCC_493\Debug\GuitarHero.a(BLE_Rx_isr.o)
 .debug_ranges  0x000006f0       0x88 .\CortexM3\ARM_GCC_493\Debug\GuitarHero.a(LCD.o)
 .debug_ranges  0x00000778       0x60 .\CortexM3\ARM_GCC_493\Debug\GuitarHero.a(BLE_UART_IntClock.o)
 .debug_ranges  0x000007d8       0x70 .\CortexM3\ARM_GCC_493\Debug\GuitarHero.a(CyFlash.o)
 .debug_ranges  0x00000848       0x68 .\CortexM3\ARM_GCC_493\Debug\GuitarHero.a(CySpc.o)

.comment        0x00000000       0x70
 .comment       0x00000000       0x70 .\CortexM3\ARM_GCC_493\Debug\main.o
                                 0x71 (size before relaxing)
 .comment       0x00000000       0x71 .\CortexM3\ARM_GCC_493\Debug\sprites.o
 .comment       0x00000000       0x71 .\CortexM3\ARM_GCC_493\Debug\game_manager.o
 .comment       0x00000000       0x71 .\CortexM3\ARM_GCC_493\Debug\cymetadata.o
 .comment       0x00000000       0x71 .\CortexM3\ARM_GCC_493\Debug\Cm3Start.o
 .comment       0x00000000       0x71 .\CortexM3\ARM_GCC_493\Debug\GuitarHero.a(cyfitter_cfg.o)
 .comment       0x00000000       0x71 .\CortexM3\ARM_GCC_493\Debug\GuitarHero.a(x_DAC.o)
 .comment       0x00000000       0x71 .\CortexM3\ARM_GCC_493\Debug\GuitarHero.a(y_DAC.o)
 .comment       0x00000000       0x71 .\CortexM3\ARM_GCC_493\Debug\GuitarHero.a(CyLib.o)
 .comment       0x00000000       0x71 .\CortexM3\ARM_GCC_493\Debug\GuitarHero.a(cyPm.o)
 .comment       0x00000000       0x71 .\CortexM3\ARM_GCC_493\Debug\GuitarHero.a(FPS_isr.o)
 .comment       0x00000000       0x71 .\CortexM3\ARM_GCC_493\Debug\GuitarHero.a(BLE_UART.o)
 .comment       0x00000000       0x71 .\CortexM3\ARM_GCC_493\Debug\GuitarHero.a(BLE_Rx_isr.o)
 .comment       0x00000000       0x71 .\CortexM3\ARM_GCC_493\Debug\GuitarHero.a(LCD.o)
 .comment       0x00000000       0x71 .\CortexM3\ARM_GCC_493\Debug\GuitarHero.a(BLE_UART_IntClock.o)
 .comment       0x00000000       0x71 .\CortexM3\ARM_GCC_493\Debug\GuitarHero.a(CyFlash.o)
 .comment       0x00000000       0x71 .\CortexM3\ARM_GCC_493\Debug\GuitarHero.a(CySpc.o)

.debug_weaknames
 *(.debug_weaknames)

.debug_funcnames
 *(.debug_funcnames)

.debug_typenames
 *(.debug_typenames)

.debug_varnames
 *(.debug_varnames)

.note.gnu.arm.ident
 *(.note.gnu.arm.ident)

.ARM.attributes
                0x00000000       0x29
 *(.ARM.attributes)
 .ARM.attributes
                0x00000000       0x1d c:/program files (x86)/cypress/psoc creator/3.3/psoc creator/import/gnu/arm/4.9.3/bin/../lib/gcc/arm-none-eabi/4.9.3/armv7-m/crti.o
 .ARM.attributes
                0x0000001d       0x2d c:/program files (x86)/cypress/psoc creator/3.3/psoc creator/import/gnu/arm/4.9.3/bin/../lib/gcc/arm-none-eabi/4.9.3/armv7-m/crtbegin.o
 .ARM.attributes
                0x0000004a       0x1b c:/program files (x86)/cypress/psoc creator/3.3/psoc creator/import/gnu/arm/4.9.3/bin/../lib/gcc/arm-none-eabi/4.9.3/../../../../arm-none-eabi/lib/armv7-m/crt0.o
 .ARM.attributes
                0x00000065       0x33 .\CortexM3\ARM_GCC_493\Debug\main.o
 .ARM.attributes
                0x00000098       0x33 .\CortexM3\ARM_GCC_493\Debug\sprites.o
 .ARM.attributes
                0x000000cb       0x33 .\CortexM3\ARM_GCC_493\Debug\game_manager.o
 .ARM.attributes
                0x000000fe       0x33 .\CortexM3\ARM_GCC_493\Debug\cymetadata.o
 .ARM.attributes
                0x00000131       0x33 .\CortexM3\ARM_GCC_493\Debug\Cm3Start.o
 .ARM.attributes
                0x00000164       0x33 .\CortexM3\ARM_GCC_493\Debug\GuitarHero.a(cyfitter_cfg.o)
 .ARM.attributes
                0x00000197       0x33 .\CortexM3\ARM_GCC_493\Debug\GuitarHero.a(x_DAC.o)
 .ARM.attributes
                0x000001ca       0x33 .\CortexM3\ARM_GCC_493\Debug\GuitarHero.a(y_DAC.o)
 .ARM.attributes
                0x000001fd       0x21 .\CortexM3\ARM_GCC_493\Debug\GuitarHero.a(CyBootAsmGnu.o)
 .ARM.attributes
                0x0000021e       0x33 .\CortexM3\ARM_GCC_493\Debug\GuitarHero.a(CyLib.o)
 .ARM.attributes
                0x00000251       0x33 .\CortexM3\ARM_GCC_493\Debug\GuitarHero.a(cyPm.o)
 .ARM.attributes
                0x00000284       0x33 .\CortexM3\ARM_GCC_493\Debug\GuitarHero.a(FPS_isr.o)
 .ARM.attributes
                0x000002b7       0x33 .\CortexM3\ARM_GCC_493\Debug\GuitarHero.a(BLE_UART.o)
 .ARM.attributes
                0x000002ea       0x33 .\CortexM3\ARM_GCC_493\Debug\GuitarHero.a(BLE_Rx_isr.o)
 .ARM.attributes
                0x0000031d       0x33 .\CortexM3\ARM_GCC_493\Debug\GuitarHero.a(LCD.o)
 .ARM.attributes
                0x00000350       0x33 .\CortexM3\ARM_GCC_493\Debug\GuitarHero.a(BLE_UART_IntClock.o)
 .ARM.attributes
                0x00000383       0x33 .\CortexM3\ARM_GCC_493\Debug\GuitarHero.a(CyFlash.o)
 .ARM.attributes
                0x000003b6       0x33 .\CortexM3\ARM_GCC_493\Debug\GuitarHero.a(CySpc.o)
 .ARM.attributes
                0x000003e9       0x2d c:/program files (x86)/cypress/psoc creator/3.3/psoc creator/import/gnu/arm/4.9.3/bin/../lib/gcc/arm-none-eabi/4.9.3/../../../../arm-none-eabi/lib/armv7-m\libm.a(lib_a-s_cos.o)
 .ARM.attributes
                0x00000416       0x2d c:/program files (x86)/cypress/psoc creator/3.3/psoc creator/import/gnu/arm/4.9.3/bin/../lib/gcc/arm-none-eabi/4.9.3/../../../../arm-none-eabi/lib/armv7-m\libm.a(lib_a-s_sin.o)
 .ARM.attributes
                0x00000443       0x2d c:/program files (x86)/cypress/psoc creator/3.3/psoc creator/import/gnu/arm/4.9.3/bin/../lib/gcc/arm-none-eabi/4.9.3/../../../../arm-none-eabi/lib/armv7-m\libm.a(lib_a-w_sqrt.o)
 .ARM.attributes
                0x00000470       0x2d c:/program files (x86)/cypress/psoc creator/3.3/psoc creator/import/gnu/arm/4.9.3/bin/../lib/gcc/arm-none-eabi/4.9.3/../../../../arm-none-eabi/lib/armv7-m\libm.a(lib_a-e_rem_pio2.o)
 .ARM.attributes
                0x0000049d       0x2d c:/program files (x86)/cypress/psoc creator/3.3/psoc creator/import/gnu/arm/4.9.3/bin/../lib/gcc/arm-none-eabi/4.9.3/../../../../arm-none-eabi/lib/armv7-m\libm.a(lib_a-e_sqrt.o)
 .ARM.attributes
                0x000004ca       0x2d c:/program files (x86)/cypress/psoc creator/3.3/psoc creator/import/gnu/arm/4.9.3/bin/../lib/gcc/arm-none-eabi/4.9.3/../../../../arm-none-eabi/lib/armv7-m\libm.a(lib_a-k_cos.o)
 .ARM.attributes
                0x000004f7       0x2d c:/program files (x86)/cypress/psoc creator/3.3/psoc creator/import/gnu/arm/4.9.3/bin/../lib/gcc/arm-none-eabi/4.9.3/../../../../arm-none-eabi/lib/armv7-m\libm.a(lib_a-k_rem_pio2.o)
 .ARM.attributes
                0x00000524       0x2d c:/program files (x86)/cypress/psoc creator/3.3/psoc creator/import/gnu/arm/4.9.3/bin/../lib/gcc/arm-none-eabi/4.9.3/../../../../arm-none-eabi/lib/armv7-m\libm.a(lib_a-k_sin.o)
 .ARM.attributes
                0x00000551       0x2d c:/program files (x86)/cypress/psoc creator/3.3/psoc creator/import/gnu/arm/4.9.3/bin/../lib/gcc/arm-none-eabi/4.9.3/../../../../arm-none-eabi/lib/armv7-m\libm.a(lib_a-s_fabs.o)
 .ARM.attributes
                0x0000057e       0x2d c:/program files (x86)/cypress/psoc creator/3.3/psoc creator/import/gnu/arm/4.9.3/bin/../lib/gcc/arm-none-eabi/4.9.3/../../../../arm-none-eabi/lib/armv7-m\libm.a(lib_a-s_floor.o)
 .ARM.attributes
                0x000005ab       0x2d c:/program files (x86)/cypress/psoc creator/3.3/psoc creator/import/gnu/arm/4.9.3/bin/../lib/gcc/arm-none-eabi/4.9.3/../../../../arm-none-eabi/lib/armv7-m\libm.a(lib_a-s_fpclassify.o)
 .ARM.attributes
                0x000005d8       0x2d c:/program files (x86)/cypress/psoc creator/3.3/psoc creator/import/gnu/arm/4.9.3/bin/../lib/gcc/arm-none-eabi/4.9.3/../../../../arm-none-eabi/lib/armv7-m\libm.a(lib_a-s_lib_ver.o)
 .ARM.attributes
                0x00000605       0x2d c:/program files (x86)/cypress/psoc creator/3.3/psoc creator/import/gnu/arm/4.9.3/bin/../lib/gcc/arm-none-eabi/4.9.3/../../../../arm-none-eabi/lib/armv7-m\libm.a(lib_a-s_matherr.o)
 .ARM.attributes
                0x00000632       0x2d c:/program files (x86)/cypress/psoc creator/3.3/psoc creator/import/gnu/arm/4.9.3/bin/../lib/gcc/arm-none-eabi/4.9.3/../../../../arm-none-eabi/lib/armv7-m\libm.a(lib_a-s_scalbn.o)
 .ARM.attributes
                0x0000065f       0x2d c:/program files (x86)/cypress/psoc creator/3.3/psoc creator/import/gnu/arm/4.9.3/bin/../lib/gcc/arm-none-eabi/4.9.3/../../../../arm-none-eabi/lib/armv7-m\libm.a(lib_a-s_copysign.o)
 .ARM.attributes
                0x0000068c       0x1d c:/program files (x86)/cypress/psoc creator/3.3/psoc creator/import/gnu/arm/4.9.3/bin/../lib/gcc/arm-none-eabi/4.9.3/armv7-m\libgcc.a(_arm_addsubdf3.o)
 .ARM.attributes
                0x000006a9       0x1d c:/program files (x86)/cypress/psoc creator/3.3/psoc creator/import/gnu/arm/4.9.3/bin/../lib/gcc/arm-none-eabi/4.9.3/armv7-m\libgcc.a(_arm_muldivdf3.o)
 .ARM.attributes
                0x000006c6       0x1d c:/program files (x86)/cypress/psoc creator/3.3/psoc creator/import/gnu/arm/4.9.3/bin/../lib/gcc/arm-none-eabi/4.9.3/armv7-m\libgcc.a(_arm_cmpdf2.o)
 .ARM.attributes
                0x000006e3       0x1d c:/program files (x86)/cypress/psoc creator/3.3/psoc creator/import/gnu/arm/4.9.3/bin/../lib/gcc/arm-none-eabi/4.9.3/armv7-m\libgcc.a(_arm_fixdfsi.o)
 .ARM.attributes
                0x00000700       0x1d c:/program files (x86)/cypress/psoc creator/3.3/psoc creator/import/gnu/arm/4.9.3/bin/../lib/gcc/arm-none-eabi/4.9.3/armv7-m\libgcc.a(_arm_fixunsdfsi.o)
 .ARM.attributes
                0x0000071d       0x1d c:/program files (x86)/cypress/psoc creator/3.3/psoc creator/import/gnu/arm/4.9.3/bin/../lib/gcc/arm-none-eabi/4.9.3/armv7-m\libgcc.a(_arm_truncdfsf2.o)
 .ARM.attributes
                0x0000073a       0x1d c:/program files (x86)/cypress/psoc creator/3.3/psoc creator/import/gnu/arm/4.9.3/bin/../lib/gcc/arm-none-eabi/4.9.3/armv7-m\libgcc.a(_arm_addsubsf3.o)
 .ARM.attributes
                0x00000757       0x1d c:/program files (x86)/cypress/psoc creator/3.3/psoc creator/import/gnu/arm/4.9.3/bin/../lib/gcc/arm-none-eabi/4.9.3/armv7-m\libgcc.a(_arm_muldivsf3.o)
 .ARM.attributes
                0x00000774       0x1d c:/program files (x86)/cypress/psoc creator/3.3/psoc creator/import/gnu/arm/4.9.3/bin/../lib/gcc/arm-none-eabi/4.9.3/armv7-m\libgcc.a(_arm_cmpsf2.o)
 .ARM.attributes
                0x00000791       0x1d c:/program files (x86)/cypress/psoc creator/3.3/psoc creator/import/gnu/arm/4.9.3/bin/../lib/gcc/arm-none-eabi/4.9.3/armv7-m\libgcc.a(_arm_fixsfsi.o)
 .ARM.attributes
                0x000007ae       0x1d c:/program files (x86)/cypress/psoc creator/3.3/psoc creator/import/gnu/arm/4.9.3/bin/../lib/gcc/arm-none-eabi/4.9.3/armv7-m\libgcc.a(_arm_fixunssfsi.o)
 .ARM.attributes
                0x000007cb       0x2d c:/program files (x86)/cypress/psoc creator/3.3/psoc creator/import/gnu/arm/4.9.3/bin/../lib/gcc/arm-none-eabi/4.9.3/../../../../arm-none-eabi/lib/armv7-m\libg_nano.a(lib_a-errno.o)
 .ARM.attributes
                0x000007f8       0x2d c:/program files (x86)/cypress/psoc creator/3.3/psoc creator/import/gnu/arm/4.9.3/bin/../lib/gcc/arm-none-eabi/4.9.3/../../../../arm-none-eabi/lib/armv7-m\libg_nano.a(lib_a-exit.o)
 .ARM.attributes
                0x00000825       0x2d c:/program files (x86)/cypress/psoc creator/3.3/psoc creator/import/gnu/arm/4.9.3/bin/../lib/gcc/arm-none-eabi/4.9.3/../../../../arm-none-eabi/lib/armv7-m\libg_nano.a(lib_a-impure.o)
 .ARM.attributes
                0x00000852       0x2d c:/program files (x86)/cypress/psoc creator/3.3/psoc creator/import/gnu/arm/4.9.3/bin/../lib/gcc/arm-none-eabi/4.9.3/../../../../arm-none-eabi/lib/armv7-m\libg_nano.a(lib_a-init.o)
 .ARM.attributes
                0x0000087f       0x2d c:/program files (x86)/cypress/psoc creator/3.3/psoc creator/import/gnu/arm/4.9.3/bin/../lib/gcc/arm-none-eabi/4.9.3/../../../../arm-none-eabi/lib/armv7-m\libg_nano.a(lib_a-memcpy.o)
 .ARM.attributes
                0x000008ac       0x2d c:/program files (x86)/cypress/psoc creator/3.3/psoc creator/import/gnu/arm/4.9.3/bin/../lib/gcc/arm-none-eabi/4.9.3/../../../../arm-none-eabi/lib/armv7-m\libg_nano.a(lib_a-memset.o)
 .ARM.attributes
                0x000008d9       0x2d c:/program files (x86)/cypress/psoc creator/3.3/psoc creator/import/gnu/arm/4.9.3/bin/../lib/gcc/arm-none-eabi/4.9.3/armv7-m/crtend.o
 .ARM.attributes
                0x00000906       0x1d c:/program files (x86)/cypress/psoc creator/3.3/psoc creator/import/gnu/arm/4.9.3/bin/../lib/gcc/arm-none-eabi/4.9.3/armv7-m/crtn.o

/DISCARD/
 *(.note.GNU-stack)
OUTPUT(.\CortexM3\ARM_GCC_493\Debug\GuitarHero.elf elf32-littlearm)
