Archive member included because of file (symbol)

.\CortexM3\ARM_GCC_493\Debug\GuitarHero.a(cyfitter_cfg.o)
                              .\CortexM3\ARM_GCC_493\Debug\Cm3Start.o (cyfitter_cfg)
.\CortexM3\ARM_GCC_493\Debug\GuitarHero.a(x_DAC.o)
                              .\CortexM3\ARM_GCC_493\Debug\main.o (x_DAC_SetValue)
.\CortexM3\ARM_GCC_493\Debug\GuitarHero.a(y_DAC.o)
                              .\CortexM3\ARM_GCC_493\Debug\main.o (y_DAC_SetValue)
.\CortexM3\ARM_GCC_493\Debug\GuitarHero.a(CyBootAsmGnu.o)
                              .\CortexM3\ARM_GCC_493\Debug\GuitarHero.a(cyfitter_cfg.o) (CyDelayCycles)
.\CortexM3\ARM_GCC_493\Debug\GuitarHero.a(CyLib.o)
                              .\CortexM3\ARM_GCC_493\Debug\Cm3Start.o (CyHalt)
.\CortexM3\ARM_GCC_493\Debug\GuitarHero.a(cyPm.o)
                              .\CortexM3\ARM_GCC_493\Debug\GuitarHero.a(CyLib.o) (CyPmReadStatus)
.\CortexM3\ARM_GCC_493\Debug\GuitarHero.a(FPS_isr.o)
                              .\CortexM3\ARM_GCC_493\Debug\main.o (FPS_isr_StartEx)
.\CortexM3\ARM_GCC_493\Debug\GuitarHero.a(BLE_UART.o)
                              .\CortexM3\ARM_GCC_493\Debug\main.o (BLE_UART_Init)
.\CortexM3\ARM_GCC_493\Debug\GuitarHero.a(BLE_Rx_isr.o)
                              .\CortexM3\ARM_GCC_493\Debug\main.o (BLE_Rx_isr_StartEx)
.\CortexM3\ARM_GCC_493\Debug\GuitarHero.a(LCD.o)
                              .\CortexM3\ARM_GCC_493\Debug\main.o (LCD_WriteControl)
.\CortexM3\ARM_GCC_493\Debug\GuitarHero.a(BLE_UART_IntClock.o)
                              .\CortexM3\ARM_GCC_493\Debug\GuitarHero.a(BLE_UART.o) (BLE_UART_IntClock_Start)
.\CortexM3\ARM_GCC_493\Debug\GuitarHero.a(Audio_DAC.o)
                              .\CortexM3\ARM_GCC_493\Debug\main.o (Audio_DAC_SetValue)
.\CortexM3\ARM_GCC_493\Debug\GuitarHero.a(Audio_isr.o)
                              .\CortexM3\ARM_GCC_493\Debug\main.o (Audio_isr_StartEx)
.\CortexM3\ARM_GCC_493\Debug\GuitarHero.a(CyFlash.o)
                              .\CortexM3\ARM_GCC_493\Debug\GuitarHero.a(cyPm.o) (CyFlash_SetWaitCycles)
.\CortexM3\ARM_GCC_493\Debug\GuitarHero.a(CySpc.o)
                              .\CortexM3\ARM_GCC_493\Debug\GuitarHero.a(CyFlash.o) (CySpcStart)
..\emFile_V322c\LinkLibrary\PSoC5\GCC\libemf32nosnlfn.a(FS_Misc.o)
                              .\CortexM3\ARM_GCC_493\Debug\main.o (FS_Init)
..\emFile_V322c\LinkLibrary\PSoC5\GCC\libemf32nosnlfn.a(FS_Read.o)
                              .\CortexM3\ARM_GCC_493\Debug\main.o (FS_Read)
..\emFile_V322c\LinkLibrary\PSoC5\GCC\libemf32nosnlfn.a(FS_Storage.o)
                              ..\emFile_V322c\LinkLibrary\PSoC5\GCC\libemf32nosnlfn.a(FS_Misc.o) (FS__FindVolume)
..\emFile_V322c\LinkLibrary\PSoC5\GCC\libemf32nosnlfn.a(FS_Unmount.o)
                              ..\emFile_V322c\LinkLibrary\PSoC5\GCC\libemf32nosnlfn.a(FS_Misc.o) (FS__UnmountForcedNL)
..\emFile_V322c\LinkLibrary\PSoC5\GCC\libemf32nosnlfn.a(FS_Volume.o)
                              ..\emFile_V322c\LinkLibrary\PSoC5\GCC\libemf32nosnlfn.a(FS_Misc.o) (FS__AutoMount)
..\emFile_V322c\LinkLibrary\PSoC5\GCC\libemf32nosnlfn.a(FAT_CheckDisk.o)
                              ..\emFile_V322c\LinkLibrary\PSoC5\GCC\libemf32nosnlfn.a(FS_Volume.o) (FS_FAT__CheckDisk)
..\emFile_V322c\LinkLibrary\PSoC5\GCC\libemf32nosnlfn.a(FAT_Dir.o)
                              ..\emFile_V322c\LinkLibrary\PSoC5\GCC\libemf32nosnlfn.a(FAT_CheckDisk.o) (FS_FAT_CreateDirEx)
..\emFile_V322c\LinkLibrary\PSoC5\GCC\libemf32nosnlfn.a(FAT_DiskInfo.o)
                              ..\emFile_V322c\LinkLibrary\PSoC5\GCC\libemf32nosnlfn.a(FS_Volume.o) (FS_FAT_GetDiskInfo)
..\emFile_V322c\LinkLibrary\PSoC5\GCC\libemf32nosnlfn.a(FAT_Misc.o)
                              ..\emFile_V322c\LinkLibrary\PSoC5\GCC\libemf32nosnlfn.a(FAT_Dir.o) (FS_FAT_ClusterId2SectorNo)
..\emFile_V322c\LinkLibrary\PSoC5\GCC\libemf32nosnlfn.a(FAT_Open.o)
                              ..\emFile_V322c\LinkLibrary\PSoC5\GCC\libemf32nosnlfn.a(FAT_CheckDisk.o) (FS_FAT_InitDirEntryScan)
..\emFile_V322c\LinkLibrary\PSoC5\GCC\libemf32nosnlfn.a(FAT_Read.o)
                              ..\emFile_V322c\LinkLibrary\PSoC5\GCC\libemf32nosnlfn.a(FS_Read.o) (FS_FAT_Read)
..\emFile_V322c\LinkLibrary\PSoC5\GCC\libemf32nosnlfn.a(FAT_VolumeLabel.o)
                              ..\emFile_V322c\LinkLibrary\PSoC5\GCC\libemf32nosnlfn.a(FS_Volume.o) (FS_FAT_SetVolumeLabel)
..\emFile_V322c\LinkLibrary\PSoC5\GCC\libemf32nosnlfn.a(FAT_Write.o)
                              ..\emFile_V322c\LinkLibrary\PSoC5\GCC\libemf32nosnlfn.a(FS_Unmount.o) (FS_FAT_Clean)
..\emFile_V322c\LinkLibrary\PSoC5\GCC\libemf32nosnlfn.a(FS_CLib.o)
                              ..\emFile_V322c\LinkLibrary\PSoC5\GCC\libemf32nosnlfn.a(FS_Storage.o) (FS__CLIB_memcmp)
..\emFile_V322c\LinkLibrary\PSoC5\GCC\libemf32nosnlfn.a(FS_Core.o)
                              ..\emFile_V322c\LinkLibrary\PSoC5\GCC\libemf32nosnlfn.a(FAT_Misc.o) (FS__DivideU32Up)
[...]
Memory Configuration

Name             Origin             Length             Attributes
rom              0x00000000         0x00040000         xr
ram              0x1fff8000         0x00010000         xrw
*default*        0x00000000         0xffffffff

Linker script and memory map

LOAD c:/program files (x86)/cypress/psoc creator/3.3/psoc creator/import/gnu/arm/4.9.3/bin/../lib/gcc/arm-none-eabi/4.9.3/armv7-m/crti.o
LOAD c:/program files (x86)/cypress/psoc creator/3.3/psoc creator/import/gnu/arm/4.9.3/bin/../lib/gcc/arm-none-eabi/4.9.3/armv7-m/crtbegin.o
LOAD c:/program files (x86)/cypress/psoc creator/3.3/psoc creator/import/gnu/arm/4.9.3/bin/../lib/gcc/arm-none-eabi/4.9.3/../../../../arm-none-eabi/lib/armv7-m/crt0.o
START GROUP
LOAD .\CortexM3\ARM_GCC_493\Debug\main.o
LOAD .\CortexM3\ARM_GCC_493\Debug\sprites.o
LOAD .\CortexM3\ARM_GCC_493\Debug\game_manager.o
LOAD .\CortexM3\ARM_GCC_493\Debug\cymetadata.o
LOAD .\CortexM3\ARM_GCC_493\Debug\Cm3Start.o
LOAD .\CortexM3\ARM_GCC_493\Debug\GuitarHero.a
LOAD C:\Program Files (x86)\Cypress\PSoC Creator\3.3\PSoC Creator\psoc\content\cycomponentlibrary\CyComponentLibrary.cylib\CortexM3\ARM_GCC_493\Debug\CyComponentLibrary.a
LOAD ..\emFile_V322c\LinkLibrary\PSoC5\GCC\libemf32nosnlfn.a
LOAD c:/program files (x86)/cypress/psoc creator/3.3/psoc creator/import/gnu/arm/4.9.3/bin/../lib/gcc/arm-none-eabi/4.9.3/../../../../arm-none-eabi/lib/armv7-m\libm.a
END GROUP
START GROUP
LOAD c:/program files (x86)/cypress/psoc creator/3.3/psoc creator/import/gnu/arm/4.9.3/bin/../lib/gcc/arm-none-eabi/4.9.3/armv7-m\libgcc.a
LOAD c:/program files (x86)/cypress/psoc creator/3.3/psoc creator/import/gnu/arm/4.9.3/bin/../lib/gcc/arm-none-eabi/4.9.3/../../../../arm-none-eabi/lib/armv7-m\libg_nano.a
LOAD c:/program files (x86)/cypress/psoc creator/3.3/psoc creator/import/gnu/arm/4.9.3/bin/../lib/gcc/arm-none-eabi/4.9.3/../../../../arm-none-eabi/lib/armv7-m\libc_nano.a
END GROUP
START GROUP
LOAD c:/program files (x86)/cypress/psoc creator/3.3/psoc creator/import/gnu/arm/4.9.3/bin/../lib/gcc/arm-none-eabi/4.9.3/armv7-m\libgcc.a
LOAD c:/program files (x86)/cypress/psoc creator/3.3/psoc creator/import/gnu/arm/4.9.3/bin/../lib/gcc/arm-none-eabi/4.9.3/../../../../arm-none-eabi/lib/armv7-m\libc_nano.a
END GROUP
LOAD c:/program files (x86)/cypress/psoc creator/3.3/psoc creator/import/gnu/arm/4.9.3/bin/../lib/gcc/arm-none-eabi/4.9.3/armv7-m/crtend.o
LOAD c:/program files (x86)/cypress/psoc creator/3.3/psoc creator/import/gnu/arm/4.9.3/bin/../lib/gcc/arm-none-eabi/4.9.3/armv7-m/crtn.o
START GROUP
LOAD c:/program files (x86)/cypress/psoc creator/3.3/psoc creator/import/gnu/arm/4.9.3/bin/../lib/gcc/arm-none-eabi/4.9.3/armv7-m\libgcc.a
LOAD c:/program files (x86)/cypress/psoc creator/3.3/psoc creator/import/gnu/arm/4.9.3/bin/../lib/gcc/arm-none-eabi/4.9.3/../../../../arm-none-eabi/lib/armv7-m\libc.a
LOAD c:/program files (x86)/cypress/psoc creator/3.3/psoc creator/import/gnu/arm/4.9.3/bin/../lib/gcc/arm-none-eabi/4.9.3/../../../../arm-none-eabi/lib/armv7-m\libnosys.a
END GROUP
                0x00000000                CY_APPL_ORIGIN = 0x0
                0x00000100                CY_FLASH_ROW_SIZE = 0x100
                0x00000020                CY_ECC_ROW_SIZE = 0x20
                0x00000000                CY_EE_IN_BTLDR = 0x0
                0x00000000                CY_APPL_LOADABLE = 0x0
                0x00000800                CY_EE_SIZE = 0x800
                0x00000001                CY_APPL_NUM = 0x1
                0x00000001                CY_APPL_MAX = 0x1
                0x00000040                CY_METADATA_SIZE = 0x40
                0x00000000                CY_APPL_LOADABLE = 0x0
                0x00000000                CY_CHECKSUM_EXCLUDE_SIZE = ALIGN (0x0, CY_FLASH_ROW_SIZE)
                0x20002760                PROVIDE (__cy_heap_start, _end)
                0x00000001                PROVIDE (__cy_region_num, ((__cy_regions_end - __cy_regions) / 0x10))
                0x20008000                PROVIDE (__cy_stack, (ORIGIN (ram) + 0x10000))
                0x20007800                PROVIDE (__cy_heap_end, (__cy_stack - 0x800))

.cybootloader   0x00000000        0x0
 *(.cybootloader)
                0x00000000                appl1_start = CY_APPL_ORIGIN?CY_APPL_ORIGIN:ALIGN (CY_FLASH_ROW_SIZE)
                0x0001ff00                appl2_start = (appl1_start + ALIGN ((((0x40000 - appl1_start) - (0x2 * CY_FLASH_ROW_SIZE)) / 0x2), CY_FLASH_ROW_SIZE))
                0x00000000                appl_start = (CY_APPL_NUM == 0x1)?appl1_start:appl2_start
                0x00000000                ecc_offset = ((appl_start / CY_FLASH_ROW_SIZE) * CY_ECC_ROW_SIZE)
                0x00000000                ee_offset = (CY_APPL_LOADABLE && ! (CY_EE_IN_BTLDR))?((CY_EE_SIZE / CY_APPL_MAX) * (CY_APPL_NUM - 0x1)):0x0
                0x00000800                ee_size = (CY_APPL_LOADABLE && ! (CY_EE_IN_BTLDR))?(CY_EE_SIZE / CY_APPL_MAX):CY_EE_SIZE
                0x00000000                PROVIDE (CY_ECC_OFFSET, ecc_offset)

.text           0x00000000     0x6826
 CREATE_OBJECT_SYMBOLS
                0x00000000                PROVIDE (__cy_interrupt_vector, RomVectors)
 *(.romvectors)
 .romvectors    0x00000000       0x10 .\CortexM3\ARM_GCC_493\Debug\Cm3Start.o
                0x00000000                RomVectors
                0x00000001                ASSERT ((. != __cy_interrupt_vector), No interrupt vector)
                0x00000001                ASSERT (CY_APPL_ORIGIN?(SIZEOF (.cybootloader) <= CY_APPL_ORIGIN):0x1, Wrong image location)
                0x00000010                PROVIDE (__cy_reset, Reset)
 *(.text.Reset)
 .text.Reset    0x00000010       0x18 .\CortexM3\ARM_GCC_493\Debug\Cm3Start.o
                0x00000010                Reset
                0x00000001                ASSERT ((. != __cy_reset), No reset code)
 *(.dma_init)
                0x00000001                ASSERT ((((appl_start + .) <= 0x10000) || 0x1), DMA Init must be within the first 64k of flash)
 *(.text .text.* .gnu.linkonce.t.*)
 .text          0x00000028       0x5c c:/program files (x86)/cypress/psoc creator/3.3/psoc creator/import/gnu/arm/4.9.3/bin/../lib/gcc/arm-none-eabi/4.9.3/armv7-m/crtbegin.o
 .text.BLE_Rx_isr
                0x00000084       0x38 .\CortexM3\ARM_GCC_493\Debug\main.o
                0x00000084                BLE_Rx_isr
 .text.Audio_isr
                0x000000bc       0x68 .\CortexM3\ARM_GCC_493\Debug\main.o
                0x000000bc                Audio_isr
 .text.hw_init  0x00000124       0x44 .\CortexM3\ARM_GCC_493\Debug\main.o
                0x00000124                hw_init
 .text.game_init
                0x00000168       0x78 .\CortexM3\ARM_GCC_493\Debug\main.o
                0x00000168                game_init
 .text.audio_init
                0x000001e0       0x8c .\CortexM3\ARM_GCC_493\Debug\main.o
                0x000001e0                audio_init
 .text.draw_points
                0x0000026c       0x30 .\CortexM3\ARM_GCC_493\Debug\main.o
                0x0000026c                draw_points
 .text.update_render
                0x0000029c       0xa8 .\CortexM3\ARM_GCC_493\Debug\main.o
                0x0000029c                update_render
 .text.FPS_isr  0x00000344       0x14 .\CortexM3\ARM_GCC_493\Debug\main.o
                0x00000344                FPS_isr
 .text.main     0x00000358       0xc0 .\CortexM3\ARM_GCC_493\Debug\main.o
                0x00000358                main
 .text.init_sprites
                0x00000418      0x328 .\CortexM3\ARM_GCC_493\Debug\sprites.o
                0x00000418                init_sprites
 .text.make_fretboard
                0x00000740       0x18 .\CortexM3\ARM_GCC_493\Debug\sprites.o
                0x00000740                make_fretboard
 .text.make_barline
                0x00000758       0x20 .\CortexM3\ARM_GCC_493\Debug\sprites.o
                0x00000758                make_barline
 .text.make_ellipse
                0x00000778       0x30 .\CortexM3\ARM_GCC_493\Debug\sprites.o
                0x00000778                make_ellipse
 .text.sprites_to_polyline
                0x000007a8       0x74 .\CortexM3\ARM_GCC_493\Debug\sprites.o
                0x000007a8                sprites_to_polyline
 *fill*         0x0000081c        0x4 
 .text.ortho_to_perspective
                0x00000820       0xc0 .\CortexM3\ARM_GCC_493\Debug\sprites.o
                0x00000820                ortho_to_perspective
 .text.obj_pos  0x000008e0       0x24 .\CortexM3\ARM_GCC_493\Debug\game_manager.o
 .text.new_game
                0x00000904      0x174 .\CortexM3\ARM_GCC_493\Debug\game_manager.o
                0x00000904                new_game
 .text.tick     0x00000a78       0xb8 .\CortexM3\ARM_GCC_493\Debug\game_manager.o
                0x00000a78                tick
 .text.update_score
                0x00000b30       0xc8 .\CortexM3\ARM_GCC_493\Debug\game_manager.o
                0x00000b30                update_score
 .text.create_sprites
                0x00000bf8       0x94 .\CortexM3\ARM_GCC_493\Debug\game_manager.o
                0x00000bf8                create_sprites
 .text.IntDefaultHandler
                0x00000c8c        0x4 .\CortexM3\ARM_GCC_493\Debug\Cm3Start.o
                0x00000c8c                IntDefaultHandler
 .text.Start_c  0x00000c90       0x4c .\CortexM3\ARM_GCC_493\Debug\Cm3Start.o
                0x00000c90                Start_c
 .text.initialize_psoc
                0x00000cdc       0x74 .\CortexM3\ARM_GCC_493\Debug\Cm3Start.o
                0x00000cdc                initialize_psoc
 .text.CyClockStartupError
                0x00000d50        0x4 .\CortexM3\ARM_GCC_493\Debug\GuitarHero.a(cyfitter_cfg.o)
 .text.cfg_write_bytes32
                0x00000d54       0x34 .\CortexM3\ARM_GCC_493\Debug\GuitarHero.a(cyfitter_cfg.o)
 .text.AnalogSetDefault
                0x00000d88       0x54 .\CortexM3\ARM_GCC_493\Debug\GuitarHero.a(cyfitter_cfg.o)
 .text.CYMEMZERO
                0x00000ddc        0xc .\CortexM3\ARM_GCC_493\Debug\GuitarHero.a(cyfitter_cfg.o)
 .text.ClockSetup
                0x00000de8       0xe4 .\CortexM3\ARM_GCC_493\Debug\GuitarHero.a(cyfitter_cfg.o)
 .text.CYCONFIGCPY
                0x00000ecc        0x8 .\CortexM3\ARM_GCC_493\Debug\GuitarHero.a(cyfitter_cfg.o)
 .text.cyfitter_cfg
                0x00000ed4      0x130 .\CortexM3\ARM_GCC_493\Debug\GuitarHero.a(cyfitter_cfg.o)
                0x00000ed4                cyfitter_cfg
 .text.x_DAC_Enable
                0x00001004       0x1c .\CortexM3\ARM_GCC_493\Debug\GuitarHero.a(x_DAC.o)
                0x00001004                x_DAC_Enable
 .text.x_DAC_SetSpeed
                0x00001020       0x1c .\CortexM3\ARM_GCC_493\Debug\GuitarHero.a(x_DAC.o)
                0x00001020                x_DAC_SetSpeed
 .text.x_DAC_SetValue
                0x0000103c        0xc .\CortexM3\ARM_GCC_493\Debug\GuitarHero.a(x_DAC.o)
                0x0000103c                x_DAC_SetValue
 .text.x_DAC_DacTrim
                0x00001048       0x24 .\CortexM3\ARM_GCC_493\Debug\GuitarHero.a(x_DAC.o)
                0x00001048                x_DAC_DacTrim
 .text.x_DAC_SetRange
                0x0000106c       0x20 .\CortexM3\ARM_GCC_493\Debug\GuitarHero.a(x_DAC.o)
                0x0000106c                x_DAC_SetRange
 .text.x_DAC_Init
                0x0000108c       0x20 .\CortexM3\ARM_GCC_493\Debug\GuitarHero.a(x_DAC.o)
                0x0000108c                x_DAC_Init
 .text.x_DAC_Start
                0x000010ac       0x24 .\CortexM3\ARM_GCC_493\Debug\GuitarHero.a(x_DAC.o)
                0x000010ac                x_DAC_Start
 .text.y_DAC_Enable
                0x000010d0       0x1c .\CortexM3\ARM_GCC_493\Debug\GuitarHero.a(y_DAC.o)
                0x000010d0                y_DAC_Enable
 .text.y_DAC_SetSpeed
                0x000010ec       0x1c .\CortexM3\ARM_GCC_493\Debug\GuitarHero.a(y_DAC.o)
                0x000010ec                y_DAC_SetSpeed
 .text.y_DAC_SetValue
                0x00001108        0xc .\CortexM3\ARM_GCC_493\Debug\GuitarHero.a(y_DAC.o)
                0x00001108                y_DAC_SetValue
 .text.y_DAC_DacTrim
                0x00001114       0x24 .\CortexM3\ARM_GCC_493\Debug\GuitarHero.a(y_DAC.o)
                0x00001114                y_DAC_DacTrim
 .text.y_DAC_SetRange
                0x00001138       0x20 .\CortexM3\ARM_GCC_493\Debug\GuitarHero.a(y_DAC.o)
                0x00001138                y_DAC_SetRange
 .text.y_DAC_Init
                0x00001158       0x20 .\CortexM3\ARM_GCC_493\Debug\GuitarHero.a(y_DAC.o)
                0x00001158                y_DAC_Init
 .text.y_DAC_Start
                0x00001178       0x24 .\CortexM3\ARM_GCC_493\Debug\GuitarHero.a(y_DAC.o)
                0x00001178                y_DAC_Start
 *fill*         0x0000119c        0x4 
 .text          0x000011a0       0x20 .\CortexM3\ARM_GCC_493\Debug\GuitarHero.a(CyBootAsmGnu.o)
                0x000011a0                CyDelayCycles
                0x000011b0                CyEnterCriticalSection
                0x000011b8                CyExitCriticalSection
 .text.CyDelay  0x000011c0       0x2c .\CortexM3\ARM_GCC_493\Debug\GuitarHero.a(CyLib.o)
                0x000011c0                CyDelay
 .text.CyDelayUs
                0x000011ec       0x14 .\CortexM3\ARM_GCC_493\Debug\GuitarHero.a(CyLib.o)
                0x000011ec                CyDelayUs
 .text.FPS_isr_SetVector
                0x00001200        0xc .\CortexM3\ARM_GCC_493\Debug\GuitarHero.a(FPS_isr.o)
                0x00001200                FPS_isr_SetVector
 .text.FPS_isr_SetPriority
                0x0000120c       0x10 .\CortexM3\ARM_GCC_493\Debug\GuitarHero.a(FPS_isr.o)
                0x0000120c                FPS_isr_SetPriority
 .text.FPS_isr_Enable
                0x0000121c        0xc .\CortexM3\ARM_GCC_493\Debug\GuitarHero.a(FPS_isr.o)
                0x0000121c                FPS_isr_Enable
 .text.FPS_isr_Disable
                0x00001228        0xc .\CortexM3\ARM_GCC_493\Debug\GuitarHero.a(FPS_isr.o)
                0x00001228                FPS_isr_Disable
 .text.FPS_isr_StartEx
                0x00001234       0x1c .\CortexM3\ARM_GCC_493\Debug\GuitarHero.a(FPS_isr.o)
                0x00001234                FPS_isr_StartEx
 .text.BLE_UART_Init
                0x00001250       0x14 .\CortexM3\ARM_GCC_493\Debug\GuitarHero.a(BLE_UART.o)
                0x00001250                BLE_UART_Init
 .text.BLE_UART_Enable
                0x00001264       0x2c .\CortexM3\ARM_GCC_493\Debug\GuitarHero.a(BLE_UART.o)
                0x00001264                BLE_UART_Enable
 .text.BLE_UART_Start
                0x00001290       0x1c .\CortexM3\ARM_GCC_493\Debug\GuitarHero.a(BLE_UART.o)
                0x00001290                BLE_UART_Start
 .text.BLE_UART_GetChar
                0x000012ac       0x2c .\CortexM3\ARM_GCC_493\Debug\GuitarHero.a(BLE_UART.o)
                0x000012ac                BLE_UART_GetChar
 .text.BLE_Rx_isr_SetVector
                0x000012d8        0xc .\CortexM3\ARM_GCC_493\Debug\GuitarHero.a(BLE_Rx_isr.o)
                0x000012d8                BLE_Rx_isr_SetVector
 .text.BLE_Rx_isr_SetPriority
                0x000012e4       0x10 .\CortexM3\ARM_GCC_493\Debug\GuitarHero.a(BLE_Rx_isr.o)
                0x000012e4                BLE_Rx_isr_SetPriority
 .text.BLE_Rx_isr_Enable
                0x000012f4        0xc .\CortexM3\ARM_GCC_493\Debug\GuitarHero.a(BLE_Rx_isr.o)
                0x000012f4                BLE_Rx_isr_Enable
 .text.BLE_Rx_isr_Disable
                0x00001300        0xc .\CortexM3\ARM_GCC_493\Debug\GuitarHero.a(BLE_Rx_isr.o)
                0x00001300                BLE_Rx_isr_Disable
 .text.BLE_Rx_isr_StartEx
                0x0000130c       0x1c .\CortexM3\ARM_GCC_493\Debug\GuitarHero.a(BLE_Rx_isr.o)
                0x0000130c                BLE_Rx_isr_StartEx
 .text.LCD_WrCntrlNib
                0x00001328       0x34 .\CortexM3\ARM_GCC_493\Debug\GuitarHero.a(LCD.o)
 .text.LCD_IsReady
                0x0000135c       0xe4 .\CortexM3\ARM_GCC_493\Debug\GuitarHero.a(LCD.o)
                0x0000135c                LCD_IsReady
 .text.LCD_WriteControl
                0x00001440       0x18 .\CortexM3\ARM_GCC_493\Debug\GuitarHero.a(LCD.o)
                0x00001440                LCD_WriteControl
 .text.LCD_Init
                0x00001458       0x6c .\CortexM3\ARM_GCC_493\Debug\GuitarHero.a(LCD.o)
                0x00001458                LCD_Init
 .text.LCD_Enable
                0x000014c4       0x14 .\CortexM3\ARM_GCC_493\Debug\GuitarHero.a(LCD.o)
                0x000014c4                LCD_Enable
 .text.LCD_Start
                0x000014d8       0x1c .\CortexM3\ARM_GCC_493\Debug\GuitarHero.a(LCD.o)
                0x000014d8                LCD_Start
 .text.LCD_Position
                0x000014f4       0x3c .\CortexM3\ARM_GCC_493\Debug\GuitarHero.a(LCD.o)
                0x000014f4                LCD_Position
 .text.BLE_UART_IntClock_Start
                0x00001530       0x1c .\CortexM3\ARM_GCC_493\Debug\GuitarHero.a(BLE_UART_IntClock.o)
                0x00001530                BLE_UART_IntClock_Start
 .text.Audio_DAC_Enable
                0x0000154c       0x1c .\CortexM3\ARM_GCC_493\Debug\GuitarHero.a(Audio_DAC.o)
                0x0000154c                Audio_DAC_Enable
 .text.Audio_DAC_SetSpeed
                0x00001568       0x1c .\CortexM3\ARM_GCC_493\Debug\GuitarHero.a(Audio_DAC.o)
                0x00001568                Audio_DAC_SetSpeed
 .text.Audio_DAC_SetValue
                0x00001584        0xc .\CortexM3\ARM_GCC_493\Debug\GuitarHero.a(Audio_DAC.o)
                0x00001584                Audio_DAC_SetValue
 .text.Audio_DAC_DacTrim
                0x00001590       0x24 .\CortexM3\ARM_GCC_493\Debug\GuitarHero.a(Audio_DAC.o)
                0x00001590                Audio_DAC_DacTrim
 .text.Audio_DAC_SetRange
                0x000015b4       0x20 .\CortexM3\ARM_GCC_493\Debug\GuitarHero.a(Audio_DAC.o)
                0x000015b4                Audio_DAC_SetRange
 .text.Audio_DAC_Init
                0x000015d4       0x1c .\CortexM3\ARM_GCC_493\Debug\GuitarHero.a(Audio_DAC.o)
                0x000015d4                Audio_DAC_Init
 .text.Audio_DAC_Start
                0x000015f0       0x24 .\CortexM3\ARM_GCC_493\Debug\GuitarHero.a(Audio_DAC.o)
                0x000015f0                Audio_DAC_Start
 .text.Audio_isr_SetVector
                0x00001614        0xc .\CortexM3\ARM_GCC_493\Debug\GuitarHero.a(Audio_isr.o)
                0x00001614                Audio_isr_SetVector
 .text.Audio_isr_SetPriority
                0x00001620       0x10 .\CortexM3\ARM_GCC_493\Debug\GuitarHero.a(Audio_isr.o)
                0x00001620                Audio_isr_SetPriority
 .text.Audio_isr_Enable
                0x00001630        0xc .\CortexM3\ARM_GCC_493\Debug\GuitarHero.a(Audio_isr.o)
                0x00001630                Audio_isr_Enable
 .text.Audio_isr_Disable
                0x0000163c        0xc .\CortexM3\ARM_GCC_493\Debug\GuitarHero.a(Audio_isr.o)
                0x0000163c                Audio_isr_Disable
 .text.Audio_isr_StartEx
                0x00001648       0x1c .\CortexM3\ARM_GCC_493\Debug\GuitarHero.a(Audio_isr.o)
                0x00001648                Audio_isr_StartEx
 .text.Audio_isr_Stop
                0x00001664       0x14 .\CortexM3\ARM_GCC_493\Debug\GuitarHero.a(Audio_isr.o)
                0x00001664                Audio_isr_Stop
 .text.FS__AllocSectorBuffer
                0x00001678       0x2c ..\emFile_V322c\LinkLibrary\PSoC5\GCC\libemf32nosnlfn.a(FS_Misc.o)
                0x00001678                FS__AllocSectorBuffer
 .text.FS__FreeSectorBuffer
                0x000016a4       0x28 ..\emFile_V322c\LinkLibrary\PSoC5\GCC\libemf32nosnlfn.a(FS_Misc.o)
                0x000016a4                FS__FreeSectorBuffer
 .text.FS__SB_MarkDirty
                0x000016cc        0x6 ..\emFile_V322c\LinkLibrary\PSoC5\GCC\libemf32nosnlfn.a(FS_Misc.o)
                0x000016cc                FS__SB_MarkDirty
 .text.FS__SB_MarkNotDirty
                0x000016d2        0x6 ..\emFile_V322c\LinkLibrary\PSoC5\GCC\libemf32nosnlfn.a(FS_Misc.o)
                0x000016d2                FS__SB_MarkNotDirty
 .text.FS__FreeFileHandle
                0x000016d8        0xa ..\emFile_V322c\LinkLibrary\PSoC5\GCC\libemf32nosnlfn.a(FS_Misc.o)
                0x000016d8                FS__FreeFileHandle
 .text.FS__FreeFileObj
                0x000016e2        0xc ..\emFile_V322c\LinkLibrary\PSoC5\GCC\libemf32nosnlfn.a(FS_Misc.o)
                0x000016e2                FS__FreeFileObj
 *fill*         0x000016ee        0x2 
 .text.FS_Init  0x000016f0       0x58 ..\emFile_V322c\LinkLibrary\PSoC5\GCC\libemf32nosnlfn.a(FS_Misc.o)
                0x000016f0                FS_Init
 .text.FS__SB_Create
                0x00001748       0x28 ..\emFile_V322c\LinkLibrary\PSoC5\GCC\libemf32nosnlfn.a(FS_Misc.o)
                0x00001748                FS__SB_Create
 .text.FS__FCloseNL
                0x00001770       0x1e ..\emFile_V322c\LinkLibrary\PSoC5\GCC\libemf32nosnlfn.a(FS_Misc.o)
                0x00001770                FS__FCloseNL
 .text.FS__FClose
                0x0000178e       0x1a ..\emFile_V322c\LinkLibrary\PSoC5\GCC\libemf32nosnlfn.a(FS_Misc.o)
                0x0000178e                FS__FClose
 .text.FS_FClose
                0x000017a8        0xa ..\emFile_V322c\LinkLibrary\PSoC5\GCC\libemf32nosnlfn.a(FS_Misc.o)
                0x000017a8                FS_FClose
 *fill*         0x000017b2        0x2 
 .text.FS__AllocFileObj
                0x000017b4       0x48 ..\emFile_V322c\LinkLibrary\PSoC5\GCC\libemf32nosnlfn.a(FS_Misc.o)
                0x000017b4                FS__AllocFileObj
 .text.FS__AllocFileHandle
                0x000017fc       0x40 ..\emFile_V322c\LinkLibrary\PSoC5\GCC\libemf32nosnlfn.a(FS_Misc.o)
                0x000017fc                FS__AllocFileHandle
 .text.FS__OpenEx
                0x0000183c       0x58 ..\emFile_V322c\LinkLibrary\PSoC5\GCC\libemf32nosnlfn.a(FS_Misc.o)
                0x0000183c                FS__OpenEx
 .text.FS__FOpenEx
                0x00001894       0x56 ..\emFile_V322c\LinkLibrary\PSoC5\GCC\libemf32nosnlfn.a(FS_Misc.o)
                0x00001894                FS__FOpenEx
 *fill*         0x000018ea        0x2 
 .text.FS__FOpen
                0x000018ec       0x48 ..\emFile_V322c\LinkLibrary\PSoC5\GCC\libemf32nosnlfn.a(FS_Misc.o)
                0x000018ec                FS__FOpen
 .text.FS_FOpen
                0x00001934        0x4 ..\emFile_V322c\LinkLibrary\PSoC5\GCC\libemf32nosnlfn.a(FS_Misc.o)
                0x00001934                FS_FOpen
 .text.FS__SB_Write
                0x00001938       0x24 ..\emFile_V322c\LinkLibrary\PSoC5\GCC\libemf32nosnlfn.a(FS_Misc.o)
                0x00001938                FS__SB_Write
 .text._SB_Clean
                0x0000195c       0x24 ..\emFile_V322c\LinkLibrary\PSoC5\GCC\libemf32nosnlfn.a(FS_Misc.o)
 .text.FS__SB_SetSector
                0x00001980       0x20 ..\emFile_V322c\LinkLibrary\PSoC5\GCC\libemf32nosnlfn.a(FS_Misc.o)
                0x00001980                FS__SB_SetSector
 .text.FS__SB_Clean
                0x000019a0        0x4 ..\emFile_V322c\LinkLibrary\PSoC5\GCC\libemf32nosnlfn.a(FS_Misc.o)
                0x000019a0                FS__SB_Clean
 .text.FS__SB_Delete
                0x000019a4       0x12 ..\emFile_V322c\LinkLibrary\PSoC5\GCC\libemf32nosnlfn.a(FS_Misc.o)
                0x000019a4                FS__SB_Delete
 .text.FS__SB_Flush
                0x000019b6        0x8 ..\emFile_V322c\LinkLibrary\PSoC5\GCC\libemf32nosnlfn.a(FS_Misc.o)
                0x000019b6                FS__SB_Flush
 .text.FS__SB_Read
                0x000019be       0x2a ..\emFile_V322c\LinkLibrary\PSoC5\GCC\libemf32nosnlfn.a(FS_Misc.o)
                0x000019be                FS__SB_Read
 .text.FS__Read
                0x000019e8       0x2e ..\emFile_V322c\LinkLibrary\PSoC5\GCC\libemf32nosnlfn.a(FS_Read.o)
                0x000019e8                FS__Read
 .text.FS_Read  0x00001a16        0x4 ..\emFile_V322c\LinkLibrary\PSoC5\GCC\libemf32nosnlfn.a(FS_Read.o)
                0x00001a16                FS_Read
 .text.FS__AddPhysDevice
                0x00001a1a       0x10 ..\emFile_V322c\LinkLibrary\PSoC5\GCC\libemf32nosnlfn.a(FS_Storage.o)
                0x00001a1a                FS__AddPhysDevice
 *fill*         0x00001a2a        0x2 
 .text.FS__FindVolume
                0x00001a2c       0x78 ..\emFile_V322c\LinkLibrary\PSoC5\GCC\libemf32nosnlfn.a(FS_Storage.o)
                0x00001a2c                FS__FindVolume
 .text.FS__AddDevice
                0x00001aa4       0x68 ..\emFile_V322c\LinkLibrary\PSoC5\GCC\libemf32nosnlfn.a(FS_Storage.o)
                0x00001aa4                FS__AddDevice
 .text.FS_AddDevice
                0x00001b0c        0x4 ..\emFile_V322c\LinkLibrary\PSoC5\GCC\libemf32nosnlfn.a(FS_Storage.o)
                0x00001b0c                FS_AddDevice
 .text._Mount   0x00001b10       0x2e ..\emFile_V322c\LinkLibrary\PSoC5\GCC\libemf32nosnlfn.a(FS_Volume.o)
 .text.FS__AutoMount
                0x00001b3e       0x14 ..\emFile_V322c\LinkLibrary\PSoC5\GCC\libemf32nosnlfn.a(FS_Volume.o)
                0x00001b3e                FS__AutoMount
 .text._ClusterId2FATOff
                0x00001b52       0x18 ..\emFile_V322c\LinkLibrary\PSoC5\GCC\libemf32nosnlfn.a(FAT_Misc.o)
 .text._CalcLogClusterPos
                0x00001b6a        0xe ..\emFile_V322c\LinkLibrary\PSoC5\GCC\libemf32nosnlfn.a(FAT_Misc.o)
 .text._ReadFromFreeClusterCache
                0x00001b78       0x46 ..\emFile_V322c\LinkLibrary\PSoC5\GCC\libemf32nosnlfn.a(FAT_Misc.o)
 .text.FS_FAT_GetFATType
                0x00001bbe       0x1a ..\emFile_V322c\LinkLibrary\PSoC5\GCC\libemf32nosnlfn.a(FAT_Misc.o)
                0x00001bbe                FS_FAT_GetFATType
 .text.FS_FAT_ClusterId2SectorNo
                0x00001bd8        0xc ..\emFile_V322c\LinkLibrary\PSoC5\GCC\libemf32nosnlfn.a(FAT_Misc.o)
                0x00001bd8                FS_FAT_ClusterId2SectorNo
 .text.FS_FAT_IsValidShortNameChar
                0x00001be4       0x34 ..\emFile_V322c\LinkLibrary\PSoC5\GCC\libemf32nosnlfn.a(FAT_Misc.o)
                0x00001be4                FS_FAT_IsValidShortNameChar
 .text.FS_FAT_CopyShortName
                0x00001c18       0x56 ..\emFile_V322c\LinkLibrary\PSoC5\GCC\libemf32nosnlfn.a(FAT_Misc.o)
                0x00001c18                FS_FAT_CopyShortName
 .text._SFN_CreateDirEntry
                0x00001c6e       0x5a ..\emFile_V322c\LinkLibrary\PSoC5\GCC\libemf32nosnlfn.a(FAT_Misc.o)
 .text._SFN_FindDirEntry
                0x00001cc8       0x10 ..\emFile_V322c\LinkLibrary\PSoC5\GCC\libemf32nosnlfn.a(FAT_Misc.o)
 .text.FS_FAT_FindDirEntry
                0x00001cd8       0x60 ..\emFile_V322c\LinkLibrary\PSoC5\GCC\libemf32nosnlfn.a(FAT_Misc.o)
                0x00001cd8                FS_FAT_FindDirEntry
 .text.FS_FAT_CopyDirEntryInfo
                0x00001d38       0x50 ..\emFile_V322c\LinkLibrary\PSoC5\GCC\libemf32nosnlfn.a(FAT_Misc.o)
                0x00001d38                FS_FAT_CopyDirEntryInfo
 .text._SFN_ReadDirEntryInfo
                0x00001d88       0x6e ..\emFile_V322c\LinkLibrary\PSoC5\GCC\libemf32nosnlfn.a(FAT_Misc.o)
 .text._SetFATSector
                0x00001df6        0x6 ..\emFile_V322c\LinkLibrary\PSoC5\GCC\libemf32nosnlfn.a(FAT_Misc.o)
 .text.FS_FAT_ReadFATEntry
                0x00001dfc       0xb2 ..\emFile_V322c\LinkLibrary\PSoC5\GCC\libemf32nosnlfn.a(FAT_Misc.o)
                0x00001dfc                FS_FAT_ReadFATEntry
 *fill*         0x00001eae        0x2 
 .text.FS_FAT_GetNumAdjClustersInChain
                0x00001eb0       0x64 ..\emFile_V322c\LinkLibrary\PSoC5\GCC\libemf32nosnlfn.a(FAT_Misc.o)
                0x00001eb0                FS_FAT_GetNumAdjClustersInChain
 .text.FS_FAT_WalkClusterEx
                0x00001f14       0x5c ..\emFile_V322c\LinkLibrary\PSoC5\GCC\libemf32nosnlfn.a(FAT_Misc.o)
                0x00001f14                FS_FAT_WalkClusterEx
 .text.FS_FAT_GotoCluster
                0x00001f70       0x88 ..\emFile_V322c\LinkLibrary\PSoC5\GCC\libemf32nosnlfn.a(FAT_Misc.o)
                0x00001f70                FS_FAT_GotoCluster
 .text.FS_FAT_WalkCluster
                0x00001ff8       0x18 ..\emFile_V322c\LinkLibrary\PSoC5\GCC\libemf32nosnlfn.a(FAT_Misc.o)
                0x00001ff8                FS_FAT_WalkCluster
 .text.FS_FAT_FindLastCluster
                0x00002010       0x34 ..\emFile_V322c\LinkLibrary\PSoC5\GCC\libemf32nosnlfn.a(FAT_Misc.o)
                0x00002010                FS_FAT_FindLastCluster
 .text._WriteFATEntry
                0x00002044      0x18e ..\emFile_V322c\LinkLibrary\PSoC5\GCC\libemf32nosnlfn.a(FAT_Misc.o)
 .text.FS_FAT_MarkClusterEOC
                0x000021d2        0x8 ..\emFile_V322c\LinkLibrary\PSoC5\GCC\libemf32nosnlfn.a(FAT_Misc.o)
                0x000021d2                FS_FAT_MarkClusterEOC
 .text.FS_FAT_SyncFAT
                0x000021da       0x3c ..\emFile_V322c\LinkLibrary\PSoC5\GCC\libemf32nosnlfn.a(FAT_Misc.o)
                0x000021da                FS_FAT_SyncFAT
 .text.FS_FAT_LinkCluster
                0x00002216       0x1c ..\emFile_V322c\LinkLibrary\PSoC5\GCC\libemf32nosnlfn.a(FAT_Misc.o)
                0x00002216                FS_FAT_LinkCluster
 *fill*         0x00002232        0x2 
 .text._CalcFreeClusterCnt
                0x00002234       0x88 ..\emFile_V322c\LinkLibrary\PSoC5\GCC\libemf32nosnlfn.a(FAT_Misc.o)
 .text.FS_FAT_FindFreeCluster
                0x000022bc       0xa8 ..\emFile_V322c\LinkLibrary\PSoC5\GCC\libemf32nosnlfn.a(FAT_Misc.o)
                0x000022bc                FS_FAT_FindFreeCluster
 .text.FS_FAT_AllocCluster
                0x00002364       0x20 ..\emFile_V322c\LinkLibrary\PSoC5\GCC\libemf32nosnlfn.a(FAT_Misc.o)
                0x00002364                FS_FAT_AllocCluster
 .text._WriteEmptyFATSectors
                0x00002384       0x3c ..\emFile_V322c\LinkLibrary\PSoC5\GCC\libemf32nosnlfn.a(FAT_Misc.o)
 .text.FS_FAT_FreeClusterChain
                0x000023c0       0xe0 ..\emFile_V322c\LinkLibrary\PSoC5\GCC\libemf32nosnlfn.a(FAT_Misc.o)
                0x000023c0                FS_FAT_FreeClusterChain
 .text.FS_FAT_CheckBPB
                0x000024a0      0x1cc ..\emFile_V322c\LinkLibrary\PSoC5\GCC\libemf32nosnlfn.a(FAT_Misc.o)
                0x000024a0                FS_FAT_CheckBPB
 .text.FS_FAT_InitDirEntryScan
                0x0000266c       0x14 ..\emFile_V322c\LinkLibrary\PSoC5\GCC\libemf32nosnlfn.a(FAT_Open.o)
                0x0000266c                FS_FAT_InitDirEntryScan
 .text.FS_FAT_IncDirPos
                0x00002680        0x8 ..\emFile_V322c\LinkLibrary\PSoC5\GCC\libemf32nosnlfn.a(FAT_Open.o)
                0x00002680                FS_FAT_IncDirPos
 .text._CopyDirText
                0x00002688       0x44 ..\emFile_V322c\LinkLibrary\PSoC5\GCC\libemf32nosnlfn.a(FAT_Open.o)
 .text.FS_FAT_Make83Name
                0x000026cc       0xb0 ..\emFile_V322c\LinkLibrary\PSoC5\GCC\libemf32nosnlfn.a(FAT_Open.o)
                0x000026cc                FS_FAT_Make83Name
 .text.FS_FAT_GetDirEntry
                0x0000277c       0xb2 ..\emFile_V322c\LinkLibrary\PSoC5\GCC\libemf32nosnlfn.a(FAT_Open.o)
                0x0000277c                FS_FAT_GetDirEntry
 .text.FS_FAT_FindDirEntryShortEx
                0x0000282e       0x5a ..\emFile_V322c\LinkLibrary\PSoC5\GCC\libemf32nosnlfn.a(FAT_Open.o)
                0x0000282e                FS_FAT_FindDirEntryShortEx
 .text.FS_FAT_FindDirEntryShort
                0x00002888       0x36 ..\emFile_V322c\LinkLibrary\PSoC5\GCC\libemf32nosnlfn.a(FAT_Open.o)
                0x00002888                FS_FAT_FindDirEntryShort
 .text.FS_FAT_FindEmptyDirEntry
                0x000028be       0xb0 ..\emFile_V322c\LinkLibrary\PSoC5\GCC\libemf32nosnlfn.a(FAT_Open.o)
                0x000028be                FS_FAT_FindEmptyDirEntry
 .text.FS_FAT_GetFirstCluster
                0x0000296e       0x1a ..\emFile_V322c\LinkLibrary\PSoC5\GCC\libemf32nosnlfn.a(FAT_Open.o)
                0x0000296e                FS_FAT_GetFirstCluster
 .text.FS_FAT_FindPath
                0x00002988       0x7a ..\emFile_V322c\LinkLibrary\PSoC5\GCC\libemf32nosnlfn.a(FAT_Open.o)
                0x00002988                FS_FAT_FindPath
 .text.FS_FAT_DeleteFileOrDir
                0x00002a02       0x48 ..\emFile_V322c\LinkLibrary\PSoC5\GCC\libemf32nosnlfn.a(FAT_Open.o)
                0x00002a02                FS_FAT_DeleteFileOrDir
 *fill*         0x00002a4a        0x2 
 .text.FS_FAT_Open
                0x00002a4c      0x1dc ..\emFile_V322c\LinkLibrary\PSoC5\GCC\libemf32nosnlfn.a(FAT_Open.o)
                0x00002a4c                FS_FAT_Open
 .text.FS_FAT_WriteDirEntryCluster
                0x00002c28       0x1c ..\emFile_V322c\LinkLibrary\PSoC5\GCC\libemf32nosnlfn.a(FAT_Open.o)
                0x00002c28                FS_FAT_WriteDirEntryCluster
 .text.FS_FAT_WriteDirEntry83
                0x00002c44       0x6c ..\emFile_V322c\LinkLibrary\PSoC5\GCC\libemf32nosnlfn.a(FAT_Open.o)
                0x00002c44                FS_FAT_WriteDirEntry83
 .text._ReadBurst
                0x00002cb0       0x24 ..\emFile_V322c\LinkLibrary\PSoC5\GCC\libemf32nosnlfn.a(FAT_Read.o)
 .text.FS_FAT_Read
                0x00002cd4      0x194 ..\emFile_V322c\LinkLibrary\PSoC5\GCC\libemf32nosnlfn.a(FAT_Read.o)
                0x00002cd4                FS_FAT_Read
 .text.FS_FAT_UpdateDirEntry
                0x00002e68       0x68 ..\emFile_V322c\LinkLibrary\PSoC5\GCC\libemf32nosnlfn.a(FAT_Write.o)
                0x00002e68                FS_FAT_UpdateDirEntry
 .text.FS_FAT_Close
                0x00002ed0       0x44 ..\emFile_V322c\LinkLibrary\PSoC5\GCC\libemf32nosnlfn.a(FAT_Write.o)
                0x00002ed0                FS_FAT_Close
 .text.FS__CLIB_memcmp
                0x00002f14       0x20 ..\emFile_V322c\LinkLibrary\PSoC5\GCC\libemf32nosnlfn.a(FS_CLib.o)
                0x00002f14                FS__CLIB_memcmp
 .text.FS__CLIB_memset
                0x00002f34       0x6c ..\emFile_V322c\LinkLibrary\PSoC5\GCC\libemf32nosnlfn.a(FS_CLib.o)
                0x00002f34                FS__CLIB_memset
 .text.FS__CLIB_strcmp
                0x00002fa0       0x1a ..\emFile_V322c\LinkLibrary\PSoC5\GCC\libemf32nosnlfn.a(FS_CLib.o)
                0x00002fa0                FS__CLIB_strcmp
 .text.FS__CLIB_strlen
                0x00002fba       0x10 ..\emFile_V322c\LinkLibrary\PSoC5\GCC\libemf32nosnlfn.a(FS_CLib.o)
                0x00002fba                FS__CLIB_strlen
 .text.FS__CLIB_strncmp
                0x00002fca       0x26 ..\emFile_V322c\LinkLibrary\PSoC5\GCC\libemf32nosnlfn.a(FS_CLib.o)
                0x00002fca                FS__CLIB_strncmp
 .text.FS__CLIB_toupper
                0x00002ff0        0xe ..\emFile_V322c\LinkLibrary\PSoC5\GCC\libemf32nosnlfn.a(FS_CLib.o)
                0x00002ff0                FS__CLIB_toupper
 .text.FS__strchr
                0x00002ffe       0x14 ..\emFile_V322c\LinkLibrary\PSoC5\GCC\libemf32nosnlfn.a(FS_Core.o)
                0x00002ffe                FS__strchr
 .text.FS_LoadU32BE
                0x00003012       0x18 ..\emFile_V322c\LinkLibrary\PSoC5\GCC\libemf32nosnlfn.a(FS_Core.o)
                0x00003012                FS_LoadU32BE
 .text.FS_LoadU32LE
                0x0000302a       0x16 ..\emFile_V322c\LinkLibrary\PSoC5\GCC\libemf32nosnlfn.a(FS_Core.o)
                0x0000302a                FS_LoadU32LE
 .text.FS_StoreU32LE
                0x00003040       0x14 ..\emFile_V322c\LinkLibrary\PSoC5\GCC\libemf32nosnlfn.a(FS_Core.o)
                0x00003040                FS_StoreU32LE
 .text.FS_StoreU16LE
                0x00003054        0x8 ..\emFile_V322c\LinkLibrary\PSoC5\GCC\libemf32nosnlfn.a(FS_Core.o)
                0x00003054                FS_StoreU16LE
 .text.FS_LoadU16LE
                0x0000305c        0xa ..\emFile_V322c\LinkLibrary\PSoC5\GCC\libemf32nosnlfn.a(FS_Core.o)
                0x0000305c                FS_LoadU16LE
 *fill*         0x00003066        0x2 
 .text._Alloc   0x00003068       0x30 ..\emFile_V322c\LinkLibrary\PSoC5\GCC\libemf32nosnlfn.a(FS_Core.o)
 .text.FS_Alloc
                0x00003098        0xc ..\emFile_V322c\LinkLibrary\PSoC5\GCC\libemf32nosnlfn.a(FS_Core.o)
                0x00003098                FS_Alloc
 .text.FS_TryAlloc
                0x000030a4        0x4 ..\emFile_V322c\LinkLibrary\PSoC5\GCC\libemf32nosnlfn.a(FS_Core.o)
                0x000030a4                FS_TryAlloc
 .text.FS_Free  0x000030a8       0x1c ..\emFile_V322c\LinkLibrary\PSoC5\GCC\libemf32nosnlfn.a(FS_Core.o)
                0x000030a8                FS_Free
 .text.FS_AssignMemory
                0x000030c4        0xc ..\emFile_V322c\LinkLibrary\PSoC5\GCC\libemf32nosnlfn.a(FS_Core.o)
                0x000030c4                FS_AssignMemory
 .text.FS_AllocZeroed
                0x000030d0       0x16 ..\emFile_V322c\LinkLibrary\PSoC5\GCC\libemf32nosnlfn.a(FS_Core.o)
                0x000030d0                FS_AllocZeroed
 *fill*         0x000030e6        0x2 
 .text.FS_STORAGE_Init
                0x000030e8       0x28 ..\emFile_V322c\LinkLibrary\PSoC5\GCC\libemf32nosnlfn.a(FS_Core.o)
                0x000030e8                FS_STORAGE_Init
 .text._ClrBusyLED
                0x00003110        0xc ..\emFile_V322c\LinkLibrary\PSoC5\GCC\libemf32nosnlfn.a(FS_LogBlock.o)
 .text._SetBusyLED
                0x0000311c        0xc ..\emFile_V322c\LinkLibrary\PSoC5\GCC\libemf32nosnlfn.a(FS_LogBlock.o)
 .text._Read    0x00003128        0xc ..\emFile_V322c\LinkLibrary\PSoC5\GCC\libemf32nosnlfn.a(FS_LogBlock.o)
 .text._Write   0x00003134       0x12 ..\emFile_V322c\LinkLibrary\PSoC5\GCC\libemf32nosnlfn.a(FS_LogBlock.o)
 .text.FS_LB_GetStatus
                0x00003146        0xc ..\emFile_V322c\LinkLibrary\PSoC5\GCC\libemf32nosnlfn.a(FS_LogBlock.o)
                0x00003146                FS_LB_GetStatus
 .text.FS_LB_InitMedium
                0x00003152       0x1a ..\emFile_V322c\LinkLibrary\PSoC5\GCC\libemf32nosnlfn.a(FS_LogBlock.o)
                0x00003152                FS_LB_InitMedium
 .text.FS_LB_InitMediumIfRequired
                0x0000316c       0x10 ..\emFile_V322c\LinkLibrary\PSoC5\GCC\libemf32nosnlfn.a(FS_LogBlock.o)
                0x0000316c                FS_LB_InitMediumIfRequired
 .text.FS_LB_ReadDevice
                0x0000317c       0x2e ..\emFile_V322c\LinkLibrary\PSoC5\GCC\libemf32nosnlfn.a(FS_LogBlock.o)
                0x0000317c                FS_LB_ReadDevice
 .text.FS_LB_ReadPart
                0x000031aa        0xe ..\emFile_V322c\LinkLibrary\PSoC5\GCC\libemf32nosnlfn.a(FS_LogBlock.o)
                0x000031aa                FS_LB_ReadPart
 .text.FS_LB_ReadBurst
                0x000031b8       0x38 ..\emFile_V322c\LinkLibrary\PSoC5\GCC\libemf32nosnlfn.a(FS_LogBlock.o)
                0x000031b8                FS_LB_ReadBurst
 .text.FS_LB_ReadBurstPart
                0x000031f0       0x14 ..\emFile_V322c\LinkLibrary\PSoC5\GCC\libemf32nosnlfn.a(FS_LogBlock.o)
                0x000031f0                FS_LB_ReadBurstPart
 .text.FS_LB_WriteMultiple
                0x00003204       0x30 ..\emFile_V322c\LinkLibrary\PSoC5\GCC\libemf32nosnlfn.a(FS_LogBlock.o)
                0x00003204                FS_LB_WriteMultiple
 .text.FS_LB_WriteMultiplePart
                0x00003234       0x14 ..\emFile_V322c\LinkLibrary\PSoC5\GCC\libemf32nosnlfn.a(FS_LogBlock.o)
                0x00003234                FS_LB_WriteMultiplePart
 .text.FS_LB_WriteDevice
                0x00003248       0x36 ..\emFile_V322c\LinkLibrary\PSoC5\GCC\libemf32nosnlfn.a(FS_LogBlock.o)
                0x00003248                FS_LB_WriteDevice
 .text.FS_LB_WritePart
                0x0000327e        0xe ..\emFile_V322c\LinkLibrary\PSoC5\GCC\libemf32nosnlfn.a(FS_LogBlock.o)
                0x0000327e                FS_LB_WritePart
 .text.FS_GetSectorSize
                0x0000328c       0x28 ..\emFile_V322c\LinkLibrary\PSoC5\GCC\libemf32nosnlfn.a(FS_LogBlock.o)
                0x0000328c                FS_GetSectorSize
 .text.FS_LB_GetDeviceInfo
                0x000032b4       0x26 ..\emFile_V322c\LinkLibrary\PSoC5\GCC\libemf32nosnlfn.a(FS_LogBlock.o)
                0x000032b4                FS_LB_GetDeviceInfo
 .text.FS_memcpy
                0x000032da      0x120 ..\emFile_V322c\LinkLibrary\PSoC5\GCC\libemf32nosnlfn.a(FS_memcpy.o)
                0x000032da                FS_memcpy
 .text._IsBPB   0x000033fa       0x1e ..\emFile_V322c\LinkLibrary\PSoC5\GCC\libemf32nosnlfn.a(FS_Partition.o)
 .text._HasSignature
                0x00003418       0x18 ..\emFile_V322c\LinkLibrary\PSoC5\GCC\libemf32nosnlfn.a(FS_Partition.o)
 .text._GetPartitionStartSector
                0x00003430        0xc ..\emFile_V322c\LinkLibrary\PSoC5\GCC\libemf32nosnlfn.a(FS_Partition.o)
 .text.FS__GetMediaStartSecEx
                0x0000343c       0x6e ..\emFile_V322c\LinkLibrary\PSoC5\GCC\libemf32nosnlfn.a(FS_Partition.o)
                0x0000343c                FS__GetMediaStartSecEx
 *fill*         0x000034aa        0x2 
 .text.FS__LocatePartition
                0x000034ac       0x44 ..\emFile_V322c\LinkLibrary\PSoC5\GCC\libemf32nosnlfn.a(FS_Partition.o)
                0x000034ac                FS__LocatePartition
 .text.cos      0x000034f0       0x90 c:/program files (x86)/cypress/psoc creator/3.3/psoc creator/import/gnu/arm/4.9.3/bin/../lib/gcc/arm-none-eabi/4.9.3/../../../../arm-none-eabi/lib/armv7-m\libm.a(lib_a-s_cos.o)
                0x000034f0                cos
 .text.sin      0x00003580       0x94 c:/program files (x86)/cypress/psoc creator/3.3/psoc creator/import/gnu/arm/4.9.3/bin/../lib/gcc/arm-none-eabi/4.9.3/../../../../arm-none-eabi/lib/armv7-m\libm.a(lib_a-s_sin.o)
                0x00003580                sin
 .text.sqrt     0x00003614       0xac c:/program files (x86)/cypress/psoc creator/3.3/psoc creator/import/gnu/arm/4.9.3/bin/../lib/gcc/arm-none-eabi/4.9.3/../../../../arm-none-eabi/lib/armv7-m\libm.a(lib_a-w_sqrt.o)
                0x00003614                sqrt
 .text.__ieee754_rem_pio2
                0x000036c0      0x428 c:/program files (x86)/cypress/psoc creator/3.3/psoc creator/import/gnu/arm/4.9.3/bin/../lib/gcc/arm-none-eabi/4.9.3/../../../../arm-none-eabi/lib/armv7-m\libm.a(lib_a-e_rem_pio2.o)
                0x000036c0                __ieee754_rem_pio2
 .text.__ieee754_sqrt
                0x00003ae8      0x18c c:/program files (x86)/cypress/psoc creator/3.3/psoc creator/import/gnu/arm/4.9.3/bin/../lib/gcc/arm-none-eabi/4.9.3/../../../../arm-none-eabi/lib/armv7-m\libm.a(lib_a-e_sqrt.o)
                0x00003ae8                __ieee754_sqrt
 *fill*         0x00003c74        0x4 
 .text.__kernel_cos
                0x00003c78      0x248 c:/program files (x86)/cypress/psoc creator/3.3/psoc creator/import/gnu/arm/4.9.3/bin/../lib/gcc/arm-none-eabi/4.9.3/../../../../arm-none-eabi/lib/armv7-m\libm.a(lib_a-k_cos.o)
                0x00003c78                __kernel_cos
 .text.__kernel_rem_pio2
                0x00003ec0      0x808 c:/program files (x86)/cypress/psoc creator/3.3/psoc creator/import/gnu/arm/4.9.3/bin/../lib/gcc/arm-none-eabi/4.9.3/../../../../arm-none-eabi/lib/armv7-m\libm.a(lib_a-k_rem_pio2.o)
                0x00003ec0                __kernel_rem_pio2
 .text.__kernel_sin
                0x000046c8      0x170 c:/program files (x86)/cypress/psoc creator/3.3/psoc creator/import/gnu/arm/4.9.3/bin/../lib/gcc/arm-none-eabi/4.9.3/../../../../arm-none-eabi/lib/armv7-m\libm.a(lib_a-k_sin.o)
                0x000046c8                __kernel_sin
 .text.fabs     0x00004838        0x8 c:/program files (x86)/cypress/psoc creator/3.3/psoc creator/import/gnu/arm/4.9.3/bin/../lib/gcc/arm-none-eabi/4.9.3/../../../../arm-none-eabi/lib/armv7-m\libm.a(lib_a-s_fabs.o)
                0x00004838                fabs
 .text.floor    0x00004840      0x118 c:/program files (x86)/cypress/psoc creator/3.3/psoc creator/import/gnu/arm/4.9.3/bin/../lib/gcc/arm-none-eabi/4.9.3/../../../../arm-none-eabi/lib/armv7-m\libm.a(lib_a-s_floor.o)
                0x00004840                floor
 .text.__fpclassifyd
                0x00004958       0x58 c:/program files (x86)/cypress/psoc creator/3.3/psoc creator/import/gnu/arm/4.9.3/bin/../lib/gcc/arm-none-eabi/4.9.3/../../../../arm-none-eabi/lib/armv7-m\libm.a(lib_a-s_fpclassify.o)
                0x00004958                __fpclassifyd
 .text.matherr  0x000049b0        0x4 c:/program files (x86)/cypress/psoc creator/3.3/psoc creator/import/gnu/arm/4.9.3/bin/../lib/gcc/arm-none-eabi/4.9.3/../../../../arm-none-eabi/lib/armv7-m\libm.a(lib_a-s_matherr.o)
                0x000049b0                matherr
 *fill*         0x000049b4        0x4 
 .text.scalbn   0x000049b8       0xf0 c:/program files (x86)/cypress/psoc creator/3.3/psoc creator/import/gnu/arm/4.9.3/bin/../lib/gcc/arm-none-eabi/4.9.3/../../../../arm-none-eabi/lib/armv7-m\libm.a(lib_a-s_scalbn.o)
                0x000049b8                scalbn
 .text.copysign
                0x00004aa8       0x10 c:/program files (x86)/cypress/psoc creator/3.3/psoc creator/import/gnu/arm/4.9.3/bin/../lib/gcc/arm-none-eabi/4.9.3/../../../../arm-none-eabi/lib/armv7-m\libm.a(lib_a-s_copysign.o)
                0x00004aa8                copysign
 .text.FS_X_AddDevices
                0x00004ab8       0x1c .\CortexM3\ARM_GCC_493\Debug\GuitarHero.a(SD_FS_ConfigMMC_SPI.o)
                0x00004ab8                FS_X_AddDevices
 .text.FS_X_GetTimeDate
                0x00004ad4        0x8 .\CortexM3\ARM_GCC_493\Debug\GuitarHero.a(SD_FS_ConfigMMC_SPI.o)
                0x00004ad4                FS_X_GetTimeDate
 .text._CalcDataCRC16Dummy
                0x00004adc        0x6 ..\emFile_V322c\LinkLibrary\PSoC5\GCC\libemf32nosnlfn.a(MMC_Drv.o)
 *fill*         0x00004ae2        0x2 
 .text._MMC_GetNumUnits
                0x00004ae4        0xc ..\emFile_V322c\LinkLibrary\PSoC5\GCC\libemf32nosnlfn.a(MMC_Drv.o)
 .text._MMC_GetDriverName
                0x00004af0        0x8 ..\emFile_V322c\LinkLibrary\PSoC5\GCC\libemf32nosnlfn.a(MMC_Drv.o)
 .text._MMC_GetStatus
                0x00004af8        0x4 ..\emFile_V322c\LinkLibrary\PSoC5\GCC\libemf32nosnlfn.a(MMC_Drv.o)
 .text._CheckR1
                0x00004afc       0x38 ..\emFile_V322c\LinkLibrary\PSoC5\GCC\libemf32nosnlfn.a(MMC_Drv.o)
 .text._WaitToGetReady
                0x00004b34       0x26 ..\emFile_V322c\LinkLibrary\PSoC5\GCC\libemf32nosnlfn.a(MMC_Drv.o)
 .text._SendEmptyCycles
                0x00004b5a       0x24 ..\emFile_V322c\LinkLibrary\PSoC5\GCC\libemf32nosnlfn.a(MMC_Drv.o)
 *fill*         0x00004b7e        0x2 
 .text._MMC_AddDevice
                0x00004b80       0x2c ..\emFile_V322c\LinkLibrary\PSoC5\GCC\libemf32nosnlfn.a(MMC_Drv.o)
 .text.T.53     0x00004bac       0x14 ..\emFile_V322c\LinkLibrary\PSoC5\GCC\libemf32nosnlfn.a(MMC_Drv.o)
 .text._GetFromCSD
                0x00004bc0       0x34 ..\emFile_V322c\LinkLibrary\PSoC5\GCC\libemf32nosnlfn.a(MMC_Drv.o)
 .text._ExecCmdR1
                0x00004bf4       0x98 ..\emFile_V322c\LinkLibrary\PSoC5\GCC\libemf32nosnlfn.a(MMC_Drv.o)
 .text._ReadCSD
                0x00004c8c       0x86 ..\emFile_V322c\LinkLibrary\PSoC5\GCC\libemf32nosnlfn.a(MMC_Drv.o)
 *fill*         0x00004d12        0x2 
 .text._MMC_Read
                0x00004d14      0x130 ..\emFile_V322c\LinkLibrary\PSoC5\GCC\libemf32nosnlfn.a(MMC_Drv.o)
 .text._MMC_Write
                0x00004e44      0x13c ..\emFile_V322c\LinkLibrary\PSoC5\GCC\libemf32nosnlfn.a(MMC_Drv.o)
 .text._ApplyCSD
                0x00004f80      0x228 ..\emFile_V322c\LinkLibrary\PSoC5\GCC\libemf32nosnlfn.a(MMC_Drv.o)
 .text._MMC_Init
                0x000051a8      0x1c0 ..\emFile_V322c\LinkLibrary\PSoC5\GCC\libemf32nosnlfn.a(MMC_Drv.o)
 .text._MMC_InitMedium
                0x00005368       0x28 ..\emFile_V322c\LinkLibrary\PSoC5\GCC\libemf32nosnlfn.a(MMC_Drv.o)
 .text._MMC_IoCtl
                0x00005390       0x60 ..\emFile_V322c\LinkLibrary\PSoC5\GCC\libemf32nosnlfn.a(MMC_Drv.o)
 .text.SD_FS_Init
                0x000053f0       0x4c .\CortexM3\ARM_GCC_493\Debug\GuitarHero.a(SD_FS_MMC_HW_SPI.o)
 .text.SD_FS_ReadWriteSPI
                0x0000543c       0x30 .\CortexM3\ARM_GCC_493\Debug\GuitarHero.a(SD_FS_MMC_HW_SPI.o)
 .text.FS_MMC_HW_X_EnableCS
                0x0000546c       0x14 .\CortexM3\ARM_GCC_493\Debug\GuitarHero.a(SD_FS_MMC_HW_SPI.o)
                0x0000546c                FS_MMC_HW_X_EnableCS
 .text.FS_MMC_HW_X_DisableCS
                0x00005480       0x14 .\CortexM3\ARM_GCC_493\Debug\GuitarHero.a(SD_FS_MMC_HW_SPI.o)
                0x00005480                FS_MMC_HW_X_DisableCS
 .text.FS_MMC_HW_X_IsWriteProtected
                0x00005494        0x4 .\CortexM3\ARM_GCC_493\Debug\GuitarHero.a(SD_FS_MMC_HW_SPI.o)
                0x00005494                FS_MMC_HW_X_IsWriteProtected
 .text.FS_MMC_HW_X_SetMaxSpeed
                0x00005498       0x58 .\CortexM3\ARM_GCC_493\Debug\GuitarHero.a(SD_FS_MMC_HW_SPI.o)
                0x00005498                FS_MMC_HW_X_SetMaxSpeed
 .text.FS_MMC_HW_X_SetVoltage
                0x000054f0       0x3c .\CortexM3\ARM_GCC_493\Debug\GuitarHero.a(SD_FS_MMC_HW_SPI.o)
                0x000054f0                FS_MMC_HW_X_SetVoltage
 .text.FS_MMC_HW_X_IsPresent
                0x0000552c        0xc .\CortexM3\ARM_GCC_493\Debug\GuitarHero.a(SD_FS_MMC_HW_SPI.o)
                0x0000552c                FS_MMC_HW_X_IsPresent
 .text.FS_MMC_HW_X_Read
                0x00005538       0x1c .\CortexM3\ARM_GCC_493\Debug\GuitarHero.a(SD_FS_MMC_HW_SPI.o)
                0x00005538                FS_MMC_HW_X_Read
 .text.FS_MMC_HW_X_Write
                0x00005554       0x18 .\CortexM3\ARM_GCC_493\Debug\GuitarHero.a(SD_FS_MMC_HW_SPI.o)
                0x00005554                FS_MMC_HW_X_Write
 .text.SD_FS_SPI0_Enable
                0x0000556c       0x30 .\CortexM3\ARM_GCC_493\Debug\GuitarHero.a(SD_FS_SPI0.o)
                0x0000556c                SD_FS_SPI0_Enable
 .text.SD_FS_SPI0_ReadTxStatus
                0x0000559c        0xc .\CortexM3\ARM_GCC_493\Debug\GuitarHero.a(SD_FS_SPI0.o)
                0x0000559c                SD_FS_SPI0_ReadTxStatus
 .text.SD_FS_SPI0_ReadRxStatus
                0x000055a8        0xc .\CortexM3\ARM_GCC_493\Debug\GuitarHero.a(SD_FS_SPI0.o)
                0x000055a8                SD_FS_SPI0_ReadRxStatus
 .text.SD_FS_SPI0_WriteTxData
                0x000055b4       0x18 .\CortexM3\ARM_GCC_493\Debug\GuitarHero.a(SD_FS_SPI0.o)
                0x000055b4                SD_FS_SPI0_WriteTxData
 .text.SD_FS_SPI0_ReadRxData
                0x000055cc        0xc .\CortexM3\ARM_GCC_493\Debug\GuitarHero.a(SD_FS_SPI0.o)
                0x000055cc                SD_FS_SPI0_ReadRxData
 .text.SD_FS_SPI0_ClearFIFO
                0x000055d8       0x3c .\CortexM3\ARM_GCC_493\Debug\GuitarHero.a(SD_FS_SPI0.o)
                0x000055d8                SD_FS_SPI0_ClearFIFO
 .text.SD_FS_SPI0_Init
                0x00005614       0x2c .\CortexM3\ARM_GCC_493\Debug\GuitarHero.a(SD_FS_SPI0.o)
                0x00005614                SD_FS_SPI0_Init
 .text.SD_FS_SPI0_Start
                0x00005640       0x1c .\CortexM3\ARM_GCC_493\Debug\GuitarHero.a(SD_FS_SPI0.o)
                0x00005640                SD_FS_SPI0_Start
 .text.SD_FS_Clock_1_Start
                0x0000565c       0x1c .\CortexM3\ARM_GCC_493\Debug\GuitarHero.a(SD_FS_Clock_1.o)
                0x0000565c                SD_FS_Clock_1_Start
 .text.SD_FS_Clock_1_Stop
                0x00005678       0x1c .\CortexM3\ARM_GCC_493\Debug\GuitarHero.a(SD_FS_Clock_1.o)
                0x00005678                SD_FS_Clock_1_Stop
 .text.SD_FS_Clock_1_GetDividerRegister
                0x00005694        0xc .\CortexM3\ARM_GCC_493\Debug\GuitarHero.a(SD_FS_Clock_1.o)
                0x00005694                SD_FS_Clock_1_GetDividerRegister
 .text.SD_FS_Clock_1_GetSourceRegister
                0x000056a0       0x10 .\CortexM3\ARM_GCC_493\Debug\GuitarHero.a(SD_FS_Clock_1.o)
                0x000056a0                SD_FS_Clock_1_GetSourceRegister
 .text.SD_FS_Clock_1_SetDividerRegister
                0x000056b0       0xd8 .\CortexM3\ARM_GCC_493\Debug\GuitarHero.a(SD_FS_Clock_1.o)
                0x000056b0                SD_FS_Clock_1_SetDividerRegister
 .text.SD_FS_SPI0_CS_Write
                0x00005788       0x18 .\CortexM3\ARM_GCC_493\Debug\GuitarHero.a(SD_FS_SPI0_CS.o)
                0x00005788                SD_FS_SPI0_CS_Write
 .text          0x000057a0      0x370 c:/program files (x86)/cypress/psoc creator/3.3/psoc creator/import/gnu/arm/4.9.3/bin/../lib/gcc/arm-none-eabi/4.9.3/armv7-m\libgcc.a(_arm_addsubdf3.o)
                0x000057a0                __aeabi_drsub
                0x000057a8                __aeabi_dsub
                0x000057a8                __subdf3
                0x000057ac                __aeabi_dadd
                0x000057ac                __adddf3
                0x00005a24                __floatunsidf
                0x00005a24                __aeabi_ui2d
                0x00005a44                __floatsidf
                0x00005a44                __aeabi_i2d
                0x00005a68                __aeabi_f2d
                0x00005a68                __extendsfdf2
                0x00005aa4                __floatundidf
                0x00005aa4                __aeabi_ul2d
                0x00005ab4                __floatdidf
                0x00005ab4                __aeabi_l2d
 .text          0x00005b10      0x424 c:/program files (x86)/cypress/psoc creator/3.3/psoc creator/import/gnu/arm/4.9.3/bin/../lib/gcc/arm-none-eabi/4.9.3/armv7-m\libgcc.a(_arm_muldivdf3.o)
                0x00005b10                __aeabi_dmul
                0x00005b10                __muldf3
                0x00005d64                __divdf3
                0x00005d64                __aeabi_ddiv
 .text          0x00005f34      0x110 c:/program files (x86)/cypress/psoc creator/3.3/psoc creator/import/gnu/arm/4.9.3/bin/../lib/gcc/arm-none-eabi/4.9.3/armv7-m\libgcc.a(_arm_cmpdf2.o)
                0x00005f34                __gtdf2
                0x00005f34                __gedf2
                0x00005f3c                __ltdf2
                0x00005f3c                __ledf2
                0x00005f44                __nedf2
                0x00005f44                __eqdf2
                0x00005f44                __cmpdf2
                0x00005fc0                __aeabi_cdrcmple
                0x00005fd0                __aeabi_cdcmpeq
                0x00005fd0                __aeabi_cdcmple
                0x00005fe0                __aeabi_dcmpeq
                0x00005ff4                __aeabi_dcmplt
                0x00006008                __aeabi_dcmple
                0x0000601c                __aeabi_dcmpge
                0x00006030                __aeabi_dcmpgt
 .text          0x00006044       0x50 c:/program files (x86)/cypress/psoc creator/3.3/psoc creator/import/gnu/arm/4.9.3/bin/../lib/gcc/arm-none-eabi/4.9.3/armv7-m\libgcc.a(_arm_fixdfsi.o)
                0x00006044                __aeabi_d2iz
                0x00006044                __fixdfsi
 .text          0x00006094       0x40 c:/program files (x86)/cypress/psoc creator/3.3/psoc creator/import/gnu/arm/4.9.3/bin/../lib/gcc/arm-none-eabi/4.9.3/armv7-m\libgcc.a(_arm_fixunsdfsi.o)
                0x00006094                __aeabi_d2uiz
                0x00006094                __fixunsdfsi
 .text          0x000060d4       0xa0 c:/program files (x86)/cypress/psoc creator/3.3/psoc creator/import/gnu/arm/4.9.3/bin/../lib/gcc/arm-none-eabi/4.9.3/armv7-m\libgcc.a(_arm_truncdfsf2.o)
                0x000060d4                __truncdfsf2
                0x000060d4                __aeabi_d2f
 .text          0x00006174      0x21c c:/program files (x86)/cypress/psoc creator/3.3/psoc creator/import/gnu/arm/4.9.3/bin/../lib/gcc/arm-none-eabi/4.9.3/armv7-m\libgcc.a(_arm_addsubsf3.o)
                0x00006174                __aeabi_frsub
                0x0000617c                __subsf3
                0x0000617c                __aeabi_fsub
                0x00006180                __aeabi_fadd
                0x00006180                __addsf3
                0x000062e0                __aeabi_ui2f
                0x000062e0                __floatunsisf
                0x000062e8                __aeabi_i2f
                0x000062e8                __floatsisf
                0x00006304                __aeabi_ul2f
                0x00006304                __floatundisf
                0x00006314                __aeabi_l2f
                0x00006314                __floatdisf
 .text          0x00006390      0x2a0 c:/program files (x86)/cypress/psoc creator/3.3/psoc creator/import/gnu/arm/4.9.3/bin/../lib/gcc/arm-none-eabi/4.9.3/armv7-m\libgcc.a(_arm_muldivsf3.o)
                0x00006390                __mulsf3
                0x00006390                __aeabi_fmul
                0x000064f8                __aeabi_fdiv
                0x000064f8                __divsf3
 .text          0x00006630       0xec c:/program files (x86)/cypress/psoc creator/3.3/psoc creator/import/gnu/arm/4.9.3/bin/../lib/gcc/arm-none-eabi/4.9.3/armv7-m\libgcc.a(_arm_cmpsf2.o)
                0x00006630                __gesf2
                0x00006630                __gtsf2
                0x00006638                __lesf2
                0x00006638                __ltsf2
                0x00006640                __nesf2
                0x00006640                __eqsf2
                0x00006640                __cmpsf2
                0x000066a0                __aeabi_cfrcmple
                0x000066a8                __aeabi_cfcmpeq
                0x000066a8                __aeabi_cfcmple
                0x000066b8                __aeabi_fcmpeq
                0x000066cc                __aeabi_fcmplt
                0x000066e0                __aeabi_fcmple
                0x000066f4                __aeabi_fcmpge
                0x00006708                __aeabi_fcmpgt
 .text          0x0000671c       0x4c c:/program files (x86)/cypress/psoc creator/3.3/psoc creator/import/gnu/arm/4.9.3/bin/../lib/gcc/arm-none-eabi/4.9.3/armv7-m\libgcc.a(_arm_fixsfsi.o)
                0x0000671c                __aeabi_f2iz
                0x0000671c                __fixsfsi
 .text          0x00006768       0x40 c:/program files (x86)/cypress/psoc creator/3.3/psoc creator/import/gnu/arm/4.9.3/bin/../lib/gcc/arm-none-eabi/4.9.3/armv7-m\libgcc.a(_arm_fixunssfsi.o)
                0x00006768                __fixunssfsi
                0x00006768                __aeabi_f2uiz
 .text.__errno  0x000067a8        0xc c:/program files (x86)/cypress/psoc creator/3.3/psoc creator/import/gnu/arm/4.9.3/bin/../lib/gcc/arm-none-eabi/4.9.3/../../../../arm-none-eabi/lib/armv7-m\libg_nano.a(lib_a-errno.o)
                0x000067a8                __errno
 .text.__libc_init_array
                0x000067b4       0x4c c:/program files (x86)/cypress/psoc creator/3.3/psoc creator/import/gnu/arm/4.9.3/bin/../lib/gcc/arm-none-eabi/4.9.3/../../../../arm-none-eabi/lib/armv7-m\libg_nano.a(lib_a-init.o)
                0x000067b4                __libc_init_array
 .text.memcpy   0x00006800       0x16 c:/program files (x86)/cypress/psoc creator/3.3/psoc creator/import/gnu/arm/4.9.3/bin/../lib/gcc/arm-none-eabi/4.9.3/../../../../arm-none-eabi/lib/armv7-m\libg_nano.a(lib_a-memcpy.o)
                0x00006800                memcpy
 .text.memset   0x00006816       0x10 c:/program files (x86)/cypress/psoc creator/3.3/psoc creator/import/gnu/arm/4.9.3/bin/../lib/gcc/arm-none-eabi/4.9.3/../../../../arm-none-eabi/lib/armv7-m\libg_nano.a(lib_a-memset.o)
                0x00006816                memset
 *(.plt)
 *(.gnu.warning)
 *(.glue_7t)
 .glue_7t       0x00000000        0x0 linker stubs
 *(.glue_7)
 .glue_7        0x00000000        0x0 linker stubs
 *(.vfp11_veneer)
 .vfp11_veneer  0x00000000        0x0 linker stubs
 *(.bootloader)
 *(.ARM.extab* .gnu.linkonce.armextab.*)
 *(.gcc_except_table)

.v4_bx          0x00006828        0x0
 .v4_bx         0x00000000        0x0 linker stubs

.iplt           0x00006828        0x0
 .iplt          0x00000000        0x0 c:/program files (x86)/cypress/psoc creator/3.3/psoc creator/import/gnu/arm/4.9.3/bin/../lib/gcc/arm-none-eabi/4.9.3/armv7-m/crtbegin.o

.eh_frame_hdr
 *(.eh_frame_hdr)

.eh_frame       0x00006828        0x4
 *(.eh_frame)
 .eh_frame      0x00006828        0x0 c:/program files (x86)/cypress/psoc creator/3.3/psoc creator/import/gnu/arm/4.9.3/bin/../lib/gcc/arm-none-eabi/4.9.3/armv7-m/crtbegin.o
 .eh_frame      0x00006828        0x4 c:/program files (x86)/cypress/psoc creator/3.3/psoc creator/import/gnu/arm/4.9.3/bin/../lib/gcc/arm-none-eabi/4.9.3/armv7-m/crtend.o
                0x0000682c                PROVIDE (__exidx_start, .)

.ARM.exidx
 *(.ARM.exidx* .gnu.linkonce.armexidx.*)
                0x0000682c                __exidx_end = .

.rodata         0x00006830      0x458
 *(.rodata .rodata.* .gnu.linkonce.r.*)
 .rodata        0x00006830       0x10 .\CortexM3\ARM_GCC_493\Debug\main.o
 .rodata.str1.4
                0x00006840        0x2 .\CortexM3\ARM_GCC_493\Debug\main.o
                                  0x4 (size before relaxing)
 *fill*         0x00006842        0x2 
 .rodata        0x00006844       0xb4 .\CortexM3\ARM_GCC_493\Debug\game_manager.o
 .rodata        0x000068f8       0x48 .\CortexM3\ARM_GCC_493\Debug\GuitarHero.a(cyfitter_cfg.o)
 .rodata        0x00006940       0x78 ..\emFile_V322c\LinkLibrary\PSoC5\GCC\libemf32nosnlfn.a(FS_Misc.o)
 .rodata.str1.1
                0x000069b8       0x30 ..\emFile_V322c\LinkLibrary\PSoC5\GCC\libemf32nosnlfn.a(FS_Misc.o)
 .rodata        0x000069e8       0x10 ..\emFile_V322c\LinkLibrary\PSoC5\GCC\libemf32nosnlfn.a(FAT_Misc.o)
                0x000069e8                FAT_SFN_API
 .rodata.str1.1
                0x000069f8        0x3 ..\emFile_V322c\LinkLibrary\PSoC5\GCC\libemf32nosnlfn.a(FAT_Open.o)
 *fill*         0x000069fb        0x1 
 .rodata.str1.4
                0x000069fc        0x8 c:/program files (x86)/cypress/psoc creator/3.3/psoc creator/import/gnu/arm/4.9.3/bin/../lib/gcc/arm-none-eabi/4.9.3/../../../../arm-none-eabi/lib/armv7-m\libm.a(lib_a-w_sqrt.o)
 .rodata.npio2_hw
                0x00006a04       0x80 c:/program files (x86)/cypress/psoc creator/3.3/psoc creator/import/gnu/arm/4.9.3/bin/../lib/gcc/arm-none-eabi/4.9.3/../../../../arm-none-eabi/lib/armv7-m\libm.a(lib_a-e_rem_pio2.o)
 .rodata.two_over_pi
                0x00006a84      0x108 c:/program files (x86)/cypress/psoc creator/3.3/psoc creator/import/gnu/arm/4.9.3/bin/../lib/gcc/arm-none-eabi/4.9.3/../../../../arm-none-eabi/lib/armv7-m\libm.a(lib_a-e_rem_pio2.o)
 .rodata.init_jk
                0x00006b8c       0x10 c:/program files (x86)/cypress/psoc creator/3.3/psoc creator/import/gnu/arm/4.9.3/bin/../lib/gcc/arm-none-eabi/4.9.3/../../../../arm-none-eabi/lib/armv7-m\libm.a(lib_a-k_rem_pio2.o)
 *fill*         0x00006b9c        0x4 
 .rodata.PIo2   0x00006ba0       0x40 c:/program files (x86)/cypress/psoc creator/3.3/psoc creator/import/gnu/arm/4.9.3/bin/../lib/gcc/arm-none-eabi/4.9.3/../../../../arm-none-eabi/lib/armv7-m\libm.a(lib_a-k_rem_pio2.o)
 .rodata        0x00006be0       0x68 ..\emFile_V322c\LinkLibrary\PSoC5\GCC\libemf32nosnlfn.a(MMC_Drv.o)
                0x00006c28                FS_MMC_SPI_Driver
 .rodata.str1.1
                0x00006c48        0x4 ..\emFile_V322c\LinkLibrary\PSoC5\GCC\libemf32nosnlfn.a(MMC_Drv.o)
 .rodata.str1.1
                0x00006c4c        0x2 c:/program files (x86)/cypress/psoc creator/3.3/psoc creator/import/gnu/arm/4.9.3/bin/../lib/gcc/arm-none-eabi/4.9.3/../../../../arm-none-eabi/lib/armv7-m\libg_nano.a(lib_a-impure.o)
                0x00006c50                . = ALIGN (0x4)
 *fill*         0x00006c4e        0x2 
 *(.init)
 .init          0x00006c50        0x4 c:/program files (x86)/cypress/psoc creator/3.3/psoc creator/import/gnu/arm/4.9.3/bin/../lib/gcc/arm-none-eabi/4.9.3/armv7-m/crti.o
                0x00006c50                _init
 .init          0x00006c54        0x8 c:/program files (x86)/cypress/psoc creator/3.3/psoc creator/import/gnu/arm/4.9.3/bin/../lib/gcc/arm-none-eabi/4.9.3/armv7-m/crtn.o
                0x00006c5c                . = ALIGN (0x4)
                0x00006c5c                __preinit_array_start = .
 *(.preinit_array)
                0x00006c5c                __preinit_array_end = .
                0x00006c5c                . = ALIGN (0x4)
                0x00006c5c                __init_array_start = .
 *(SORT(.init_array.*))
 *(.init_array)
 .init_array    0x00006c5c        0x4 c:/program files (x86)/cypress/psoc creator/3.3/psoc creator/import/gnu/arm/4.9.3/bin/../lib/gcc/arm-none-eabi/4.9.3/armv7-m/crtbegin.o
 .init_array    0x00006c60        0x4 .\CortexM3\ARM_GCC_493\Debug\Cm3Start.o
                0x00006c64                __init_array_end = .
                0x00006c64                . = ALIGN (0x4)
 *(.fini)
 .fini          0x00006c64        0x4 c:/program files (x86)/cypress/psoc creator/3.3/psoc creator/import/gnu/arm/4.9.3/bin/../lib/gcc/arm-none-eabi/4.9.3/armv7-m/crti.o
                0x00006c64                _fini
 .fini          0x00006c68        0x8 c:/program files (x86)/cypress/psoc creator/3.3/psoc creator/import/gnu/arm/4.9.3/bin/../lib/gcc/arm-none-eabi/4.9.3/armv7-m/crtn.o
                0x00006c70                . = ALIGN (0x4)
                0x00006c70                __fini_array_start = .
 *(.fini_array)
 .fini_array    0x00006c70        0x4 c:/program files (x86)/cypress/psoc creator/3.3/psoc creator/import/gnu/arm/4.9.3/bin/../lib/gcc/arm-none-eabi/4.9.3/armv7-m/crtbegin.o
 *(SORT(.fini_array.*))
                0x00006c74                __fini_array_end = .
                0x00006c74                . = ALIGN (0x4)
 *crtbegin.o(.ctors)
 *(EXCLUDE_FILE(*crtend.o) .ctors)
 *(SORT(.ctors.*))
 *crtend.o(.ctors)
                0x00006c74                . = ALIGN (0x4)
 *crtbegin.o(.dtors)
 *(EXCLUDE_FILE(*crtend.o) .dtors)
 *(SORT(.dtors.*))
 *crtend.o(.dtors)
                0x00006c74                . = ALIGN (0x4)
                0x00006c74                __cy_regions = .
                0x00006c74        0x4 LONG 0x6c88 __cy_region_init_ram
                0x00006c78        0x4 LONG 0x1fff8108 __cy_region_start_data
                0x00006c7c        0x4 LONG 0x88 __cy_region_init_size_ram
                0x00006c80        0x4 LONG 0xa5d0 __cy_region_zero_size_ram
                0x00006c84                __cy_regions_end = .
                0x00006c88                . = ALIGN (0x8)
 *fill*         0x00006c84        0x4 
                0x00006c88                _etext = .

.cy_checksum_exclude
                0x00006c88        0x0
 *(.cy_checksum_exclude)

.ramvectors     0x1fff8000      0x100
                0x1fff8000                __cy_region_start_ram = .
 *(.ramvectors)
 .ramvectors    0x1fff8000      0x100 .\CortexM3\ARM_GCC_493\Debug\Cm3Start.o
                0x1fff8000                CyRamVectors

.noinit         0x1fff8100        0x5
 *(.noinit)
 .noinit        0x1fff8100        0x4 .\CortexM3\ARM_GCC_493\Debug\Cm3Start.o
 .noinit        0x1fff8104        0x1 .\CortexM3\ARM_GCC_493\Debug\GuitarHero.a(CyLib.o)
                0x1fff8104                CyResetStatus

.data           0x1fff8108       0x88 load address 0x00006c88
                0x1fff8108                __cy_region_start_data = .
 *(.jcr)
 .jcr           0x1fff8108        0x0 c:/program files (x86)/cypress/psoc creator/3.3/psoc creator/import/gnu/arm/4.9.3/bin/../lib/gcc/arm-none-eabi/4.9.3/armv7-m/crtbegin.o
 .jcr           0x1fff8108        0x4 c:/program files (x86)/cypress/psoc creator/3.3/psoc creator/import/gnu/arm/4.9.3/bin/../lib/gcc/arm-none-eabi/4.9.3/armv7-m/crtend.o
 *(.got.plt)
 *(.got)
 *(.shdata)
 *(.data .data.* .gnu.linkonce.d.*)
 .data          0x1fff810c       0x10 .\CortexM3\ARM_GCC_493\Debug\GuitarHero.a(CyLib.o)
                0x1fff810c                cydelay_32k_ms
                0x1fff8110                cydelay_freq_khz
                0x1fff8114                cydelay_freq_mhz
                0x1fff8118                cydelay_freq_hz
 .data          0x1fff811c        0x4 ..\emFile_V322c\LinkLibrary\PSoC5\GCC\libemf32nosnlfn.a(FAT_Misc.o)
                0x1fff811c                FAT_pDirEntryAPI
 .data.__fdlib_version
                0x1fff8120        0x1 c:/program files (x86)/cypress/psoc creator/3.3/psoc creator/import/gnu/arm/4.9.3/bin/../lib/gcc/arm-none-eabi/4.9.3/../../../../arm-none-eabi/lib/armv7-m\libm.a(lib_a-s_lib_ver.o)
                0x1fff8120                __fdlib_version
 *fill*         0x1fff8121        0x3 
 .data          0x1fff8124        0x4 ..\emFile_V322c\LinkLibrary\PSoC5\GCC\libemf32nosnlfn.a(MMC_Drv.o)
 .data.impure_data
                0x1fff8128       0x60 c:/program files (x86)/cypress/psoc creator/3.3/psoc creator/import/gnu/arm/4.9.3/bin/../lib/gcc/arm-none-eabi/4.9.3/../../../../arm-none-eabi/lib/armv7-m\libg_nano.a(lib_a-impure.o)
 .data._impure_ptr
                0x1fff8188        0x4 c:/program files (x86)/cypress/psoc creator/3.3/psoc creator/import/gnu/arm/4.9.3/bin/../lib/gcc/arm-none-eabi/4.9.3/../../../../arm-none-eabi/lib/armv7-m\libg_nano.a(lib_a-impure.o)
                0x1fff8188                _impure_ptr
                0x1fff8190                . = ALIGN (0x8)
 *fill*         0x1fff818c        0x4 
 *(.ram)
                0x1fff8190                _edata = .

.igot.plt       0x1fff8190        0x0 load address 0x00006d10
 .igot.plt      0x00000000        0x0 c:/program files (x86)/cypress/psoc creator/3.3/psoc creator/import/gnu/arm/4.9.3/bin/../lib/gcc/arm-none-eabi/4.9.3/armv7-m/crtbegin.o

.bss            0x1fff8190     0xa5d0 load address 0x00006d10
                0x1fff8190                PROVIDE (__bss_start__, .)
 *(.shbss)
 *(.bss .bss.* .gnu.linkonce.b.*)
 .bss           0x1fff8190       0x1c c:/program files (x86)/cypress/psoc creator/3.3/psoc creator/import/gnu/arm/4.9.3/bin/../lib/gcc/arm-none-eabi/4.9.3/armv7-m/crtbegin.o
 .bss           0x1fff81ac      0x410 .\CortexM3\ARM_GCC_493\Debug\sprites.o
 .bss           0x1fff85bc     0x3e80 .\CortexM3\ARM_GCC_493\Debug\game_manager.o
 .bss           0x1fffc43c        0x1 .\CortexM3\ARM_GCC_493\Debug\GuitarHero.a(x_DAC.o)
                0x1fffc43c                x_DAC_initVar
 .bss           0x1fffc43d        0x1 .\CortexM3\ARM_GCC_493\Debug\GuitarHero.a(y_DAC.o)
                0x1fffc43d                y_DAC_initVar
 .bss           0x1fffc43e        0x1 .\CortexM3\ARM_GCC_493\Debug\GuitarHero.a(BLE_UART.o)
                0x1fffc43e                BLE_UART_initVar
 .bss           0x1fffc43f        0x2 .\CortexM3\ARM_GCC_493\Debug\GuitarHero.a(LCD.o)
                0x1fffc43f                LCD_enableState
                0x1fffc440                LCD_initVar
 .bss           0x1fffc441        0x1 .\CortexM3\ARM_GCC_493\Debug\GuitarHero.a(Audio_DAC.o)
                0x1fffc441                Audio_DAC_initVar
 *fill*         0x1fffc442        0x2 
 .bss           0x1fffc444        0xc ..\emFile_V322c\LinkLibrary\PSoC5\GCC\libemf32nosnlfn.a(FS_Core.o)
 .bss           0x1fffc450     0x1000 .\CortexM3\ARM_GCC_493\Debug\GuitarHero.a(SD_FS_ConfigMMC_SPI.o)
 .bss           0x1fffd450       0x14 ..\emFile_V322c\LinkLibrary\PSoC5\GCC\libemf32nosnlfn.a(MMC_Drv.o)
 .bss           0x1fffd464        0x1 .\CortexM3\ARM_GCC_493\Debug\GuitarHero.a(SD_FS_MMC_HW_SPI.o)
 .bss           0x1fffd465        0x1 .\CortexM3\ARM_GCC_493\Debug\GuitarHero.a(SD_FS_SPI0.o)
                0x1fffd465                SD_FS_SPI0_initVar
 *(COMMON)
 *fill*         0x1fffd466        0x2 
 COMMON         0x1fffd468     0x526c .\CortexM3\ARM_GCC_493\Debug\main.o
                0x1fffd468                n_sprites
                0x1fffd46c                sprites
                0x1fffd66c                new_flag
                0x1fffd670                points
                0x1fffde70                buffer_len
                0x1fffde80                new_points
                0x1fffe680                audio_done
                0x1fffe684                n_points
                0x1fffe688                play_idx
                0x1fffe68c                game_state
                0x1fffe6bc                audio_file
                0x1fffe6c0                buffer
                0x200026c0                fill_buffer
                0x200026c4                indicator_countdown
                0x200026cc                play_buffer
                0x200026d0                new_n_points
 COMMON         0x200026d4       0x88 ..\emFile_V322c\LinkLibrary\PSoC5\GCC\libemf32nosnlfn.a(FS_Core.o)
                0x200026d4                FS_Global
                0x20002758                FS_NumBytesAllocated
                0x20002760                . = ALIGN (0x8)
 *fill*         0x2000275c        0x4 
 *(.ram.b)
                0x20002760                _end = .
                0x20002760                __end = .
                0x20002760                PROVIDE (end, .)
                0x20002760                PROVIDE (__bss_end__, .)
                0x00006c88                __cy_region_init_ram = LOADADDR (.data)
                0x00000088                __cy_region_init_size_ram = (_edata - ADDR (.data))
                0x0000a5d0                __cy_region_zero_size_ram = (_end - _edata)

.heap           0x20002760       0x80 load address 0x00006d10
                0x20002760                . = _end
                0x200027e0                . = (. + 0x80)
 *fill*         0x20002760       0x80 
                0x200027e0                __cy_heap_limit = .

.stack          0x20007800      0x800
                0x20007800                __cy_stack_limit = .
                0x20008000                . = (. + 0x800)
 *fill*         0x20007800      0x800 
                0x00000001                ASSERT ((__cy_stack_limit >= __cy_heap_limit), region RAM overflowed with stack)
                0x00000000                cy_checksum_exclude_size = (CY_APPL_LOADABLE == 0x1)?SIZEOF (.cy_checksum_exclude):0x0
                0x00000001                ASSERT ((cy_checksum_exclude_size <= CY_CHECKSUM_EXCLUDE_SIZE), CY_BOOT: Section .cy_checksum_exclude size exceedes specified limit.)

.cyloadermeta
 *(.cyloadermeta)

.cyloadablemeta
 *(.cyloadablemeta)

.cyconfigecc    0x80000000      0x544
 *(.cyconfigecc)
 .cyconfigecc   0x80000000      0x544 .\CortexM3\ARM_GCC_493\Debug\cymetadata.o
                0x80000000                cy_meta_configecc

.cycustnvl      0x90000000        0x4
 *(.cycustnvl)
 .cycustnvl     0x90000000        0x4 .\CortexM3\ARM_GCC_493\Debug\cymetadata.o
                0x90000000                cy_meta_custnvl

.cywolatch      0x90100000        0x4
 *(.cywolatch)
 .cywolatch     0x90100000        0x4 .\CortexM3\ARM_GCC_493\Debug\cymetadata.o
                0x90100000                cy_meta_wonvl

.cyeeprom       0x90200000        0x0
 *(.cyeeprom)
                0x00000001                ASSERT ((. <= ((0x90200000 + ee_offset) + ee_size)), .cyeeprom data will not fit in EEPROM)

.cyflashprotect
                0x90400000      0x100
 *(.cyflashprotect)
 .cyflashprotect
                0x90400000      0x100 .\CortexM3\ARM_GCC_493\Debug\cymetadata.o
                0x90400000                cy_meta_flashprotect

.cymeta         0x90500000        0xc
 *(.cymeta)
 .cymeta        0x90500000        0xc .\CortexM3\ARM_GCC_493\Debug\cymetadata.o
                0x90500000                cy_metadata

.rel.dyn        0x00006d10        0x0 load address 0x9050000c
 .rel.iplt      0x00000000        0x0 c:/program files (x86)/cypress/psoc creator/3.3/psoc creator/import/gnu/arm/4.9.3/bin/../lib/gcc/arm-none-eabi/4.9.3/armv7-m/crtbegin.o

.stab
 *(.stab)

.stabstr
 *(.stabstr)

.debug
 *(.debug)

.line
 *(.line)

.debug_srcinfo
 *(.debug_srcinfo)

.debug_sfnames
 *(.debug_sfnames)

.debug_aranges  0x00000000      0xc20
 *(.debug_aranges)
 .debug_aranges
                0x00000000       0x60 .\CortexM3\ARM_GCC_493\Debug\main.o
 .debug_aranges
                0x00000060       0x48 .\CortexM3\ARM_GCC_493\Debug\sprites.o
 .debug_aranges
                0x000000a8       0x40 .\CortexM3\ARM_GCC_493\Debug\game_manager.o
 .debug_aranges
                0x000000e8       0x18 .\CortexM3\ARM_GCC_493\Debug\cymetadata.o
 .debug_aranges
                0x00000100       0x48 .\CortexM3\ARM_GCC_493\Debug\Cm3Start.o
 .debug_aranges
                0x00000148       0x58 .\CortexM3\ARM_GCC_493\Debug\GuitarHero.a(cyfitter_cfg.o)
 .debug_aranges
                0x000001a0       0x58 .\CortexM3\ARM_GCC_493\Debug\GuitarHero.a(x_DAC.o)
 .debug_aranges
                0x000001f8       0x58 .\CortexM3\ARM_GCC_493\Debug\GuitarHero.a(y_DAC.o)
 .debug_aranges
                0x00000250       0x20 .\CortexM3\ARM_GCC_493\Debug\GuitarHero.a(CyBootAsmGnu.o)
 .debug_aranges
                0x00000270      0x298 .\CortexM3\ARM_GCC_493\Debug\GuitarHero.a(CyLib.o)
 .debug_aranges
                0x00000508       0x98 .\CortexM3\ARM_GCC_493\Debug\GuitarHero.a(cyPm.o)
 .debug_aranges
                0x000005a0       0x80 .\CortexM3\ARM_GCC_493\Debug\GuitarHero.a(FPS_isr.o)
 .debug_aranges
                0x00000620       0x98 .\CortexM3\ARM_GCC_493\Debug\GuitarHero.a(BLE_UART.o)
 .debug_aranges
                0x000006b8       0x80 .\CortexM3\ARM_GCC_493\Debug\GuitarHero.a(BLE_Rx_isr.o)
 .debug_aranges
                0x00000738       0x98 .\CortexM3\ARM_GCC_493\Debug\GuitarHero.a(LCD.o)
 .debug_aranges
                0x000007d0       0x70 .\CortexM3\ARM_GCC_493\Debug\GuitarHero.a(BLE_UART_IntClock.o)
 .debug_aranges
                0x00000840       0x58 .\CortexM3\ARM_GCC_493\Debug\GuitarHero.a(Audio_DAC.o)
 .debug_aranges
                0x00000898       0x80 .\CortexM3\ARM_GCC_493\Debug\GuitarHero.a(Audio_isr.o)
 .debug_aranges
                0x00000918       0x80 .\CortexM3\ARM_GCC_493\Debug\GuitarHero.a(CyFlash.o)
 .debug_aranges
                0x00000998       0x78 .\CortexM3\ARM_GCC_493\Debug\GuitarHero.a(CySpc.o)
 .debug_aranges
                0x00000a10       0x28 .\CortexM3\ARM_GCC_493\Debug\GuitarHero.a(SD_FS_ConfigMMC_SPI.o)
 .debug_aranges
                0x00000a38       0x68 .\CortexM3\ARM_GCC_493\Debug\GuitarHero.a(SD_FS_MMC_HW_SPI.o)
 .debug_aranges
                0x00000aa0       0xd8 .\CortexM3\ARM_GCC_493\Debug\GuitarHero.a(SD_FS_SPI0.o)
 .debug_aranges
                0x00000b78       0x70 .\CortexM3\ARM_GCC_493\Debug\GuitarHero.a(SD_FS_Clock_1.o)
 .debug_aranges
                0x00000be8       0x38 .\CortexM3\ARM_GCC_493\Debug\GuitarHero.a(SD_FS_SPI0_CS.o)

.debug_pubnames
 *(.debug_pubnames)

.debug_info     0x00000000     0x73ba
 *(.debug_info .gnu.linkonce.wi.*)
 .debug_info    0x00000000      0x9b6 .\CortexM3\ARM_GCC_493\Debug\main.o
 .debug_info    0x000009b6      0x4f9 .\CortexM3\ARM_GCC_493\Debug\sprites.o
 .debug_info    0x00000eaf      0x531 .\CortexM3\ARM_GCC_493\Debug\game_manager.o
 .debug_info    0x000013e0      0x13c .\CortexM3\ARM_GCC_493\Debug\cymetadata.o
 .debug_info    0x0000151c      0x3a6 .\CortexM3\ARM_GCC_493\Debug\Cm3Start.o
 .debug_info    0x000018c2      0x5f0 .\CortexM3\ARM_GCC_493\Debug\GuitarHero.a(cyfitter_cfg.o)
 .debug_info    0x00001eb2      0x1de .\CortexM3\ARM_GCC_493\Debug\GuitarHero.a(x_DAC.o)
 .debug_info    0x00002090      0x1de .\CortexM3\ARM_GCC_493\Debug\GuitarHero.a(y_DAC.o)
 .debug_info    0x0000226e       0x9d .\CortexM3\ARM_GCC_493\Debug\GuitarHero.a(CyBootAsmGnu.o)
 .debug_info    0x0000230b     0x1376 .\CortexM3\ARM_GCC_493\Debug\GuitarHero.a(CyLib.o)
 .debug_info    0x00003681      0xa5e .\CortexM3\ARM_GCC_493\Debug\GuitarHero.a(cyPm.o)
 .debug_info    0x000040df      0x2d2 .\CortexM3\ARM_GCC_493\Debug\GuitarHero.a(FPS_isr.o)
 .debug_info    0x000043b1      0x3a5 .\CortexM3\ARM_GCC_493\Debug\GuitarHero.a(BLE_UART.o)
 .debug_info    0x00004756      0x2d2 .\CortexM3\ARM_GCC_493\Debug\GuitarHero.a(BLE_Rx_isr.o)
 .debug_info    0x00004a28      0x71d .\CortexM3\ARM_GCC_493\Debug\GuitarHero.a(LCD.o)
 .debug_info    0x00005145      0x283 .\CortexM3\ARM_GCC_493\Debug\GuitarHero.a(BLE_UART_IntClock.o)
 .debug_info    0x000053c8      0x1de .\CortexM3\ARM_GCC_493\Debug\GuitarHero.a(Audio_DAC.o)
 .debug_info    0x000055a6      0x2d2 .\CortexM3\ARM_GCC_493\Debug\GuitarHero.a(Audio_isr.o)
 .debug_info    0x00005878      0x60f .\CortexM3\ARM_GCC_493\Debug\GuitarHero.a(CyFlash.o)
 .debug_info    0x00005e87      0x4f1 .\CortexM3\ARM_GCC_493\Debug\GuitarHero.a(CySpc.o)
 .debug_info    0x00006378      0x2f1 .\CortexM3\ARM_GCC_493\Debug\GuitarHero.a(SD_FS_ConfigMMC_SPI.o)
 .debug_info    0x00006669      0x51a .\CortexM3\ARM_GCC_493\Debug\GuitarHero.a(SD_FS_MMC_HW_SPI.o)
 .debug_info    0x00006b83      0x495 .\CortexM3\ARM_GCC_493\Debug\GuitarHero.a(SD_FS_SPI0.o)
 .debug_info    0x00007018      0x283 .\CortexM3\ARM_GCC_493\Debug\GuitarHero.a(SD_FS_Clock_1.o)
 .debug_info    0x0000729b      0x11f .\CortexM3\ARM_GCC_493\Debug\GuitarHero.a(SD_FS_SPI0_CS.o)

.debug_abbrev   0x00000000     0x247c
 *(.debug_abbrev)
 .debug_abbrev  0x00000000      0x256 .\CortexM3\ARM_GCC_493\Debug\main.o
 .debug_abbrev  0x00000256      0x1ef .\CortexM3\ARM_GCC_493\Debug\sprites.o
 .debug_abbrev  0x00000445      0x1ab .\CortexM3\ARM_GCC_493\Debug\game_manager.o
 .debug_abbrev  0x000005f0       0x77 .\CortexM3\ARM_GCC_493\Debug\cymetadata.o
 .debug_abbrev  0x00000667      0x200 .\CortexM3\ARM_GCC_493\Debug\Cm3Start.o
 .debug_abbrev  0x00000867      0x212 .\CortexM3\ARM_GCC_493\Debug\GuitarHero.a(cyfitter_cfg.o)
 .debug_abbrev  0x00000a79       0xf7 .\CortexM3\ARM_GCC_493\Debug\GuitarHero.a(x_DAC.o)
 .debug_abbrev  0x00000b70       0xf7 .\CortexM3\ARM_GCC_493\Debug\GuitarHero.a(y_DAC.o)
 .debug_abbrev  0x00000c67       0x14 .\CortexM3\ARM_GCC_493\Debug\GuitarHero.a(CyBootAsmGnu.o)
 .debug_abbrev  0x00000c7b      0x296 .\CortexM3\ARM_GCC_493\Debug\GuitarHero.a(CyLib.o)
 .debug_abbrev  0x00000f11      0x1ed .\CortexM3\ARM_GCC_493\Debug\GuitarHero.a(cyPm.o)
 .debug_abbrev  0x000010fe      0x173 .\CortexM3\ARM_GCC_493\Debug\GuitarHero.a(FPS_isr.o)
 .debug_abbrev  0x00001271      0x16d .\CortexM3\ARM_GCC_493\Debug\GuitarHero.a(BLE_UART.o)
 .debug_abbrev  0x000013de      0x173 .\CortexM3\ARM_GCC_493\Debug\GuitarHero.a(BLE_Rx_isr.o)
 .debug_abbrev  0x00001551      0x171 .\CortexM3\ARM_GCC_493\Debug\GuitarHero.a(LCD.o)
 .debug_abbrev  0x000016c2      0x139 .\CortexM3\ARM_GCC_493\Debug\GuitarHero.a(BLE_UART_IntClock.o)
 .debug_abbrev  0x000017fb       0xf7 .\CortexM3\ARM_GCC_493\Debug\GuitarHero.a(Audio_DAC.o)
 .debug_abbrev  0x000018f2      0x173 .\CortexM3\ARM_GCC_493\Debug\GuitarHero.a(Audio_isr.o)
 .debug_abbrev  0x00001a65      0x1ed .\CortexM3\ARM_GCC_493\Debug\GuitarHero.a(CyFlash.o)
 .debug_abbrev  0x00001c52      0x1c1 .\CortexM3\ARM_GCC_493\Debug\GuitarHero.a(CySpc.o)
 .debug_abbrev  0x00001e13      0x176 .\CortexM3\ARM_GCC_493\Debug\GuitarHero.a(SD_FS_ConfigMMC_SPI.o)
 .debug_abbrev  0x00001f89      0x1ca .\CortexM3\ARM_GCC_493\Debug\GuitarHero.a(SD_FS_MMC_HW_SPI.o)
 .debug_abbrev  0x00002153      0x160 .\CortexM3\ARM_GCC_493\Debug\GuitarHero.a(SD_FS_SPI0.o)
 .debug_abbrev  0x000022b3      0x139 .\CortexM3\ARM_GCC_493\Debug\GuitarHero.a(SD_FS_Clock_1.o)
 .debug_abbrev  0x000023ec       0x90 .\CortexM3\ARM_GCC_493\Debug\GuitarHero.a(SD_FS_SPI0_CS.o)

.debug_line     0x00000000     0x2ff6
 *(.debug_line)
 .debug_line    0x00000000      0x357 .\CortexM3\ARM_GCC_493\Debug\main.o
 .debug_line    0x00000357      0x2c2 .\CortexM3\ARM_GCC_493\Debug\sprites.o
 .debug_line    0x00000619      0x196 .\CortexM3\ARM_GCC_493\Debug\game_manager.o
 .debug_line    0x000007af       0x53 .\CortexM3\ARM_GCC_493\Debug\cymetadata.o
 .debug_line    0x00000802      0x249 .\CortexM3\ARM_GCC_493\Debug\Cm3Start.o
 .debug_line    0x00000a4b      0x208 .\CortexM3\ARM_GCC_493\Debug\GuitarHero.a(cyfitter_cfg.o)
 .debug_line    0x00000c53       0xe4 .\CortexM3\ARM_GCC_493\Debug\GuitarHero.a(x_DAC.o)
 .debug_line    0x00000d37       0xe4 .\CortexM3\ARM_GCC_493\Debug\GuitarHero.a(y_DAC.o)
 .debug_line    0x00000e1b       0x68 .\CortexM3\ARM_GCC_493\Debug\GuitarHero.a(CyBootAsmGnu.o)
 .debug_line    0x00000e83      0x806 .\CortexM3\ARM_GCC_493\Debug\GuitarHero.a(CyLib.o)
 .debug_line    0x00001689      0x366 .\CortexM3\ARM_GCC_493\Debug\GuitarHero.a(cyPm.o)
 .debug_line    0x000019ef      0x14d .\CortexM3\ARM_GCC_493\Debug\GuitarHero.a(FPS_isr.o)
 .debug_line    0x00001b3c      0x1b2 .\CortexM3\ARM_GCC_493\Debug\GuitarHero.a(BLE_UART.o)
 .debug_line    0x00001cee      0x150 .\CortexM3\ARM_GCC_493\Debug\GuitarHero.a(BLE_Rx_isr.o)
 .debug_line    0x00001e3e      0x1de .\CortexM3\ARM_GCC_493\Debug\GuitarHero.a(LCD.o)
 .debug_line    0x0000201c      0x199 .\CortexM3\ARM_GCC_493\Debug\GuitarHero.a(BLE_UART_IntClock.o)
 .debug_line    0x000021b5       0xe8 .\CortexM3\ARM_GCC_493\Debug\GuitarHero.a(Audio_DAC.o)
 .debug_line    0x0000229d      0x14f .\CortexM3\ARM_GCC_493\Debug\GuitarHero.a(Audio_isr.o)
 .debug_line    0x000023ec      0x1ec .\CortexM3\ARM_GCC_493\Debug\GuitarHero.a(CyFlash.o)
 .debug_line    0x000025d8      0x23e .\CortexM3\ARM_GCC_493\Debug\GuitarHero.a(CySpc.o)
 .debug_line    0x00002816       0xaf .\CortexM3\ARM_GCC_493\Debug\GuitarHero.a(SD_FS_ConfigMMC_SPI.o)
 .debug_line    0x000028c5      0x2ca .\CortexM3\ARM_GCC_493\Debug\GuitarHero.a(SD_FS_MMC_HW_SPI.o)
 .debug_line    0x00002b8f      0x236 .\CortexM3\ARM_GCC_493\Debug\GuitarHero.a(SD_FS_SPI0.o)
 .debug_line    0x00002dc5      0x195 .\CortexM3\ARM_GCC_493\Debug\GuitarHero.a(SD_FS_Clock_1.o)
 .debug_line    0x00002f5a       0x9c .\CortexM3\ARM_GCC_493\Debug\GuitarHero.a(SD_FS_SPI0_CS.o)

.debug_frame    0x00000000     0x2240
 *(.debug_frame)
 .debug_frame   0x00000000      0x130 .\CortexM3\ARM_GCC_493\Debug\main.o
 .debug_frame   0x00000130       0xe8 .\CortexM3\ARM_GCC_493\Debug\sprites.o
 .debug_frame   0x00000218       0xe4 .\CortexM3\ARM_GCC_493\Debug\game_manager.o
 .debug_frame   0x000002fc       0xac .\CortexM3\ARM_GCC_493\Debug\Cm3Start.o
 .debug_frame   0x000003a8       0xe4 .\CortexM3\ARM_GCC_493\Debug\GuitarHero.a(cyfitter_cfg.o)
 .debug_frame   0x0000048c       0xb4 .\CortexM3\ARM_GCC_493\Debug\GuitarHero.a(x_DAC.o)
 .debug_frame   0x00000540       0xb4 .\CortexM3\ARM_GCC_493\Debug\GuitarHero.a(y_DAC.o)
 .debug_frame   0x000005f4      0x728 .\CortexM3\ARM_GCC_493\Debug\GuitarHero.a(CyLib.o)
 .debug_frame   0x00000d1c      0x1f8 .\CortexM3\ARM_GCC_493\Debug\GuitarHero.a(cyPm.o)
 .debug_frame   0x00000f14      0x104 .\CortexM3\ARM_GCC_493\Debug\GuitarHero.a(FPS_isr.o)
 .debug_frame   0x00001018      0x14c .\CortexM3\ARM_GCC_493\Debug\GuitarHero.a(BLE_UART.o)
 .debug_frame   0x00001164      0x104 .\CortexM3\ARM_GCC_493\Debug\GuitarHero.a(BLE_Rx_isr.o)
 .debug_frame   0x00001268      0x1e4 .\CortexM3\ARM_GCC_493\Debug\GuitarHero.a(LCD.o)
 .debug_frame   0x0000144c       0xe0 .\CortexM3\ARM_GCC_493\Debug\GuitarHero.a(BLE_UART_IntClock.o)
 .debug_frame   0x0000152c       0xb4 .\CortexM3\ARM_GCC_493\Debug\GuitarHero.a(Audio_DAC.o)
 .debug_frame   0x000015e0      0x104 .\CortexM3\ARM_GCC_493\Debug\GuitarHero.a(Audio_isr.o)
 .debug_frame   0x000016e4      0x174 .\CortexM3\ARM_GCC_493\Debug\GuitarHero.a(CyFlash.o)
 .debug_frame   0x00001858      0x160 .\CortexM3\ARM_GCC_493\Debug\GuitarHero.a(CySpc.o)
 .debug_frame   0x000019b8       0x38 c:/program files (x86)/cypress/psoc creator/3.3/psoc creator/import/gnu/arm/4.9.3/bin/../lib/gcc/arm-none-eabi/4.9.3/../../../../arm-none-eabi/lib/armv7-m\libm.a(lib_a-s_cos.o)
 .debug_frame   0x000019f0       0x38 c:/program files (x86)/cypress/psoc creator/3.3/psoc creator/import/gnu/arm/4.9.3/bin/../lib/gcc/arm-none-eabi/4.9.3/../../../../arm-none-eabi/lib/armv7-m\libm.a(lib_a-s_sin.o)
 .debug_frame   0x00001a28       0x44 c:/program files (x86)/cypress/psoc creator/3.3/psoc creator/import/gnu/arm/4.9.3/bin/../lib/gcc/arm-none-eabi/4.9.3/../../../../arm-none-eabi/lib/armv7-m\libm.a(lib_a-w_sqrt.o)
 .debug_frame   0x00001a6c       0x48 c:/program files (x86)/cypress/psoc creator/3.3/psoc creator/import/gnu/arm/4.9.3/bin/../lib/gcc/arm-none-eabi/4.9.3/../../../../arm-none-eabi/lib/armv7-m\libm.a(lib_a-e_rem_pio2.o)
 .debug_frame   0x00001ab4       0x30 c:/program files (x86)/cypress/psoc creator/3.3/psoc creator/import/gnu/arm/4.9.3/bin/../lib/gcc/arm-none-eabi/4.9.3/../../../../arm-none-eabi/lib/armv7-m\libm.a(lib_a-e_sqrt.o)
 .debug_frame   0x00001ae4       0x4c c:/program files (x86)/cypress/psoc creator/3.3/psoc creator/import/gnu/arm/4.9.3/bin/../lib/gcc/arm-none-eabi/4.9.3/../../../../arm-none-eabi/lib/armv7-m\libm.a(lib_a-k_cos.o)
 .debug_frame   0x00001b30       0x54 c:/program files (x86)/cypress/psoc creator/3.3/psoc creator/import/gnu/arm/4.9.3/bin/../lib/gcc/arm-none-eabi/4.9.3/../../../../arm-none-eabi/lib/armv7-m\libm.a(lib_a-k_rem_pio2.o)
 .debug_frame   0x00001b84       0x48 c:/program files (x86)/cypress/psoc creator/3.3/psoc creator/import/gnu/arm/4.9.3/bin/../lib/gcc/arm-none-eabi/4.9.3/../../../../arm-none-eabi/lib/armv7-m\libm.a(lib_a-k_sin.o)
 .debug_frame   0x00001bcc       0x20 c:/program files (x86)/cypress/psoc creator/3.3/psoc creator/import/gnu/arm/4.9.3/bin/../lib/gcc/arm-none-eabi/4.9.3/../../../../arm-none-eabi/lib/armv7-m\libm.a(lib_a-s_fabs.o)
 .debug_frame   0x00001bec       0x34 c:/program files (x86)/cypress/psoc creator/3.3/psoc creator/import/gnu/arm/4.9.3/bin/../lib/gcc/arm-none-eabi/4.9.3/../../../../arm-none-eabi/lib/armv7-m\libm.a(lib_a-s_floor.o)
 .debug_frame   0x00001c20       0x34 c:/program files (x86)/cypress/psoc creator/3.3/psoc creator/import/gnu/arm/4.9.3/bin/../lib/gcc/arm-none-eabi/4.9.3/../../../../arm-none-eabi/lib/armv7-m\libm.a(lib_a-s_fpclassify.o)
 .debug_frame   0x00001c54       0x20 c:/program files (x86)/cypress/psoc creator/3.3/psoc creator/import/gnu/arm/4.9.3/bin/../lib/gcc/arm-none-eabi/4.9.3/../../../../arm-none-eabi/lib/armv7-m\libm.a(lib_a-s_matherr.o)
 .debug_frame   0x00001c74       0x30 c:/program files (x86)/cypress/psoc creator/3.3/psoc creator/import/gnu/arm/4.9.3/bin/../lib/gcc/arm-none-eabi/4.9.3/../../../../arm-none-eabi/lib/armv7-m\libm.a(lib_a-s_scalbn.o)
 .debug_frame   0x00001ca4       0x20 c:/program files (x86)/cypress/psoc creator/3.3/psoc creator/import/gnu/arm/4.9.3/bin/../lib/gcc/arm-none-eabi/4.9.3/../../../../arm-none-eabi/lib/armv7-m\libm.a(lib_a-s_copysign.o)
 .debug_frame   0x00001cc4       0x3c .\CortexM3\ARM_GCC_493\Debug\GuitarHero.a(SD_FS_ConfigMMC_SPI.o)
 .debug_frame   0x00001d00      0x124 .\CortexM3\ARM_GCC_493\Debug\GuitarHero.a(SD_FS_MMC_HW_SPI.o)
 .debug_frame   0x00001e24      0x1e8 .\CortexM3\ARM_GCC_493\Debug\GuitarHero.a(SD_FS_SPI0.o)
 .debug_frame   0x0000200c       0xe0 .\CortexM3\ARM_GCC_493\Debug\GuitarHero.a(SD_FS_Clock_1.o)
 .debug_frame   0x000020ec       0x50 .\CortexM3\ARM_GCC_493\Debug\GuitarHero.a(SD_FS_SPI0_CS.o)
 .debug_frame   0x0000213c       0x20 c:/program files (x86)/cypress/psoc creator/3.3/psoc creator/import/gnu/arm/4.9.3/bin/../lib/gcc/arm-none-eabi/4.9.3/../../../../arm-none-eabi/lib/armv7-m\libg_nano.a(lib_a-errno.o)
 .debug_frame   0x0000215c       0x28 c:/program files (x86)/cypress/psoc creator/3.3/psoc creator/import/gnu/arm/4.9.3/bin/../lib/gcc/arm-none-eabi/4.9.3/../../../../arm-none-eabi/lib/armv7-m\libg_nano.a(lib_a-exit.o)
 .debug_frame   0x00002184       0x2c c:/program files (x86)/cypress/psoc creator/3.3/psoc creator/import/gnu/arm/4.9.3/bin/../lib/gcc/arm-none-eabi/4.9.3/../../../../arm-none-eabi/lib/armv7-m\libg_nano.a(lib_a-init.o)
 .debug_frame   0x000021b0       0x28 c:/program files (x86)/cypress/psoc creator/3.3/psoc creator/import/gnu/arm/4.9.3/bin/../lib/gcc/arm-none-eabi/4.9.3/../../../../arm-none-eabi/lib/armv7-m\libg_nano.a(lib_a-memcmp.o)
 .debug_frame   0x000021d8       0x28 c:/program files (x86)/cypress/psoc creator/3.3/psoc creator/import/gnu/arm/4.9.3/bin/../lib/gcc/arm-none-eabi/4.9.3/../../../../arm-none-eabi/lib/armv7-m\libg_nano.a(lib_a-memcpy.o)
 .debug_frame   0x00002200       0x20 c:/program files (x86)/cypress/psoc creator/3.3/psoc creator/import/gnu/arm/4.9.3/bin/../lib/gcc/arm-none-eabi/4.9.3/../../../../arm-none-eabi/lib/armv7-m\libg_nano.a(lib_a-memset.o)
 .debug_frame   0x00002220       0x20 c:/program files (x86)/cypress/psoc creator/3.3/psoc creator/import/gnu/arm/4.9.3/bin/../lib/gcc/arm-none-eabi/4.9.3/../../../../arm-none-eabi/lib/armv7-m\libg_nano.a(lib_a-strlen.o)

.debug_str      0x00000000     0x26fc
 *(.debug_str)
 .debug_str     0x00000000      0x48c .\CortexM3\ARM_GCC_493\Debug\main.o
                                0x51e (size before relaxing)
 .debug_str     0x0000048c       0xa9 .\CortexM3\ARM_GCC_493\Debug\sprites.o
                                0x2d0 (size before relaxing)
 .debug_str     0x00000535       0x36 .\CortexM3\ARM_GCC_493\Debug\game_manager.o
                                0x2c0 (size before relaxing)
 .debug_str     0x0000056b       0x77 .\CortexM3\ARM_GCC_493\Debug\cymetadata.o
                                0x202 (size before relaxing)
 .debug_str     0x000005e2      0x15a .\CortexM3\ARM_GCC_493\Debug\Cm3Start.o
                                0x322 (size before relaxing)
 .debug_str     0x0000073c      0x192 .\CortexM3\ARM_GCC_493\Debug\GuitarHero.a(cyfitter_cfg.o)
                                0x35c (size before relaxing)
 .debug_str     0x000008ce       0x8f .\CortexM3\ARM_GCC_493\Debug\GuitarHero.a(x_DAC.o)
                                0x237 (size before relaxing)
 .debug_str     0x0000095d       0x7e .\CortexM3\ARM_GCC_493\Debug\GuitarHero.a(y_DAC.o)
                                0x237 (size before relaxing)
 .debug_str     0x000009db      0x82e .\CortexM3\ARM_GCC_493\Debug\GuitarHero.a(CyLib.o)
                                0xa47 (size before relaxing)
 .debug_str     0x00001209      0x35b .\CortexM3\ARM_GCC_493\Debug\GuitarHero.a(cyPm.o)
                                0x73f (size before relaxing)
 .debug_str     0x00001564       0xf4 .\CortexM3\ARM_GCC_493\Debug\GuitarHero.a(FPS_isr.o)
                                0x2da (size before relaxing)
 .debug_str     0x00001658      0x1c8 .\CortexM3\ARM_GCC_493\Debug\GuitarHero.a(BLE_UART.o)
                                0x3da (size before relaxing)
 .debug_str     0x00001820      0x11b .\CortexM3\ARM_GCC_493\Debug\GuitarHero.a(BLE_Rx_isr.o)
                                0x304 (size before relaxing)
 .debug_str     0x0000193b      0x142 .\CortexM3\ARM_GCC_493\Debug\GuitarHero.a(LCD.o)
                                0x343 (size before relaxing)
 .debug_str     0x00001a7d      0x1ad .\CortexM3\ARM_GCC_493\Debug\GuitarHero.a(BLE_UART_IntClock.o)
                                0x37e (size before relaxing)
 .debug_str     0x00001c2a       0x9e .\CortexM3\ARM_GCC_493\Debug\GuitarHero.a(Audio_DAC.o)
                                0x25f (size before relaxing)