Archive member included because of file (symbol)

.\CortexM3\ARM_GCC_493\Debug\GuitarHero.a(cyfitter_cfg.o)
                              .\CortexM3\ARM_GCC_493\Debug\Cm3Start.o (cyfitter_cfg)
.\CortexM3\ARM_GCC_493\Debug\GuitarHero.a(x_DAC.o)
                              .\CortexM3\ARM_GCC_493\Debug\main.o (x_DAC_SetValue)
.\CortexM3\ARM_GCC_493\Debug\GuitarHero.a(y_DAC.o)
                              .\CortexM3\ARM_GCC_493\Debug\main.o (y_DAC_SetValue)
.\CortexM3\ARM_GCC_493\Debug\GuitarHero.a(CyBootAsmGnu.o)
                              .\CortexM3\ARM_GCC_493\Debug\GuitarHero.a(cyfitter_cfg.o) (CyDelayCycles)
.\CortexM3\ARM_GCC_493\Debug\GuitarHero.a(CyLib.o)
                              .\CortexM3\ARM_GCC_493\Debug\Cm3Start.o (CyHalt)
.\CortexM3\ARM_GCC_493\Debug\GuitarHero.a(cyPm.o)
                              .\CortexM3\ARM_GCC_493\Debug\GuitarHero.a(CyLib.o) (CyPmReadStatus)
.\CortexM3\ARM_GCC_493\Debug\GuitarHero.a(FPS_isr.o)
                              .\CortexM3\ARM_GCC_493\Debug\main.o (FPS_isr_StartEx)
.\CortexM3\ARM_GCC_493\Debug\GuitarHero.a(BLE_UART.o)
                              .\CortexM3\ARM_GCC_493\Debug\main.o (BLE_UART_Init)
.\CortexM3\ARM_GCC_493\Debug\GuitarHero.a(BLE_Rx_isr.o)
                              .\CortexM3\ARM_GCC_493\Debug\main.o (BLE_Rx_isr_StartEx)
.\CortexM3\ARM_GCC_493\Debug\GuitarHero.a(LCD.o)
                              .\CortexM3\ARM_GCC_493\Debug\main.o (LCD_PrintString)
.\CortexM3\ARM_GCC_493\Debug\GuitarHero.a(BLE_UART_IntClock.o)
                              .\CortexM3\ARM_GCC_493\Debug\GuitarHero.a(BLE_UART.o) (BLE_UART_IntClock_Start)
.\CortexM3\ARM_GCC_493\Debug\GuitarHero.a(Audio_DAC.o)
                              .\CortexM3\ARM_GCC_493\Debug\main.o (Audio_DAC_Stop)
.\CortexM3\ARM_GCC_493\Debug\GuitarHero.a(Audio_isr.o)
                              .\CortexM3\ARM_GCC_493\Debug\main.o (Audio_isr_StartEx)
.\CortexM3\ARM_GCC_493\Debug\GuitarHero.a(FPS_Counter.o)
                              .\CortexM3\ARM_GCC_493\Debug\main.o (FPS_Counter_Start)
.\CortexM3\ARM_GCC_493\Debug\GuitarHero.a(CyFlash.o)
                              .\CortexM3\ARM_GCC_493\Debug\GuitarHero.a(cyPm.o) (CyFlash_SetWaitCycles)
.\CortexM3\ARM_GCC_493\Debug\GuitarHero.a(CySpc.o)
                              .\CortexM3\ARM_GCC_493\Debug\GuitarHero.a(CyFlash.o) (CySpcStart)
..\emFile_V322c\LinkLibrary\PSoC5\GCC\libemf32nosnlfn.a(FS_Misc.o)
                              .\CortexM3\ARM_GCC_493\Debug\main.o (FS_Init)
..\emFile_V322c\LinkLibrary\PSoC5\GCC\libemf32nosnlfn.a(FS_Read.o)
                              .\CortexM3\ARM_GCC_493\Debug\main.o (FS_Read)
..\emFile_V322c\LinkLibrary\PSoC5\GCC\libemf32nosnlfn.a(FS_Storage.o)
                              ..\emFile_V322c\LinkLibrary\PSoC5\GCC\libemf32nosnlfn.a(FS_Misc.o) (FS__FindVolume)
..\emFile_V322c\LinkLibrary\PSoC5\GCC\libemf32nosnlfn.a(FS_Unmount.o)
                              ..\emFile_V322c\LinkLibrary\PSoC5\GCC\libemf32nosnlfn.a(FS_Misc.o) (FS__UnmountForcedNL)
..\emFile_V322c\LinkLibrary\PSoC5\GCC\libemf32nosnlfn.a(FS_Volume.o)
                              ..\emFile_V322c\LinkLibrary\PSoC5\GCC\libemf32nosnlfn.a(FS_Misc.o) (FS__AutoMount)
..\emFile_V322c\LinkLibrary\PSoC5\GCC\libemf32nosnlfn.a(FAT_CheckDisk.o)
                              ..\emFile_V322c\LinkLibrary\PSoC5\GCC\libemf32nosnlfn.a(FS_Volume.o) (FS_FAT__CheckDisk)
..\emFile_V322c\LinkLibrary\PSoC5\GCC\libemf32nosnlfn.a(FAT_Dir.o)
                              ..\emFile_V322c\LinkLibrary\PSoC5\GCC\libemf32nosnlfn.a(FAT_CheckDisk.o) (FS_FAT_CreateDirEx)
..\emFile_V322c\LinkLibrary\PSoC5\GCC\libemf32nosnlfn.a(FAT_DiskInfo.o)
                              ..\emFile_V322c\LinkLibrary\PSoC5\GCC\libemf32nosnlfn.a(FS_Volume.o) (FS_FAT_GetDiskInfo)
..\emFile_V322c\LinkLibrary\PSoC5\GCC\libemf32nosnlfn.a(FAT_Misc.o)
                              ..\emFile_V322c\LinkLibrary\PSoC5\GCC\libemf32nosnlfn.a(FAT_Dir.o) (FS_FAT_ClusterId2SectorNo)
..\emFile_V322c\LinkLibrary\PSoC5\GCC\libemf32nosnlfn.a(FAT_Open.o)
                              ..\emFile_V322c\LinkLibrary\PSoC5\GCC\libemf32nosnlfn.a(FAT_CheckDisk.o) (FS_FAT_InitDirEntryScan)
..\emFile_V322c\LinkLibrary\PSoC5\GCC\libemf32nosnlfn.a(FAT_Read.o)
                              ..\emFile_V322c\LinkLibrary\PSoC5\GCC\libemf32nosnlfn.a(FS_Read.o) (FS_FAT_Read)
..\emFile_V322c\LinkLibrary\PSoC5\GCC\libemf32nosnlfn.a(FAT_VolumeLabel.o)
                              ..\emFile_V322c\LinkLibrary\PSoC5\GCC\libemf32nosnlfn.a(FS_Volume.o) (FS_FAT_SetVolumeLabel)
..\emFile_V322c\LinkLibrary\PSoC5\GCC\libemf32nosnlfn.a(FAT_Write.o)
                              ..\emFile_V322c\LinkLibrary\PSoC5\GCC\libemf32nosnlfn.a(FS_Unmount.o) (FS_FAT_Clean)
..\emFile_V322c\LinkLibrary\PSoC5\GCC\libemf32nosnlfn.a(FS_CLib.o)
                              ..\emFile_V322c\LinkLibrary\PSoC5\GCC\libemf32nosnlfn.a(FS_Storage.o) (FS__CLIB_memcmp)
..\emFile_V322c\LinkLibrary\PSoC5\GCC\libemf32nosnlfn.a(FS_Core.o)
[...]
Memory Configuration

Name             Origin             Length             Attributes
rom              0x00000000         0x00040000         xr
ram              0x1fff8000         0x00010000         xrw
*default*        0x00000000         0xffffffff

Linker script and memory map

LOAD c:/program files (x86)/cypress/psoc creator/3.3/psoc creator/import/gnu/arm/4.9.3/bin/../lib/gcc/arm-none-eabi/4.9.3/armv7-m/crti.o
LOAD c:/program files (x86)/cypress/psoc creator/3.3/psoc creator/import/gnu/arm/4.9.3/bin/../lib/gcc/arm-none-eabi/4.9.3/armv7-m/crtbegin.o
LOAD c:/program files (x86)/cypress/psoc creator/3.3/psoc creator/import/gnu/arm/4.9.3/bin/../lib/gcc/arm-none-eabi/4.9.3/../../../../arm-none-eabi/lib/armv7-m/crt0.o
START GROUP
LOAD .\CortexM3\ARM_GCC_493\Debug\main.o
LOAD .\CortexM3\ARM_GCC_493\Debug\sprites.o
LOAD .\CortexM3\ARM_GCC_493\Debug\game_manager.o
LOAD .\CortexM3\ARM_GCC_493\Debug\cymetadata.o
LOAD .\CortexM3\ARM_GCC_493\Debug\Cm3Start.o
LOAD .\CortexM3\ARM_GCC_493\Debug\GuitarHero.a
LOAD C:\Program Files (x86)\Cypress\PSoC Creator\3.3\PSoC Creator\psoc\content\cycomponentlibrary\CyComponentLibrary.cylib\CortexM3\ARM_GCC_493\Debug\CyComponentLibrary.a
LOAD ..\emFile_V322c\LinkLibrary\PSoC5\GCC\libemf32nosnlfn.a
LOAD c:/program files (x86)/cypress/psoc creator/3.3/psoc creator/import/gnu/arm/4.9.3/bin/../lib/gcc/arm-none-eabi/4.9.3/../../../../arm-none-eabi/lib/armv7-m\libm.a
END GROUP
START GROUP
LOAD c:/program files (x86)/cypress/psoc creator/3.3/psoc creator/import/gnu/arm/4.9.3/bin/../lib/gcc/arm-none-eabi/4.9.3/armv7-m\libgcc.a
LOAD c:/program files (x86)/cypress/psoc creator/3.3/psoc creator/import/gnu/arm/4.9.3/bin/../lib/gcc/arm-none-eabi/4.9.3/../../../../arm-none-eabi/lib/armv7-m\libg_nano.a
LOAD c:/program files (x86)/cypress/psoc creator/3.3/psoc creator/import/gnu/arm/4.9.3/bin/../lib/gcc/arm-none-eabi/4.9.3/../../../../arm-none-eabi/lib/armv7-m\libc_nano.a
END GROUP
START GROUP
LOAD c:/program files (x86)/cypress/psoc creator/3.3/psoc creator/import/gnu/arm/4.9.3/bin/../lib/gcc/arm-none-eabi/4.9.3/armv7-m\libgcc.a
LOAD c:/program files (x86)/cypress/psoc creator/3.3/psoc creator/import/gnu/arm/4.9.3/bin/../lib/gcc/arm-none-eabi/4.9.3/../../../../arm-none-eabi/lib/armv7-m\libc_nano.a
END GROUP
LOAD c:/program files (x86)/cypress/psoc creator/3.3/psoc creator/import/gnu/arm/4.9.3/bin/../lib/gcc/arm-none-eabi/4.9.3/armv7-m/crtend.o
LOAD c:/program files (x86)/cypress/psoc creator/3.3/psoc creator/import/gnu/arm/4.9.3/bin/../lib/gcc/arm-none-eabi/4.9.3/armv7-m/crtn.o
START GROUP
LOAD c:/program files (x86)/cypress/psoc creator/3.3/psoc creator/import/gnu/arm/4.9.3/bin/../lib/gcc/arm-none-eabi/4.9.3/armv7-m\libgcc.a
LOAD c:/program files (x86)/cypress/psoc creator/3.3/psoc creator/import/gnu/arm/4.9.3/bin/../lib/gcc/arm-none-eabi/4.9.3/../../../../arm-none-eabi/lib/armv7-m\libc.a
LOAD c:/program files (x86)/cypress/psoc creator/3.3/psoc creator/import/gnu/arm/4.9.3/bin/../lib/gcc/arm-none-eabi/4.9.3/../../../../arm-none-eabi/lib/armv7-m\libnosys.a
END GROUP
                0x00000000                CY_APPL_ORIGIN = 0x0
                0x00000100                CY_FLASH_ROW_SIZE = 0x100
                0x00000020                CY_ECC_ROW_SIZE = 0x20
                0x00000000                CY_EE_IN_BTLDR = 0x0
                0x00000000                CY_APPL_LOADABLE = 0x0
                0x00000800                CY_EE_SIZE = 0x800
                0x00000001                CY_APPL_NUM = 0x1
                0x00000001                CY_APPL_MAX = 0x1
                0x00000040                CY_METADATA_SIZE = 0x40
                0x00000000                CY_APPL_LOADABLE = 0x0
                0x00000000                CY_CHECKSUM_EXCLUDE_SIZE = ALIGN (0x0, CY_FLASH_ROW_SIZE)
                0x20000798                PROVIDE (__cy_heap_start, _end)
                0x00000001                PROVIDE (__cy_region_num, ((__cy_regions_end - __cy_regions) / 0x10))
                0x20008000                PROVIDE (__cy_stack, (ORIGIN (ram) + 0x10000))
                0x20007800                PROVIDE (__cy_heap_end, (__cy_stack - 0x800))

.cybootloader   0x00000000        0x0
 *(.cybootloader)
                0x00000000                appl1_start = CY_APPL_ORIGIN?CY_APPL_ORIGIN:ALIGN (CY_FLASH_ROW_SIZE)
                0x0001ff00                appl2_start = (appl1_start + ALIGN ((((0x40000 - appl1_start) - (0x2 * CY_FLASH_ROW_SIZE)) / 0x2), CY_FLASH_ROW_SIZE))
                0x00000000                appl_start = (CY_APPL_NUM == 0x1)?appl1_start:appl2_start
                0x00000000                ecc_offset = ((appl_start / CY_FLASH_ROW_SIZE) * CY_ECC_ROW_SIZE)
                0x00000000                ee_offset = (CY_APPL_LOADABLE && ! (CY_EE_IN_BTLDR))?((CY_EE_SIZE / CY_APPL_MAX) * (CY_APPL_NUM - 0x1)):0x0
                0x00000800                ee_size = (CY_APPL_LOADABLE && ! (CY_EE_IN_BTLDR))?(CY_EE_SIZE / CY_APPL_MAX):CY_EE_SIZE
                0x00000000                PROVIDE (CY_ECC_OFFSET, ecc_offset)

.text           0x00000000     0x8644
 CREATE_OBJECT_SYMBOLS
                0x00000000                PROVIDE (__cy_interrupt_vector, RomVectors)
 *(.romvectors)
 .romvectors    0x00000000       0x10 .\CortexM3\ARM_GCC_493\Debug\Cm3Start.o
                0x00000000                RomVectors
                0x00000001                ASSERT ((. != __cy_interrupt_vector), No interrupt vector)
                0x00000001                ASSERT (CY_APPL_ORIGIN?(SIZEOF (.cybootloader) <= CY_APPL_ORIGIN):0x1, Wrong image location)
                0x00000010                PROVIDE (__cy_reset, Reset)
 *(.text.Reset)
 .text.Reset    0x00000010       0x18 .\CortexM3\ARM_GCC_493\Debug\Cm3Start.o
                0x00000010                Reset
                0x00000001                ASSERT ((. != __cy_reset), No reset code)
 *(.dma_init)
                0x00000001                ASSERT ((((appl_start + .) <= 0x10000) || 0x1), DMA Init must be within the first 64k of flash)
 *(.text .text.* .gnu.linkonce.t.*)
 .text          0x00000028       0x5c c:/program files (x86)/cypress/psoc creator/3.3/psoc creator/import/gnu/arm/4.9.3/bin/../lib/gcc/arm-none-eabi/4.9.3/armv7-m/crtbegin.o
 .text.BLE_Rx_isr
                0x00000084       0x38 .\CortexM3\ARM_GCC_493\Debug\main.o
                0x00000084                BLE_Rx_isr
 .text.Audio_isr
                0x000000bc       0x6c .\CortexM3\ARM_GCC_493\Debug\main.o
                0x000000bc                Audio_isr
 .text.hw_init  0x00000128       0x44 .\CortexM3\ARM_GCC_493\Debug\main.o
                0x00000128                hw_init
 .text.game_init
                0x0000016c       0xa0 .\CortexM3\ARM_GCC_493\Debug\main.o
                0x0000016c                game_init
 .text.audio_init
                0x0000020c       0x90 .\CortexM3\ARM_GCC_493\Debug\main.o
                0x0000020c                audio_init
 .text.draw_points
                0x0000029c       0x30 .\CortexM3\ARM_GCC_493\Debug\main.o
                0x0000029c                draw_points
 .text.update_render
                0x000002cc       0xa8 .\CortexM3\ARM_GCC_493\Debug\main.o
                0x000002cc                update_render
 .text.FPS_isr  0x00000374       0x14 .\CortexM3\ARM_GCC_493\Debug\main.o
                0x00000374                FPS_isr
 .text.main     0x00000388       0xc0 .\CortexM3\ARM_GCC_493\Debug\main.o
                0x00000388                main
 .text.init_sprites
                0x00000448      0x330 .\CortexM3\ARM_GCC_493\Debug\sprites.o
                0x00000448                init_sprites
 .text.make_fretboard
                0x00000778       0x18 .\CortexM3\ARM_GCC_493\Debug\sprites.o
                0x00000778                make_fretboard
 .text.make_barline
                0x00000790       0x20 .\CortexM3\ARM_GCC_493\Debug\sprites.o
                0x00000790                make_barline
 .text.make_ellipse
                0x000007b0       0x30 .\CortexM3\ARM_GCC_493\Debug\sprites.o
                0x000007b0                make_ellipse
 .text.sprites_to_polyline
                0x000007e0       0x74 .\CortexM3\ARM_GCC_493\Debug\sprites.o
                0x000007e0                sprites_to_polyline
 *fill*         0x00000854        0x4 
 .text.ortho_to_perspective
                0x00000858       0xc0 .\CortexM3\ARM_GCC_493\Debug\sprites.o
                0x00000858                ortho_to_perspective
 .text.obj_pos  0x00000918       0x24 .\CortexM3\ARM_GCC_493\Debug\game_manager.o
 .text.new_game
                0x0000093c      0x13c .\CortexM3\ARM_GCC_493\Debug\game_manager.o
                0x0000093c                new_game
 .text.tick     0x00000a78       0xb8 .\CortexM3\ARM_GCC_493\Debug\game_manager.o
                0x00000a78                tick
 .text.update_score
                0x00000b30       0xc8 .\CortexM3\ARM_GCC_493\Debug\game_manager.o
                0x00000b30                update_score
 .text.create_sprites
                0x00000bf8       0x94 .\CortexM3\ARM_GCC_493\Debug\game_manager.o
                0x00000bf8                create_sprites
 .text.IntDefaultHandler
                0x00000c8c        0x4 .\CortexM3\ARM_GCC_493\Debug\Cm3Start.o
                0x00000c8c                IntDefaultHandler
 .text._sbrk    0x00000c90       0x30 .\CortexM3\ARM_GCC_493\Debug\Cm3Start.o
                0x00000c90                _sbrk
 .text.Start_c  0x00000cc0       0x4c .\CortexM3\ARM_GCC_493\Debug\Cm3Start.o
                0x00000cc0                Start_c
 .text.initialize_psoc
                0x00000d0c       0x74 .\CortexM3\ARM_GCC_493\Debug\Cm3Start.o
                0x00000d0c                initialize_psoc
 .text.CyClockStartupError
                0x00000d80        0x4 .\CortexM3\ARM_GCC_493\Debug\GuitarHero.a(cyfitter_cfg.o)
 .text.cfg_write_bytes32
                0x00000d84       0x34 .\CortexM3\ARM_GCC_493\Debug\GuitarHero.a(cyfitter_cfg.o)
 .text.AnalogSetDefault
                0x00000db8       0x54 .\CortexM3\ARM_GCC_493\Debug\GuitarHero.a(cyfitter_cfg.o)
 .text.CYMEMZERO
                0x00000e0c        0xc .\CortexM3\ARM_GCC_493\Debug\GuitarHero.a(cyfitter_cfg.o)
 .text.ClockSetup
                0x00000e18       0xe0 .\CortexM3\ARM_GCC_493\Debug\GuitarHero.a(cyfitter_cfg.o)
 .text.CYCONFIGCPY
                0x00000ef8        0x8 .\CortexM3\ARM_GCC_493\Debug\GuitarHero.a(cyfitter_cfg.o)
 .text.cyfitter_cfg
                0x00000f00      0x130 .\CortexM3\ARM_GCC_493\Debug\GuitarHero.a(cyfitter_cfg.o)
                0x00000f00                cyfitter_cfg
 .text.x_DAC_Enable
                0x00001030       0x1c .\CortexM3\ARM_GCC_493\Debug\GuitarHero.a(x_DAC.o)
                0x00001030                x_DAC_Enable
 .text.x_DAC_SetSpeed
                0x0000104c       0x1c .\CortexM3\ARM_GCC_493\Debug\GuitarHero.a(x_DAC.o)
                0x0000104c                x_DAC_SetSpeed
 .text.x_DAC_SetValue
                0x00001068        0xc .\CortexM3\ARM_GCC_493\Debug\GuitarHero.a(x_DAC.o)
                0x00001068                x_DAC_SetValue
 .text.x_DAC_DacTrim
                0x00001074       0x24 .\CortexM3\ARM_GCC_493\Debug\GuitarHero.a(x_DAC.o)
                0x00001074                x_DAC_DacTrim
 .text.x_DAC_SetRange
                0x00001098       0x20 .\CortexM3\ARM_GCC_493\Debug\GuitarHero.a(x_DAC.o)
                0x00001098                x_DAC_SetRange
 .text.x_DAC_Init
                0x000010b8       0x20 .\CortexM3\ARM_GCC_493\Debug\GuitarHero.a(x_DAC.o)
                0x000010b8                x_DAC_Init
 .text.x_DAC_Start
                0x000010d8       0x24 .\CortexM3\ARM_GCC_493\Debug\GuitarHero.a(x_DAC.o)
                0x000010d8                x_DAC_Start
 .text.y_DAC_Enable
                0x000010fc       0x1c .\CortexM3\ARM_GCC_493\Debug\GuitarHero.a(y_DAC.o)
                0x000010fc                y_DAC_Enable
 .text.y_DAC_SetSpeed
                0x00001118       0x1c .\CortexM3\ARM_GCC_493\Debug\GuitarHero.a(y_DAC.o)
                0x00001118                y_DAC_SetSpeed
 .text.y_DAC_SetValue
                0x00001134        0xc .\CortexM3\ARM_GCC_493\Debug\GuitarHero.a(y_DAC.o)
                0x00001134                y_DAC_SetValue
 .text.y_DAC_DacTrim
                0x00001140       0x24 .\CortexM3\ARM_GCC_493\Debug\GuitarHero.a(y_DAC.o)
                0x00001140                y_DAC_DacTrim
 .text.y_DAC_SetRange
                0x00001164       0x20 .\CortexM3\ARM_GCC_493\Debug\GuitarHero.a(y_DAC.o)
                0x00001164                y_DAC_SetRange
 .text.y_DAC_Init
                0x00001184       0x20 .\CortexM3\ARM_GCC_493\Debug\GuitarHero.a(y_DAC.o)
                0x00001184                y_DAC_Init
 .text.y_DAC_Start
                0x000011a4       0x24 .\CortexM3\ARM_GCC_493\Debug\GuitarHero.a(y_DAC.o)
                0x000011a4                y_DAC_Start
 .text          0x000011c8       0x20 .\CortexM3\ARM_GCC_493\Debug\GuitarHero.a(CyBootAsmGnu.o)
                0x000011c8                CyDelayCycles
                0x000011d8                CyEnterCriticalSection
                0x000011e0                CyExitCriticalSection
 .text.CyHalt   0x000011e8        0x4 .\CortexM3\ARM_GCC_493\Debug\GuitarHero.a(CyLib.o)
                0x000011e8                CyHalt
 .text.CyDelay  0x000011ec       0x2c .\CortexM3\ARM_GCC_493\Debug\GuitarHero.a(CyLib.o)
                0x000011ec                CyDelay
 .text.CyDelayUs
                0x00001218       0x14 .\CortexM3\ARM_GCC_493\Debug\GuitarHero.a(CyLib.o)
                0x00001218                CyDelayUs
 .text.FPS_isr_SetVector
                0x0000122c        0xc .\CortexM3\ARM_GCC_493\Debug\GuitarHero.a(FPS_isr.o)
                0x0000122c                FPS_isr_SetVector
 .text.FPS_isr_SetPriority
                0x00001238       0x10 .\CortexM3\ARM_GCC_493\Debug\GuitarHero.a(FPS_isr.o)
                0x00001238                FPS_isr_SetPriority
 .text.FPS_isr_Enable
                0x00001248        0xc .\CortexM3\ARM_GCC_493\Debug\GuitarHero.a(FPS_isr.o)
                0x00001248                FPS_isr_Enable
 .text.FPS_isr_Disable
                0x00001254        0xc .\CortexM3\ARM_GCC_493\Debug\GuitarHero.a(FPS_isr.o)
                0x00001254                FPS_isr_Disable
 .text.FPS_isr_StartEx
                0x00001260       0x1c .\CortexM3\ARM_GCC_493\Debug\GuitarHero.a(FPS_isr.o)
                0x00001260                FPS_isr_StartEx
 .text.BLE_UART_Init
                0x0000127c       0x14 .\CortexM3\ARM_GCC_493\Debug\GuitarHero.a(BLE_UART.o)
                0x0000127c                BLE_UART_Init
 .text.BLE_UART_Enable
                0x00001290       0x2c .\CortexM3\ARM_GCC_493\Debug\GuitarHero.a(BLE_UART.o)
                0x00001290                BLE_UART_Enable
 .text.BLE_UART_Start
                0x000012bc       0x1c .\CortexM3\ARM_GCC_493\Debug\GuitarHero.a(BLE_UART.o)
                0x000012bc                BLE_UART_Start
 .text.BLE_UART_GetChar
                0x000012d8       0x2c .\CortexM3\ARM_GCC_493\Debug\GuitarHero.a(BLE_UART.o)
                0x000012d8                BLE_UART_GetChar
 .text.BLE_Rx_isr_SetVector
                0x00001304        0xc .\CortexM3\ARM_GCC_493\Debug\GuitarHero.a(BLE_Rx_isr.o)
                0x00001304                BLE_Rx_isr_SetVector
 .text.BLE_Rx_isr_SetPriority
                0x00001310       0x10 .\CortexM3\ARM_GCC_493\Debug\GuitarHero.a(BLE_Rx_isr.o)
                0x00001310                BLE_Rx_isr_SetPriority
 .text.BLE_Rx_isr_Enable
                0x00001320        0xc .\CortexM3\ARM_GCC_493\Debug\GuitarHero.a(BLE_Rx_isr.o)
                0x00001320                BLE_Rx_isr_Enable
 .text.BLE_Rx_isr_Disable
                0x0000132c        0xc .\CortexM3\ARM_GCC_493\Debug\GuitarHero.a(BLE_Rx_isr.o)
                0x0000132c                BLE_Rx_isr_Disable
 .text.BLE_Rx_isr_StartEx
                0x00001338       0x1c .\CortexM3\ARM_GCC_493\Debug\GuitarHero.a(BLE_Rx_isr.o)
                0x00001338                BLE_Rx_isr_StartEx
 .text.LCD_WrCntrlNib
                0x00001354       0x34 .\CortexM3\ARM_GCC_493\Debug\GuitarHero.a(LCD.o)
 .text.LCD_WrDatNib
                0x00001388       0x44 .\CortexM3\ARM_GCC_493\Debug\GuitarHero.a(LCD.o)
 .text.LCD_IsReady
                0x000013cc       0xe4 .\CortexM3\ARM_GCC_493\Debug\GuitarHero.a(LCD.o)
                0x000013cc                LCD_IsReady
 .text.LCD_WriteData
                0x000014b0       0x18 .\CortexM3\ARM_GCC_493\Debug\GuitarHero.a(LCD.o)
                0x000014b0                LCD_WriteData
 .text.LCD_PrintString
                0x000014c8       0x1c .\CortexM3\ARM_GCC_493\Debug\GuitarHero.a(LCD.o)
                0x000014c8                LCD_PrintString
 .text.LCD_WriteControl
                0x000014e4       0x18 .\CortexM3\ARM_GCC_493\Debug\GuitarHero.a(LCD.o)
                0x000014e4                LCD_WriteControl
 .text.LCD_Init
                0x000014fc       0x6c .\CortexM3\ARM_GCC_493\Debug\GuitarHero.a(LCD.o)
                0x000014fc                LCD_Init
 .text.LCD_Enable
                0x00001568       0x14 .\CortexM3\ARM_GCC_493\Debug\GuitarHero.a(LCD.o)
                0x00001568                LCD_Enable
 .text.LCD_Start
                0x0000157c       0x1c .\CortexM3\ARM_GCC_493\Debug\GuitarHero.a(LCD.o)
                0x0000157c                LCD_Start
 .text.LCD_Position
                0x00001598       0x3c .\CortexM3\ARM_GCC_493\Debug\GuitarHero.a(LCD.o)
                0x00001598                LCD_Position
 .text.LCD_PrintU32Number
                0x000015d4       0x60 .\CortexM3\ARM_GCC_493\Debug\GuitarHero.a(LCD.o)
                0x000015d4                LCD_PrintU32Number
 .text.BLE_UART_IntClock_Start
                0x00001634       0x1c .\CortexM3\ARM_GCC_493\Debug\GuitarHero.a(BLE_UART_IntClock.o)
                0x00001634                BLE_UART_IntClock_Start
 .text.Audio_DAC_Enable
                0x00001650       0x1c .\CortexM3\ARM_GCC_493\Debug\GuitarHero.a(Audio_DAC.o)
                0x00001650                Audio_DAC_Enable
 .text.Audio_DAC_Stop
                0x0000166c       0x1c .\CortexM3\ARM_GCC_493\Debug\GuitarHero.a(Audio_DAC.o)
                0x0000166c                Audio_DAC_Stop
 .text.Audio_DAC_SetSpeed
                0x00001688       0x1c .\CortexM3\ARM_GCC_493\Debug\GuitarHero.a(Audio_DAC.o)
                0x00001688                Audio_DAC_SetSpeed
 .text.Audio_DAC_SetValue
                0x000016a4        0xc .\CortexM3\ARM_GCC_493\Debug\GuitarHero.a(Audio_DAC.o)
                0x000016a4                Audio_DAC_SetValue
 .text.Audio_DAC_DacTrim
                0x000016b0       0x24 .\CortexM3\ARM_GCC_493\Debug\GuitarHero.a(Audio_DAC.o)
                0x000016b0                Audio_DAC_DacTrim
 .text.Audio_DAC_SetRange
                0x000016d4       0x20 .\CortexM3\ARM_GCC_493\Debug\GuitarHero.a(Audio_DAC.o)
                0x000016d4                Audio_DAC_SetRange
 .text.Audio_DAC_Init
                0x000016f4       0x1c .\CortexM3\ARM_GCC_493\Debug\GuitarHero.a(Audio_DAC.o)
                0x000016f4                Audio_DAC_Init
 .text.Audio_DAC_Start
                0x00001710       0x24 .\CortexM3\ARM_GCC_493\Debug\GuitarHero.a(Audio_DAC.o)
                0x00001710                Audio_DAC_Start
 .text.Audio_isr_SetVector
                0x00001734        0xc .\CortexM3\ARM_GCC_493\Debug\GuitarHero.a(Audio_isr.o)
                0x00001734                Audio_isr_SetVector
 .text.Audio_isr_SetPriority
                0x00001740       0x10 .\CortexM3\ARM_GCC_493\Debug\GuitarHero.a(Audio_isr.o)
                0x00001740                Audio_isr_SetPriority
 .text.Audio_isr_Enable
                0x00001750        0xc .\CortexM3\ARM_GCC_493\Debug\GuitarHero.a(Audio_isr.o)
                0x00001750                Audio_isr_Enable
 .text.Audio_isr_Disable
                0x0000175c        0xc .\CortexM3\ARM_GCC_493\Debug\GuitarHero.a(Audio_isr.o)
                0x0000175c                Audio_isr_Disable
 .text.Audio_isr_StartEx
                0x00001768       0x1c .\CortexM3\ARM_GCC_493\Debug\GuitarHero.a(Audio_isr.o)
                0x00001768                Audio_isr_StartEx
 .text.Audio_isr_Stop
                0x00001784       0x14 .\CortexM3\ARM_GCC_493\Debug\GuitarHero.a(Audio_isr.o)
                0x00001784                Audio_isr_Stop
 .text.FPS_Counter_Enable
                0x00001798       0x28 .\CortexM3\ARM_GCC_493\Debug\GuitarHero.a(FPS_Counter.o)
                0x00001798                FPS_Counter_Enable
 .text.FPS_Counter_SetInterruptMode
                0x000017c0        0xc .\CortexM3\ARM_GCC_493\Debug\GuitarHero.a(FPS_Counter.o)
                0x000017c0                FPS_Counter_SetInterruptMode
 .text.FPS_Counter_WriteCounter
                0x000017cc       0x34 .\CortexM3\ARM_GCC_493\Debug\GuitarHero.a(FPS_Counter.o)
                0x000017cc                FPS_Counter_WriteCounter
 .text.FPS_Counter_WritePeriod
                0x00001800        0xc .\CortexM3\ARM_GCC_493\Debug\GuitarHero.a(FPS_Counter.o)
                0x00001800                FPS_Counter_WritePeriod
 .text.FPS_Counter_Init
                0x0000180c       0x60 .\CortexM3\ARM_GCC_493\Debug\GuitarHero.a(FPS_Counter.o)
                0x0000180c                FPS_Counter_Init
 .text.FPS_Counter_Start
                0x0000186c       0x1c .\CortexM3\ARM_GCC_493\Debug\GuitarHero.a(FPS_Counter.o)
                0x0000186c                FPS_Counter_Start
 .text.FS__AllocSectorBuffer
                0x00001888       0x2c ..\emFile_V322c\LinkLibrary\PSoC5\GCC\libemf32nosnlfn.a(FS_Misc.o)
                0x00001888                FS__AllocSectorBuffer
 .text.FS__FreeSectorBuffer
                0x000018b4       0x28 ..\emFile_V322c\LinkLibrary\PSoC5\GCC\libemf32nosnlfn.a(FS_Misc.o)
                0x000018b4                FS__FreeSectorBuffer
 .text.FS__SB_MarkDirty
                0x000018dc        0x6 ..\emFile_V322c\LinkLibrary\PSoC5\GCC\libemf32nosnlfn.a(FS_Misc.o)
                0x000018dc                FS__SB_MarkDirty
 .text.FS__SB_MarkNotDirty
                0x000018e2        0x6 ..\emFile_V322c\LinkLibrary\PSoC5\GCC\libemf32nosnlfn.a(FS_Misc.o)
                0x000018e2                FS__SB_MarkNotDirty
 .text.FS__FreeFileHandle
                0x000018e8        0xa ..\emFile_V322c\LinkLibrary\PSoC5\GCC\libemf32nosnlfn.a(FS_Misc.o)
                0x000018e8                FS__FreeFileHandle
 .text.FS__FreeFileObj
                0x000018f2        0xc ..\emFile_V322c\LinkLibrary\PSoC5\GCC\libemf32nosnlfn.a(FS_Misc.o)
                0x000018f2                FS__FreeFileObj
 *fill*         0x000018fe        0x2 
 .text.FS_Init  0x00001900       0x58 ..\emFile_V322c\LinkLibrary\PSoC5\GCC\libemf32nosnlfn.a(FS_Misc.o)
                0x00001900                FS_Init
 .text.FS__SB_Create
                0x00001958       0x28 ..\emFile_V322c\LinkLibrary\PSoC5\GCC\libemf32nosnlfn.a(FS_Misc.o)
                0x00001958                FS__SB_Create
 .text.FS__FCloseNL
                0x00001980       0x1e ..\emFile_V322c\LinkLibrary\PSoC5\GCC\libemf32nosnlfn.a(FS_Misc.o)
                0x00001980                FS__FCloseNL
 .text.FS__FClose
                0x0000199e       0x1a ..\emFile_V322c\LinkLibrary\PSoC5\GCC\libemf32nosnlfn.a(FS_Misc.o)
                0x0000199e                FS__FClose
 .text.FS_FClose
                0x000019b8        0xa ..\emFile_V322c\LinkLibrary\PSoC5\GCC\libemf32nosnlfn.a(FS_Misc.o)
                0x000019b8                FS_FClose
 *fill*         0x000019c2        0x2 
 .text.FS__AllocFileObj
                0x000019c4       0x48 ..\emFile_V322c\LinkLibrary\PSoC5\GCC\libemf32nosnlfn.a(FS_Misc.o)
                0x000019c4                FS__AllocFileObj
 .text.FS__AllocFileHandle
                0x00001a0c       0x40 ..\emFile_V322c\LinkLibrary\PSoC5\GCC\libemf32nosnlfn.a(FS_Misc.o)
                0x00001a0c                FS__AllocFileHandle
 .text.FS__OpenEx
                0x00001a4c       0x58 ..\emFile_V322c\LinkLibrary\PSoC5\GCC\libemf32nosnlfn.a(FS_Misc.o)
                0x00001a4c                FS__OpenEx
 .text.FS__FOpenEx
                0x00001aa4       0x56 ..\emFile_V322c\LinkLibrary\PSoC5\GCC\libemf32nosnlfn.a(FS_Misc.o)
                0x00001aa4                FS__FOpenEx
 *fill*         0x00001afa        0x2 
 .text.FS__FOpen
                0x00001afc       0x48 ..\emFile_V322c\LinkLibrary\PSoC5\GCC\libemf32nosnlfn.a(FS_Misc.o)
                0x00001afc                FS__FOpen
 .text.FS_FOpen
                0x00001b44        0x4 ..\emFile_V322c\LinkLibrary\PSoC5\GCC\libemf32nosnlfn.a(FS_Misc.o)
                0x00001b44                FS_FOpen
 .text.FS__SB_Write
                0x00001b48       0x24 ..\emFile_V322c\LinkLibrary\PSoC5\GCC\libemf32nosnlfn.a(FS_Misc.o)
                0x00001b48                FS__SB_Write
 .text._SB_Clean
                0x00001b6c       0x24 ..\emFile_V322c\LinkLibrary\PSoC5\GCC\libemf32nosnlfn.a(FS_Misc.o)
 .text.FS__SB_SetSector
                0x00001b90       0x20 ..\emFile_V322c\LinkLibrary\PSoC5\GCC\libemf32nosnlfn.a(FS_Misc.o)
                0x00001b90                FS__SB_SetSector
 .text.FS__SB_Clean
                0x00001bb0        0x4 ..\emFile_V322c\LinkLibrary\PSoC5\GCC\libemf32nosnlfn.a(FS_Misc.o)
                0x00001bb0                FS__SB_Clean
 .text.FS__SB_Delete
                0x00001bb4       0x12 ..\emFile_V322c\LinkLibrary\PSoC5\GCC\libemf32nosnlfn.a(FS_Misc.o)
                0x00001bb4                FS__SB_Delete
 .text.FS__SB_Flush
                0x00001bc6        0x8 ..\emFile_V322c\LinkLibrary\PSoC5\GCC\libemf32nosnlfn.a(FS_Misc.o)
                0x00001bc6                FS__SB_Flush
 .text.FS__SB_Read
                0x00001bce       0x2a ..\emFile_V322c\LinkLibrary\PSoC5\GCC\libemf32nosnlfn.a(FS_Misc.o)
                0x00001bce                FS__SB_Read
 .text.FS__Read
                0x00001bf8       0x2e ..\emFile_V322c\LinkLibrary\PSoC5\GCC\libemf32nosnlfn.a(FS_Read.o)
                0x00001bf8                FS__Read
 .text.FS_Read  0x00001c26        0x4 ..\emFile_V322c\LinkLibrary\PSoC5\GCC\libemf32nosnlfn.a(FS_Read.o)
                0x00001c26                FS_Read
 .text.FS__AddPhysDevice
                0x00001c2a       0x10 ..\emFile_V322c\LinkLibrary\PSoC5\GCC\libemf32nosnlfn.a(FS_Storage.o)
                0x00001c2a                FS__AddPhysDevice
 *fill*         0x00001c3a        0x2 
 .text.FS__FindVolume
                0x00001c3c       0x78 ..\emFile_V322c\LinkLibrary\PSoC5\GCC\libemf32nosnlfn.a(FS_Storage.o)
                0x00001c3c                FS__FindVolume
 .text.FS__AddDevice
                0x00001cb4       0x68 ..\emFile_V322c\LinkLibrary\PSoC5\GCC\libemf32nosnlfn.a(FS_Storage.o)
                0x00001cb4                FS__AddDevice
 .text.FS_AddDevice
                0x00001d1c        0x4 ..\emFile_V322c\LinkLibrary\PSoC5\GCC\libemf32nosnlfn.a(FS_Storage.o)
                0x00001d1c                FS_AddDevice
 .text._Mount   0x00001d20       0x2e ..\emFile_V322c\LinkLibrary\PSoC5\GCC\libemf32nosnlfn.a(FS_Volume.o)
 .text.FS__AutoMount
                0x00001d4e       0x14 ..\emFile_V322c\LinkLibrary\PSoC5\GCC\libemf32nosnlfn.a(FS_Volume.o)
                0x00001d4e                FS__AutoMount
 .text._ClusterId2FATOff
                0x00001d62       0x18 ..\emFile_V322c\LinkLibrary\PSoC5\GCC\libemf32nosnlfn.a(FAT_Misc.o)
 .text._CalcLogClusterPos
                0x00001d7a        0xe ..\emFile_V322c\LinkLibrary\PSoC5\GCC\libemf32nosnlfn.a(FAT_Misc.o)
 .text._ReadFromFreeClusterCache
                0x00001d88       0x46 ..\emFile_V322c\LinkLibrary\PSoC5\GCC\libemf32nosnlfn.a(FAT_Misc.o)
 .text.FS_FAT_GetFATType
                0x00001dce       0x1a ..\emFile_V322c\LinkLibrary\PSoC5\GCC\libemf32nosnlfn.a(FAT_Misc.o)
                0x00001dce                FS_FAT_GetFATType
 .text.FS_FAT_ClusterId2SectorNo
                0x00001de8        0xc ..\emFile_V322c\LinkLibrary\PSoC5\GCC\libemf32nosnlfn.a(FAT_Misc.o)
                0x00001de8                FS_FAT_ClusterId2SectorNo
 .text.FS_FAT_IsValidShortNameChar
                0x00001df4       0x34 ..\emFile_V322c\LinkLibrary\PSoC5\GCC\libemf32nosnlfn.a(FAT_Misc.o)
                0x00001df4                FS_FAT_IsValidShortNameChar
 .text.FS_FAT_CopyShortName
                0x00001e28       0x56 ..\emFile_V322c\LinkLibrary\PSoC5\GCC\libemf32nosnlfn.a(FAT_Misc.o)
                0x00001e28                FS_FAT_CopyShortName
 .text._SFN_CreateDirEntry
                0x00001e7e       0x5a ..\emFile_V322c\LinkLibrary\PSoC5\GCC\libemf32nosnlfn.a(FAT_Misc.o)
 .text._SFN_FindDirEntry
                0x00001ed8       0x10 ..\emFile_V322c\LinkLibrary\PSoC5\GCC\libemf32nosnlfn.a(FAT_Misc.o)
 .text.FS_FAT_FindDirEntry
                0x00001ee8       0x60 ..\emFile_V322c\LinkLibrary\PSoC5\GCC\libemf32nosnlfn.a(FAT_Misc.o)
                0x00001ee8                FS_FAT_FindDirEntry
 .text.FS_FAT_CopyDirEntryInfo
                0x00001f48       0x50 ..\emFile_V322c\LinkLibrary\PSoC5\GCC\libemf32nosnlfn.a(FAT_Misc.o)
                0x00001f48                FS_FAT_CopyDirEntryInfo
 .text._SFN_ReadDirEntryInfo
                0x00001f98       0x6e ..\emFile_V322c\LinkLibrary\PSoC5\GCC\libemf32nosnlfn.a(FAT_Misc.o)
 .text._SetFATSector
                0x00002006        0x6 ..\emFile_V322c\LinkLibrary\PSoC5\GCC\libemf32nosnlfn.a(FAT_Misc.o)
 .text.FS_FAT_ReadFATEntry
                0x0000200c       0xb2 ..\emFile_V322c\LinkLibrary\PSoC5\GCC\libemf32nosnlfn.a(FAT_Misc.o)
                0x0000200c                FS_FAT_ReadFATEntry
 *fill*         0x000020be        0x2 
 .text.FS_FAT_GetNumAdjClustersInChain
                0x000020c0       0x64 ..\emFile_V322c\LinkLibrary\PSoC5\GCC\libemf32nosnlfn.a(FAT_Misc.o)
                0x000020c0                FS_FAT_GetNumAdjClustersInChain
 .text.FS_FAT_WalkClusterEx
                0x00002124       0x5c ..\emFile_V322c\LinkLibrary\PSoC5\GCC\libemf32nosnlfn.a(FAT_Misc.o)
                0x00002124                FS_FAT_WalkClusterEx
 .text.FS_FAT_GotoCluster
                0x00002180       0x88 ..\emFile_V322c\LinkLibrary\PSoC5\GCC\libemf32nosnlfn.a(FAT_Misc.o)
                0x00002180                FS_FAT_GotoCluster
 .text.FS_FAT_WalkCluster
                0x00002208       0x18 ..\emFile_V322c\LinkLibrary\PSoC5\GCC\libemf32nosnlfn.a(FAT_Misc.o)
                0x00002208                FS_FAT_WalkCluster
 .text.FS_FAT_FindLastCluster
                0x00002220       0x34 ..\emFile_V322c\LinkLibrary\PSoC5\GCC\libemf32nosnlfn.a(FAT_Misc.o)
                0x00002220                FS_FAT_FindLastCluster
 .text._WriteFATEntry
                0x00002254      0x18e ..\emFile_V322c\LinkLibrary\PSoC5\GCC\libemf32nosnlfn.a(FAT_Misc.o)
 .text.FS_FAT_MarkClusterEOC
                0x000023e2        0x8 ..\emFile_V322c\LinkLibrary\PSoC5\GCC\libemf32nosnlfn.a(FAT_Misc.o)
                0x000023e2                FS_FAT_MarkClusterEOC
 .text.FS_FAT_SyncFAT
                0x000023ea       0x3c ..\emFile_V322c\LinkLibrary\PSoC5\GCC\libemf32nosnlfn.a(FAT_Misc.o)
                0x000023ea                FS_FAT_SyncFAT
 .text.FS_FAT_LinkCluster
                0x00002426       0x1c ..\emFile_V322c\LinkLibrary\PSoC5\GCC\libemf32nosnlfn.a(FAT_Misc.o)
                0x00002426                FS_FAT_LinkCluster
 *fill*         0x00002442        0x2 
 .text._CalcFreeClusterCnt
                0x00002444       0x88 ..\emFile_V322c\LinkLibrary\PSoC5\GCC\libemf32nosnlfn.a(FAT_Misc.o)
 .text.FS_FAT_FindFreeCluster
                0x000024cc       0xa8 ..\emFile_V322c\LinkLibrary\PSoC5\GCC\libemf32nosnlfn.a(FAT_Misc.o)
                0x000024cc                FS_FAT_FindFreeCluster
 .text.FS_FAT_AllocCluster
                0x00002574       0x20 ..\emFile_V322c\LinkLibrary\PSoC5\GCC\libemf32nosnlfn.a(FAT_Misc.o)
                0x00002574                FS_FAT_AllocCluster
 .text._WriteEmptyFATSectors
                0x00002594       0x3c ..\emFile_V322c\LinkLibrary\PSoC5\GCC\libemf32nosnlfn.a(FAT_Misc.o)
 .text.FS_FAT_FreeClusterChain
                0x000025d0       0xe0 ..\emFile_V322c\LinkLibrary\PSoC5\GCC\libemf32nosnlfn.a(FAT_Misc.o)
                0x000025d0                FS_FAT_FreeClusterChain
 .text.FS_FAT_CheckBPB
                0x000026b0      0x1cc ..\emFile_V322c\LinkLibrary\PSoC5\GCC\libemf32nosnlfn.a(FAT_Misc.o)
                0x000026b0                FS_FAT_CheckBPB
 .text.FS_FAT_InitDirEntryScan
                0x0000287c       0x14 ..\emFile_V322c\LinkLibrary\PSoC5\GCC\libemf32nosnlfn.a(FAT_Open.o)
                0x0000287c                FS_FAT_InitDirEntryScan
 .text.FS_FAT_IncDirPos
                0x00002890        0x8 ..\emFile_V322c\LinkLibrary\PSoC5\GCC\libemf32nosnlfn.a(FAT_Open.o)
                0x00002890                FS_FAT_IncDirPos
 .text._CopyDirText
                0x00002898       0x44 ..\emFile_V322c\LinkLibrary\PSoC5\GCC\libemf32nosnlfn.a(FAT_Open.o)
 .text.FS_FAT_Make83Name
                0x000028dc       0xb0 ..\emFile_V322c\LinkLibrary\PSoC5\GCC\libemf32nosnlfn.a(FAT_Open.o)
                0x000028dc                FS_FAT_Make83Name
 .text.FS_FAT_GetDirEntry
                0x0000298c       0xb2 ..\emFile_V322c\LinkLibrary\PSoC5\GCC\libemf32nosnlfn.a(FAT_Open.o)
                0x0000298c                FS_FAT_GetDirEntry
 .text.FS_FAT_FindDirEntryShortEx
                0x00002a3e       0x5a ..\emFile_V322c\LinkLibrary\PSoC5\GCC\libemf32nosnlfn.a(FAT_Open.o)
                0x00002a3e                FS_FAT_FindDirEntryShortEx
 .text.FS_FAT_FindDirEntryShort
                0x00002a98       0x36 ..\emFile_V322c\LinkLibrary\PSoC5\GCC\libemf32nosnlfn.a(FAT_Open.o)
                0x00002a98                FS_FAT_FindDirEntryShort
 .text.FS_FAT_FindEmptyDirEntry
                0x00002ace       0xb0 ..\emFile_V322c\LinkLibrary\PSoC5\GCC\libemf32nosnlfn.a(FAT_Open.o)
                0x00002ace                FS_FAT_FindEmptyDirEntry
 .text.FS_FAT_GetFirstCluster
                0x00002b7e       0x1a ..\emFile_V322c\LinkLibrary\PSoC5\GCC\libemf32nosnlfn.a(FAT_Open.o)
                0x00002b7e                FS_FAT_GetFirstCluster
 .text.FS_FAT_FindPath
                0x00002b98       0x7a ..\emFile_V322c\LinkLibrary\PSoC5\GCC\libemf32nosnlfn.a(FAT_Open.o)
                0x00002b98                FS_FAT_FindPath
 .text.FS_FAT_DeleteFileOrDir
                0x00002c12       0x48 ..\emFile_V322c\LinkLibrary\PSoC5\GCC\libemf32nosnlfn.a(FAT_Open.o)
                0x00002c12                FS_FAT_DeleteFileOrDir
 *fill*         0x00002c5a        0x2 
 .text.FS_FAT_Open
                0x00002c5c      0x1dc ..\emFile_V322c\LinkLibrary\PSoC5\GCC\libemf32nosnlfn.a(FAT_Open.o)
                0x00002c5c                FS_FAT_Open
 .text.FS_FAT_WriteDirEntryCluster
                0x00002e38       0x1c ..\emFile_V322c\LinkLibrary\PSoC5\GCC\libemf32nosnlfn.a(FAT_Open.o)
                0x00002e38                FS_FAT_WriteDirEntryCluster
 .text.FS_FAT_WriteDirEntry83
                0x00002e54       0x6c ..\emFile_V322c\LinkLibrary\PSoC5\GCC\libemf32nosnlfn.a(FAT_Open.o)
                0x00002e54                FS_FAT_WriteDirEntry83
 .text._ReadBurst
                0x00002ec0       0x24 ..\emFile_V322c\LinkLibrary\PSoC5\GCC\libemf32nosnlfn.a(FAT_Read.o)
 .text.FS_FAT_Read
                0x00002ee4      0x194 ..\emFile_V322c\LinkLibrary\PSoC5\GCC\libemf32nosnlfn.a(FAT_Read.o)
                0x00002ee4                FS_FAT_Read
 .text.FS_FAT_UpdateDirEntry
                0x00003078       0x68 ..\emFile_V322c\LinkLibrary\PSoC5\GCC\libemf32nosnlfn.a(FAT_Write.o)
                0x00003078                FS_FAT_UpdateDirEntry
 .text.FS_FAT_Close
                0x000030e0       0x44 ..\emFile_V322c\LinkLibrary\PSoC5\GCC\libemf32nosnlfn.a(FAT_Write.o)
                0x000030e0                FS_FAT_Close
 .text.FS__CLIB_memcmp
                0x00003124       0x20 ..\emFile_V322c\LinkLibrary\PSoC5\GCC\libemf32nosnlfn.a(FS_CLib.o)
                0x00003124                FS__CLIB_memcmp
 .text.FS__CLIB_memset
                0x00003144       0x6c ..\emFile_V322c\LinkLibrary\PSoC5\GCC\libemf32nosnlfn.a(FS_CLib.o)
                0x00003144                FS__CLIB_memset
 .text.FS__CLIB_strcmp
                0x000031b0       0x1a ..\emFile_V322c\LinkLibrary\PSoC5\GCC\libemf32nosnlfn.a(FS_CLib.o)
                0x000031b0                FS__CLIB_strcmp
 .text.FS__CLIB_strlen
                0x000031ca       0x10 ..\emFile_V322c\LinkLibrary\PSoC5\GCC\libemf32nosnlfn.a(FS_CLib.o)
                0x000031ca                FS__CLIB_strlen
 .text.FS__CLIB_strncmp
                0x000031da       0x26 ..\emFile_V322c\LinkLibrary\PSoC5\GCC\libemf32nosnlfn.a(FS_CLib.o)
                0x000031da                FS__CLIB_strncmp
 .text.FS__CLIB_toupper
                0x00003200        0xe ..\emFile_V322c\LinkLibrary\PSoC5\GCC\libemf32nosnlfn.a(FS_CLib.o)
                0x00003200                FS__CLIB_toupper
 .text.FS__strchr
                0x0000320e       0x14 ..\emFile_V322c\LinkLibrary\PSoC5\GCC\libemf32nosnlfn.a(FS_Core.o)
                0x0000320e                FS__strchr
 .text.FS_LoadU32BE
                0x00003222       0x18 ..\emFile_V322c\LinkLibrary\PSoC5\GCC\libemf32nosnlfn.a(FS_Core.o)
                0x00003222                FS_LoadU32BE
 .text.FS_LoadU32LE
                0x0000323a       0x16 ..\emFile_V322c\LinkLibrary\PSoC5\GCC\libemf32nosnlfn.a(FS_Core.o)
                0x0000323a                FS_LoadU32LE
 .text.FS_StoreU32LE
                0x00003250       0x14 ..\emFile_V322c\LinkLibrary\PSoC5\GCC\libemf32nosnlfn.a(FS_Core.o)
                0x00003250                FS_StoreU32LE
 .text.FS_StoreU16LE
                0x00003264        0x8 ..\emFile_V322c\LinkLibrary\PSoC5\GCC\libemf32nosnlfn.a(FS_Core.o)
                0x00003264                FS_StoreU16LE
 .text.FS_LoadU16LE
                0x0000326c        0xa ..\emFile_V322c\LinkLibrary\PSoC5\GCC\libemf32nosnlfn.a(FS_Core.o)
                0x0000326c                FS_LoadU16LE
 *fill*         0x00003276        0x2 
 .text._Alloc   0x00003278       0x30 ..\emFile_V322c\LinkLibrary\PSoC5\GCC\libemf32nosnlfn.a(FS_Core.o)
 .text.FS_Alloc
                0x000032a8        0xc ..\emFile_V322c\LinkLibrary\PSoC5\GCC\libemf32nosnlfn.a(FS_Core.o)
                0x000032a8                FS_Alloc
 .text.FS_TryAlloc
                0x000032b4        0x4 ..\emFile_V322c\LinkLibrary\PSoC5\GCC\libemf32nosnlfn.a(FS_Core.o)
                0x000032b4                FS_TryAlloc
 .text.FS_Free  0x000032b8       0x1c ..\emFile_V322c\LinkLibrary\PSoC5\GCC\libemf32nosnlfn.a(FS_Core.o)
                0x000032b8                FS_Free
 .text.FS_AssignMemory
                0x000032d4        0xc ..\emFile_V322c\LinkLibrary\PSoC5\GCC\libemf32nosnlfn.a(FS_Core.o)
                0x000032d4                FS_AssignMemory
 .text.FS_AllocZeroed
                0x000032e0       0x16 ..\emFile_V322c\LinkLibrary\PSoC5\GCC\libemf32nosnlfn.a(FS_Core.o)
                0x000032e0                FS_AllocZeroed
 *fill*         0x000032f6        0x2 
 .text.FS_STORAGE_Init
                0x000032f8       0x28 ..\emFile_V322c\LinkLibrary\PSoC5\GCC\libemf32nosnlfn.a(FS_Core.o)
                0x000032f8                FS_STORAGE_Init
 .text._ClrBusyLED
                0x00003320        0xc ..\emFile_V322c\LinkLibrary\PSoC5\GCC\libemf32nosnlfn.a(FS_LogBlock.o)
 .text._SetBusyLED
                0x0000332c        0xc ..\emFile_V322c\LinkLibrary\PSoC5\GCC\libemf32nosnlfn.a(FS_LogBlock.o)
 .text._Read    0x00003338        0xc ..\emFile_V322c\LinkLibrary\PSoC5\GCC\libemf32nosnlfn.a(FS_LogBlock.o)
 .text._Write   0x00003344       0x12 ..\emFile_V322c\LinkLibrary\PSoC5\GCC\libemf32nosnlfn.a(FS_LogBlock.o)
 .text.FS_LB_GetStatus
                0x00003356        0xc ..\emFile_V322c\LinkLibrary\PSoC5\GCC\libemf32nosnlfn.a(FS_LogBlock.o)
                0x00003356                FS_LB_GetStatus
 .text.FS_LB_InitMedium
                0x00003362       0x1a ..\emFile_V322c\LinkLibrary\PSoC5\GCC\libemf32nosnlfn.a(FS_LogBlock.o)
                0x00003362                FS_LB_InitMedium
 .text.FS_LB_InitMediumIfRequired
                0x0000337c       0x10 ..\emFile_V322c\LinkLibrary\PSoC5\GCC\libemf32nosnlfn.a(FS_LogBlock.o)
                0x0000337c                FS_LB_InitMediumIfRequired
 .text.FS_LB_ReadDevice
                0x0000338c       0x2e ..\emFile_V322c\LinkLibrary\PSoC5\GCC\libemf32nosnlfn.a(FS_LogBlock.o)
                0x0000338c                FS_LB_ReadDevice
 .text.FS_LB_ReadPart
                0x000033ba        0xe ..\emFile_V322c\LinkLibrary\PSoC5\GCC\libemf32nosnlfn.a(FS_LogBlock.o)
                0x000033ba                FS_LB_ReadPart
 .text.FS_LB_ReadBurst
                0x000033c8       0x38 ..\emFile_V322c\LinkLibrary\PSoC5\GCC\libemf32nosnlfn.a(FS_LogBlock.o)
                0x000033c8                FS_LB_ReadBurst
 .text.FS_LB_ReadBurstPart
                0x00003400       0x14 ..\emFile_V322c\LinkLibrary\PSoC5\GCC\libemf32nosnlfn.a(FS_LogBlock.o)
                0x00003400                FS_LB_ReadBurstPart
 .text.FS_LB_WriteMultiple
                0x00003414       0x30 ..\emFile_V322c\LinkLibrary\PSoC5\GCC\libemf32nosnlfn.a(FS_LogBlock.o)
                0x00003414                FS_LB_WriteMultiple
 .text.FS_LB_WriteMultiplePart
                0x00003444       0x14 ..\emFile_V322c\LinkLibrary\PSoC5\GCC\libemf32nosnlfn.a(FS_LogBlock.o)
                0x00003444                FS_LB_WriteMultiplePart
 .text.FS_LB_WriteDevice
                0x00003458       0x36 ..\emFile_V322c\LinkLibrary\PSoC5\GCC\libemf32nosnlfn.a(FS_LogBlock.o)
                0x00003458                FS_LB_WriteDevice
 .text.FS_LB_WritePart
                0x0000348e        0xe ..\emFile_V322c\LinkLibrary\PSoC5\GCC\libemf32nosnlfn.a(FS_LogBlock.o)
                0x0000348e                FS_LB_WritePart
 .text.FS_GetSectorSize
                0x0000349c       0x28 ..\emFile_V322c\LinkLibrary\PSoC5\GCC\libemf32nosnlfn.a(FS_LogBlock.o)
                0x0000349c                FS_GetSectorSize
 .text.FS_LB_GetDeviceInfo
                0x000034c4       0x26 ..\emFile_V322c\LinkLibrary\PSoC5\GCC\libemf32nosnlfn.a(FS_LogBlock.o)
                0x000034c4                FS_LB_GetDeviceInfo
 .text.FS_memcpy
                0x000034ea      0x120 ..\emFile_V322c\LinkLibrary\PSoC5\GCC\libemf32nosnlfn.a(FS_memcpy.o)
                0x000034ea                FS_memcpy
 .text._IsBPB   0x0000360a       0x1e ..\emFile_V322c\LinkLibrary\PSoC5\GCC\libemf32nosnlfn.a(FS_Partition.o)
 .text._HasSignature
                0x00003628       0x18 ..\emFile_V322c\LinkLibrary\PSoC5\GCC\libemf32nosnlfn.a(FS_Partition.o)
 .text._GetPartitionStartSector
                0x00003640        0xc ..\emFile_V322c\LinkLibrary\PSoC5\GCC\libemf32nosnlfn.a(FS_Partition.o)
 .text.FS__GetMediaStartSecEx
                0x0000364c       0x6e ..\emFile_V322c\LinkLibrary\PSoC5\GCC\libemf32nosnlfn.a(FS_Partition.o)
                0x0000364c                FS__GetMediaStartSecEx
 *fill*         0x000036ba        0x2 
 .text.FS__LocatePartition
                0x000036bc       0x44 ..\emFile_V322c\LinkLibrary\PSoC5\GCC\libemf32nosnlfn.a(FS_Partition.o)
                0x000036bc                FS__LocatePartition
 .text.cos      0x00003700       0x90 c:/program files (x86)/cypress/psoc creator/3.3/psoc creator/import/gnu/arm/4.9.3/bin/../lib/gcc/arm-none-eabi/4.9.3/../../../../arm-none-eabi/lib/armv7-m\libm.a(lib_a-s_cos.o)
                0x00003700                cos
 .text.sin      0x00003790       0x94 c:/program files (x86)/cypress/psoc creator/3.3/psoc creator/import/gnu/arm/4.9.3/bin/../lib/gcc/arm-none-eabi/4.9.3/../../../../arm-none-eabi/lib/armv7-m\libm.a(lib_a-s_sin.o)
                0x00003790                sin
 .text.sqrt     0x00003824       0xac c:/program files (x86)/cypress/psoc creator/3.3/psoc creator/import/gnu/arm/4.9.3/bin/../lib/gcc/arm-none-eabi/4.9.3/../../../../arm-none-eabi/lib/armv7-m\libm.a(lib_a-w_sqrt.o)
                0x00003824                sqrt
 .text.__ieee754_rem_pio2
                0x000038d0      0x428 c:/program files (x86)/cypress/psoc creator/3.3/psoc creator/import/gnu/arm/4.9.3/bin/../lib/gcc/arm-none-eabi/4.9.3/../../../../arm-none-eabi/lib/armv7-m\libm.a(lib_a-e_rem_pio2.o)
                0x000038d0                __ieee754_rem_pio2
 .text.__ieee754_sqrt
                0x00003cf8      0x18c c:/program files (x86)/cypress/psoc creator/3.3/psoc creator/import/gnu/arm/4.9.3/bin/../lib/gcc/arm-none-eabi/4.9.3/../../../../arm-none-eabi/lib/armv7-m\libm.a(lib_a-e_sqrt.o)
                0x00003cf8                __ieee754_sqrt
 *fill*         0x00003e84        0x4 
 .text.__kernel_cos
                0x00003e88      0x248 c:/program files (x86)/cypress/psoc creator/3.3/psoc creator/import/gnu/arm/4.9.3/bin/../lib/gcc/arm-none-eabi/4.9.3/../../../../arm-none-eabi/lib/armv7-m\libm.a(lib_a-k_cos.o)
                0x00003e88                __kernel_cos
 .text.__kernel_rem_pio2
                0x000040d0      0x808 c:/program files (x86)/cypress/psoc creator/3.3/psoc creator/import/gnu/arm/4.9.3/bin/../lib/gcc/arm-none-eabi/4.9.3/../../../../arm-none-eabi/lib/armv7-m\libm.a(lib_a-k_rem_pio2.o)
                0x000040d0                __kernel_rem_pio2
 .text.__kernel_sin
                0x000048d8      0x170 c:/program files (x86)/cypress/psoc creator/3.3/psoc creator/import/gnu/arm/4.9.3/bin/../lib/gcc/arm-none-eabi/4.9.3/../../../../arm-none-eabi/lib/armv7-m\libm.a(lib_a-k_sin.o)
                0x000048d8                __kernel_sin
 .text.fabs     0x00004a48        0x8 c:/program files (x86)/cypress/psoc creator/3.3/psoc creator/import/gnu/arm/4.9.3/bin/../lib/gcc/arm-none-eabi/4.9.3/../../../../arm-none-eabi/lib/armv7-m\libm.a(lib_a-s_fabs.o)
                0x00004a48                fabs
 .text.floor    0x00004a50      0x118 c:/program files (x86)/cypress/psoc creator/3.3/psoc creator/import/gnu/arm/4.9.3/bin/../lib/gcc/arm-none-eabi/4.9.3/../../../../arm-none-eabi/lib/armv7-m\libm.a(lib_a-s_floor.o)
                0x00004a50                floor
 .text.__fpclassifyd
                0x00004b68       0x58 c:/program files (x86)/cypress/psoc creator/3.3/psoc creator/import/gnu/arm/4.9.3/bin/../lib/gcc/arm-none-eabi/4.9.3/../../../../arm-none-eabi/lib/armv7-m\libm.a(lib_a-s_fpclassify.o)
                0x00004b68                __fpclassifyd
 .text.matherr  0x00004bc0        0x4 c:/program files (x86)/cypress/psoc creator/3.3/psoc creator/import/gnu/arm/4.9.3/bin/../lib/gcc/arm-none-eabi/4.9.3/../../../../arm-none-eabi/lib/armv7-m\libm.a(lib_a-s_matherr.o)
                0x00004bc0                matherr
 *fill*         0x00004bc4        0x4 
 .text.scalbn   0x00004bc8       0xf0 c:/program files (x86)/cypress/psoc creator/3.3/psoc creator/import/gnu/arm/4.9.3/bin/../lib/gcc/arm-none-eabi/4.9.3/../../../../arm-none-eabi/lib/armv7-m\libm.a(lib_a-s_scalbn.o)
                0x00004bc8                scalbn
 .text.copysign
                0x00004cb8       0x10 c:/program files (x86)/cypress/psoc creator/3.3/psoc creator/import/gnu/arm/4.9.3/bin/../lib/gcc/arm-none-eabi/4.9.3/../../../../arm-none-eabi/lib/armv7-m\libm.a(lib_a-s_copysign.o)
                0x00004cb8                copysign
 .text.FS_X_AddDevices
                0x00004cc8       0x1c .\CortexM3\ARM_GCC_493\Debug\GuitarHero.a(SD_FS_ConfigMMC_SPI.o)
                0x00004cc8                FS_X_AddDevices
 .text.FS_X_GetTimeDate
                0x00004ce4        0x8 .\CortexM3\ARM_GCC_493\Debug\GuitarHero.a(SD_FS_ConfigMMC_SPI.o)
                0x00004ce4                FS_X_GetTimeDate
 .text._CalcDataCRC16Dummy
                0x00004cec        0x6 ..\emFile_V322c\LinkLibrary\PSoC5\GCC\libemf32nosnlfn.a(MMC_Drv.o)
 *fill*         0x00004cf2        0x2 
 .text._MMC_GetNumUnits
                0x00004cf4        0xc ..\emFile_V322c\LinkLibrary\PSoC5\GCC\libemf32nosnlfn.a(MMC_Drv.o)
 .text._MMC_GetDriverName
                0x00004d00        0x8 ..\emFile_V322c\LinkLibrary\PSoC5\GCC\libemf32nosnlfn.a(MMC_Drv.o)
 .text._MMC_GetStatus
                0x00004d08        0x4 ..\emFile_V322c\LinkLibrary\PSoC5\GCC\libemf32nosnlfn.a(MMC_Drv.o)
 .text._CheckR1
                0x00004d0c       0x38 ..\emFile_V322c\LinkLibrary\PSoC5\GCC\libemf32nosnlfn.a(MMC_Drv.o)
 .text._WaitToGetReady
                0x00004d44       0x26 ..\emFile_V322c\LinkLibrary\PSoC5\GCC\libemf32nosnlfn.a(MMC_Drv.o)
 .text._SendEmptyCycles
                0x00004d6a       0x24 ..\emFile_V322c\LinkLibrary\PSoC5\GCC\libemf32nosnlfn.a(MMC_Drv.o)
 *fill*         0x00004d8e        0x2 
 .text._MMC_AddDevice
                0x00004d90       0x2c ..\emFile_V322c\LinkLibrary\PSoC5\GCC\libemf32nosnlfn.a(MMC_Drv.o)
 .text.T.53     0x00004dbc       0x14 ..\emFile_V322c\LinkLibrary\PSoC5\GCC\libemf32nosnlfn.a(MMC_Drv.o)
 .text._GetFromCSD
                0x00004dd0       0x34 ..\emFile_V322c\LinkLibrary\PSoC5\GCC\libemf32nosnlfn.a(MMC_Drv.o)
 .text._ExecCmdR1
                0x00004e04       0x98 ..\emFile_V322c\LinkLibrary\PSoC5\GCC\libemf32nosnlfn.a(MMC_Drv.o)
 .text._ReadCSD
                0x00004e9c       0x86 ..\emFile_V322c\LinkLibrary\PSoC5\GCC\libemf32nosnlfn.a(MMC_Drv.o)
 *fill*         0x00004f22        0x2 
 .text._MMC_Read
                0x00004f24      0x130 ..\emFile_V322c\LinkLibrary\PSoC5\GCC\libemf32nosnlfn.a(MMC_Drv.o)
 .text._MMC_Write
                0x00005054      0x13c ..\emFile_V322c\LinkLibrary\PSoC5\GCC\libemf32nosnlfn.a(MMC_Drv.o)
 .text._ApplyCSD
                0x00005190      0x228 ..\emFile_V322c\LinkLibrary\PSoC5\GCC\libemf32nosnlfn.a(MMC_Drv.o)
 .text._MMC_Init
                0x000053b8      0x1c0 ..\emFile_V322c\LinkLibrary\PSoC5\GCC\libemf32nosnlfn.a(MMC_Drv.o)
 .text._MMC_InitMedium
                0x00005578       0x28 ..\emFile_V322c\LinkLibrary\PSoC5\GCC\libemf32nosnlfn.a(MMC_Drv.o)
 .text._MMC_IoCtl
                0x000055a0       0x60 ..\emFile_V322c\LinkLibrary\PSoC5\GCC\libemf32nosnlfn.a(MMC_Drv.o)
 .text.SD_FS_Init
                0x00005600       0x4c .\CortexM3\ARM_GCC_493\Debug\GuitarHero.a(SD_FS_MMC_HW_SPI.o)
 .text.SD_FS_ReadWriteSPI
                0x0000564c       0x30 .\CortexM3\ARM_GCC_493\Debug\GuitarHero.a(SD_FS_MMC_HW_SPI.o)
 .text.FS_MMC_HW_X_EnableCS
                0x0000567c       0x14 .\CortexM3\ARM_GCC_493\Debug\GuitarHero.a(SD_FS_MMC_HW_SPI.o)
                0x0000567c                FS_MMC_HW_X_EnableCS
 .text.FS_MMC_HW_X_DisableCS
                0x00005690       0x14 .\CortexM3\ARM_GCC_493\Debug\GuitarHero.a(SD_FS_MMC_HW_SPI.o)
                0x00005690                FS_MMC_HW_X_DisableCS
 .text.FS_MMC_HW_X_IsWriteProtected
                0x000056a4        0x4 .\CortexM3\ARM_GCC_493\Debug\GuitarHero.a(SD_FS_MMC_HW_SPI.o)
                0x000056a4                FS_MMC_HW_X_IsWriteProtected
 .text.FS_MMC_HW_X_SetMaxSpeed
                0x000056a8       0x58 .\CortexM3\ARM_GCC_493\Debug\GuitarHero.a(SD_FS_MMC_HW_SPI.o)
                0x000056a8                FS_MMC_HW_X_SetMaxSpeed
 .text.FS_MMC_HW_X_SetVoltage
                0x00005700       0x3c .\CortexM3\ARM_GCC_493\Debug\GuitarHero.a(SD_FS_MMC_HW_SPI.o)
                0x00005700                FS_MMC_HW_X_SetVoltage
 .text.FS_MMC_HW_X_IsPresent
                0x0000573c        0xc .\CortexM3\ARM_GCC_493\Debug\GuitarHero.a(SD_FS_MMC_HW_SPI.o)
                0x0000573c                FS_MMC_HW_X_IsPresent
 .text.FS_MMC_HW_X_Read
                0x00005748       0x1c .\CortexM3\ARM_GCC_493\Debug\GuitarHero.a(SD_FS_MMC_HW_SPI.o)
                0x00005748                FS_MMC_HW_X_Read
 .text.FS_MMC_HW_X_Write
                0x00005764       0x18 .\CortexM3\ARM_GCC_493\Debug\GuitarHero.a(SD_FS_MMC_HW_SPI.o)
                0x00005764                FS_MMC_HW_X_Write
 .text.SD_FS_SPI0_Enable
                0x0000577c       0x30 .\CortexM3\ARM_GCC_493\Debug\GuitarHero.a(SD_FS_SPI0.o)
                0x0000577c                SD_FS_SPI0_Enable
 .text.SD_FS_SPI0_ReadTxStatus
                0x000057ac        0xc .\CortexM3\ARM_GCC_493\Debug\GuitarHero.a(SD_FS_SPI0.o)
                0x000057ac                SD_FS_SPI0_ReadTxStatus
 .text.SD_FS_SPI0_ReadRxStatus
                0x000057b8        0xc .\CortexM3\ARM_GCC_493\Debug\GuitarHero.a(SD_FS_SPI0.o)
                0x000057b8                SD_FS_SPI0_ReadRxStatus
 .text.SD_FS_SPI0_WriteTxData
                0x000057c4       0x18 .\CortexM3\ARM_GCC_493\Debug\GuitarHero.a(SD_FS_SPI0.o)
                0x000057c4                SD_FS_SPI0_WriteTxData
 .text.SD_FS_SPI0_ReadRxData
                0x000057dc        0xc .\CortexM3\ARM_GCC_493\Debug\GuitarHero.a(SD_FS_SPI0.o)
                0x000057dc                SD_FS_SPI0_ReadRxData
 .text.SD_FS_SPI0_ClearFIFO
                0x000057e8       0x3c .\CortexM3\ARM_GCC_493\Debug\GuitarHero.a(SD_FS_SPI0.o)
                0x000057e8                SD_FS_SPI0_ClearFIFO
 .text.SD_FS_SPI0_Init
                0x00005824       0x28 .\CortexM3\ARM_GCC_493\Debug\GuitarHero.a(SD_FS_SPI0.o)
                0x00005824                SD_FS_SPI0_Init
 .text.SD_FS_SPI0_Start
                0x0000584c       0x1c .\CortexM3\ARM_GCC_493\Debug\GuitarHero.a(SD_FS_SPI0.o)
                0x0000584c                SD_FS_SPI0_Start
 .text.SD_FS_Clock_1_Start
                0x00005868       0x1c .\CortexM3\ARM_GCC_493\Debug\GuitarHero.a(SD_FS_Clock_1.o)
                0x00005868                SD_FS_Clock_1_Start
 .text.SD_FS_Clock_1_Stop
                0x00005884       0x1c .\CortexM3\ARM_GCC_493\Debug\GuitarHero.a(SD_FS_Clock_1.o)
                0x00005884                SD_FS_Clock_1_Stop
 .text.SD_FS_Clock_1_GetDividerRegister
                0x000058a0        0xc .\CortexM3\ARM_GCC_493\Debug\GuitarHero.a(SD_FS_Clock_1.o)
                0x000058a0                SD_FS_Clock_1_GetDividerRegister
 .text.SD_FS_Clock_1_GetSourceRegister
                0x000058ac       0x10 .\CortexM3\ARM_GCC_493\Debug\GuitarHero.a(SD_FS_Clock_1.o)
                0x000058ac                SD_FS_Clock_1_GetSourceRegister
 .text.SD_FS_Clock_1_SetDividerRegister
                0x000058bc       0xd8 .\CortexM3\ARM_GCC_493\Debug\GuitarHero.a(SD_FS_Clock_1.o)
                0x000058bc                SD_FS_Clock_1_SetDividerRegister
 .text.SD_FS_SPI0_CS_Write
                0x00005994       0x18 .\CortexM3\ARM_GCC_493\Debug\GuitarHero.a(SD_FS_SPI0_CS.o)
                0x00005994                SD_FS_SPI0_CS_Write
 .text          0x000059ac      0x370 c:/program files (x86)/cypress/psoc creator/3.3/psoc creator/import/gnu/arm/4.9.3/bin/../lib/gcc/arm-none-eabi/4.9.3/armv7-m\libgcc.a(_arm_addsubdf3.o)
                0x000059ac                __aeabi_drsub
                0x000059b4                __aeabi_dsub
                0x000059b4                __subdf3
                0x000059b8                __aeabi_dadd
                0x000059b8                __adddf3
                0x00005c30                __floatunsidf
                0x00005c30                __aeabi_ui2d
                0x00005c50                __floatsidf
                0x00005c50                __aeabi_i2d
                0x00005c74                __aeabi_f2d
                0x00005c74                __extendsfdf2
                0x00005cb0                __floatundidf
                0x00005cb0                __aeabi_ul2d
                0x00005cc0                __floatdidf
                0x00005cc0                __aeabi_l2d
 .text          0x00005d1c      0x424 c:/program files (x86)/cypress/psoc creator/3.3/psoc creator/import/gnu/arm/4.9.3/bin/../lib/gcc/arm-none-eabi/4.9.3/armv7-m\libgcc.a(_arm_muldivdf3.o)
                0x00005d1c                __aeabi_dmul
                0x00005d1c                __muldf3
                0x00005f70                __divdf3
                0x00005f70                __aeabi_ddiv
 .text          0x00006140      0x110 c:/program files (x86)/cypress/psoc creator/3.3/psoc creator/import/gnu/arm/4.9.3/bin/../lib/gcc/arm-none-eabi/4.9.3/armv7-m\libgcc.a(_arm_cmpdf2.o)
                0x00006140                __gtdf2
                0x00006140                __gedf2
                0x00006148                __ltdf2
                0x00006148                __ledf2
                0x00006150                __nedf2
                0x00006150                __eqdf2
                0x00006150                __cmpdf2
                0x000061cc                __aeabi_cdrcmple
                0x000061dc                __aeabi_cdcmpeq
                0x000061dc                __aeabi_cdcmple
                0x000061ec                __aeabi_dcmpeq
                0x00006200                __aeabi_dcmplt
                0x00006214                __aeabi_dcmple
                0x00006228                __aeabi_dcmpge
                0x0000623c                __aeabi_dcmpgt
 .text          0x00006250       0x50 c:/program files (x86)/cypress/psoc creator/3.3/psoc creator/import/gnu/arm/4.9.3/bin/../lib/gcc/arm-none-eabi/4.9.3/armv7-m\libgcc.a(_arm_fixdfsi.o)
                0x00006250                __aeabi_d2iz
                0x00006250                __fixdfsi
 .text          0x000062a0       0x40 c:/program files (x86)/cypress/psoc creator/3.3/psoc creator/import/gnu/arm/4.9.3/bin/../lib/gcc/arm-none-eabi/4.9.3/armv7-m\libgcc.a(_arm_fixunsdfsi.o)
                0x000062a0                __aeabi_d2uiz
                0x000062a0                __fixunsdfsi
 .text          0x000062e0       0xa0 c:/program files (x86)/cypress/psoc creator/3.3/psoc creator/import/gnu/arm/4.9.3/bin/../lib/gcc/arm-none-eabi/4.9.3/armv7-m\libgcc.a(_arm_truncdfsf2.o)
                0x000062e0                __truncdfsf2
                0x000062e0                __aeabi_d2f
 .text          0x00006380      0x21c c:/program files (x86)/cypress/psoc creator/3.3/psoc creator/import/gnu/arm/4.9.3/bin/../lib/gcc/arm-none-eabi/4.9.3/armv7-m\libgcc.a(_arm_addsubsf3.o)
                0x00006380                __aeabi_frsub
                0x00006388                __subsf3
                0x00006388                __aeabi_fsub
                0x0000638c                __aeabi_fadd
                0x0000638c                __addsf3
                0x000064ec                __aeabi_ui2f
                0x000064ec                __floatunsisf
                0x000064f4                __aeabi_i2f
                0x000064f4                __floatsisf
                0x00006510                __aeabi_ul2f
                0x00006510                __floatundisf
                0x00006520                __aeabi_l2f
                0x00006520                __floatdisf
 .text          0x0000659c      0x2a0 c:/program files (x86)/cypress/psoc creator/3.3/psoc creator/import/gnu/arm/4.9.3/bin/../lib/gcc/arm-none-eabi/4.9.3/armv7-m\libgcc.a(_arm_muldivsf3.o)
                0x0000659c                __mulsf3
                0x0000659c                __aeabi_fmul
                0x00006704                __aeabi_fdiv
                0x00006704                __divsf3
 .text          0x0000683c       0xec c:/program files (x86)/cypress/psoc creator/3.3/psoc creator/import/gnu/arm/4.9.3/bin/../lib/gcc/arm-none-eabi/4.9.3/armv7-m\libgcc.a(_arm_cmpsf2.o)
                0x0000683c                __gesf2
                0x0000683c                __gtsf2
                0x00006844                __lesf2
                0x00006844                __ltsf2
                0x0000684c                __nesf2
                0x0000684c                __eqsf2
                0x0000684c                __cmpsf2
                0x000068ac                __aeabi_cfrcmple
                0x000068b4                __aeabi_cfcmpeq
                0x000068b4                __aeabi_cfcmple
                0x000068c4                __aeabi_fcmpeq
                0x000068d8                __aeabi_fcmplt
                0x000068ec                __aeabi_fcmple
                0x00006900                __aeabi_fcmpge
                0x00006914                __aeabi_fcmpgt
 .text          0x00006928       0x4c c:/program files (x86)/cypress/psoc creator/3.3/psoc creator/import/gnu/arm/4.9.3/bin/../lib/gcc/arm-none-eabi/4.9.3/armv7-m\libgcc.a(_arm_fixsfsi.o)
                0x00006928                __aeabi_f2iz
                0x00006928                __fixsfsi
 .text          0x00006974       0x40 c:/program files (x86)/cypress/psoc creator/3.3/psoc creator/import/gnu/arm/4.9.3/bin/../lib/gcc/arm-none-eabi/4.9.3/armv7-m\libgcc.a(_arm_fixunssfsi.o)
                0x00006974                __fixunssfsi
                0x00006974                __aeabi_f2uiz
 .text.atof     0x000069b4        0x6 c:/program files (x86)/cypress/psoc creator/3.3/psoc creator/import/gnu/arm/4.9.3/bin/../lib/gcc/arm-none-eabi/4.9.3/../../../../arm-none-eabi/lib/armv7-m\libg_nano.a(lib_a-atof.o)
                0x000069b4                atof
 *fill*         0x000069ba        0x2 
 .text.__errno  0x000069bc        0xc c:/program files (x86)/cypress/psoc creator/3.3/psoc creator/import/gnu/arm/4.9.3/bin/../lib/gcc/arm-none-eabi/4.9.3/../../../../arm-none-eabi/lib/armv7-m\libg_nano.a(lib_a-errno.o)
                0x000069bc                __errno
 .text.__libc_init_array
                0x000069c8       0x4c c:/program files (x86)/cypress/psoc creator/3.3/psoc creator/import/gnu/arm/4.9.3/bin/../lib/gcc/arm-none-eabi/4.9.3/../../../../arm-none-eabi/lib/armv7-m\libg_nano.a(lib_a-init.o)
                0x000069c8                __libc_init_array
 .text.memcpy   0x00006a14       0x16 c:/program files (x86)/cypress/psoc creator/3.3/psoc creator/import/gnu/arm/4.9.3/bin/../lib/gcc/arm-none-eabi/4.9.3/../../../../arm-none-eabi/lib/armv7-m\libg_nano.a(lib_a-memcpy.o)
                0x00006a14                memcpy
 .text.memset   0x00006a2a       0x10 c:/program files (x86)/cypress/psoc creator/3.3/psoc creator/import/gnu/arm/4.9.3/bin/../lib/gcc/arm-none-eabi/4.9.3/../../../../arm-none-eabi/lib/armv7-m\libg_nano.a(lib_a-memset.o)
                0x00006a2a                memset
 .text.strlen   0x00006a3a       0x10 c:/program files (x86)/cypress/psoc creator/3.3/psoc creator/import/gnu/arm/4.9.3/bin/../lib/gcc/arm-none-eabi/4.9.3/../../../../arm-none-eabi/lib/armv7-m\libg_nano.a(lib_a-strlen.o)
                0x00006a3a                strlen
 .text.match    0x00006a4a       0x26 c:/program files (x86)/cypress/psoc creator/3.3/psoc creator/import/gnu/arm/4.9.3/bin/../lib/gcc/arm-none-eabi/4.9.3/../../../../arm-none-eabi/lib/armv7-m\libg_nano.a(lib_a-strtod.o)
 .text.sulp     0x00006a70       0x42 c:/program files (x86)/cypress/psoc creator/3.3/psoc creator/import/gnu/arm/4.9.3/bin/../lib/gcc/arm-none-eabi/4.9.3/../../../../arm-none-eabi/lib/armv7-m\libg_nano.a(lib_a-strtod.o)
 *fill*         0x00006ab2        0x6 
 .text._strtod_r
                0x00006ab8      0xc40 c:/program files (x86)/cypress/psoc creator/3.3/psoc creator/import/gnu/arm/4.9.3/bin/../lib/gcc/arm-none-eabi/4.9.3/../../../../arm-none-eabi/lib/armv7-m\libg_nano.a(lib_a-strtod.o)
                0x00006ab8                _strtod_r
 .text.strtod   0x000076f8       0x14 c:/program files (x86)/cypress/psoc creator/3.3/psoc creator/import/gnu/arm/4.9.3/bin/../lib/gcc/arm-none-eabi/4.9.3/../../../../arm-none-eabi/lib/armv7-m\libg_nano.a(lib_a-strtod.o)
                0x000076f8                strtod
 .text.rshift   0x0000770c       0x6c c:/program files (x86)/cypress/psoc creator/3.3/psoc creator/import/gnu/arm/4.9.3/bin/../lib/gcc/arm-none-eabi/4.9.3/../../../../arm-none-eabi/lib/armv7-m\libg_nano.a(lib_a-gdtoa-gethex.o)
 .text.__hexdig_fun
                0x00007778       0x2a c:/program files (x86)/cypress/psoc creator/3.3/psoc creator/import/gnu/arm/4.9.3/bin/../lib/gcc/arm-none-eabi/4.9.3/../../../../arm-none-eabi/lib/armv7-m\libg_nano.a(lib_a-gdtoa-gethex.o)
                0x00007778                __hexdig_fun
 .text.__gethex
                0x000077a2      0x44a c:/program files (x86)/cypress/psoc creator/3.3/psoc creator/import/gnu/arm/4.9.3/bin/../lib/gcc/arm-none-eabi/4.9.3/../../../../arm-none-eabi/lib/armv7-m\libg_nano.a(lib_a-gdtoa-gethex.o)
                0x000077a2                __gethex
 .text.L_shift  0x00007bec       0x24 c:/program files (x86)/cypress/psoc creator/3.3/psoc creator/import/gnu/arm/4.9.3/bin/../lib/gcc/arm-none-eabi/4.9.3/../../../../arm-none-eabi/lib/armv7-m\libg_nano.a(lib_a-gdtoa-hexnan.o)
 .text.__hexnan
                0x00007c10      0x114 c:/program files (x86)/cypress/psoc creator/3.3/psoc creator/import/gnu/arm/4.9.3/bin/../lib/gcc/arm-none-eabi/4.9.3/../../../../arm-none-eabi/lib/armv7-m\libg_nano.a(lib_a-gdtoa-hexnan.o)
                0x00007c10                __hexnan
 .text._localeconv_r
                0x00007d24        0x8 c:/program files (x86)/cypress/psoc creator/3.3/psoc creator/import/gnu/arm/4.9.3/bin/../lib/gcc/arm-none-eabi/4.9.3/../../../../arm-none-eabi/lib/armv7-m\libg_nano.a(lib_a-locale.o)
                0x00007d24                _localeconv_r
 .text._Balloc  0x00007d2c       0x6a c:/program files (x86)/cypress/psoc creator/3.3/psoc creator/import/gnu/arm/4.9.3/bin/../lib/gcc/arm-none-eabi/4.9.3/../../../../arm-none-eabi/lib/armv7-m\libg_nano.a(lib_a-mprec.o)
                0x00007d2c                _Balloc
 .text._Bfree   0x00007d96       0x2e c:/program files (x86)/cypress/psoc creator/3.3/psoc creator/import/gnu/arm/4.9.3/bin/../lib/gcc/arm-none-eabi/4.9.3/../../../../arm-none-eabi/lib/armv7-m\libg_nano.a(lib_a-mprec.o)
                0x00007d96                _Bfree
 .text.__multadd
                0x00007dc4       0x7c c:/program files (x86)/cypress/psoc creator/3.3/psoc creator/import/gnu/arm/4.9.3/bin/../lib/gcc/arm-none-eabi/4.9.3/../../../../arm-none-eabi/lib/armv7-m\libg_nano.a(lib_a-mprec.o)
                0x00007dc4                __multadd
 .text.__s2b    0x00007e40       0x80 c:/program files (x86)/cypress/psoc creator/3.3/psoc creator/import/gnu/arm/4.9.3/bin/../lib/gcc/arm-none-eabi/4.9.3/../../../../arm-none-eabi/lib/armv7-m\libg_nano.a(lib_a-mprec.o)
                0x00007e40                __s2b
 .text.__hi0bits
                0x00007ec0       0x40 c:/program files (x86)/cypress/psoc creator/3.3/psoc creator/import/gnu/arm/4.9.3/bin/../lib/gcc/arm-none-eabi/4.9.3/../../../../arm-none-eabi/lib/armv7-m\libg_nano.a(lib_a-mprec.o)
                0x00007ec0                __hi0bits
 .text.__lo0bits
                0x00007f00       0x5a c:/program files (x86)/cypress/psoc creator/3.3/psoc creator/import/gnu/arm/4.9.3/bin/../lib/gcc/arm-none-eabi/4.9.3/../../../../arm-none-eabi/lib/armv7-m\libg_nano.a(lib_a-mprec.o)
                0x00007f00                __lo0bits
 .text.__i2b    0x00007f5a       0x12 c:/program files (x86)/cypress/psoc creator/3.3/psoc creator/import/gnu/arm/4.9.3/bin/../lib/gcc/arm-none-eabi/4.9.3/../../../../arm-none-eabi/lib/armv7-m\libg_nano.a(lib_a-mprec.o)
                0x00007f5a                __i2b
 .text.__multiply
                0x00007f6c      0x120 c:/program files (x86)/cypress/psoc creator/3.3/psoc creator/import/gnu/arm/4.9.3/bin/../lib/gcc/arm-none-eabi/4.9.3/../../../../arm-none-eabi/lib/armv7-m\libg_nano.a(lib_a-mprec.o)
                0x00007f6c                __multiply
 .text.__pow5mult
                0x0000808c       0x9c c:/program files (x86)/cypress/psoc creator/3.3/psoc creator/import/gnu/arm/4.9.3/bin/../lib/gcc/arm-none-eabi/4.9.3/../../../../arm-none-eabi/lib/armv7-m\libg_nano.a(lib_a-mprec.o)
                0x0000808c                __pow5mult
 .text.__lshift
                0x00008128       0xa6 c:/program files (x86)/cypress/psoc creator/3.3/psoc creator/import/gnu/arm/4.9.3/bin/../lib/gcc/arm-none-eabi/4.9.3/../../../../arm-none-eabi/lib/armv7-m\libg_nano.a(lib_a-mprec.o)
                0x00008128                __lshift
 .text.__mcmp   0x000081ce       0x38 c:/program files (x86)/cypress/psoc creator/3.3/psoc creator/import/gnu/arm/4.9.3/bin/../lib/gcc/arm-none-eabi/4.9.3/../../../../arm-none-eabi/lib/armv7-m\libg_nano.a(lib_a-mprec.o)
                0x000081ce                __mcmp
 .text.__mdiff  0x00008206       0xbe c:/program files (x86)/cypress/psoc creator/3.3/psoc creator/import/gnu/arm/4.9.3/bin/../lib/gcc/arm-none-eabi/4.9.3/../../../../arm-none-eabi/lib/armv7-m\libg_nano.a(lib_a-mprec.o)
                0x00008206                __mdiff
 .text.__ulp    0x000082c4       0x48 c:/program files (x86)/cypress/psoc creator/3.3/psoc creator/import/gnu/arm/4.9.3/bin/../lib/gcc/arm-none-eabi/4.9.3/../../../../arm-none-eabi/lib/armv7-m\libg_nano.a(lib_a-mprec.o)
                0x000082c4                __ulp
 .text.__b2d    0x0000830c       0x9e c:/program files (x86)/cypress/psoc creator/3.3/psoc creator/import/gnu/arm/4.9.3/bin/../lib/gcc/arm-none-eabi/4.9.3/../../../../arm-none-eabi/lib/armv7-m\libg_nano.a(lib_a-mprec.o)
                0x0000830c                __b2d
 .text.__d2b    0x000083aa       0xa4 c:/program files (x86)/cypress/psoc creator/3.3/psoc creator/import/gnu/arm/4.9.3/bin/../lib/gcc/arm-none-eabi/4.9.3/../../../../arm-none-eabi/lib/armv7-m\libg_nano.a(lib_a-mprec.o)
                0x000083aa                __d2b
 .text.__ratio  0x0000844e       0x50 c:/program files (x86)/cypress/psoc creator/3.3/psoc creator/import/gnu/arm/4.9.3/bin/../lib/gcc/arm-none-eabi/4.9.3/../../../../arm-none-eabi/lib/armv7-m\libg_nano.a(lib_a-mprec.o)
                0x0000844e                __ratio
 .text.__copybits
                0x0000849e       0x34 c:/program files (x86)/cypress/psoc creator/3.3/psoc creator/import/gnu/arm/4.9.3/bin/../lib/gcc/arm-none-eabi/4.9.3/../../../../arm-none-eabi/lib/armv7-m\libg_nano.a(lib_a-mprec.o)
                0x0000849e                __copybits
 .text.__any_on
                0x000084d2       0x44 c:/program files (x86)/cypress/psoc creator/3.3/psoc creator/import/gnu/arm/4.9.3/bin/../lib/gcc/arm-none-eabi/4.9.3/../../../../arm-none-eabi/lib/armv7-m\libg_nano.a(lib_a-mprec.o)
                0x000084d2                __any_on
 .text._calloc_r
                0x00008516       0x1c c:/program files (x86)/cypress/psoc creator/3.3/psoc creator/import/gnu/arm/4.9.3/bin/../lib/gcc/arm-none-eabi/4.9.3/../../../../arm-none-eabi/lib/armv7-m\libg_nano.a(lib_a-nano-callocr.o)
                0x00008516                _calloc_r
 *fill*         0x00008532        0x2 
 .text._malloc_r
                0x00008534       0xac c:/program files (x86)/cypress/psoc creator/3.3/psoc creator/import/gnu/arm/4.9.3/bin/../lib/gcc/arm-none-eabi/4.9.3/../../../../arm-none-eabi/lib/armv7-m\libg_nano.a(lib_a-nano-mallocr.o)
                0x00008534                _malloc_r
 .text._sbrk_r  0x000085e0       0x20 c:/program files (x86)/cypress/psoc creator/3.3/psoc creator/import/gnu/arm/4.9.3/bin/../lib/gcc/arm-none-eabi/4.9.3/../../../../arm-none-eabi/lib/armv7-m\libg_nano.a(lib_a-sbrkr.o)
                0x000085e0                _sbrk_r
 .text.strncmp  0x00008600       0x32 c:/program files (x86)/cypress/psoc creator/3.3/psoc creator/import/gnu/arm/4.9.3/bin/../lib/gcc/arm-none-eabi/4.9.3/../../../../arm-none-eabi/lib/armv7-m\libg_nano.a(lib_a-strncmp.o)
                0x00008600                strncmp
 *fill*         0x00008632        0x2 
 .text.malloc   0x00008634       0x10 c:/program files (x86)/cypress/psoc creator/3.3/psoc creator/import/gnu/arm/4.9.3/bin/../lib/gcc/arm-none-eabi/4.9.3/../../../../arm-none-eabi/lib/armv7-m\libg_nano.a(lib_a-malloc.o)
                0x00008634                malloc
 *(.plt)
 *(.gnu.warning)
 *(.glue_7t)
 .glue_7t       0x00000000        0x0 linker stubs
 *(.glue_7)
 .glue_7        0x00000000        0x0 linker stubs
 *(.vfp11_veneer)
 .vfp11_veneer  0x00000000        0x0 linker stubs
 *(.bootloader)
 *(.ARM.extab* .gnu.linkonce.armextab.*)
 *(.gcc_except_table)

.v4_bx          0x00008644        0x0
 .v4_bx         0x00000000        0x0 linker stubs

.iplt           0x00008644        0x0
 .iplt          0x00000000        0x0 c:/program files (x86)/cypress/psoc creator/3.3/psoc creator/import/gnu/arm/4.9.3/bin/../lib/gcc/arm-none-eabi/4.9.3/armv7-m/crtbegin.o

.eh_frame_hdr
 *(.eh_frame_hdr)

.eh_frame       0x00008644        0x4
 *(.eh_frame)
 .eh_frame      0x00008644        0x0 c:/program files (x86)/cypress/psoc creator/3.3/psoc creator/import/gnu/arm/4.9.3/bin/../lib/gcc/arm-none-eabi/4.9.3/armv7-m/crtbegin.o
 .eh_frame      0x00008644        0x0 c:/program files (x86)/cypress/psoc creator/3.3/psoc creator/import/gnu/arm/4.9.3/bin/../lib/gcc/arm-none-eabi/4.9.3/../../../../arm-none-eabi/lib/armv7-m\libg_nano.a(lib_a-strcmp.o)
                                 0x28 (size before relaxing)
 .eh_frame      0x00008644        0x4 c:/program files (x86)/cypress/psoc creator/3.3/psoc creator/import/gnu/arm/4.9.3/bin/../lib/gcc/arm-none-eabi/4.9.3/armv7-m/crtend.o
                0x00008648                PROVIDE (__exidx_start, .)

.ARM.exidx
 *(.ARM.exidx* .gnu.linkonce.armexidx.*)
                0x00008648                __exidx_end = .

.rodata         0x00008648      0x528
 *(.rodata .rodata.* .gnu.linkonce.r.*)
 .rodata        0x00008648       0x10 .\CortexM3\ARM_GCC_493\Debug\main.o
 .rodata.str1.4
                0x00008658       0x1e .\CortexM3\ARM_GCC_493\Debug\main.o
                                 0x20 (size before relaxing)
 .rodata.str1.4
                0x00000000        0x4 .\CortexM3\ARM_GCC_493\Debug\game_manager.o
 *fill*         0x00008676        0x2 
 .rodata        0x00008678       0x50 .\CortexM3\ARM_GCC_493\Debug\GuitarHero.a(cyfitter_cfg.o)
 .rodata        0x000086c8       0x78 ..\emFile_V322c\LinkLibrary\PSoC5\GCC\libemf32nosnlfn.a(FS_Misc.o)
 .rodata.str1.1
                0x00008740       0x30 ..\emFile_V322c\LinkLibrary\PSoC5\GCC\libemf32nosnlfn.a(FS_Misc.o)
 .rodata        0x00008770       0x10 ..\emFile_V322c\LinkLibrary\PSoC5\GCC\libemf32nosnlfn.a(FAT_Misc.o)
                0x00008770                FAT_SFN_API
 .rodata.str1.1
                0x00008780        0x3 ..\emFile_V322c\LinkLibrary\PSoC5\GCC\libemf32nosnlfn.a(FAT_Open.o)
 *fill*         0x00008783        0x1 
 .rodata.str1.4
                0x00008784        0x8 c:/program files (x86)/cypress/psoc creator/3.3/psoc creator/import/gnu/arm/4.9.3/bin/../lib/gcc/arm-none-eabi/4.9.3/../../../../arm-none-eabi/lib/armv7-m\libm.a(lib_a-w_sqrt.o)
 .rodata.npio2_hw
                0x0000878c       0x80 c:/program files (x86)/cypress/psoc creator/3.3/psoc creator/import/gnu/arm/4.9.3/bin/../lib/gcc/arm-none-eabi/4.9.3/../../../../arm-none-eabi/lib/armv7-m\libm.a(lib_a-e_rem_pio2.o)
 .rodata.two_over_pi
                0x0000880c      0x108 c:/program files (x86)/cypress/psoc creator/3.3/psoc creator/import/gnu/arm/4.9.3/bin/../lib/gcc/arm-none-eabi/4.9.3/../../../../arm-none-eabi/lib/armv7-m\libm.a(lib_a-e_rem_pio2.o)
 .rodata.init_jk
                0x00008914       0x10 c:/program files (x86)/cypress/psoc creator/3.3/psoc creator/import/gnu/arm/4.9.3/bin/../lib/gcc/arm-none-eabi/4.9.3/../../../../arm-none-eabi/lib/armv7-m\libm.a(lib_a-k_rem_pio2.o)
 *fill*         0x00008924        0x4 
 .rodata.PIo2   0x00008928       0x40 c:/program files (x86)/cypress/psoc creator/3.3/psoc creator/import/gnu/arm/4.9.3/bin/../lib/gcc/arm-none-eabi/4.9.3/../../../../arm-none-eabi/lib/armv7-m\libm.a(lib_a-k_rem_pio2.o)
 .rodata        0x00008968       0x68 ..\emFile_V322c\LinkLibrary\PSoC5\GCC\libemf32nosnlfn.a(MMC_Drv.o)
                0x000089b0                FS_MMC_SPI_Driver
 .rodata.str1.1
                0x000089d0        0x4 ..\emFile_V322c\LinkLibrary\PSoC5\GCC\libemf32nosnlfn.a(MMC_Drv.o)
 .rodata.str1.1
                0x000089d4        0x2 c:/program files (x86)/cypress/psoc creator/3.3/psoc creator/import/gnu/arm/4.9.3/bin/../lib/gcc/arm-none-eabi/4.9.3/../../../../arm-none-eabi/lib/armv7-m\libg_nano.a(lib_a-impure.o)
 *fill*         0x000089d6        0x2 
 .rodata.fpinan.5309
                0x000089d8       0x14 c:/program files (x86)/cypress/psoc creator/3.3/psoc creator/import/gnu/arm/4.9.3/bin/../lib/gcc/arm-none-eabi/4.9.3/../../../../arm-none-eabi/lib/armv7-m\libg_nano.a(lib_a-strtod.o)
 .rodata.str1.1
                0x000089ec        0xc c:/program files (x86)/cypress/psoc creator/3.3/psoc creator/import/gnu/arm/4.9.3/bin/../lib/gcc/arm-none-eabi/4.9.3/../../../../arm-none-eabi/lib/armv7-m\libg_nano.a(lib_a-strtod.o)
 .rodata.tinytens
                0x000089f8       0x28 c:/program files (x86)/cypress/psoc creator/3.3/psoc creator/import/gnu/arm/4.9.3/bin/../lib/gcc/arm-none-eabi/4.9.3/../../../../arm-none-eabi/lib/armv7-m\libg_nano.a(lib_a-strtod.o)
 .rodata.fpi.5273
                0x00008a20       0x14 c:/program files (x86)/cypress/psoc creator/3.3/psoc creator/import/gnu/arm/4.9.3/bin/../lib/gcc/arm-none-eabi/4.9.3/../../../../arm-none-eabi/lib/armv7-m\libg_nano.a(lib_a-strtod.o)
 .rodata.str1.1
                0x00008a34        0x6 c:/program files (x86)/cypress/psoc creator/3.3/psoc creator/import/gnu/arm/4.9.3/bin/../lib/gcc/arm-none-eabi/4.9.3/../../../../arm-none-eabi/lib/armv7-m\libg_nano.a(lib_a-locale.o)
                                  0xb (size before relaxing)
 *fill*         0x00008a3a        0x6 
 .rodata.__mprec_tens
                0x00008a40       0xc8 c:/program files (x86)/cypress/psoc creator/3.3/psoc creator/import/gnu/arm/4.9.3/bin/../lib/gcc/arm-none-eabi/4.9.3/../../../../arm-none-eabi/lib/armv7-m\libg_nano.a(lib_a-mprec.o)
                0x00008a40                __mprec_tens
 .rodata.__mprec_bigtens
                0x00008b08       0x28 c:/program files (x86)/cypress/psoc creator/3.3/psoc creator/import/gnu/arm/4.9.3/bin/../lib/gcc/arm-none-eabi/4.9.3/../../../../arm-none-eabi/lib/armv7-m\libg_nano.a(lib_a-mprec.o)
                0x00008b08                __mprec_bigtens
 .rodata.p05.5308
                0x00008b30        0xc c:/program files (x86)/cypress/psoc creator/3.3/psoc creator/import/gnu/arm/4.9.3/bin/../lib/gcc/arm-none-eabi/4.9.3/../../../../arm-none-eabi/lib/armv7-m\libg_nano.a(lib_a-mprec.o)
                0x00008b3c                . = ALIGN (0x4)
 *(.init)
 .init          0x00008b3c        0x4 c:/program files (x86)/cypress/psoc creator/3.3/psoc creator/import/gnu/arm/4.9.3/bin/../lib/gcc/arm-none-eabi/4.9.3/armv7-m/crti.o
                0x00008b3c                _init
 .init          0x00008b40        0x8 c:/program files (x86)/cypress/psoc creator/3.3/psoc creator/import/gnu/arm/4.9.3/bin/../lib/gcc/arm-none-eabi/4.9.3/armv7-m/crtn.o
                0x00008b48                . = ALIGN (0x4)
                0x00008b48                __preinit_array_start = .
 *(.preinit_array)
                0x00008b48                __preinit_array_end = .
                0x00008b48                . = ALIGN (0x4)
                0x00008b48                __init_array_start = .
 *(SORT(.init_array.*))
 *(.init_array)
 .init_array    0x00008b48        0x4 c:/program files (x86)/cypress/psoc creator/3.3/psoc creator/import/gnu/arm/4.9.3/bin/../lib/gcc/arm-none-eabi/4.9.3/armv7-m/crtbegin.o
 .init_array    0x00008b4c        0x4 .\CortexM3\ARM_GCC_493\Debug\Cm3Start.o
                0x00008b50                __init_array_end = .
                0x00008b50                . = ALIGN (0x4)
 *(.fini)
 .fini          0x00008b50        0x4 c:/program files (x86)/cypress/psoc creator/3.3/psoc creator/import/gnu/arm/4.9.3/bin/../lib/gcc/arm-none-eabi/4.9.3/armv7-m/crti.o
                0x00008b50                _fini
 .fini          0x00008b54        0x8 c:/program files (x86)/cypress/psoc creator/3.3/psoc creator/import/gnu/arm/4.9.3/bin/../lib/gcc/arm-none-eabi/4.9.3/armv7-m/crtn.o
                0x00008b5c                . = ALIGN (0x4)
                0x00008b5c                __fini_array_start = .
 *(.fini_array)
 .fini_array    0x00008b5c        0x4 c:/program files (x86)/cypress/psoc creator/3.3/psoc creator/import/gnu/arm/4.9.3/bin/../lib/gcc/arm-none-eabi/4.9.3/armv7-m/crtbegin.o
 *(SORT(.fini_array.*))
                0x00008b60                __fini_array_end = .
                0x00008b60                . = ALIGN (0x4)
 *crtbegin.o(.ctors)
 *(EXCLUDE_FILE(*crtend.o) .ctors)
 *(SORT(.ctors.*))
 *crtend.o(.ctors)
                0x00008b60                . = ALIGN (0x4)
 *crtbegin.o(.dtors)
 *(EXCLUDE_FILE(*crtend.o) .dtors)
 *(SORT(.dtors.*))
 *crtend.o(.dtors)
                0x00008b60                . = ALIGN (0x4)
                0x00008b60                __cy_regions = .
                0x00008b60        0x4 LONG 0x8b70 __cy_region_init_ram
                0x00008b64        0x4 LONG 0x1fff8108 __cy_region_start_data
                0x00008b68        0x4 LONG 0xc0 __cy_region_init_size_ram
                0x00008b6c        0x4 LONG 0x85d0 __cy_region_zero_size_ram
                0x00008b70                __cy_regions_end = .
                0x00008b70                . = ALIGN (0x8)
                0x00008b70                _etext = .

.cy_checksum_exclude
                0x00008b70        0x0
 *(.cy_checksum_exclude)

.ramvectors     0x1fff8000      0x100
                0x1fff8000                __cy_region_start_ram = .
 *(.ramvectors)
 .ramvectors    0x1fff8000      0x100 .\CortexM3\ARM_GCC_493\Debug\Cm3Start.o
                0x1fff8000                CyRamVectors

.noinit         0x1fff8100        0x5
 *(.noinit)
 .noinit        0x1fff8100        0x4 .\CortexM3\ARM_GCC_493\Debug\Cm3Start.o
 .noinit        0x1fff8104        0x1 .\CortexM3\ARM_GCC_493\Debug\GuitarHero.a(CyLib.o)
                0x1fff8104                CyResetStatus

.data           0x1fff8108       0xc0 load address 0x00008b70
                0x1fff8108                __cy_region_start_data = .
 *(.jcr)
 .jcr           0x1fff8108        0x0 c:/program files (x86)/cypress/psoc creator/3.3/psoc creator/import/gnu/arm/4.9.3/bin/../lib/gcc/arm-none-eabi/4.9.3/armv7-m/crtbegin.o
 .jcr           0x1fff8108        0x4 c:/program files (x86)/cypress/psoc creator/3.3/psoc creator/import/gnu/arm/4.9.3/bin/../lib/gcc/arm-none-eabi/4.9.3/armv7-m/crtend.o
 *(.got.plt)
 *(.got)
 *(.shdata)
 *(.data .data.* .gnu.linkonce.d.*)
 .data          0x1fff810c        0x4 .\CortexM3\ARM_GCC_493\Debug\Cm3Start.o
 .data          0x1fff8110       0x10 .\CortexM3\ARM_GCC_493\Debug\GuitarHero.a(CyLib.o)
                0x1fff8110                cydelay_32k_ms
                0x1fff8114                cydelay_freq_khz
                0x1fff8118                cydelay_freq_mhz
                0x1fff811c                cydelay_freq_hz
 .data          0x1fff8120        0x4 ..\emFile_V322c\LinkLibrary\PSoC5\GCC\libemf32nosnlfn.a(FAT_Misc.o)
                0x1fff8120                FAT_pDirEntryAPI
 .data.__fdlib_version
                0x1fff8124        0x1 c:/program files (x86)/cypress/psoc creator/3.3/psoc creator/import/gnu/arm/4.9.3/bin/../lib/gcc/arm-none-eabi/4.9.3/../../../../arm-none-eabi/lib/armv7-m\libm.a(lib_a-s_lib_ver.o)
                0x1fff8124                __fdlib_version
 *fill*         0x1fff8125        0x3 
 .data          0x1fff8128        0x4 ..\emFile_V322c\LinkLibrary\PSoC5\GCC\libemf32nosnlfn.a(MMC_Drv.o)
 .data.impure_data
                0x1fff812c       0x60 c:/program files (x86)/cypress/psoc creator/3.3/psoc creator/import/gnu/arm/4.9.3/bin/../lib/gcc/arm-none-eabi/4.9.3/../../../../arm-none-eabi/lib/armv7-m\libg_nano.a(lib_a-impure.o)
 .data._impure_ptr
                0x1fff818c        0x4 c:/program files (x86)/cypress/psoc creator/3.3/psoc creator/import/gnu/arm/4.9.3/bin/../lib/gcc/arm-none-eabi/4.9.3/../../../../arm-none-eabi/lib/armv7-m\libg_nano.a(lib_a-impure.o)
                0x1fff818c                _impure_ptr
 .data.lconv    0x1fff8190       0x38 c:/program files (x86)/cypress/psoc creator/3.3/psoc creator/import/gnu/arm/4.9.3/bin/../lib/gcc/arm-none-eabi/4.9.3/../../../../arm-none-eabi/lib/armv7-m\libg_nano.a(lib_a-locale.o)
                0x1fff81c8                . = ALIGN (0x8)
 *(.ram)
                0x1fff81c8                _edata = .

.igot.plt       0x1fff81c8        0x0 load address 0x00008c30
 .igot.plt      0x00000000        0x0 c:/program files (x86)/cypress/psoc creator/3.3/psoc creator/import/gnu/arm/4.9.3/bin/../lib/gcc/arm-none-eabi/4.9.3/armv7-m/crtbegin.o

.bss            0x1fff81c8     0x85d0 load address 0x00008c30
                0x1fff81c8                PROVIDE (__bss_start__, .)
 *(.shbss)
 *(.bss .bss.* .gnu.linkonce.b.*)
 .bss           0x1fff81c8       0x1c c:/program files (x86)/cypress/psoc creator/3.3/psoc creator/import/gnu/arm/4.9.3/bin/../lib/gcc/arm-none-eabi/4.9.3/armv7-m/crtbegin.o
 .bss           0x1fff81e4      0x410 .\CortexM3\ARM_GCC_493\Debug\sprites.o
 .bss           0x1fff85f4     0x3e80 .\CortexM3\ARM_GCC_493\Debug\game_manager.o
 .bss           0x1fffc474        0x1 .\CortexM3\ARM_GCC_493\Debug\GuitarHero.a(x_DAC.o)
                0x1fffc474                x_DAC_initVar
 .bss           0x1fffc475        0x1 .\CortexM3\ARM_GCC_493\Debug\GuitarHero.a(y_DAC.o)
                0x1fffc475                y_DAC_initVar
 .bss           0x1fffc476        0x1 .\CortexM3\ARM_GCC_493\Debug\GuitarHero.a(BLE_UART.o)
                0x1fffc476                BLE_UART_initVar
 .bss           0x1fffc477        0x2 .\CortexM3\ARM_GCC_493\Debug\GuitarHero.a(LCD.o)
                0x1fffc477                LCD_enableState
                0x1fffc478                LCD_initVar
 .bss           0x1fffc479        0x1 .\CortexM3\ARM_GCC_493\Debug\GuitarHero.a(Audio_DAC.o)
                0x1fffc479                Audio_DAC_initVar
 .bss           0x1fffc47a        0x1 .\CortexM3\ARM_GCC_493\Debug\GuitarHero.a(FPS_Counter.o)
                0x1fffc47a                FPS_Counter_initVar
 *fill*         0x1fffc47b        0x1 
 .bss           0x1fffc47c        0xc ..\emFile_V322c\LinkLibrary\PSoC5\GCC\libemf32nosnlfn.a(FS_Core.o)
 .bss           0x1fffc488     0x1000 .\CortexM3\ARM_GCC_493\Debug\GuitarHero.a(SD_FS_ConfigMMC_SPI.o)
 .bss           0x1fffd488       0x14 ..\emFile_V322c\LinkLibrary\PSoC5\GCC\libemf32nosnlfn.a(MMC_Drv.o)
 .bss           0x1fffd49c        0x1 .\CortexM3\ARM_GCC_493\Debug\GuitarHero.a(SD_FS_MMC_HW_SPI.o)
 .bss           0x1fffd49d        0x1 .\CortexM3\ARM_GCC_493\Debug\GuitarHero.a(SD_FS_SPI0.o)
                0x1fffd49d                SD_FS_SPI0_initVar
 *fill*         0x1fffd49e        0x2 
 .bss.__malloc_sbrk_start
                0x1fffd4a0        0x4 c:/program files (x86)/cypress/psoc creator/3.3/psoc creator/import/gnu/arm/4.9.3/bin/../lib/gcc/arm-none-eabi/4.9.3/../../../../arm-none-eabi/lib/armv7-m\libg_nano.a(lib_a-nano-mallocr.o)
                0x1fffd4a0                __malloc_sbrk_start
 .bss.__malloc_free_list
                0x1fffd4a4        0x4 c:/program files (x86)/cypress/psoc creator/3.3/psoc creator/import/gnu/arm/4.9.3/bin/../lib/gcc/arm-none-eabi/4.9.3/../../../../arm-none-eabi/lib/armv7-m\libg_nano.a(lib_a-nano-mallocr.o)
                0x1fffd4a4                __malloc_free_list
 *(COMMON)
 COMMON         0x1fffd4a8     0x3264 .\CortexM3\ARM_GCC_493\Debug\main.o
                0x1fffd4a8                n_sprites
                0x1fffd4ac                sprites
                0x1fffd6ac                new_flag
                0x1fffd6b0                points
                0x1fffdeb0                buffer_len
                0x1fffdeb8                new_points
                0x1fffe6b8                audio_done
                0x1fffe6bc                n_points
                0x1fffe6c0                play_idx
                0x1fffe6c4                game_state
                0x1fffe6f4                audio_file
                0x1fffe6f8                buffer
                0x200006f8                fill_buffer
                0x200006fc                indicator_countdown
                0x20000704                play_buffer
                0x20000708                new_n_points
 COMMON         0x2000070c       0x88 ..\emFile_V322c\LinkLibrary\PSoC5\GCC\libemf32nosnlfn.a(FS_Core.o)
                0x2000070c                FS_Global
                0x20000790                FS_NumBytesAllocated
 COMMON         0x20000794        0x4 c:/program files (x86)/cypress/psoc creator/3.3/psoc creator/import/gnu/arm/4.9.3/bin/../lib/gcc/arm-none-eabi/4.9.3/../../../../arm-none-eabi/lib/armv7-m\libg_nano.a(lib_a-reent.o)
                0x20000794                errno
                0x20000798                . = ALIGN (0x8)
 *(.ram.b)
                0x20000798                _end = .
                0x20000798                __end = .
                0x20000798                PROVIDE (end, .)
                0x20000798                PROVIDE (__bss_end__, .)
                0x00008b70                __cy_region_init_ram = LOADADDR (.data)
                0x000000c0                __cy_region_init_size_ram = (_edata - ADDR (.data))
                0x000085d0                __cy_region_zero_size_ram = (_end - _edata)

.heap           0x20000798       0x80 load address 0x00008c30
                0x20000798                . = _end
                0x20000818                . = (. + 0x80)
 *fill*         0x20000798       0x80 
                0x20000818                __cy_heap_limit = .

.stack          0x20007800      0x800
                0x20007800                __cy_stack_limit = .
                0x20008000                . = (. + 0x800)
 *fill*         0x20007800      0x800 
                0x00000001                ASSERT ((__cy_stack_limit >= __cy_heap_limit), region RAM overflowed with stack)
                0x00000000                cy_checksum_exclude_size = (CY_APPL_LOADABLE == 0x1)?SIZEOF (.cy_checksum_exclude):0x0
                0x00000001                ASSERT ((cy_checksum_exclude_size <= CY_CHECKSUM_EXCLUDE_SIZE), CY_BOOT: Section .cy_checksum_exclude size exceedes specified limit.)

.cyloadermeta
 *(.cyloadermeta)

.cyloadablemeta
 *(.cyloadablemeta)

.cyconfigecc    0x80000000      0x598
 *(.cyconfigecc)
 .cyconfigecc   0x80000000      0x598 .\CortexM3\ARM_GCC_493\Debug\cymetadata.o
                0x80000000                cy_meta_configecc

.cycustnvl      0x90000000        0x4
 *(.cycustnvl)
 .cycustnvl     0x90000000        0x4 .\CortexM3\ARM_GCC_493\Debug\cymetadata.o
                0x90000000                cy_meta_custnvl

.cywolatch      0x90100000        0x4
 *(.cywolatch)
 .cywolatch     0x90100000        0x4 .\CortexM3\ARM_GCC_493\Debug\cymetadata.o
                0x90100000                cy_meta_wonvl

.cyeeprom       0x90200000        0x0
 *(.cyeeprom)
                0x00000001                ASSERT ((. <= ((0x90200000 + ee_offset) + ee_size)), .cyeeprom data will not fit in EEPROM)

.cyflashprotect
                0x90400000      0x100
 *(.cyflashprotect)
 .cyflashprotect
                0x90400000      0x100 .\CortexM3\ARM_GCC_493\Debug\cymetadata.o
                0x90400000                cy_meta_flashprotect

.cymeta         0x90500000        0xc
 *(.cymeta)
 .cymeta        0x90500000        0xc .\CortexM3\ARM_GCC_493\Debug\cymetadata.o
                0x90500000                cy_metadata

.rel.dyn        0x00008c30        0x0 load address 0x9050000c
 .rel.iplt      0x00000000        0x0 c:/program files (x86)/cypress/psoc creator/3.3/psoc creator/import/gnu/arm/4.9.3/bin/../lib/gcc/arm-none-eabi/4.9.3/armv7-m/crtbegin.o

.stab
 *(.stab)

.stabstr
 *(.stabstr)

.debug
 *(.debug)

.line
 *(.line)

.debug_srcinfo
 *(.debug_srcinfo)

.debug_sfnames
 *(.debug_sfnames)

.debug_aranges  0x00000000      0xca0
 *(.debug_aranges)
 .debug_aranges
                0x00000000       0x60 .\CortexM3\ARM_GCC_493\Debug\main.o
 .debug_aranges
                0x00000060       0x48 .\CortexM3\ARM_GCC_493\Debug\sprites.o
 .debug_aranges
                0x000000a8       0x40 .\CortexM3\ARM_GCC_493\Debug\game_manager.o
 .debug_aranges
                0x000000e8       0x18 .\CortexM3\ARM_GCC_493\Debug\cymetadata.o
 .debug_aranges
                0x00000100       0x48 .\CortexM3\ARM_GCC_493\Debug\Cm3Start.o
 .debug_aranges
                0x00000148       0x58 .\CortexM3\ARM_GCC_493\Debug\GuitarHero.a(cyfitter_cfg.o)
 .debug_aranges
                0x000001a0       0x58 .\CortexM3\ARM_GCC_493\Debug\GuitarHero.a(x_DAC.o)
 .debug_aranges
                0x000001f8       0x58 .\CortexM3\ARM_GCC_493\Debug\GuitarHero.a(y_DAC.o)
 .debug_aranges
                0x00000250       0x20 .\CortexM3\ARM_GCC_493\Debug\GuitarHero.a(CyBootAsmGnu.o)
 .debug_aranges
                0x00000270      0x298 .\CortexM3\ARM_GCC_493\Debug\GuitarHero.a(CyLib.o)
 .debug_aranges
                0x00000508       0x98 .\CortexM3\ARM_GCC_493\Debug\GuitarHero.a(cyPm.o)
 .debug_aranges
                0x000005a0       0x80 .\CortexM3\ARM_GCC_493\Debug\GuitarHero.a(FPS_isr.o)
 .debug_aranges
                0x00000620       0x98 .\CortexM3\ARM_GCC_493\Debug\GuitarHero.a(BLE_UART.o)
 .debug_aranges
                0x000006b8       0x80 .\CortexM3\ARM_GCC_493\Debug\GuitarHero.a(BLE_Rx_isr.o)
 .debug_aranges
                0x00000738       0x98 .\CortexM3\ARM_GCC_493\Debug\GuitarHero.a(LCD.o)
 .debug_aranges
                0x000007d0       0x70 .\CortexM3\ARM_GCC_493\Debug\GuitarHero.a(BLE_UART_IntClock.o)
 .debug_aranges
                0x00000840       0x58 .\CortexM3\ARM_GCC_493\Debug\GuitarHero.a(Audio_DAC.o)
 .debug_aranges
                0x00000898       0x80 .\CortexM3\ARM_GCC_493\Debug\GuitarHero.a(Audio_isr.o)
 .debug_aranges
                0x00000918       0x80 .\CortexM3\ARM_GCC_493\Debug\GuitarHero.a(FPS_Counter.o)
 .debug_aranges
                0x00000998       0x80 .\CortexM3\ARM_GCC_493\Debug\GuitarHero.a(CyFlash.o)
 .debug_aranges
                0x00000a18       0x78 .\CortexM3\ARM_GCC_493\Debug\GuitarHero.a(CySpc.o)
 .debug_aranges
                0x00000a90       0x28 .\CortexM3\ARM_GCC_493\Debug\GuitarHero.a(SD_FS_ConfigMMC_SPI.o)
 .debug_aranges
                0x00000ab8       0x68 .\CortexM3\ARM_GCC_493\Debug\GuitarHero.a(SD_FS_MMC_HW_SPI.o)
 .debug_aranges
                0x00000b20       0xd8 .\CortexM3\ARM_GCC_493\Debug\GuitarHero.a(SD_FS_SPI0.o)
 .debug_aranges
                0x00000bf8       0x70 .\CortexM3\ARM_GCC_493\Debug\GuitarHero.a(SD_FS_Clock_1.o)
 .debug_aranges
                0x00000c68       0x38 .\CortexM3\ARM_GCC_493\Debug\GuitarHero.a(SD_FS_SPI0_CS.o)

.debug_pubnames
 *(.debug_pubnames)

.debug_info     0x00000000     0x78d9
 *(.debug_info .gnu.linkonce.wi.*)
 .debug_info    0x00000000      0xa76 .\CortexM3\ARM_GCC_493\Debug\main.o
 .debug_info    0x00000a76      0x4f9 .\CortexM3\ARM_GCC_493\Debug\sprites.o
 .debug_info    0x00000f6f      0x701 .\CortexM3\ARM_GCC_493\Debug\game_manager.o
 .debug_info    0x00001670      0x13c .\CortexM3\ARM_GCC_493\Debug\cymetadata.o
 .debug_info    0x000017ac      0x3a6 .\CortexM3\ARM_GCC_493\Debug\Cm3Start.o