ARM GAS  C:\Users\User\AppData\Local\Temp\ccZz7ivb.s 			page 1


   1              		.syntax unified
   2              		.cpu cortex-m3
   3              		.fpu softvfp
   4              		.eabi_attribute 20, 1
   5              		.eabi_attribute 21, 1
   6              		.eabi_attribute 23, 3
   7              		.eabi_attribute 24, 1
   8              		.eabi_attribute 25, 1
   9              		.eabi_attribute 26, 1
  10              		.eabi_attribute 30, 1
  11              		.eabi_attribute 34, 1
  12              		.eabi_attribute 18, 4
  13              		.thumb
  14              		.file	"SD_FS_PM.c"
  15              		.text
  16              	.Ltext0:
  17              		.cfi_sections	.debug_frame
  18              		.section	.text.SD_FS_SaveConfig,"ax",%progbits
  19              		.align	2
  20              		.global	SD_FS_SaveConfig
  21              		.thumb
  22              		.thumb_func
  23              		.type	SD_FS_SaveConfig, %function
  24              	SD_FS_SaveConfig:
  25              	.LFB63:
  26              		.file 1 ".\\Generated_Source\\PSoC5\\SD_FS_PM.c"
   1:.\Generated_Source\PSoC5/SD_FS_PM.c **** /*******************************************************************************
   2:.\Generated_Source\PSoC5/SD_FS_PM.c **** * File Name: SD_FS_PM.c
   3:.\Generated_Source\PSoC5/SD_FS_PM.c **** * Version 1.20
   4:.\Generated_Source\PSoC5/SD_FS_PM.c **** *
   5:.\Generated_Source\PSoC5/SD_FS_PM.c **** * Description:
   6:.\Generated_Source\PSoC5/SD_FS_PM.c **** *  This file provides the API source code for Power Management of the emFile
   7:.\Generated_Source\PSoC5/SD_FS_PM.c **** *  component.
   8:.\Generated_Source\PSoC5/SD_FS_PM.c **** *
   9:.\Generated_Source\PSoC5/SD_FS_PM.c **** * Note:
  10:.\Generated_Source\PSoC5/SD_FS_PM.c **** *
  11:.\Generated_Source\PSoC5/SD_FS_PM.c **** *******************************************************************************
  12:.\Generated_Source\PSoC5/SD_FS_PM.c **** * Copyright 2011-2012, Cypress Semiconductor Corporation.  All rights reserved.
  13:.\Generated_Source\PSoC5/SD_FS_PM.c **** * You may use this file only in accordance with the license, terms, conditions,
  14:.\Generated_Source\PSoC5/SD_FS_PM.c **** * disclaimers, and limitations in the end user license agreement accompanying
  15:.\Generated_Source\PSoC5/SD_FS_PM.c **** * the software package with which this file was provided.
  16:.\Generated_Source\PSoC5/SD_FS_PM.c **** *******************************************************************************/
  17:.\Generated_Source\PSoC5/SD_FS_PM.c **** 
  18:.\Generated_Source\PSoC5/SD_FS_PM.c **** #include <project.h>
  19:.\Generated_Source\PSoC5/SD_FS_PM.c **** #include "SD_FS.h"
  20:.\Generated_Source\PSoC5/SD_FS_PM.c **** 
  21:.\Generated_Source\PSoC5/SD_FS_PM.c **** 
  22:.\Generated_Source\PSoC5/SD_FS_PM.c **** /*******************************************************************************
  23:.\Generated_Source\PSoC5/SD_FS_PM.c **** * Function Name: SD_FS_SaveConfig
  24:.\Generated_Source\PSoC5/SD_FS_PM.c **** ********************************************************************************
  25:.\Generated_Source\PSoC5/SD_FS_PM.c **** *
  26:.\Generated_Source\PSoC5/SD_FS_PM.c **** * Summary:
  27:.\Generated_Source\PSoC5/SD_FS_PM.c **** *  Saves SPI Masters configuration.
  28:.\Generated_Source\PSoC5/SD_FS_PM.c **** *
  29:.\Generated_Source\PSoC5/SD_FS_PM.c **** * Parameters:
  30:.\Generated_Source\PSoC5/SD_FS_PM.c **** *  None
  31:.\Generated_Source\PSoC5/SD_FS_PM.c **** *
ARM GAS  C:\Users\User\AppData\Local\Temp\ccZz7ivb.s 			page 2


  32:.\Generated_Source\PSoC5/SD_FS_PM.c **** * Return:
  33:.\Generated_Source\PSoC5/SD_FS_PM.c **** *  None
  34:.\Generated_Source\PSoC5/SD_FS_PM.c **** *
  35:.\Generated_Source\PSoC5/SD_FS_PM.c **** * Reentrant:
  36:.\Generated_Source\PSoC5/SD_FS_PM.c **** *  No
  37:.\Generated_Source\PSoC5/SD_FS_PM.c **** *
  38:.\Generated_Source\PSoC5/SD_FS_PM.c **** *******************************************************************************/
  39:.\Generated_Source\PSoC5/SD_FS_PM.c **** void SD_FS_SaveConfig(void) 
  40:.\Generated_Source\PSoC5/SD_FS_PM.c **** {
  27              		.loc 1 40 0
  28              		.cfi_startproc
  29              		@ args = 0, pretend = 0, frame = 0
  30              		@ frame_needed = 0, uses_anonymous_args = 0
  31 0000 08B5     		push	{r3, lr}
  32              		.cfi_def_cfa_offset 8
  33              		.cfi_offset 3, -8
  34              		.cfi_offset 14, -4
  41:.\Generated_Source\PSoC5/SD_FS_PM.c ****     #if(SD_FS_NUMBER_SD_CARDS == 4u)
  42:.\Generated_Source\PSoC5/SD_FS_PM.c ****         SD_FS_SPI0_SaveConfig();
  43:.\Generated_Source\PSoC5/SD_FS_PM.c ****         SD_FS_SPI1_SaveConfig();
  44:.\Generated_Source\PSoC5/SD_FS_PM.c ****         SD_FS_SPI2_SaveConfig();
  45:.\Generated_Source\PSoC5/SD_FS_PM.c ****         SD_FS_SPI3_SaveConfig();
  46:.\Generated_Source\PSoC5/SD_FS_PM.c ****     #elif(SD_FS_NUMBER_SD_CARDS == 3u)
  47:.\Generated_Source\PSoC5/SD_FS_PM.c ****         SD_FS_SPI0_SaveConfig();
  48:.\Generated_Source\PSoC5/SD_FS_PM.c ****         SD_FS_SPI1_SaveConfig();
  49:.\Generated_Source\PSoC5/SD_FS_PM.c ****         SD_FS_SPI2_SaveConfig();
  50:.\Generated_Source\PSoC5/SD_FS_PM.c ****     #elif(SD_FS_NUMBER_SD_CARDS == 2u)
  51:.\Generated_Source\PSoC5/SD_FS_PM.c ****         SD_FS_SPI0_SaveConfig();
  52:.\Generated_Source\PSoC5/SD_FS_PM.c ****         SD_FS_SPI1_SaveConfig();
  53:.\Generated_Source\PSoC5/SD_FS_PM.c ****     #else
  54:.\Generated_Source\PSoC5/SD_FS_PM.c ****         SD_FS_SPI0_SaveConfig();
  35              		.loc 1 54 0
  36 0002 FFF7FEFF 		bl	SD_FS_SPI0_SaveConfig
  37              	.LVL0:
  38 0006 08BD     		pop	{r3, pc}
  39              		.cfi_endproc
  40              	.LFE63:
  41              		.size	SD_FS_SaveConfig, .-SD_FS_SaveConfig
  42              		.section	.text.SD_FS_RestoreConfig,"ax",%progbits
  43              		.align	2
  44              		.global	SD_FS_RestoreConfig
  45              		.thumb
  46              		.thumb_func
  47              		.type	SD_FS_RestoreConfig, %function
  48              	SD_FS_RestoreConfig:
  49              	.LFB64:
  55:.\Generated_Source\PSoC5/SD_FS_PM.c ****     #endif /* (SD_FS_NUMBER_SD_CARDS == 4u) */
  56:.\Generated_Source\PSoC5/SD_FS_PM.c **** }
  57:.\Generated_Source\PSoC5/SD_FS_PM.c **** 
  58:.\Generated_Source\PSoC5/SD_FS_PM.c **** 
  59:.\Generated_Source\PSoC5/SD_FS_PM.c **** /*******************************************************************************
  60:.\Generated_Source\PSoC5/SD_FS_PM.c **** * Function Name: SD_FS_RestoreConfig
  61:.\Generated_Source\PSoC5/SD_FS_PM.c **** ********************************************************************************
  62:.\Generated_Source\PSoC5/SD_FS_PM.c **** *
  63:.\Generated_Source\PSoC5/SD_FS_PM.c **** * Summary:
  64:.\Generated_Source\PSoC5/SD_FS_PM.c **** *  Restores SPI Masters configuration.
  65:.\Generated_Source\PSoC5/SD_FS_PM.c **** *
ARM GAS  C:\Users\User\AppData\Local\Temp\ccZz7ivb.s 			page 3


  66:.\Generated_Source\PSoC5/SD_FS_PM.c **** * Parameters:
  67:.\Generated_Source\PSoC5/SD_FS_PM.c **** *  None
  68:.\Generated_Source\PSoC5/SD_FS_PM.c **** *
  69:.\Generated_Source\PSoC5/SD_FS_PM.c **** * Return:
  70:.\Generated_Source\PSoC5/SD_FS_PM.c **** *  None
  71:.\Generated_Source\PSoC5/SD_FS_PM.c **** *
  72:.\Generated_Source\PSoC5/SD_FS_PM.c **** * Side Effects:
  73:.\Generated_Source\PSoC5/SD_FS_PM.c **** *  If this API is called without first calling SaveConfig then in the following
  74:.\Generated_Source\PSoC5/SD_FS_PM.c **** *  registers will be default values from Customizer:
  75:.\Generated_Source\PSoC5/SD_FS_PM.c **** *
  76:.\Generated_Source\PSoC5/SD_FS_PM.c **** *******************************************************************************/
  77:.\Generated_Source\PSoC5/SD_FS_PM.c **** void SD_FS_RestoreConfig(void) 
  78:.\Generated_Source\PSoC5/SD_FS_PM.c **** {
  50              		.loc 1 78 0
  51              		.cfi_startproc
  52              		@ args = 0, pretend = 0, frame = 0
  53              		@ frame_needed = 0, uses_anonymous_args = 0
  54 0000 08B5     		push	{r3, lr}
  55              		.cfi_def_cfa_offset 8
  56              		.cfi_offset 3, -8
  57              		.cfi_offset 14, -4
  79:.\Generated_Source\PSoC5/SD_FS_PM.c ****     #if(SD_FS_NUMBER_SD_CARDS == 4u)
  80:.\Generated_Source\PSoC5/SD_FS_PM.c ****         SD_FS_SPI0_RestoreConfig();
  81:.\Generated_Source\PSoC5/SD_FS_PM.c ****         SD_FS_SPI1_RestoreConfig();
  82:.\Generated_Source\PSoC5/SD_FS_PM.c ****         SD_FS_SPI2_RestoreConfig();
  83:.\Generated_Source\PSoC5/SD_FS_PM.c ****         SD_FS_SPI3_RestoreConfig();
  84:.\Generated_Source\PSoC5/SD_FS_PM.c ****     #elif(SD_FS_NUMBER_SD_CARDS == 3u)
  85:.\Generated_Source\PSoC5/SD_FS_PM.c ****         SD_FS_SPI0_SaveConfig();
  86:.\Generated_Source\PSoC5/SD_FS_PM.c ****         SD_FS_SPI1_SaveConfig();
  87:.\Generated_Source\PSoC5/SD_FS_PM.c ****         SD_FS_SPI2_SaveConfig();
  88:.\Generated_Source\PSoC5/SD_FS_PM.c ****     #elif(SD_FS_NUMBER_SD_CARDS == 2u)
  89:.\Generated_Source\PSoC5/SD_FS_PM.c ****         SD_FS_SPI0_SaveConfig();
  90:.\Generated_Source\PSoC5/SD_FS_PM.c ****         SD_FS_SPI1_SaveConfig();
  91:.\Generated_Source\PSoC5/SD_FS_PM.c ****     #else
  92:.\Generated_Source\PSoC5/SD_FS_PM.c ****         SD_FS_SPI0_SaveConfig();
  58              		.loc 1 92 0
  59 0002 FFF7FEFF 		bl	SD_FS_SPI0_SaveConfig
  60              	.LVL1:
  61 0006 08BD     		pop	{r3, pc}
  62              		.cfi_endproc
  63              	.LFE64:
  64              		.size	SD_FS_RestoreConfig, .-SD_FS_RestoreConfig
  65              		.section	.text.SD_FS_Sleep,"ax",%progbits
  66              		.align	2
  67              		.global	SD_FS_Sleep
  68              		.thumb
  69              		.thumb_func
  70              		.type	SD_FS_Sleep, %function
  71              	SD_FS_Sleep:
  72              	.LFB65:
  93:.\Generated_Source\PSoC5/SD_FS_PM.c ****     #endif /* (SD_FS_NUMBER_SD_CARDS == 4u) */
  94:.\Generated_Source\PSoC5/SD_FS_PM.c **** }
  95:.\Generated_Source\PSoC5/SD_FS_PM.c **** 
  96:.\Generated_Source\PSoC5/SD_FS_PM.c **** 
  97:.\Generated_Source\PSoC5/SD_FS_PM.c **** /*******************************************************************************
  98:.\Generated_Source\PSoC5/SD_FS_PM.c **** * Function Name: SD_FS_Sleep
  99:.\Generated_Source\PSoC5/SD_FS_PM.c **** ********************************************************************************
ARM GAS  C:\Users\User\AppData\Local\Temp\ccZz7ivb.s 			page 4


 100:.\Generated_Source\PSoC5/SD_FS_PM.c **** *
 101:.\Generated_Source\PSoC5/SD_FS_PM.c **** * Summary:
 102:.\Generated_Source\PSoC5/SD_FS_PM.c **** *  Prepare emFile to go to sleep.
 103:.\Generated_Source\PSoC5/SD_FS_PM.c **** *
 104:.\Generated_Source\PSoC5/SD_FS_PM.c **** * Parameters:
 105:.\Generated_Source\PSoC5/SD_FS_PM.c **** *  None
 106:.\Generated_Source\PSoC5/SD_FS_PM.c **** *
 107:.\Generated_Source\PSoC5/SD_FS_PM.c **** * Return:
 108:.\Generated_Source\PSoC5/SD_FS_PM.c **** *  None
 109:.\Generated_Source\PSoC5/SD_FS_PM.c **** *
 110:.\Generated_Source\PSoC5/SD_FS_PM.c **** * Reentrant:
 111:.\Generated_Source\PSoC5/SD_FS_PM.c **** *  No
 112:.\Generated_Source\PSoC5/SD_FS_PM.c **** *
 113:.\Generated_Source\PSoC5/SD_FS_PM.c **** *******************************************************************************/
 114:.\Generated_Source\PSoC5/SD_FS_PM.c **** void SD_FS_Sleep(void) 
 115:.\Generated_Source\PSoC5/SD_FS_PM.c **** {
  73              		.loc 1 115 0
  74              		.cfi_startproc
  75              		@ args = 0, pretend = 0, frame = 0
  76              		@ frame_needed = 0, uses_anonymous_args = 0
  77 0000 08B5     		push	{r3, lr}
  78              		.cfi_def_cfa_offset 8
  79              		.cfi_offset 3, -8
  80              		.cfi_offset 14, -4
 116:.\Generated_Source\PSoC5/SD_FS_PM.c ****     #if(SD_FS_NUMBER_SD_CARDS == 4u)
 117:.\Generated_Source\PSoC5/SD_FS_PM.c ****         SD_FS_SPI0_Sleep();
 118:.\Generated_Source\PSoC5/SD_FS_PM.c ****         SD_FS_SPI1_Sleep();
 119:.\Generated_Source\PSoC5/SD_FS_PM.c ****         SD_FS_SPI2_Sleep();
 120:.\Generated_Source\PSoC5/SD_FS_PM.c ****         SD_FS_SPI3_Sleep();
 121:.\Generated_Source\PSoC5/SD_FS_PM.c ****     #elif(SD_FS_NUMBER_SD_CARDS == 3u)
 122:.\Generated_Source\PSoC5/SD_FS_PM.c ****         SD_FS_SPI0_Sleep();
 123:.\Generated_Source\PSoC5/SD_FS_PM.c ****         SD_FS_SPI1_Sleep();
 124:.\Generated_Source\PSoC5/SD_FS_PM.c ****         SD_FS_SPI2_Sleep();
 125:.\Generated_Source\PSoC5/SD_FS_PM.c ****     #elif(SD_FS_NUMBER_SD_CARDS == 2u)
 126:.\Generated_Source\PSoC5/SD_FS_PM.c ****         SD_FS_SPI0_Sleep();
 127:.\Generated_Source\PSoC5/SD_FS_PM.c ****         SD_FS_SPI1_Sleep();
 128:.\Generated_Source\PSoC5/SD_FS_PM.c ****     #else
 129:.\Generated_Source\PSoC5/SD_FS_PM.c ****         SD_FS_SPI0_Sleep();
  81              		.loc 1 129 0
  82 0002 FFF7FEFF 		bl	SD_FS_SPI0_Sleep
  83              	.LVL2:
  84 0006 08BD     		pop	{r3, pc}
  85              		.cfi_endproc
  86              	.LFE65:
  87              		.size	SD_FS_Sleep, .-SD_FS_Sleep
  88              		.section	.text.SD_FS_Wakeup,"ax",%progbits
  89              		.align	2
  90              		.global	SD_FS_Wakeup
  91              		.thumb
  92              		.thumb_func
  93              		.type	SD_FS_Wakeup, %function
  94              	SD_FS_Wakeup:
  95              	.LFB66:
 130:.\Generated_Source\PSoC5/SD_FS_PM.c ****     #endif /* (SD_FS_NUMBER_SD_CARDS == 4u) */
 131:.\Generated_Source\PSoC5/SD_FS_PM.c **** }
 132:.\Generated_Source\PSoC5/SD_FS_PM.c **** 
 133:.\Generated_Source\PSoC5/SD_FS_PM.c **** 
ARM GAS  C:\Users\User\AppData\Local\Temp\ccZz7ivb.s 			page 5


 134:.\Generated_Source\PSoC5/SD_FS_PM.c **** /*******************************************************************************
 135:.\Generated_Source\PSoC5/SD_FS_PM.c **** * Function Name: SD_FS_Wakeup
 136:.\Generated_Source\PSoC5/SD_FS_PM.c **** ********************************************************************************
 137:.\Generated_Source\PSoC5/SD_FS_PM.c **** *
 138:.\Generated_Source\PSoC5/SD_FS_PM.c **** * Summary:
 139:.\Generated_Source\PSoC5/SD_FS_PM.c **** *  Prepare SPIM Components to wake up.
 140:.\Generated_Source\PSoC5/SD_FS_PM.c **** *
 141:.\Generated_Source\PSoC5/SD_FS_PM.c **** * Parameters:
 142:.\Generated_Source\PSoC5/SD_FS_PM.c **** *  None
 143:.\Generated_Source\PSoC5/SD_FS_PM.c **** *
 144:.\Generated_Source\PSoC5/SD_FS_PM.c **** * Return:
 145:.\Generated_Source\PSoC5/SD_FS_PM.c **** *  None
 146:.\Generated_Source\PSoC5/SD_FS_PM.c **** *
 147:.\Generated_Source\PSoC5/SD_FS_PM.c **** * Reentrant:
 148:.\Generated_Source\PSoC5/SD_FS_PM.c **** *  No
 149:.\Generated_Source\PSoC5/SD_FS_PM.c **** *
 150:.\Generated_Source\PSoC5/SD_FS_PM.c **** *******************************************************************************/
 151:.\Generated_Source\PSoC5/SD_FS_PM.c **** void SD_FS_Wakeup(void) 
 152:.\Generated_Source\PSoC5/SD_FS_PM.c **** {
  96              		.loc 1 152 0
  97              		.cfi_startproc
  98              		@ args = 0, pretend = 0, frame = 0
  99              		@ frame_needed = 0, uses_anonymous_args = 0
 100 0000 08B5     		push	{r3, lr}
 101              		.cfi_def_cfa_offset 8
 102              		.cfi_offset 3, -8
 103              		.cfi_offset 14, -4
 153:.\Generated_Source\PSoC5/SD_FS_PM.c ****     #if(SD_FS_NUMBER_SD_CARDS == 4u)
 154:.\Generated_Source\PSoC5/SD_FS_PM.c ****         SD_FS_SPI0_Wakeup();
 155:.\Generated_Source\PSoC5/SD_FS_PM.c ****         SD_FS_SPI1_Wakeup();
 156:.\Generated_Source\PSoC5/SD_FS_PM.c ****         SD_FS_SPI2_Wakeup();
 157:.\Generated_Source\PSoC5/SD_FS_PM.c ****         SD_FS_SPI3_Wakeup();
 158:.\Generated_Source\PSoC5/SD_FS_PM.c ****     #elif(SD_FS_NUMBER_SD_CARDS == 3u)
 159:.\Generated_Source\PSoC5/SD_FS_PM.c ****         SD_FS_SPI0_Wakeup();
 160:.\Generated_Source\PSoC5/SD_FS_PM.c ****         SD_FS_SPI1_Wakeup();
 161:.\Generated_Source\PSoC5/SD_FS_PM.c ****         SD_FS_SPI2_Wakeup();
 162:.\Generated_Source\PSoC5/SD_FS_PM.c ****     #elif(SD_FS_NUMBER_SD_CARDS == 2u)
 163:.\Generated_Source\PSoC5/SD_FS_PM.c ****         SD_FS_SPI0_Wakeup();
 164:.\Generated_Source\PSoC5/SD_FS_PM.c ****         SD_FS_SPI1_Wakeup();
 165:.\Generated_Source\PSoC5/SD_FS_PM.c ****     #else
 166:.\Generated_Source\PSoC5/SD_FS_PM.c ****         SD_FS_SPI0_Wakeup();
 104              		.loc 1 166 0
 105 0002 FFF7FEFF 		bl	SD_FS_SPI0_Wakeup
 106              	.LVL3:
 107 0006 08BD     		pop	{r3, pc}
 108              		.cfi_endproc
 109              	.LFE66:
 110              		.size	SD_FS_Wakeup, .-SD_FS_Wakeup
 111              		.text
 112              	.Letext0:
 113              		.file 2 "c:\\program files (x86)\\cypress\\psoc creator\\3.3\\psoc creator\\import\\gnu\\arm\\4.9.
 114              		.file 3 "c:\\program files (x86)\\cypress\\psoc creator\\3.3\\psoc creator\\import\\gnu\\arm\\4.9.
 115              		.file 4 "Generated_Source\\PSoC5/SD_FS_SPI0.h"
 116              		.file 5 "Generated_Source\\PSoC5/core_cm3.h"
 117              		.section	.debug_info,"",%progbits
 118              	.Ldebug_info0:
 119 0000 43010000 		.4byte	0x143
ARM GAS  C:\Users\User\AppData\Local\Temp\ccZz7ivb.s 			page 6


 120 0004 0400     		.2byte	0x4
 121 0006 00000000 		.4byte	.Ldebug_abbrev0
 122 000a 04       		.byte	0x4
 123 000b 01       		.uleb128 0x1
 124 000c 9E000000 		.4byte	.LASF23
 125 0010 01       		.byte	0x1
 126 0011 64010000 		.4byte	.LASF24
 127 0015 D8010000 		.4byte	.LASF25
 128 0019 00000000 		.4byte	.Ldebug_ranges0+0
 129 001d 00000000 		.4byte	0
 130 0021 00000000 		.4byte	.Ldebug_line0
 131 0025 02       		.uleb128 0x2
 132 0026 01       		.byte	0x1
 133 0027 06       		.byte	0x6
 134 0028 3A000000 		.4byte	.LASF0
 135 002c 02       		.uleb128 0x2
 136 002d 01       		.byte	0x1
 137 002e 08       		.byte	0x8
 138 002f 2C000000 		.4byte	.LASF1
 139 0033 02       		.uleb128 0x2
 140 0034 02       		.byte	0x2
 141 0035 05       		.byte	0x5
 142 0036 88010000 		.4byte	.LASF2
 143 003a 02       		.uleb128 0x2
 144 003b 02       		.byte	0x2
 145 003c 07       		.byte	0x7
 146 003d 8B000000 		.4byte	.LASF3
 147 0041 03       		.uleb128 0x3
 148 0042 C8010000 		.4byte	.LASF9
 149 0046 02       		.byte	0x2
 150 0047 3F       		.byte	0x3f
 151 0048 4C000000 		.4byte	0x4c
 152 004c 02       		.uleb128 0x2
 153 004d 04       		.byte	0x4
 154 004e 05       		.byte	0x5
 155 004f 5B010000 		.4byte	.LASF4
 156 0053 02       		.uleb128 0x2
 157 0054 04       		.byte	0x4
 158 0055 07       		.byte	0x7
 159 0056 62000000 		.4byte	.LASF5
 160 005a 02       		.uleb128 0x2
 161 005b 08       		.byte	0x8
 162 005c 05       		.byte	0x5
 163 005d 00000000 		.4byte	.LASF6
 164 0061 02       		.uleb128 0x2
 165 0062 08       		.byte	0x8
 166 0063 07       		.byte	0x7
 167 0064 74000000 		.4byte	.LASF7
 168 0068 04       		.uleb128 0x4
 169 0069 04       		.byte	0x4
 170 006a 05       		.byte	0x5
 171 006b 696E7400 		.ascii	"int\000"
 172 006f 02       		.uleb128 0x2
 173 0070 04       		.byte	0x4
 174 0071 07       		.byte	0x7
 175 0072 1F000000 		.4byte	.LASF8
 176 0076 03       		.uleb128 0x3
ARM GAS  C:\Users\User\AppData\Local\Temp\ccZz7ivb.s 			page 7


 177 0077 5A000000 		.4byte	.LASF10
 178 007b 03       		.byte	0x3
 179 007c 2C       		.byte	0x2c
 180 007d 41000000 		.4byte	0x41
 181 0081 02       		.uleb128 0x2
 182 0082 04       		.byte	0x4
 183 0083 04       		.byte	0x4
 184 0084 D2010000 		.4byte	.LASF11
 185 0088 02       		.uleb128 0x2
 186 0089 08       		.byte	0x8
 187 008a 04       		.byte	0x4
 188 008b 92010000 		.4byte	.LASF12
 189 008f 02       		.uleb128 0x2
 190 0090 01       		.byte	0x1
 191 0091 08       		.byte	0x8
 192 0092 56010000 		.4byte	.LASF13
 193 0096 02       		.uleb128 0x2
 194 0097 08       		.byte	0x8
 195 0098 04       		.byte	0x4
 196 0099 BC010000 		.4byte	.LASF14
 197 009d 02       		.uleb128 0x2
 198 009e 04       		.byte	0x4
 199 009f 07       		.byte	0x7
 200 00a0 42020000 		.4byte	.LASF15
 201 00a4 05       		.uleb128 0x5
 202 00a5 31020000 		.4byte	.LASF16
 203 00a9 01       		.byte	0x1
 204 00aa 27       		.byte	0x27
 205 00ab 00000000 		.4byte	.LFB63
 206 00af 08000000 		.4byte	.LFE63-.LFB63
 207 00b3 01       		.uleb128 0x1
 208 00b4 9C       		.byte	0x9c
 209 00b5 C3000000 		.4byte	0xc3
 210 00b9 06       		.uleb128 0x6
 211 00ba 06000000 		.4byte	.LVL0
 212 00be 31010000 		.4byte	0x131
 213 00c2 00       		.byte	0
 214 00c3 05       		.uleb128 0x5
 215 00c4 46000000 		.4byte	.LASF17
 216 00c8 01       		.byte	0x1
 217 00c9 4D       		.byte	0x4d
 218 00ca 00000000 		.4byte	.LFB64
 219 00ce 08000000 		.4byte	.LFE64-.LFB64
 220 00d2 01       		.uleb128 0x1
 221 00d3 9C       		.byte	0x9c
 222 00d4 E2000000 		.4byte	0xe2
 223 00d8 06       		.uleb128 0x6
 224 00d9 06000000 		.4byte	.LVL1
 225 00dd 31010000 		.4byte	0x131
 226 00e1 00       		.byte	0
 227 00e2 05       		.uleb128 0x5
 228 00e3 25020000 		.4byte	.LASF18
 229 00e7 01       		.byte	0x1
 230 00e8 72       		.byte	0x72
 231 00e9 00000000 		.4byte	.LFB65
 232 00ed 08000000 		.4byte	.LFE65-.LFB65
 233 00f1 01       		.uleb128 0x1
ARM GAS  C:\Users\User\AppData\Local\Temp\ccZz7ivb.s 			page 8


 234 00f2 9C       		.byte	0x9c
 235 00f3 01010000 		.4byte	0x101
 236 00f7 06       		.uleb128 0x6
 237 00f8 06000000 		.4byte	.LVL2
 238 00fc 38010000 		.4byte	0x138
 239 0100 00       		.byte	0
 240 0101 05       		.uleb128 0x5
 241 0102 49010000 		.4byte	.LASF19
 242 0106 01       		.byte	0x1
 243 0107 97       		.byte	0x97
 244 0108 00000000 		.4byte	.LFB66
 245 010c 08000000 		.4byte	.LFE66-.LFB66
 246 0110 01       		.uleb128 0x1
 247 0111 9C       		.byte	0x9c
 248 0112 20010000 		.4byte	0x120
 249 0116 06       		.uleb128 0x6
 250 0117 06000000 		.4byte	.LVL3
 251 011b 3F010000 		.4byte	0x13f
 252 011f 00       		.byte	0
 253 0120 07       		.uleb128 0x7
 254 0121 99010000 		.4byte	.LASF26
 255 0125 05       		.byte	0x5
 256 0126 9606     		.2byte	0x696
 257 0128 2C010000 		.4byte	0x12c
 258 012c 08       		.uleb128 0x8
 259 012d 76000000 		.4byte	0x76
 260 0131 09       		.uleb128 0x9
 261 0132 A6010000 		.4byte	.LASF20
 262 0136 04       		.byte	0x4
 263 0137 62       		.byte	0x62
 264 0138 09       		.uleb128 0x9
 265 0139 0E000000 		.4byte	.LASF21
 266 013d 04       		.byte	0x4
 267 013e 60       		.byte	0x60
 268 013f 09       		.uleb128 0x9
 269 0140 37010000 		.4byte	.LASF22
 270 0144 04       		.byte	0x4
 271 0145 61       		.byte	0x61
 272 0146 00       		.byte	0
 273              		.section	.debug_abbrev,"",%progbits
 274              	.Ldebug_abbrev0:
 275 0000 01       		.uleb128 0x1
 276 0001 11       		.uleb128 0x11
 277 0002 01       		.byte	0x1
 278 0003 25       		.uleb128 0x25
 279 0004 0E       		.uleb128 0xe
 280 0005 13       		.uleb128 0x13
 281 0006 0B       		.uleb128 0xb
 282 0007 03       		.uleb128 0x3
 283 0008 0E       		.uleb128 0xe
 284 0009 1B       		.uleb128 0x1b
 285 000a 0E       		.uleb128 0xe
 286 000b 55       		.uleb128 0x55
 287 000c 17       		.uleb128 0x17
 288 000d 11       		.uleb128 0x11
 289 000e 01       		.uleb128 0x1
 290 000f 10       		.uleb128 0x10
ARM GAS  C:\Users\User\AppData\Local\Temp\ccZz7ivb.s 			page 9


 291 0010 17       		.uleb128 0x17
 292 0011 00       		.byte	0
 293 0012 00       		.byte	0
 294 0013 02       		.uleb128 0x2
 295 0014 24       		.uleb128 0x24
 296 0015 00       		.byte	0
 297 0016 0B       		.uleb128 0xb
 298 0017 0B       		.uleb128 0xb
 299 0018 3E       		.uleb128 0x3e
 300 0019 0B       		.uleb128 0xb
 301 001a 03       		.uleb128 0x3
 302 001b 0E       		.uleb128 0xe
 303 001c 00       		.byte	0
 304 001d 00       		.byte	0
 305 001e 03       		.uleb128 0x3
 306 001f 16       		.uleb128 0x16
 307 0020 00       		.byte	0
 308 0021 03       		.uleb128 0x3
 309 0022 0E       		.uleb128 0xe
 310 0023 3A       		.uleb128 0x3a
 311 0024 0B       		.uleb128 0xb
 312 0025 3B       		.uleb128 0x3b
 313 0026 0B       		.uleb128 0xb
 314 0027 49       		.uleb128 0x49
 315 0028 13       		.uleb128 0x13
 316 0029 00       		.byte	0
 317 002a 00       		.byte	0
 318 002b 04       		.uleb128 0x4
 319 002c 24       		.uleb128 0x24
 320 002d 00       		.byte	0
 321 002e 0B       		.uleb128 0xb
 322 002f 0B       		.uleb128 0xb
 323 0030 3E       		.uleb128 0x3e
 324 0031 0B       		.uleb128 0xb
 325 0032 03       		.uleb128 0x3
 326 0033 08       		.uleb128 0x8
 327 0034 00       		.byte	0
 328 0035 00       		.byte	0
 329 0036 05       		.uleb128 0x5
 330 0037 2E       		.uleb128 0x2e
 331 0038 01       		.byte	0x1
 332 0039 3F       		.uleb128 0x3f
 333 003a 19       		.uleb128 0x19
 334 003b 03       		.uleb128 0x3
 335 003c 0E       		.uleb128 0xe
 336 003d 3A       		.uleb128 0x3a
 337 003e 0B       		.uleb128 0xb
 338 003f 3B       		.uleb128 0x3b
 339 0040 0B       		.uleb128 0xb
 340 0041 27       		.uleb128 0x27
 341 0042 19       		.uleb128 0x19
 342 0043 11       		.uleb128 0x11
 343 0044 01       		.uleb128 0x1
 344 0045 12       		.uleb128 0x12
 345 0046 06       		.uleb128 0x6
 346 0047 40       		.uleb128 0x40
 347 0048 18       		.uleb128 0x18
ARM GAS  C:\Users\User\AppData\Local\Temp\ccZz7ivb.s 			page 10


 348 0049 9742     		.uleb128 0x2117
 349 004b 19       		.uleb128 0x19
 350 004c 01       		.uleb128 0x1
 351 004d 13       		.uleb128 0x13
 352 004e 00       		.byte	0
 353 004f 00       		.byte	0
 354 0050 06       		.uleb128 0x6
 355 0051 898201   		.uleb128 0x4109
 356 0054 00       		.byte	0
 357 0055 11       		.uleb128 0x11
 358 0056 01       		.uleb128 0x1
 359 0057 31       		.uleb128 0x31
 360 0058 13       		.uleb128 0x13
 361 0059 00       		.byte	0
 362 005a 00       		.byte	0
 363 005b 07       		.uleb128 0x7
 364 005c 34       		.uleb128 0x34
 365 005d 00       		.byte	0
 366 005e 03       		.uleb128 0x3
 367 005f 0E       		.uleb128 0xe
 368 0060 3A       		.uleb128 0x3a
 369 0061 0B       		.uleb128 0xb
 370 0062 3B       		.uleb128 0x3b
 371 0063 05       		.uleb128 0x5
 372 0064 49       		.uleb128 0x49
 373 0065 13       		.uleb128 0x13
 374 0066 3F       		.uleb128 0x3f
 375 0067 19       		.uleb128 0x19
 376 0068 3C       		.uleb128 0x3c
 377 0069 19       		.uleb128 0x19
 378 006a 00       		.byte	0
 379 006b 00       		.byte	0
 380 006c 08       		.uleb128 0x8
 381 006d 35       		.uleb128 0x35
 382 006e 00       		.byte	0
 383 006f 49       		.uleb128 0x49
 384 0070 13       		.uleb128 0x13
 385 0071 00       		.byte	0
 386 0072 00       		.byte	0
 387 0073 09       		.uleb128 0x9
 388 0074 2E       		.uleb128 0x2e
 389 0075 00       		.byte	0
 390 0076 3F       		.uleb128 0x3f
 391 0077 19       		.uleb128 0x19
 392 0078 03       		.uleb128 0x3
 393 0079 0E       		.uleb128 0xe
 394 007a 3A       		.uleb128 0x3a
 395 007b 0B       		.uleb128 0xb
 396 007c 3B       		.uleb128 0x3b
 397 007d 0B       		.uleb128 0xb
 398 007e 27       		.uleb128 0x27
 399 007f 19       		.uleb128 0x19
 400 0080 3C       		.uleb128 0x3c
 401 0081 19       		.uleb128 0x19
 402 0082 00       		.byte	0
 403 0083 00       		.byte	0
 404 0084 00       		.byte	0
ARM GAS  C:\Users\User\AppData\Local\Temp\ccZz7ivb.s 			page 11


 405              		.section	.debug_aranges,"",%progbits
 406 0000 34000000 		.4byte	0x34
 407 0004 0200     		.2byte	0x2
 408 0006 00000000 		.4byte	.Ldebug_info0
 409 000a 04       		.byte	0x4
 410 000b 00       		.byte	0
 411 000c 0000     		.2byte	0
 412 000e 0000     		.2byte	0
 413 0010 00000000 		.4byte	.LFB63
 414 0014 08000000 		.4byte	.LFE63-.LFB63
 415 0018 00000000 		.4byte	.LFB64
 416 001c 08000000 		.4byte	.LFE64-.LFB64
 417 0020 00000000 		.4byte	.LFB65
 418 0024 08000000 		.4byte	.LFE65-.LFB65
 419 0028 00000000 		.4byte	.LFB66
 420 002c 08000000 		.4byte	.LFE66-.LFB66
 421 0030 00000000 		.4byte	0
 422 0034 00000000 		.4byte	0
 423              		.section	.debug_ranges,"",%progbits
 424              	.Ldebug_ranges0:
 425 0000 00000000 		.4byte	.LFB63
 426 0004 08000000 		.4byte	.LFE63
 427 0008 00000000 		.4byte	.LFB64
 428 000c 08000000 		.4byte	.LFE64
 429 0010 00000000 		.4byte	.LFB65
 430 0014 08000000 		.4byte	.LFE65
 431 0018 00000000 		.4byte	.LFB66
 432 001c 08000000 		.4byte	.LFE66
 433 0020 00000000 		.4byte	0
 434 0024 00000000 		.4byte	0
 435              		.section	.debug_line,"",%progbits
 436              	.Ldebug_line0:
 437 0000 B8010000 		.section	.debug_str,"MS",%progbits,1
 437      02006701 
 437      00000201 
 437      FB0E0D00 
 437      01010101 
 438              	.LASF6:
 439 0000 6C6F6E67 		.ascii	"long long int\000"
 439      206C6F6E 
 439      6720696E 
 439      7400
 440              	.LASF21:
 441 000e 53445F46 		.ascii	"SD_FS_SPI0_Sleep\000"
 441      535F5350 
 441      49305F53 
 441      6C656570 
 441      00
 442              	.LASF8:
 443 001f 756E7369 		.ascii	"unsigned int\000"
 443      676E6564 
 443      20696E74 
 443      00
 444              	.LASF1:
 445 002c 756E7369 		.ascii	"unsigned char\000"
 445      676E6564 
 445      20636861 
ARM GAS  C:\Users\User\AppData\Local\Temp\ccZz7ivb.s 			page 12


 445      7200
 446              	.LASF0:
 447 003a 7369676E 		.ascii	"signed char\000"
 447      65642063 
 447      68617200 
 448              	.LASF17:
 449 0046 53445F46 		.ascii	"SD_FS_RestoreConfig\000"
 449      535F5265 
 449      73746F72 
 449      65436F6E 
 449      66696700 
 450              	.LASF10:
 451 005a 696E7433 		.ascii	"int32_t\000"
 451      325F7400 
 452              	.LASF5:
 453 0062 6C6F6E67 		.ascii	"long unsigned int\000"
 453      20756E73 
 453      69676E65 
 453      6420696E 
 453      7400
 454              	.LASF7:
 455 0074 6C6F6E67 		.ascii	"long long unsigned int\000"
 455      206C6F6E 
 455      6720756E 
 455      7369676E 
 455      65642069 
 456              	.LASF3:
 457 008b 73686F72 		.ascii	"short unsigned int\000"
 457      7420756E 
 457      7369676E 
 457      65642069 
 457      6E7400
 458              	.LASF23:
 459 009e 474E5520 		.ascii	"GNU C 4.9.3 20150303 (release) [ARM/embedded-4_9-br"
 459      4320342E 
 459      392E3320 
 459      32303135 
 459      30333033 
 460 00d1 616E6368 		.ascii	"anch revision 221220] -mcpu=cortex-m3 -mthumb -g -O"
 460      20726576 
 460      6973696F 
 460      6E203232 
 460      31323230 
 461 0104 67202D73 		.ascii	"g -std=gnu11 -ffunction-sections -ffat-lto-objects\000"
 461      74643D67 
 461      6E753131 
 461      202D6666 
 461      756E6374 
 462              	.LASF22:
 463 0137 53445F46 		.ascii	"SD_FS_SPI0_Wakeup\000"
 463      535F5350 
 463      49305F57 
 463      616B6575 
 463      7000
 464              	.LASF19:
 465 0149 53445F46 		.ascii	"SD_FS_Wakeup\000"
 465      535F5761 
ARM GAS  C:\Users\User\AppData\Local\Temp\ccZz7ivb.s 			page 13


 465      6B657570 
 465      00
 466              	.LASF13:
 467 0156 63686172 		.ascii	"char\000"
 467      00
 468              	.LASF4:
 469 015b 6C6F6E67 		.ascii	"long int\000"
 469      20696E74 
 469      00
 470              	.LASF24:
 471 0164 2E5C4765 		.ascii	".\\Generated_Source\\PSoC5\\SD_FS_PM.c\000"
 471      6E657261 
 471      7465645F 
 471      536F7572 
 471      63655C50 
 472              	.LASF2:
 473 0188 73686F72 		.ascii	"short int\000"
 473      7420696E 
 473      7400
 474              	.LASF12:
 475 0192 646F7562 		.ascii	"double\000"
 475      6C6500
 476              	.LASF26:
 477 0199 49544D5F 		.ascii	"ITM_RxBuffer\000"
 477      52784275 
 477      66666572 
 477      00
 478              	.LASF20:
 479 01a6 53445F46 		.ascii	"SD_FS_SPI0_SaveConfig\000"
 479      535F5350 
 479      49305F53 
 479      61766543 
 479      6F6E6669 
 480              	.LASF14:
 481 01bc 6C6F6E67 		.ascii	"long double\000"
 481      20646F75 
 481      626C6500 
 482              	.LASF9:
 483 01c8 5F5F696E 		.ascii	"__int32_t\000"
 483      7433325F 
 483      7400
 484              	.LASF11:
 485 01d2 666C6F61 		.ascii	"float\000"
 485      7400
 486              	.LASF25:
 487 01d8 433A5C55 		.ascii	"C:\\Users\\User\\Documents\\MIT 6.115\\finalproject"
 487      73657273 
 487      5C557365 
 487      725C446F 
 487      63756D65 
 488 0206 5C66696E 		.ascii	"\\finalproject\\GuitarHero.cydsn\000"
 488      616C7072 
 488      6F6A6563 
 488      745C4775 
 488      69746172 
 489              	.LASF18:
 490 0225 53445F46 		.ascii	"SD_FS_Sleep\000"
ARM GAS  C:\Users\User\AppData\Local\Temp\ccZz7ivb.s 			page 14


 490      535F536C 
 490      65657000 
 491              	.LASF16:
 492 0231 53445F46 		.ascii	"SD_FS_SaveConfig\000"
 492      535F5361 
 492      7665436F 
 492      6E666967 
 492      00
 493              	.LASF15:
 494 0242 73697A65 		.ascii	"sizetype\000"
 494      74797065 
 494      00
 495              		.ident	"GCC: (GNU Tools for ARM Embedded Processors) 4.9.3 20150303 (release) [ARM/embedded-4_9-br
